#
# There is insufficient memory for the Java Runtime Environment to continue.
# Native memory allocation (malloc) failed to allocate 1048576 bytes. Error detail: AllocateHeap
# Possible reasons:
#   The system is out of physical RAM or swap space
#   This process is running with CompressedOops enabled, and the Java Heap may be blocking the growth of the native heap
# Possible solutions:
#   Reduce memory load on the system
#   Increase physical memory or swap space
#   Check if swap backing store is full
#   Decrease Java heap size (-Xmx/-Xms)
#   Decrease number of Java threads
#   Decrease Java thread stack sizes (-Xss)
#   Set larger code cache with -XX:ReservedCodeCacheSize=
#   JVM is running with Unscaled Compressed Oops mode in which the Java heap is
#     placed in the first 4GB address space. The Java Heap base address is the
#     maximum limit for the native heap growth. Please use -XX:HeapBaseMinAddress
#     to set the Java Heap base and to place the Java Heap above 4GB virtual address.
# This output file may be truncated or incomplete.
#
#  Out of Memory Error (allocation.cpp:44), pid=11224, tid=9052
#
# JRE version: OpenJDK Runtime Environment Temurin-21.0.11+10 (21.0.11+10) (build 21.0.11+10-LTS)
# Java VM: OpenJDK 64-Bit Server VM Temurin-21.0.11+10 (21.0.11+10-LTS, mixed mode, sharing, tiered, compressed oops, compressed class ptrs, parallel gc, windows-amd64)
# No core dump will be written. Minidumps are not enabled by default on client versions of Windows
#

---------------  S U M M A R Y ------------

Command Line: --add-modules=ALL-SYSTEM --add-opens=java.base/java.util=ALL-UNNAMED --add-opens=java.base/java.lang=ALL-UNNAMED --add-opens=java.base/sun.nio.fs=ALL-UNNAMED -Declipse.application=org.eclipse.jdt.ls.core.id1 -Dosgi.bundles.defaultStartLevel=4 -Declipse.product=org.eclipse.jdt.ls.core.product -Djava.import.generatesMetadataFilesAtProjectRoot=false -DDetectVMInstallationsJob.disabled=true -Dfile.encoding=utf8 -XX:+UseParallelGC -XX:GCTimeRatio=4 -XX:AdaptiveSizePolicyWeight=90 -Dsun.zip.disableMemoryMapping=true -Xmx2G -Xms100m -Xlog:disable -javaagent:c:\Users\ranim\.vscode\extensions\redhat.java-1.55.0-win32-x64\lombok\lombok-1.18.39-4050.jar -XX:+HeapDumpOnOutOfMemoryError -XX:HeapDumpPath=c:\Users\ranim\AppData\Roaming\Code\User\workspaceStorage\a1fee5f42c8201b5ff6b0d36b1f497cc\redhat.java -Daether.dependencyCollector.impl=bf c:\Users\ranim\.vscode\extensions\redhat.java-1.55.0-win32-x64\server\plugins\org.eclipse.equinox.launcher_1.7.200.v20260619-2039.jar -configuration c:\Users\ranim\AppData\Roaming\Code\User\globalStorage\redhat.java\1.55.0\config_win -data c:\Users\ranim\AppData\Roaming\Code\User\workspaceStorage\a1fee5f42c8201b5ff6b0d36b1f497cc\redhat.java\jdt_ws --pipe=\\.\pipe\lsp-0741d69c7ca12bbdeeb61d835abb129e-sock

Host: 11th Gen Intel(R) Core(TM) i5-1135G7 @ 2.40GHz, 8 cores, 11G,  Windows 11 , 64 bit Build 26100 (10.0.26100.9168)
Time: Sun Aug 23 22:09:49 2026 Afr. centrale Ouest elapsed time: 64.086903 seconds (0d 0h 1m 4s)

---------------  T H R E A D  ---------------

Current thread (0x000001640f5d2dc0):  JavaThread "Attach Listener" daemon [_thread_in_vm, id=9052, stack(0x0000002445000000,0x0000002445100000) (1024K)]

Stack: [0x0000002445000000,0x0000002445100000]
Native frames: (J=compiled Java code, j=interpreted, Vv=VM code, C=native code)
V  [jvm.dll+0x6d7e19]
V  [jvm.dll+0x8b5096]
V  [jvm.dll+0x8b764e]
V  [jvm.dll+0x8b7d33]
V  [jvm.dll+0x284596]
V  [jvm.dll+0xc13c7]
V  [jvm.dll+0x6d86c9]
V  [jvm.dll+0x133616]
V  [jvm.dll+0x3f868e]
V  [jvm.dll+0x85fb0d]
V  [jvm.dll+0x6d664d]
C  [ucrtbase.dll+0x2cd30]
C  [KERNEL32.DLL+0x2ccb7]
C  [ntdll.dll+0xaad6c]


---------------  P R O C E S S  ---------------

Threads class SMR info:
_java_thread_list=0x000001645c51b580, length=56, elements={
0x00000164768db460, 0x000001640f5c4160, 0x000001640f5c7e10, 0x000001640f5d2730,
0x000001640f5d2dc0, 0x000001640f5d3450, 0x000001640f5d1a10, 0x000001640f5d9be0,
0x000001645600f200, 0x000001640f5d0cf0, 0x000001640f5d3ae0, 0x000001640f5d0660,
0x000001640f5d1380, 0x000001640f5d20a0, 0x000001645661c090, 0x000001645661ba00,
0x000001645661dad0, 0x000001645661d440, 0x000001645661e160, 0x000001645661c720,
0x000001645661e7f0, 0x000001645661ee80, 0x0000016459215d40, 0x0000016459217e10,
0x0000016459217780, 0x00000164592184a0, 0x00000164592156b0, 0x00000164592163d0,
0x0000016459215020, 0x0000016459218b30, 0x00000164592191c0, 0x0000016459219ee0,
0x0000016459219850, 0x0000016459216a60, 0x000001645921a570, 0x00000164592170f0,
0x000001645921ac00, 0x000001645921b290, 0x000001645921b920, 0x000001645921bfb0,
0x000001645921c640, 0x0000016459753f40, 0x0000016459753220, 0x00000164597517e0,
0x0000016459751e70, 0x00000164597545d0, 0x00000164597552f0, 0x0000016459752500,
0x00000164597538b0, 0x0000016459755980, 0x0000016459756010, 0x00000164597566a0,
0x00000164572128a0, 0x00000164572107d0, 0x000001645720f420, 0x0000016457211b80
}

Java Threads: ( => current thread )
  0x00000164768db460 JavaThread "main"                              [_thread_blocked, id=20688, stack(0x0000002444900000,0x0000002444a00000) (1024K)]
  0x000001640f5c4160 JavaThread "Reference Handler"          daemon [_thread_blocked, id=552, stack(0x0000002444d00000,0x0000002444e00000) (1024K)]
  0x000001640f5c7e10 JavaThread "Finalizer"                  daemon [_thread_blocked, id=10932, stack(0x0000002444e00000,0x0000002444f00000) (1024K)]
  0x000001640f5d2730 JavaThread "Signal Dispatcher"          daemon [_thread_blocked, id=1100, stack(0x0000002444f00000,0x0000002445000000) (1024K)]
=>0x000001640f5d2dc0 JavaThread "Attach Listener"            daemon [_thread_in_vm, id=9052, stack(0x0000002445000000,0x0000002445100000) (1024K)]
  0x000001640f5d3450 JavaThread "Service Thread"             daemon [_thread_blocked, id=9192, stack(0x0000002445100000,0x0000002445200000) (1024K)]
  0x000001640f5d1a10 JavaThread "Monitor Deflation Thread"   daemon [_thread_blocked, id=12056, stack(0x0000002445200000,0x0000002445300000) (1024K)]
  0x000001640f5d9be0 JavaThread "C2 CompilerThread0"         daemon [_thread_blocked, id=11140, stack(0x0000002445300000,0x0000002445400000) (1024K)]
  0x000001645600f200 JavaThread "C1 CompilerThread0"         daemon [_thread_blocked, id=16988, stack(0x0000002445400000,0x0000002445500000) (1024K)]
  0x000001640f5d0cf0 JavaThread "Common-Cleaner"             daemon [_thread_blocked, id=20076, stack(0x0000002445500000,0x0000002445600000) (1024K)]
  0x000001640f5d3ae0 JavaThread "Notification Thread"        daemon [_thread_blocked, id=16704, stack(0x0000002445600000,0x0000002445700000) (1024K)]
  0x000001640f5d0660 JavaThread "Active Thread: Equinox Container: 99f90059-30cb-4422-892f-e44760ac934a"        [_thread_blocked, id=11560, stack(0x0000002445d00000,0x0000002445e00000) (1024K)]
  0x000001640f5d1380 JavaThread "Refresh Thread: Equinox Container: 99f90059-30cb-4422-892f-e44760ac934a" daemon [_thread_blocked, id=9264, stack(0x0000002445f00000,0x0000002446000000) (1024K)]
  0x000001640f5d20a0 JavaThread "Framework Event Dispatcher: Equinox Container: 99f90059-30cb-4422-892f-e44760ac934a" daemon [_thread_blocked, id=19480, stack(0x0000002446000000,0x0000002446100000) (1024K)]
  0x000001645661c090 JavaThread "Start Level: Equinox Container: 99f90059-30cb-4422-892f-e44760ac934a" daemon [_thread_blocked, id=3580, stack(0x0000002446100000,0x0000002446200000) (1024K)]
  0x000001645661ba00 JavaThread "Bundle File Closer"         daemon [_thread_blocked, id=3864, stack(0x0000002446200000,0x0000002446300000) (1024K)]
  0x000001645661dad0 JavaThread "SCR Component Actor"        daemon [_thread_blocked, id=10672, stack(0x0000002444700000,0x0000002444800000) (1024K)]
  0x000001645661d440 JavaThread "Worker-JM"                         [_thread_blocked, id=15500, stack(0x0000002446400000,0x0000002446500000) (1024K)]
  0x000001645661e160 JavaThread "JNA Cleaner"                daemon [_thread_blocked, id=10036, stack(0x0000002446300000,0x0000002446400000) (1024K)]
  0x000001645661c720 JavaThread "Worker-0"                          [_thread_blocked, id=20680, stack(0x0000002446600000,0x0000002446700000) (1024K)]
  0x000001645661e7f0 JavaThread "Worker-1: Initialize workspace"        [_thread_blocked, id=21124, stack(0x0000002446700000,0x0000002446800000) (1024K)]
  0x000001645661ee80 JavaThread "Java indexing"              daemon [_thread_blocked, id=15736, stack(0x0000002446800000,0x0000002446900000) (1024K)]
  0x0000016459215d40 JavaThread "Worker-2"                          [_thread_blocked, id=18100, stack(0x0000002446c00000,0x0000002446d00000) (1024K)]
  0x0000016459217e10 JavaThread "Worker-3"                          [_thread_blocked, id=21156, stack(0x0000002446d00000,0x0000002446e00000) (1024K)]
  0x0000016459217780 JavaThread "Worker-4"                          [_thread_blocked, id=4212, stack(0x0000002446e00000,0x0000002446f00000) (1024K)]
  0x00000164592184a0 JavaThread "Worker-5: Initialize Workspace"        [_thread_blocked, id=18736, stack(0x0000002446f00000,0x0000002447000000) (1024K)]
  0x00000164592156b0 JavaThread "Thread-1"                   daemon [_thread_in_native, id=7540, stack(0x0000002447000000,0x0000002447100000) (1024K)]
  0x00000164592163d0 JavaThread "Thread-2"                   daemon [_thread_in_native, id=14884, stack(0x0000002447100000,0x0000002447200000) (1024K)]
  0x0000016459215020 JavaThread "Thread-3"                   daemon [_thread_in_native, id=19364, stack(0x0000002447200000,0x0000002447300000) (1024K)]
  0x0000016459218b30 JavaThread "Thread-4"                   daemon [_thread_in_native, id=376, stack(0x0000002447300000,0x0000002447400000) (1024K)]
  0x00000164592191c0 JavaThread "Thread-5"                   daemon [_thread_in_native, id=13152, stack(0x0000002447400000,0x0000002447500000) (1024K)]
  0x0000016459219ee0 JavaThread "Thread-6"                   daemon [_thread_in_native, id=18644, stack(0x0000002447500000,0x0000002447600000) (1024K)]
  0x0000016459219850 JavaThread "Thread-7"                   daemon [_thread_in_native, id=19172, stack(0x0000002447600000,0x0000002447700000) (1024K)]
  0x0000016459216a60 JavaThread "Thread-8"                   daemon [_thread_in_native, id=8000, stack(0x0000002447700000,0x0000002447800000) (1024K)]
  0x000001645921a570 JavaThread "Thread-9"                   daemon [_thread_in_native, id=10996, stack(0x0000002447800000,0x0000002447900000) (1024K)]
  0x00000164592170f0 JavaThread "pool-2-thread-1"                   [_thread_blocked, id=16368, stack(0x0000002447900000,0x0000002447a00000) (1024K)]
  0x000001645921ac00 JavaThread "WorkspaceEventsHandler"            [_thread_blocked, id=14244, stack(0x0000002447a00000,0x0000002447b00000) (1024K)]
  0x000001645921b290 JavaThread "pool-1-thread-1"                   [_thread_blocked, id=3260, stack(0x0000002447b00000,0x0000002447c00000) (1024K)]
  0x000001645921b920 JavaThread "PatternSearchJob-worker-1"  daemon [_thread_blocked, id=11296, stack(0x0000002447c00000,0x0000002447d00000) (1024K)]
  0x000001645921bfb0 JavaThread "PatternSearchJob-worker-2"  daemon [_thread_blocked, id=4268, stack(0x0000002447d00000,0x0000002447e00000) (1024K)]
  0x000001645921c640 JavaThread "PatternSearchJob-worker-3"  daemon [_thread_blocked, id=2132, stack(0x0000002447e00000,0x0000002447f00000) (1024K)]
  0x0000016459753f40 JavaThread "PatternSearchJob-worker-4"  daemon [_thread_blocked, id=14400, stack(0x0000002447f00000,0x0000002448000000) (1024K)]
  0x0000016459753220 JavaThread "PatternSearchJob-worker-5"  daemon [_thread_blocked, id=3832, stack(0x0000002448000000,0x0000002448100000) (1024K)]
  0x00000164597517e0 JavaThread "PatternSearchJob-worker-6"  daemon [_thread_blocked, id=4680, stack(0x0000002448100000,0x0000002448200000) (1024K)]
  0x0000016459751e70 JavaThread "PatternSearchJob-worker-7"  daemon [_thread_blocked, id=8596, stack(0x0000002448200000,0x0000002448300000) (1024K)]
  0x00000164597545d0 JavaThread "Timer-0"                           [_thread_blocked, id=11124, stack(0x0000002446500000,0x0000002446600000) (1024K)]
  0x00000164597552f0 JavaThread "ForkJoinPool.commonPool-worker-1" daemon [_thread_blocked, id=19616, stack(0x0000002448300000,0x0000002448400000) (1024K)]
  0x0000016459752500 JavaThread "ForkJoinPool.commonPool-worker-2" daemon [_thread_blocked, id=13140, stack(0x0000002448700000,0x0000002448800000) (1024K)]
  0x00000164597538b0 JavaThread "ForkJoinPool.commonPool-worker-3" daemon [_thread_blocked, id=5676, stack(0x0000002448800000,0x0000002448900000) (1024K)]
  0x0000016459755980 JavaThread "ForkJoinPool.commonPool-worker-4" daemon [_thread_blocked, id=10704, stack(0x0000002448900000,0x0000002448a00000) (1024K)]
  0x0000016459756010 JavaThread "ForkJoinPool.commonPool-worker-5" daemon [_thread_blocked, id=11304, stack(0x0000002448a00000,0x0000002448b00000) (1024K)]
  0x00000164597566a0 JavaThread "ForkJoinPool.commonPool-worker-6" daemon [_thread_blocked, id=16628, stack(0x0000002448b00000,0x0000002448c00000) (1024K)]
  0x00000164572128a0 JavaThread "Exec process"                      [_thread_blocked, id=11268, stack(0x0000002448e00000,0x0000002448f00000) (1024K)]
  0x00000164572107d0 JavaThread "Exec process Thread 2"             [_thread_blocked, id=19696, stack(0x0000002448f00000,0x0000002449000000) (1024K)]
  0x000001645720f420 JavaThread "Exec process Thread 3"             [_thread_blocked, id=1632, stack(0x0000002449000000,0x0000002449100000) (1024K)]
  0x0000016457211b80 JavaThread "Connection worker"                 [_thread_blocked, id=4436, stack(0x0000002448400000,0x0000002448500000) (1024K)]
Total: 56

Other Threads:
  0x000001640f5c3600 VMThread "VM Thread"                           [id=20160, stack(0x0000002444c00000,0x0000002444d00000) (1024K)] _threads_hazard_ptr=0x000001645c51b580
  0x0000016476dc4710 WatcherThread "VM Periodic Task Thread"        [id=10088, stack(0x0000002444b00000,0x0000002444c00000) (1024K)]
  0x0000016476d74160 WorkerThread "GC Thread#0"                     [id=9356, stack(0x0000002444a00000,0x0000002444b00000) (1024K)]
  0x00000164567fbb50 WorkerThread "GC Thread#1"                     [id=17224, stack(0x0000002445700000,0x0000002445800000) (1024K)]
  0x00000164566d60d0 WorkerThread "GC Thread#2"                     [id=18088, stack(0x0000002445800000,0x0000002445900000) (1024K)]
  0x00000164566d6480 WorkerThread "GC Thread#3"                     [id=15004, stack(0x0000002445900000,0x0000002445a00000) (1024K)]
  0x00000164566d73a0 WorkerThread "GC Thread#4"                     [id=9504, stack(0x0000002445a00000,0x0000002445b00000) (1024K)]
  0x00000164564060a0 WorkerThread "GC Thread#5"                     [id=19488, stack(0x0000002445b00000,0x0000002445c00000) (1024K)]
  0x0000016456406860 WorkerThread "GC Thread#6"                     [id=19396, stack(0x0000002445c00000,0x0000002445d00000) (1024K)]
  0x0000016456af9920 WorkerThread "GC Thread#7"                     [id=18960, stack(0x0000002445e00000,0x0000002445f00000) (1024K)]
Total: 10

Threads with active compile tasks:
C2 CompilerThread0  64103 11833       4       java.util.TimSort::binarySort (223 bytes)
C1 CompilerThread0  64103 11834       3       org.eclipse.osgi.storage.BundleInfo$CachedManifest::get (120 bytes)
Total: 2

VM state: synchronizing (normal execution)

VM Mutex/Monitor currently owned by a thread:  ([mutex/lock_event])
[0x00007ffd35e0e570] CompileThread_lock - owner thread: 0x000001645600f200
[0x00007ffd35e0f570] Threads_lock - owner thread: 0x000001640f5c3600

Heap address: 0x0000000080000000, size: 2048 MB, Compressed Oops mode: 32-bit

CDS archive(s) mapped at: [0x0000016410000000-0x0000016410ba0000-0x0000016410ba0000), size 12189696, SharedBaseAddress: 0x0000016410000000, ArchiveRelocationMode: 1.
Compressed class space mapped at: 0x0000016411000000-0x0000016451000000, reserved size: 1073741824
Narrow klass base: 0x0000016410000000, Narrow klass shift: 0, Narrow klass range: 0x100000000

GC Precious Log:
 CardTable entry size: 512
 CPUs: 8 total, 8 available
 Memory: 12022M
 Large Page Support: Disabled
 NUMA Support: Disabled
 Compressed Oops: Enabled (32-bit)
 Alignments: Space 512K, Generation 512K, Heap 2M
 Heap Min Capacity: 100M
 Heap Initial Capacity: 100M
 Heap Max Capacity: 2G
 Pre-touch: Disabled
 Parallel Workers: 8

Heap:
 PSYoungGen      total 11776K, used 4943K [0x00000000d5580000, 0x00000000d6680000, 0x0000000100000000)
  eden space 11264K, 41% used [0x00000000d5580000,0x00000000d5a0bdd8,0x00000000d6080000)
  from space 512K, 56% used [0x00000000d6600000,0x00000000d6648000,0x00000000d6680000)
  to   space 2048K, 0% used [0x00000000d6280000,0x00000000d6280000,0x00000000d6480000)
 ParOldGen       total 102400K, used 102121K [0x0000000080000000, 0x0000000086400000, 0x00000000d5580000)
  object space 102400K, 99% used [0x0000000080000000,0x00000000863ba768,0x0000000086400000)
 Metaspace       used 75678K, committed 77376K, reserved 1179648K
  class space    used 8801K, committed 9600K, reserved 1048576K

Card table byte_map: [0x000001647b840000,0x000001647bc50000] _byte_map_base: 0x000001647b440000

Marking Bits: (ParMarkBitMap*) 0x00007ffd35e14460
 Begin Bits: [0x000001647bf00000, 0x000001647df00000)
 End Bits:   [0x000001647df00000, 0x000001647ff00000)

Polling page: 0x0000016476a10000

Metaspace:

Usage:
  Non-class:     65.31 MB used.
      Class:      8.60 MB used.
       Both:     73.90 MB used.

Virtual space:
  Non-class space:      128.00 MB reserved,      66.19 MB ( 52%) committed,  2 nodes.
      Class space:        1.00 GB reserved,       9.38 MB ( <1%) committed,  1 nodes.
             Both:        1.12 GB reserved,      75.56 MB (  7%) committed. 

Chunk freelists:
   Non-Class:  13.75 MB
       Class:  6.59 MB
        Both:  20.34 MB

MaxMetaspaceSize: unlimited
CompressedClassSpaceSize: 1.00 GB
Initial GC threshold: 21.00 MB
Current GC threshold: 97.31 MB
CDS: on
 - commit_granule_bytes: 65536.
 - commit_granule_words: 8192.
 - virtual_space_node_default_size: 8388608.
 - enlarge_chunks_in_place: 1.
 - use_allocation_guard: 0.


Internal statistics:

num_allocs_failed_limit: 11.
num_arena_births: 1506.
num_arena_deaths: 14.
num_vsnodes_births: 3.
num_vsnodes_deaths: 0.
num_space_committed: 1209.
num_space_uncommitted: 0.
num_chunks_returned_to_freelist: 25.
num_chunks_taken_from_freelist: 4770.
num_chunk_merges: 8.
num_chunk_splits: 3025.
num_chunks_enlarged: 1793.
num_inconsistent_stats: 0.

CodeHeap 'non-profiled nmethods': size=120000Kb used=7140Kb max_used=7140Kb free=112860Kb
 bounds [0x0000016407ad0000, 0x00000164081d0000, 0x000001640f000000]
CodeHeap 'profiled nmethods': size=120000Kb used=24479Kb max_used=24479Kb free=95520Kb
 bounds [0x0000016400000000, 0x00000164017f0000, 0x0000016407530000]
CodeHeap 'non-nmethods': size=5760Kb used=1484Kb max_used=1535Kb free=4275Kb
 bounds [0x0000016407530000, 0x00000164077a0000, 0x0000016407ad0000]
CodeCache: size=245760Kb, used=33103Kb, max_used=33154Kb, free=212655Kb
 total_blobs=11866, nmethods=11079, adapters=692, full_count=0
Compilation: enabled, stopped_count=0, restarted_count=0

Compilation events (20 events):
Event: 60.545 Thread 0x000001645600f200 nmethod 11824 0x00000164081c7b10 code [0x00000164081c7ca0, 0x00000164081c7d68]
Event: 60.748 Thread 0x000001645600f200 11825       3       java.lang.Long::toString (8 bytes)
Event: 60.748 Thread 0x000001645600f200 nmethod 11825 0x00000164017e5590 code [0x00000164017e5740, 0x00000164017e5880]
Event: 60.950 Thread 0x000001640f5d9be0 11826       4       org.gradle.launcher.daemon.registry.DaemonRegistryContent::access$400 (4 bytes)
Event: 60.950 Thread 0x000001640f5d9be0 nmethod 11826 0x00000164081c7e10 code [0x00000164081c7fa0, 0x00000164081c8010]
Event: 61.358 Thread 0x000001645600f200 11827       1       org.gradle.launcher.daemon.context.DaemonRequestContext::getJvmCriteria (5 bytes)
Event: 61.358 Thread 0x000001645600f200 nmethod 11827 0x00000164081c8110 code [0x00000164081c82a0, 0x00000164081c8368]
Event: 61.358 Thread 0x000001645600f200 11828       1       org.gradle.launcher.daemon.registry.DaemonInfo::getContext (5 bytes)
Event: 61.358 Thread 0x000001645600f200 nmethod 11828 0x00000164081c8410 code [0x00000164081c85a0, 0x00000164081c8668]
Event: 61.358 Thread 0x000001645600f200 11829       1       org.gradle.launcher.daemon.context.DefaultDaemonContext::getJavaHome (5 bytes)
Event: 61.358 Thread 0x000001645600f200 nmethod 11829 0x00000164081c8710 code [0x00000164081c88a0, 0x00000164081c8968]
Event: 61.359 Thread 0x000001645600f200 11830       1       org.gradle.launcher.daemon.toolchain.DaemonJvmCriteria$JavaHome$Source::access$000 (5 bytes)
Event: 61.359 Thread 0x000001645600f200 nmethod 11830 0x00000164081c8a10 code [0x00000164081c8ba0, 0x00000164081c8c50]
Event: 61.767 Thread 0x000001640f5d9be0 11831       4       java.util.LinkedList$ListItr::hasNext (20 bytes)
Event: 61.768 Thread 0x000001640f5d9be0 nmethod 11831 0x00000164081c8d10 code [0x00000164081c8ea0, 0x00000164081c8f58]
Event: 61.768 Thread 0x000001645600f200 11832       3       org.gradle.internal.jvm.Jvm::getJavaExecutable (27 bytes)
Event: 61.768 Thread 0x000001645600f200 nmethod 11832 0x00000164017e5910 code [0x00000164017e5ac0, 0x00000164017e5c90]
Event: 62.069 Thread 0x000001640f5d9be0 11833       4       java.util.TimSort::binarySort (223 bytes)
Event: 62.069 Thread 0x000001645600f200 11834       3       org.eclipse.osgi.storage.BundleInfo$CachedManifest::get (120 bytes)
Event: 63.083 Thread 0x000001645600f200 nmethod 11834 0x00000164017e5d90 code [0x00000164017e6100, 0x00000164017e7510]

GC Heap History (20 events):
Event: 55.270 GC heap before
{Heap before GC invocations=102 (full 3):
 PSYoungGen      total 12288K, used 12049K [0x00000000d5580000, 0x00000000d6280000, 0x0000000100000000)
  eden space 11264K, 100% used [0x00000000d5580000,0x00000000d6080000,0x00000000d6080000)
  from space 1024K, 76% used [0x00000000d6180000,0x00000000d6244608,0x00000000d6280000)
  to   space 1024K, 0% used [0x00000000d6080000,0x00000000d6080000,0x00000000d6180000)
 ParOldGen       total 93696K, used 93468K [0x0000000080000000, 0x0000000085b80000, 0x00000000d5580000)
  object space 93696K, 99% used [0x0000000080000000,0x0000000085b47138,0x0000000085b80000)
 Metaspace       used 69775K, committed 71360K, reserved 1114112K
  class space    used 8131K, committed 8832K, reserved 1048576K
}
Event: 56.282 GC heap after
{Heap after GC invocations=102 (full 3):
 PSYoungGen      total 12288K, used 1021K [0x00000000d5580000, 0x00000000d6480000, 0x0000000100000000)
  eden space 11264K, 0% used [0x00000000d5580000,0x00000000d5580000,0x00000000d6080000)
  from space 1024K, 99% used [0x00000000d6080000,0x00000000d617f688,0x00000000d6180000)
  to   space 2048K, 0% used [0x00000000d6280000,0x00000000d6280000,0x00000000d6480000)
 ParOldGen       total 94720K, used 94297K [0x0000000080000000, 0x0000000085c80000, 0x00000000d5580000)
  object space 94720K, 99% used [0x0000000080000000,0x0000000085c16708,0x0000000085c80000)
 Metaspace       used 69775K, committed 71360K, reserved 1114112K
  class space    used 8131K, committed 8832K, reserved 1048576K
}
Event: 56.304 GC heap before
{Heap before GC invocations=103 (full 3):
 PSYoungGen      total 12288K, used 12285K [0x00000000d5580000, 0x00000000d6480000, 0x0000000100000000)
  eden space 11264K, 100% used [0x00000000d5580000,0x00000000d6080000,0x00000000d6080000)
  from space 1024K, 99% used [0x00000000d6080000,0x00000000d617f688,0x00000000d6180000)
  to   space 2048K, 0% used [0x00000000d6280000,0x00000000d6280000,0x00000000d6480000)
 ParOldGen       total 94720K, used 94297K [0x0000000080000000, 0x0000000085c80000, 0x00000000d5580000)
  object space 94720K, 99% used [0x0000000080000000,0x0000000085c16708,0x0000000085c80000)
 Metaspace       used 69827K, committed 71488K, reserved 1114112K
  class space    used 8138K, committed 8832K, reserved 1048576K
}
Event: 56.306 GC heap after
{Heap after GC invocations=103 (full 3):
 PSYoungGen      total 12800K, used 1104K [0x00000000d5580000, 0x00000000d6400000, 0x0000000100000000)
  eden space 11264K, 0% used [0x00000000d5580000,0x00000000d5580000,0x00000000d6080000)
  from space 1536K, 71% used [0x00000000d6280000,0x00000000d6394010,0x00000000d6400000)
  to   space 1536K, 0% used [0x00000000d6100000,0x00000000d6100000,0x00000000d6280000)
 ParOldGen       total 95744K, used 95334K [0x0000000080000000, 0x0000000085d80000, 0x00000000d5580000)
  object space 95744K, 99% used [0x0000000080000000,0x0000000085d19960,0x0000000085d80000)
 Metaspace       used 69827K, committed 71488K, reserved 1114112K
  class space    used 8138K, committed 8832K, reserved 1048576K
}
Event: 56.386 GC heap before
{Heap before GC invocations=104 (full 3):
 PSYoungGen      total 12800K, used 12368K [0x00000000d5580000, 0x00000000d6400000, 0x0000000100000000)
  eden space 11264K, 100% used [0x00000000d5580000,0x00000000d6080000,0x00000000d6080000)
  from space 1536K, 71% used [0x00000000d6280000,0x00000000d6394010,0x00000000d6400000)
  to   space 1536K, 0% used [0x00000000d6100000,0x00000000d6100000,0x00000000d6280000)
 ParOldGen       total 95744K, used 95334K [0x0000000080000000, 0x0000000085d80000, 0x00000000d5580000)
  object space 95744K, 99% used [0x0000000080000000,0x0000000085d19978,0x0000000085d80000)
 Metaspace       used 71232K, committed 72896K, reserved 1114112K
  class space    used 8277K, committed 9024K, reserved 1048576K
}
Event: 56.388 GC heap after
{Heap after GC invocations=104 (full 3):
 PSYoungGen      total 12288K, used 832K [0x00000000d5580000, 0x00000000d6300000, 0x0000000100000000)
  eden space 11264K, 0% used [0x00000000d5580000,0x00000000d5580000,0x00000000d6080000)
  from space 1024K, 81% used [0x00000000d6100000,0x00000000d61d0010,0x00000000d6200000)
  to   space 1024K, 0% used [0x00000000d6200000,0x00000000d6200000,0x00000000d6300000)
 ParOldGen       total 96256K, used 96190K [0x0000000080000000, 0x0000000085e00000, 0x00000000d5580000)
  object space 96256K, 99% used [0x0000000080000000,0x0000000085def978,0x0000000085e00000)
 Metaspace       used 71232K, committed 72896K, reserved 1114112K
  class space    used 8277K, committed 9024K, reserved 1048576K
}
Event: 56.575 GC heap before
{Heap before GC invocations=105 (full 3):
 PSYoungGen      total 12288K, used 12096K [0x00000000d5580000, 0x00000000d6300000, 0x0000000100000000)
  eden space 11264K, 100% used [0x00000000d5580000,0x00000000d6080000,0x00000000d6080000)
  from space 1024K, 81% used [0x00000000d6100000,0x00000000d61d0010,0x00000000d6200000)
  to   space 1024K, 0% used [0x00000000d6200000,0x00000000d6200000,0x00000000d6300000)
 ParOldGen       total 96768K, used 96256K [0x0000000080000000, 0x0000000085e80000, 0x00000000d5580000)
  object space 96768K, 99% used [0x0000000080000000,0x0000000085e001e8,0x0000000085e80000)
 Metaspace       used 72373K, committed 73984K, reserved 1114112K
  class space    used 8438K, committed 9152K, reserved 1048576K
}
Event: 56.577 GC heap after
{Heap after GC invocations=105 (full 3):
 PSYoungGen      total 11776K, used 472K [0x00000000d5580000, 0x00000000d6280000, 0x0000000100000000)
  eden space 11264K, 0% used [0x00000000d5580000,0x00000000d5580000,0x00000000d6080000)
  from space 512K, 92% used [0x00000000d6200000,0x00000000d62762e8,0x00000000d6280000)
  to   space 1024K, 0% used [0x00000000d6080000,0x00000000d6080000,0x00000000d6180000)
 ParOldGen       total 97280K, used 96891K [0x0000000080000000, 0x0000000085f00000, 0x00000000d5580000)
  object space 97280K, 99% used [0x0000000080000000,0x0000000085e9eef8,0x0000000085f00000)
 Metaspace       used 72373K, committed 73984K, reserved 1114112K
  class space    used 8438K, committed 9152K, reserved 1048576K
}
Event: 56.706 GC heap before
{Heap before GC invocations=106 (full 3):
 PSYoungGen      total 11776K, used 11736K [0x00000000d5580000, 0x00000000d6280000, 0x0000000100000000)
  eden space 11264K, 100% used [0x00000000d5580000,0x00000000d6080000,0x00000000d6080000)
  from space 512K, 92% used [0x00000000d6200000,0x00000000d62762e8,0x00000000d6280000)
  to   space 1024K, 0% used [0x00000000d6080000,0x00000000d6080000,0x00000000d6180000)
 ParOldGen       total 97280K, used 96891K [0x0000000080000000, 0x0000000085f00000, 0x00000000d5580000)
  object space 97280K, 99% used [0x0000000080000000,0x0000000085e9eef8,0x0000000085f00000)
 Metaspace       used 72768K, committed 74432K, reserved 1114112K
  class space    used 8499K, committed 9216K, reserved 1048576K
}
Event: 56.708 GC heap after
{Heap after GC invocations=106 (full 3):
 PSYoungGen      total 12288K, used 416K [0x00000000d5580000, 0x00000000d6280000, 0x0000000100000000)
  eden space 11264K, 0% used [0x00000000d5580000,0x00000000d5580000,0x00000000d6080000)
  from space 1024K, 40% used [0x00000000d6080000,0x00000000d60e8010,0x00000000d6180000)
  to   space 512K, 0% used [0x00000000d6200000,0x00000000d6200000,0x00000000d6280000)
 ParOldGen       total 97280K, used 97251K [0x0000000080000000, 0x0000000085f00000, 0x00000000d5580000)
  object space 97280K, 99% used [0x0000000080000000,0x0000000085ef8c98,0x0000000085f00000)
 Metaspace       used 72768K, committed 74432K, reserved 1114112K
  class space    used 8499K, committed 9216K, reserved 1048576K
}
Event: 56.870 GC heap before
{Heap before GC invocations=107 (full 3):
 PSYoungGen      total 12288K, used 11680K [0x00000000d5580000, 0x00000000d6280000, 0x0000000100000000)
  eden space 11264K, 100% used [0x00000000d5580000,0x00000000d6080000,0x00000000d6080000)
  from space 1024K, 40% used [0x00000000d6080000,0x00000000d60e8010,0x00000000d6180000)
  to   space 512K, 0% used [0x00000000d6200000,0x00000000d6200000,0x00000000d6280000)
 ParOldGen       total 97280K, used 97251K [0x0000000080000000, 0x0000000085f00000, 0x00000000d5580000)
  object space 97280K, 99% used [0x0000000080000000,0x0000000085ef8c98,0x0000000085f00000)
 Metaspace       used 73350K, committed 75008K, reserved 1179648K
  class space    used 8561K, committed 9280K, reserved 1048576K
}
Event: 56.871 GC heap after
{Heap after GC invocations=107 (full 3):
 PSYoungGen      total 11776K, used 352K [0x00000000d5580000, 0x00000000d6280000, 0x0000000100000000)
  eden space 11264K, 0% used [0x00000000d5580000,0x00000000d5580000,0x00000000d6080000)
  from space 512K, 68% used [0x00000000d6200000,0x00000000d6258010,0x00000000d6280000)
  to   space 512K, 0% used [0x00000000d6180000,0x00000000d6180000,0x00000000d6200000)
 ParOldGen       total 97792K, used 97427K [0x0000000080000000, 0x0000000085f80000, 0x00000000d5580000)
  object space 97792K, 99% used [0x0000000080000000,0x0000000085f24c98,0x0000000085f80000)
 Metaspace       used 73350K, committed 75008K, reserved 1179648K
  class space    used 8561K, committed 9280K, reserved 1048576K
}
Event: 57.062 GC heap before
{Heap before GC invocations=108 (full 3):
 PSYoungGen      total 11776K, used 11616K [0x00000000d5580000, 0x00000000d6280000, 0x0000000100000000)
  eden space 11264K, 100% used [0x00000000d5580000,0x00000000d6080000,0x00000000d6080000)
  from space 512K, 68% used [0x00000000d6200000,0x00000000d6258010,0x00000000d6280000)
  to   space 512K, 0% used [0x00000000d6180000,0x00000000d6180000,0x00000000d6200000)
 ParOldGen       total 97792K, used 97427K [0x0000000080000000, 0x0000000085f80000, 0x00000000d5580000)
  object space 97792K, 99% used [0x0000000080000000,0x0000000085f24c98,0x0000000085f80000)
 Metaspace       used 74212K, committed 75840K, reserved 1179648K
  class space    used 8654K, committed 9344K, reserved 1048576K
}
Event: 57.065 GC heap after
{Heap after GC invocations=108 (full 3):
 PSYoungGen      total 11776K, used 494K [0x00000000d5580000, 0x00000000d6380000, 0x0000000100000000)
  eden space 11264K, 0% used [0x00000000d5580000,0x00000000d5580000,0x00000000d6080000)
  from space 512K, 96% used [0x00000000d6180000,0x00000000d61fba38,0x00000000d6200000)
  to   space 1536K, 0% used [0x00000000d6200000,0x00000000d6200000,0x00000000d6380000)
 ParOldGen       total 98304K, used 97928K [0x0000000080000000, 0x0000000086000000, 0x00000000d5580000)
  object space 98304K, 99% used [0x0000000080000000,0x0000000085fa2278,0x0000000086000000)
 Metaspace       used 74212K, committed 75840K, reserved 1179648K
  class space    used 8654K, committed 9344K, reserved 1048576K
}
Event: 57.657 GC heap before
{Heap before GC invocations=109 (full 3):
 PSYoungGen      total 11776K, used 11758K [0x00000000d5580000, 0x00000000d6380000, 0x0000000100000000)
  eden space 11264K, 100% used [0x00000000d5580000,0x00000000d6080000,0x00000000d6080000)
  from space 512K, 96% used [0x00000000d6180000,0x00000000d61fba38,0x00000000d6200000)
  to   space 1536K, 0% used [0x00000000d6200000,0x00000000d6200000,0x00000000d6380000)
 ParOldGen       total 98304K, used 97928K [0x0000000080000000, 0x0000000086000000, 0x00000000d5580000)
  object space 98304K, 99% used [0x0000000080000000,0x0000000085fa2278,0x0000000086000000)
 Metaspace       used 75204K, committed 76928K, reserved 1179648K
  class space    used 8777K, committed 9536K, reserved 1048576K
}
Event: 57.659 GC heap after
{Heap after GC invocations=109 (full 3):
 PSYoungGen      total 12288K, used 564K [0x00000000d5580000, 0x00000000d6300000, 0x0000000100000000)
  eden space 11264K, 0% used [0x00000000d5580000,0x00000000d5580000,0x00000000d6080000)
  from space 1024K, 55% used [0x00000000d6200000,0x00000000d628d348,0x00000000d6300000)
  to   space 1024K, 0% used [0x00000000d6100000,0x00000000d6100000,0x00000000d6200000)
 ParOldGen       total 98816K, used 98415K [0x0000000080000000, 0x0000000086080000, 0x00000000d5580000)
  object space 98816K, 99% used [0x0000000080000000,0x000000008601bcb0,0x0000000086080000)
 Metaspace       used 75204K, committed 76928K, reserved 1179648K
  class space    used 8777K, committed 9536K, reserved 1048576K
}
Event: 60.211 GC heap before
{Heap before GC invocations=110 (full 3):
 PSYoungGen      total 12288K, used 11828K [0x00000000d5580000, 0x00000000d6300000, 0x0000000100000000)
  eden space 11264K, 100% used [0x00000000d5580000,0x00000000d6080000,0x00000000d6080000)
  from space 1024K, 55% used [0x00000000d6200000,0x00000000d628d348,0x00000000d6300000)
  to   space 1024K, 0% used [0x00000000d6100000,0x00000000d6100000,0x00000000d6200000)
 ParOldGen       total 98816K, used 98415K [0x0000000080000000, 0x0000000086080000, 0x00000000d5580000)
  object space 98816K, 99% used [0x0000000080000000,0x000000008601bcb0,0x0000000086080000)
 Metaspace       used 75435K, committed 77184K, reserved 1179648K
  class space    used 8800K, committed 9600K, reserved 1048576K
}
Event: 60.213 GC heap after
{Heap after GC invocations=110 (full 3):
 PSYoungGen      total 12288K, used 1020K [0x00000000d5580000, 0x00000000d6b80000, 0x0000000100000000)
  eden space 11264K, 0% used [0x00000000d5580000,0x00000000d5580000,0x00000000d6080000)
  from space 1024K, 99% used [0x00000000d6100000,0x00000000d61ff018,0x00000000d6200000)
  to   space 5632K, 0% used [0x00000000d6600000,0x00000000d6600000,0x00000000d6b80000)
 ParOldGen       total 102400K, used 102009K [0x0000000080000000, 0x0000000086400000, 0x00000000d5580000)
  object space 102400K, 99% used [0x0000000080000000,0x000000008639e768,0x0000000086400000)
 Metaspace       used 75435K, committed 77184K, reserved 1179648K
  class space    used 8800K, committed 9600K, reserved 1048576K
}
Event: 61.769 GC heap before
{Heap before GC invocations=111 (full 3):
 PSYoungGen      total 12288K, used 12284K [0x00000000d5580000, 0x00000000d6b80000, 0x0000000100000000)
  eden space 11264K, 100% used [0x00000000d5580000,0x00000000d6080000,0x00000000d6080000)
  from space 1024K, 99% used [0x00000000d6100000,0x00000000d61ff018,0x00000000d6200000)
  to   space 5632K, 0% used [0x00000000d6600000,0x00000000d6600000,0x00000000d6b80000)
 ParOldGen       total 102400K, used 102009K [0x0000000080000000, 0x0000000086400000, 0x00000000d5580000)
  object space 102400K, 99% used [0x0000000080000000,0x000000008639e768,0x0000000086400000)
 Metaspace       used 75678K, committed 77376K, reserved 1179648K
  class space    used 8801K, committed 9600K, reserved 1048576K
}
Event: 61.770 GC heap after
{Heap after GC invocations=111 (full 3):
 PSYoungGen      total 11776K, used 288K [0x00000000d5580000, 0x00000000d6680000, 0x0000000100000000)
  eden space 11264K, 0% used [0x00000000d5580000,0x00000000d5580000,0x00000000d6080000)
  from space 512K, 56% used [0x00000000d6600000,0x00000000d6648000,0x00000000d6680000)
  to   space 2048K, 0% used [0x00000000d6280000,0x00000000d6280000,0x00000000d6480000)
 ParOldGen       total 102400K, used 102121K [0x0000000080000000, 0x0000000086400000, 0x00000000d5580000)
  object space 102400K, 99% used [0x0000000080000000,0x00000000863ba768,0x0000000086400000)
 Metaspace       used 75678K, committed 77376K, reserved 1179648K
  class space    used 8801K, committed 9600K, reserved 1048576K
}

Dll operation events (15 events):
Event: 0.029 Loaded shared library c:\Users\ranim\.vscode\extensions\redhat.java-1.55.0-win32-x64\jre\21.0.11-win32-x86_64\bin\java.dll
Event: 0.262 Loaded shared library c:\Users\ranim\.vscode\extensions\redhat.java-1.55.0-win32-x64\jre\21.0.11-win32-x86_64\bin\zip.dll
Event: 0.330 Loaded shared library C:\Users\ranim\.vscode\extensions\redhat.java-1.55.0-win32-x64\jre\21.0.11-win32-x86_64\bin\instrument.dll
Event: 0.342 Loaded shared library C:\Users\ranim\.vscode\extensions\redhat.java-1.55.0-win32-x64\jre\21.0.11-win32-x86_64\bin\net.dll
Event: 0.345 Loaded shared library C:\Users\ranim\.vscode\extensions\redhat.java-1.55.0-win32-x64\jre\21.0.11-win32-x86_64\bin\nio.dll
Event: 0.350 Loaded shared library C:\Users\ranim\.vscode\extensions\redhat.java-1.55.0-win32-x64\jre\21.0.11-win32-x86_64\bin\zip.dll
Event: 0.376 Loaded shared library C:\Users\ranim\.vscode\extensions\redhat.java-1.55.0-win32-x64\jre\21.0.11-win32-x86_64\bin\jimage.dll
Event: 0.490 Loaded shared library c:\Users\ranim\.vscode\extensions\redhat.java-1.55.0-win32-x64\jre\21.0.11-win32-x86_64\bin\verify.dll
Event: 12.033 Loaded shared library C:\Users\ranim\AppData\Roaming\Code\User\globalStorage\redhat.java\1.55.0\config_win\org.eclipse.equinox.launcher\org.eclipse.equinox.launcher.win32.win32.x86_64_1.3.100.v20260613-0559\eclipse_11924.dll
Event: 33.088 Loaded shared library C:\Users\ranim\AppData\Local\Temp\jna-108280195\jna11910149566004925529.dll
Event: 40.241 Loaded shared library C:\Users\ranim\.gradle\native\1def1411415f61bf3af743bc5b6707747c0891f09f0c88961ee8f79bc544acac\windows-amd64\native-platform.dll
Event: 41.762 Loaded shared library C:\Users\ranim\.vscode\extensions\redhat.java-1.55.0-win32-x64\jre\21.0.11-win32-x86_64\bin\management.dll
Event: 41.766 Loaded shared library C:\Users\ranim\.vscode\extensions\redhat.java-1.55.0-win32-x64\jre\21.0.11-win32-x86_64\bin\management_ext.dll
Event: 41.922 Loaded shared library C:\Users\ranim\.vscode\extensions\redhat.java-1.55.0-win32-x64\jre\21.0.11-win32-x86_64\bin\sunmscapi.dll
Event: 42.399 Loaded shared library C:\Users\ranim\.vscode\extensions\redhat.java-1.55.0-win32-x64\jre\21.0.11-win32-x86_64\bin\extnet.dll

Deoptimization events (20 events):
Event: 62.075 Thread 0x000001640f5d0660 Uncommon trap: trap_request=0xffffff45 fr.pc=0x0000016407eb997c relative=0x0000000000000dfc
Event: 63.070 Thread 0x000001640f5d0660 Uncommon trap: reason=unstable_if action=reinterpret pc=0x0000016407eb997c method=java.util.HashMap.putVal(ILjava/lang/Object;Ljava/lang/Object;ZZ)Ljava/lang/Object; @ 94 c2
Event: 63.083 Thread 0x000001640f5d0660 DEOPT PACKING pc=0x0000016407eb997c sp=0x0000002445dfef90
Event: 63.083 Thread 0x000001640f5d0660 DEOPT UNPACKING pc=0x0000016407586da2 sp=0x0000002445dfee30 mode 2
Event: 63.090 Thread 0x0000016457211b80 Uncommon trap: trap_request=0xffffffde fr.pc=0x0000016407be4274 relative=0x00000000000002d4
Event: 63.090 Thread 0x0000016457211b80 Uncommon trap: reason=class_check action=maybe_recompile pc=0x0000016407be4274 method=java.io.DataOutputStream.writeByte(I)V @ 5 c2
Event: 63.090 Thread 0x0000016457211b80 DEOPT PACKING pc=0x0000016407be4274 sp=0x00000024484fe210
Event: 63.090 Thread 0x0000016457211b80 DEOPT UNPACKING pc=0x0000016407586da2 sp=0x00000024484fe1c8 mode 2
Event: 63.092 Thread 0x0000016457211b80 Uncommon trap: trap_request=0xffffffde fr.pc=0x0000016407be4274 relative=0x00000000000002d4
Event: 63.092 Thread 0x0000016457211b80 Uncommon trap: reason=class_check action=maybe_recompile pc=0x0000016407be4274 method=java.io.DataOutputStream.writeByte(I)V @ 5 c2
Event: 63.092 Thread 0x0000016457211b80 DEOPT PACKING pc=0x0000016407be4274 sp=0x00000024484fe210
Event: 63.092 Thread 0x0000016457211b80 DEOPT UNPACKING pc=0x0000016407586da2 sp=0x00000024484fe1c8 mode 2
Event: 63.093 Thread 0x0000016457211b80 Uncommon trap: trap_request=0xffffffc6 fr.pc=0x0000016407e50520 relative=0x0000000000000300
Event: 63.093 Thread 0x0000016457211b80 Uncommon trap: reason=bimorphic_or_optimized_type_check action=maybe_recompile pc=0x0000016407e50520 method=java.util.Collections$SetFromMap.add(Ljava/lang/Object;)Z @ 8 c2
Event: 63.093 Thread 0x0000016457211b80 DEOPT PACKING pc=0x0000016407e50520 sp=0x00000024484fe3c0
Event: 63.093 Thread 0x0000016457211b80 DEOPT UNPACKING pc=0x0000016407586da2 sp=0x00000024484fe390 mode 2
Event: 63.095 Thread 0x0000016457211b80 Uncommon trap: trap_request=0xffffffde fr.pc=0x0000016407bf6bac relative=0x000000000000018c
Event: 63.095 Thread 0x0000016457211b80 Uncommon trap: reason=class_check action=maybe_recompile pc=0x0000016407bf6bac method=java.lang.String.equals(Ljava/lang/Object;)Z @ 8 c2
Event: 63.095 Thread 0x0000016457211b80 DEOPT PACKING pc=0x0000016407bf6bac sp=0x00000024484fe200
Event: 63.095 Thread 0x0000016457211b80 DEOPT UNPACKING pc=0x0000016407586da2 sp=0x00000024484fe198 mode 2

Classes loaded (20 events):
Event: 57.594 Loading class java/util/EnumMap$EntrySet
Event: 57.594 Loading class java/util/EnumMap$EntrySet done
Event: 57.594 Loading class java/util/EnumMap$EntryIterator
Event: 57.594 Loading class java/util/EnumMap$EnumMapIterator
Event: 57.594 Loading class java/util/EnumMap$EnumMapIterator done
Event: 57.594 Loading class java/util/EnumMap$EntryIterator done
Event: 57.594 Loading class java/util/EnumMap$EntryIterator$Entry
Event: 57.595 Loading class java/util/EnumMap$EntryIterator$Entry done
Event: 57.721 Loading class java/nio/charset/CharacterCodingException
Event: 57.721 Loading class java/nio/charset/CharacterCodingException done
Event: 57.738 Loading class java/lang/ProcessBuilder$NullInputStream
Event: 57.738 Loading class java/lang/ProcessBuilder$NullInputStream done
Event: 57.739 Loading class java/util/Scanner
Event: 57.740 Loading class java/util/Scanner done
Event: 57.740 Loading class java/util/Scanner$PatternLRUCache
Event: 57.741 Loading class java/util/Scanner$PatternLRUCache done
Event: 59.812 Loading class java/util/regex/Matcher$ImmutableMatchResult
Event: 59.812 Loading class java/util/regex/Matcher$ImmutableMatchResult done
Event: 59.842 Loading class java/util/concurrent/ConcurrentLinkedQueue$Itr
Event: 59.842 Loading class java/util/concurrent/ConcurrentLinkedQueue$Itr done

Classes unloaded (7 events):
Event: 34.199 Thread 0x000001640f5c3600 Unloading class 0x00000164111a4c00 'java/lang/invoke/LambdaForm$MH+0x00000164111a4c00'
Event: 34.199 Thread 0x000001640f5c3600 Unloading class 0x00000164111a4800 'java/lang/invoke/LambdaForm$MH+0x00000164111a4800'
Event: 34.199 Thread 0x000001640f5c3600 Unloading class 0x00000164111a4400 'java/lang/invoke/LambdaForm$MH+0x00000164111a4400'
Event: 34.199 Thread 0x000001640f5c3600 Unloading class 0x00000164111a4000 'java/lang/invoke/LambdaForm$MH+0x00000164111a4000'
Event: 34.199 Thread 0x000001640f5c3600 Unloading class 0x00000164111a3c00 'java/lang/invoke/LambdaForm$BMH+0x00000164111a3c00'
Event: 34.199 Thread 0x000001640f5c3600 Unloading class 0x00000164111a3800 'java/lang/invoke/LambdaForm$DMH+0x00000164111a3800'
Event: 34.199 Thread 0x000001640f5c3600 Unloading class 0x00000164111a2400 'java/lang/invoke/LambdaForm$DMH+0x00000164111a2400'

Classes redefined (0 events):
No events

Internal exceptions (20 events):
Event: 52.770 Thread 0x0000016457211b80 Exception <a 'java/lang/NoSuchMethodError'{0x00000000d5b4ac88}: 'long java.lang.invoke.DirectMethodHandle$Holder.invokeVirtual(java.lang.Object, java.lang.Object)'> (0x00000000d5b4ac88) 
thrown [s\src\hotspot\share\interpreter\linkResolver.cpp, line 773]
Event: 52.770 Thread 0x0000016457211b80 Exception <a 'java/lang/NoSuchMethodError'{0x00000000d5b4e068}: 'long java.lang.invoke.DelegatingMethodHandle$Holder.reinvoke_L(java.lang.Object, java.lang.Object)'> (0x00000000d5b4e068) 
thrown [s\src\hotspot\share\interpreter\linkResolver.cpp, line 773]
Event: 53.270 Thread 0x0000016459217e10 Exception <a 'sun/nio/fs/WindowsException'{0x00000000d6002cd0}> (0x00000000d6002cd0) 
thrown [s\src\hotspot\share\prims\jni.cpp, line 520]
Event: 53.271 Thread 0x0000016459217e10 Exception <a 'sun/nio/fs/WindowsException'{0x00000000d6003658}> (0x00000000d6003658) 
thrown [s\src\hotspot\share\prims\jni.cpp, line 520]
Event: 53.273 Thread 0x0000016459217e10 Exception <a 'sun/nio/fs/WindowsException'{0x00000000d6013eb0}> (0x00000000d6013eb0) 
thrown [s\src\hotspot\share\prims\jni.cpp, line 520]
Event: 53.273 Thread 0x0000016459217e10 Exception <a 'sun/nio/fs/WindowsException'{0x00000000d60145d8}> (0x00000000d60145d8) 
thrown [s\src\hotspot\share\prims\jni.cpp, line 520]
Event: 53.359 Thread 0x0000016459217e10 Implicit null exception at 0x00000164080c4b09 to 0x00000164080c6464
Event: 53.360 Thread 0x0000016459217e10 Implicit null exception at 0x00000164080c994a to 0x00000164080cb160
Event: 53.366 Thread 0x0000016459217e10 Exception <a 'sun/nio/fs/WindowsException'{0x00000000d6167340}> (0x00000000d6167340) 
thrown [s\src\hotspot\share\prims\jni.cpp, line 520]
Event: 53.367 Thread 0x0000016459217e10 Exception <a 'sun/nio/fs/WindowsException'{0x00000000d6167cf0}> (0x00000000d6167cf0) 
thrown [s\src\hotspot\share\prims\jni.cpp, line 520]
Event: 53.376 Thread 0x0000016459217e10 Exception <a 'sun/nio/fs/WindowsException'{0x00000000d61c5918}> (0x00000000d61c5918) 
thrown [s\src\hotspot\share\prims\jni.cpp, line 520]
Event: 53.376 Thread 0x0000016459217e10 Exception <a 'sun/nio/fs/WindowsException'{0x00000000d61c62b0}> (0x00000000d61c62b0) 
thrown [s\src\hotspot\share\prims\jni.cpp, line 520]
Event: 53.380 Thread 0x0000016459217e10 Exception <a 'sun/nio/fs/WindowsException'{0x00000000d61ebcd0}> (0x00000000d61ebcd0) 
thrown [s\src\hotspot\share\prims\jni.cpp, line 520]
Event: 53.380 Thread 0x0000016459217e10 Exception <a 'sun/nio/fs/WindowsException'{0x00000000d61ec650}> (0x00000000d61ec650) 
thrown [s\src\hotspot\share\prims\jni.cpp, line 520]
Event: 54.605 Thread 0x0000016459752500 Exception <a 'java/lang/IncompatibleClassChangeError'{0x00000000d59b22f8}: Found class java.lang.Object, but interface was expected> (0x00000000d59b22f8) 
thrown [s\src\hotspot\share\interpreter\linkResolver.cpp, line 840]
Event: 56.379 Thread 0x00000164572128a0 Exception <a 'java/lang/NoSuchMethodError'{0x00000000d5f97d10}: 'void java.lang.invoke.DirectMethodHandle$Holder.invokeStatic(java.lang.Object, long)'> (0x00000000d5f97d10) 
thrown [s\src\hotspot\share\interpreter\linkResolver.cpp, line 773]
Event: 56.981 Thread 0x0000016459752500 Exception <a 'java/lang/NoSuchMethodError'{0x00000000d5bae838}: 'int java.lang.invoke.DirectMethodHandle$Holder.invokeSpecialIFC(java.lang.Object, java.lang.Object, java.lang.Object)'> (0x00000000d5bae838) 
thrown [s\src\hotspot\share\interpreter\linkResolver.cpp, line 773]
Event: 57.124 Thread 0x0000016459752500 Implicit null exception at 0x000001640812e8bf to 0x000001640812fa08
Event: 57.592 Thread 0x00000164572128a0 Exception <a 'java/lang/NoSuchMethodError'{0x00000000d5dac410}: 'void java.lang.invoke.DirectMethodHandle$Holder.invokeSpecial(java.lang.Object, java.lang.Object, int)'> (0x00000000d5dac410) 
thrown [s\src\hotspot\share\interpreter\linkResolver.cpp, line 773]
Event: 57.593 Thread 0x00000164572128a0 Exception <a 'java/lang/NoSuchMethodError'{0x00000000d5db1598}: 'java.lang.Object java.lang.invoke.DirectMethodHandle$Holder.newInvokeSpecial(java.lang.Object, java.lang.Object, int)'> (0x00000000d5db1598) 
thrown [s\src\hotspot\share\interpreter\linkResolver.cpp, line 773]

ZGC Phase Switch (0 events):
No events

VM Operations (20 events):
Event: 57.184 Executing non-safepoint VM operation: HandshakeAllThreads (Deoptimize) done
Event: 57.657 Executing safepoint VM operation: ParallelGCFailedAllocation (Allocation Failure)
Event: 57.659 Executing safepoint VM operation: ParallelGCFailedAllocation (Allocation Failure) done
Event: 57.724 Executing non-safepoint VM operation: HandshakeAllThreads (Deoptimize)
Event: 57.724 Executing non-safepoint VM operation: HandshakeAllThreads (Deoptimize) done
Event: 58.719 Executing safepoint VM operation: Cleanup
Event: 58.719 Executing safepoint VM operation: Cleanup done
Event: 60.211 Executing safepoint VM operation: ParallelGCFailedAllocation (Allocation Failure)
Event: 60.213 Executing safepoint VM operation: ParallelGCFailedAllocation (Allocation Failure) done
Event: 60.232 Executing non-safepoint VM operation: HandshakeAllThreads (HandshakeForDeflation)
Event: 60.232 Executing non-safepoint VM operation: HandshakeAllThreads (HandshakeForDeflation) done
Event: 60.232 Executing non-safepoint VM operation: RendezvousGCThreads
Event: 60.232 Executing non-safepoint VM operation: RendezvousGCThreads done
Event: 61.244 Executing safepoint VM operation: Cleanup
Event: 61.244 Executing safepoint VM operation: Cleanup done
Event: 61.769 Executing safepoint VM operation: ParallelGCFailedAllocation (Allocation Failure)
Event: 61.770 Executing safepoint VM operation: ParallelGCFailedAllocation (Allocation Failure) done
Event: 62.774 Executing safepoint VM operation: Cleanup
Event: 63.083 Executing safepoint VM operation: Cleanup done
Event: 64.084 Executing safepoint VM operation: Cleanup

Memory protections (0 events):
No events

Nmethod flushes (20 events):
Event: 42.282 Thread 0x000001640f5c3600 flushing  nmethod 0x000001640088ba90
Event: 42.282 Thread 0x000001640f5c3600 flushing  nmethod 0x000001640088fa90
Event: 42.282 Thread 0x000001640f5c3600 flushing  nmethod 0x0000016400891d10
Event: 42.282 Thread 0x000001640f5c3600 flushing  nmethod 0x00000164008b9c10
Event: 42.282 Thread 0x000001640f5c3600 flushing  nmethod 0x000001640093a210
Event: 42.282 Thread 0x000001640f5c3600 flushing  nmethod 0x0000016400951110
Event: 42.282 Thread 0x000001640f5c3600 flushing  nmethod 0x0000016400956390
Event: 42.282 Thread 0x000001640f5c3600 flushing  nmethod 0x0000016400957810
Event: 42.282 Thread 0x000001640f5c3600 flushing  nmethod 0x0000016400957b90
Event: 42.282 Thread 0x000001640f5c3600 flushing  nmethod 0x000001640095a590
Event: 42.282 Thread 0x000001640f5c3600 flushing  nmethod 0x0000016400979590
Event: 42.282 Thread 0x000001640f5c3600 flushing  nmethod 0x0000016400979b90
Event: 42.282 Thread 0x000001640f5c3600 flushing  nmethod 0x000001640097a410
Event: 42.282 Thread 0x000001640f5c3600 flushing  nmethod 0x000001640097ab10
Event: 42.282 Thread 0x000001640f5c3600 flushing  nmethod 0x000001640097ae90
Event: 42.282 Thread 0x000001640f5c3600 flushing  nmethod 0x0000016400981d10
Event: 42.282 Thread 0x000001640f5c3600 flushing  nmethod 0x0000016400994d10
Event: 42.282 Thread 0x000001640f5c3600 flushing  nmethod 0x00000164009a7410
Event: 42.282 Thread 0x000001640f5c3600 flushing  nmethod 0x00000164009a7710
Event: 42.282 Thread 0x000001640f5c3600 flushing  nmethod 0x00000164009fc310

Events (20 events):
Event: 56.385 Thread 0x00000164572128a0 Thread added: 0x00000164572107d0
Event: 56.385 Thread 0x00000164572128a0 Thread added: 0x000001645720f420
Event: 56.541 Thread 0x000001645600f200 Thread added: 0x0000016456f973a0
Event: 56.806 Thread 0x0000016456f973a0 Thread exited: 0x0000016456f973a0
Event: 57.733 Thread 0x0000016457211b80 Thread added: 0x0000016457210e60
Event: 57.739 Thread 0x0000016457210e60 Thread added: 0x0000016457212f30
Event: 57.739 Thread 0x0000016457210e60 Thread added: 0x000001645720fab0
Event: 57.739 Thread 0x0000016457212f30 Thread exited: 0x0000016457212f30
Event: 59.388 Thread 0x0000016456f96600 Thread exited: 0x0000016456f96600
Event: 59.841 Thread 0x000001645720fab0 Thread exited: 0x000001645720fab0
Event: 59.841 Thread 0x0000016457210e60 Thread exited: 0x0000016457210e60
Event: 59.842 Thread 0x000001645720ed90 Thread exited: 0x000001645720ed90
Event: 59.844 Thread 0x0000016457211b80 Thread exited: 0x0000016457211b80
Event: 59.849 Thread 0x000001645661e7f0 Thread added: 0x0000016457211b80
Event: 59.858 Thread 0x000001645600f200 Thread added: 0x0000016456f973a0
Event: 60.058 Thread 0x0000016456f973a0 Thread exited: 0x0000016456f973a0
Event: 60.092 Thread 0x000001645600f200 Thread added: 0x0000016456f95860
Event: 60.326 Thread 0x0000016456f95860 Thread exited: 0x0000016456f95860
Event: 60.413 Thread 0x000001640f5d9be0 Thread added: 0x0000016456f943f0
Event: 60.748 Thread 0x0000016456f943f0 Thread exited: 0x0000016456f943f0


Dynamic libraries:
0x00007ff739e40000 - 0x00007ff739e4e000 	c:\Users\ranim\.vscode\extensions\redhat.java-1.55.0-win32-x64\jre\21.0.11-win32-x86_64\bin\java.exe
0x00007ffdd9bc0000 - 0x00007ffdd9e26000 	C:\WINDOWS\SYSTEM32\ntdll.dll
0x00007ffdd8950000 - 0x00007ffdd8a19000 	C:\WINDOWS\System32\KERNEL32.DLL
0x00007ffdd6dd0000 - 0x00007ffdd71cf000 	C:\WINDOWS\System32\KERNELBASE.dll
0x00007ffdd74f0000 - 0x00007ffdd763c000 	C:\WINDOWS\System32\ucrtbase.dll
0x00007ffd80ca0000 - 0x00007ffd80cb8000 	c:\Users\ranim\.vscode\extensions\redhat.java-1.55.0-win32-x64\jre\21.0.11-win32-x86_64\bin\jli.dll
0x00007ffdd8780000 - 0x00007ffdd8946000 	C:\WINDOWS\System32\USER32.dll
0x00007ffdd78c0000 - 0x00007ffdd78e7000 	C:\WINDOWS\System32\win32u.dll
0x00007ffd80cc0000 - 0x00007ffd80cde000 	c:\Users\ranim\.vscode\extensions\redhat.java-1.55.0-win32-x64\jre\21.0.11-win32-x86_64\bin\VCRUNTIME140.dll
0x00007ffdd9610000 - 0x00007ffdd963b000 	C:\WINDOWS\System32\GDI32.dll
0x00007ffdb6e80000 - 0x00007ffdb7111000 	C:\WINDOWS\WinSxS\amd64_microsoft.windows.common-controls_6595b64144ccf1df_6.0.26100.8972_none_3e0da176e32f9d4b\COMCTL32.dll
0x00007ffdd7650000 - 0x00007ffdd7779000 	C:\WINDOWS\System32\gdi32full.dll
0x00007ffdd8680000 - 0x00007ffdd8729000 	C:\WINDOWS\System32\msvcrt.dll
0x00007ffdd7810000 - 0x00007ffdd78b3000 	C:\WINDOWS\System32\msvcp_win.dll
0x00007ffdd9b40000 - 0x00007ffdd9b72000 	C:\WINDOWS\System32\IMM32.DLL
0x00007ffdb8270000 - 0x00007ffdb827c000 	c:\Users\ranim\.vscode\extensions\redhat.java-1.55.0-win32-x64\jre\21.0.11-win32-x86_64\bin\vcruntime140_1.dll
0x00007ffd66a20000 - 0x00007ffd66aad000 	c:\Users\ranim\.vscode\extensions\redhat.java-1.55.0-win32-x64\jre\21.0.11-win32-x86_64\bin\msvcp140.dll
0x00007ffd35150000 - 0x00007ffd35ef2000 	c:\Users\ranim\.vscode\extensions\redhat.java-1.55.0-win32-x64\jre\21.0.11-win32-x86_64\bin\server\jvm.dll
0x00007ffdd7c00000 - 0x00007ffdd7cbc000 	C:\WINDOWS\System32\ADVAPI32.dll
0x00007ffdd7cd0000 - 0x00007ffdd7d7a000 	C:\WINDOWS\System32\sechost.dll
0x00007ffdd8c20000 - 0x00007ffdd8d38000 	C:\WINDOWS\System32\RPCRT4.dll
0x00007ffdd8d40000 - 0x00007ffdd8dc2000 	C:\WINDOWS\System32\WS2_32.dll
0x00007ffdd6c30000 - 0x00007ffdd6c8e000 	C:\WINDOWS\SYSTEM32\POWRPROF.dll
0x00007ffdcc120000 - 0x00007ffdcc156000 	C:\WINDOWS\SYSTEM32\WINMM.dll
0x00007ffdcc060000 - 0x00007ffdcc06b000 	C:\WINDOWS\SYSTEM32\VERSION.dll
0x00007ffdd6c10000 - 0x00007ffdd6c25000 	C:\WINDOWS\SYSTEM32\UMPDC.dll
0x00007ffdd5a80000 - 0x00007ffdd5a9b000 	C:\WINDOWS\SYSTEM32\kernel.appcore.dll
0x00007ffdae1d0000 - 0x00007ffdae1da000 	c:\Users\ranim\.vscode\extensions\redhat.java-1.55.0-win32-x64\jre\21.0.11-win32-x86_64\bin\jimage.dll
0x00007ffdd4260000 - 0x00007ffdd44a2000 	C:\WINDOWS\SYSTEM32\DBGHELP.DLL
0x00007ffdd97a0000 - 0x00007ffdd9b25000 	C:\WINDOWS\System32\combase.dll
0x00007ffdd8f20000 - 0x00007ffdd8ff9000 	C:\WINDOWS\System32\OLEAUT32.dll
0x00007ffdb4690000 - 0x00007ffdb46cb000 	C:\WINDOWS\SYSTEM32\dbgcore.DLL
0x00007ffdd7430000 - 0x00007ffdd74dc000 	C:\WINDOWS\System32\bcryptPrimitives.dll
0x00007ffd9ee80000 - 0x00007ffd9ee8f000 	c:\Users\ranim\.vscode\extensions\redhat.java-1.55.0-win32-x64\jre\21.0.11-win32-x86_64\bin\instrument.dll
0x00007ffd806e0000 - 0x00007ffd80700000 	c:\Users\ranim\.vscode\extensions\redhat.java-1.55.0-win32-x64\jre\21.0.11-win32-x86_64\bin\java.dll
0x00007ffdd7ef0000 - 0x00007ffdd8678000 	C:\WINDOWS\System32\SHELL32.dll
0x00007ffdd4840000 - 0x00007ffdd50db000 	C:\WINDOWS\SYSTEM32\windows.storage.dll
0x00007ffdd9500000 - 0x00007ffdd95f9000 	C:\WINDOWS\System32\SHCORE.dll
0x00007ffdd9490000 - 0x00007ffdd94f6000 	C:\WINDOWS\System32\shlwapi.dll
0x00007ffdd6cf0000 - 0x00007ffdd6d19000 	C:\WINDOWS\SYSTEM32\profapi.dll
0x00007ffd6b3e0000 - 0x00007ffd6b3f8000 	c:\Users\ranim\.vscode\extensions\redhat.java-1.55.0-win32-x64\jre\21.0.11-win32-x86_64\bin\zip.dll
0x00007ffdac880000 - 0x00007ffdac890000 	C:\Users\ranim\.vscode\extensions\redhat.java-1.55.0-win32-x64\jre\21.0.11-win32-x86_64\bin\net.dll
0x00007ffdceb00000 - 0x00007ffdcec28000 	C:\WINDOWS\SYSTEM32\WINHTTP.dll
0x00007ffdd6010000 - 0x00007ffdd607c000 	C:\WINDOWS\system32\mswsock.dll
0x00007ffd6a8c0000 - 0x00007ffd6a8d6000 	C:\Users\ranim\.vscode\extensions\redhat.java-1.55.0-win32-x64\jre\21.0.11-win32-x86_64\bin\nio.dll
0x00007ffdaa3e0000 - 0x00007ffdaa3f0000 	c:\Users\ranim\.vscode\extensions\redhat.java-1.55.0-win32-x64\jre\21.0.11-win32-x86_64\bin\verify.dll
0x00007ffd9b7d0000 - 0x00007ffd9b815000 	C:\Users\ranim\AppData\Roaming\Code\User\globalStorage\redhat.java\1.55.0\config_win\org.eclipse.equinox.launcher\org.eclipse.equinox.launcher.win32.win32.x86_64_1.3.100.v20260613-0559\eclipse_11924.dll
0x00007ffdd7a50000 - 0x00007ffdd7be9000 	C:\WINDOWS\System32\ole32.dll
0x00007ffdd6430000 - 0x00007ffdd644b000 	C:\WINDOWS\SYSTEM32\CRYPTSP.dll
0x00007ffdd59e0000 - 0x00007ffdd5a19000 	C:\WINDOWS\system32\rsaenh.dll
0x00007ffdd60c0000 - 0x00007ffdd60f2000 	C:\WINDOWS\SYSTEM32\USERENV.dll
0x00007ffdd6cc0000 - 0x00007ffdd6cea000 	C:\WINDOWS\SYSTEM32\bcrypt.dll
0x00007ffdd6400000 - 0x00007ffdd640c000 	C:\WINDOWS\SYSTEM32\CRYPTBASE.dll
0x00007ffdd5430000 - 0x00007ffdd5463000 	C:\WINDOWS\SYSTEM32\IPHLPAPI.DLL
0x00007ffdd9b30000 - 0x00007ffdd9b3a000 	C:\WINDOWS\System32\NSI.dll
0x00007ffd669d0000 - 0x00007ffd66a19000 	C:\Users\ranim\AppData\Local\Temp\jna-108280195\jna11910149566004925529.dll
0x00007ffdd7bf0000 - 0x00007ffdd7bf8000 	C:\WINDOWS\System32\PSAPI.DLL
0x00007ffdcfa10000 - 0x00007ffdcfa2d000 	C:\WINDOWS\SYSTEM32\dhcpcsvc6.DLL
0x00007ffdcf9e0000 - 0x00007ffdcfa05000 	C:\WINDOWS\SYSTEM32\dhcpcsvc.DLL
0x00007ffdb8380000 - 0x00007ffdb83a7000 	C:\Users\ranim\.gradle\native\1def1411415f61bf3af743bc5b6707747c0891f09f0c88961ee8f79bc544acac\windows-amd64\native-platform.dll
0x00007ffdc30b0000 - 0x00007ffdc30ba000 	C:\Users\ranim\.vscode\extensions\redhat.java-1.55.0-win32-x64\jre\21.0.11-win32-x86_64\bin\management.dll
0x00007ffdc30a0000 - 0x00007ffdc30ac000 	C:\Users\ranim\.vscode\extensions\redhat.java-1.55.0-win32-x64\jre\21.0.11-win32-x86_64\bin\management_ext.dll
0x00007ffd9b740000 - 0x00007ffd9b74e000 	C:\Users\ranim\.vscode\extensions\redhat.java-1.55.0-win32-x64\jre\21.0.11-win32-x86_64\bin\sunmscapi.dll
0x00007ffdd72a0000 - 0x00007ffdd741e000 	C:\WINDOWS\System32\CRYPT32.dll
0x00007ffdd65a0000 - 0x00007ffdd65d0000 	C:\WINDOWS\SYSTEM32\ncrypt.dll
0x00007ffdd6550000 - 0x00007ffdd658f000 	C:\WINDOWS\SYSTEM32\NTASN1.dll
0x00007ffdd54c0000 - 0x00007ffdd5618000 	C:\WINDOWS\SYSTEM32\DNSAPI.dll
0x00007ffdd5e10000 - 0x00007ffdd5e1d000 	C:\WINDOWS\SYSTEM32\DSPARSE.dll
0x00007ffdcc070000 - 0x00007ffdcc07b000 	C:\Windows\System32\rasadhlp.dll
0x00007ffdcfbb0000 - 0x00007ffdcfc36000 	C:\WINDOWS\System32\fwpuclnt.dll
0x00007ffd9b910000 - 0x00007ffd9b919000 	C:\Users\ranim\.vscode\extensions\redhat.java-1.55.0-win32-x64\jre\21.0.11-win32-x86_64\bin\extnet.dll

JVMTI agents:
c:\Users\ranim\.vscode\extensions\redhat.java-1.55.0-win32-x64\lombok\lombok-1.18.39-4050.jar path:c:\Users\ranim\.vscode\extensions\redhat.java-1.55.0-win32-x64\jre\21.0.11-win32-x86_64\bin\instrument.dll, loaded, initialized, instrumentlib options:none

dbghelp: loaded successfully - version: 4.0.5 - missing functions: none
symbol engine: initialized successfully - sym options: 0x614 - pdb path: .;c:\Users\ranim\.vscode\extensions\redhat.java-1.55.0-win32-x64\jre\21.0.11-win32-x86_64\bin;C:\WINDOWS\SYSTEM32;C:\WINDOWS\WinSxS\amd64_microsoft.windows.common-controls_6595b64144ccf1df_6.0.26100.8972_none_3e0da176e32f9d4b;c:\Users\ranim\.vscode\extensions\redhat.java-1.55.0-win32-x64\jre\21.0.11-win32-x86_64\bin\server;C:\Users\ranim\AppData\Roaming\Code\User\globalStorage\redhat.java\1.55.0\config_win\org.eclipse.equinox.launcher\org.eclipse.equinox.launcher.win32.win32.x86_64_1.3.100.v20260613-0559;C:\Users\ranim\AppData\Local\Temp\jna-108280195;C:\Users\ranim\.gradle\native\1def1411415f61bf3af743bc5b6707747c0891f09f0c88961ee8f79bc544acac\windows-amd64

VM Arguments:
jvm_args: --add-modules=ALL-SYSTEM --add-opens=java.base/java.util=ALL-UNNAMED --add-opens=java.base/java.lang=ALL-UNNAMED --add-opens=java.base/sun.nio.fs=ALL-UNNAMED -Declipse.application=org.eclipse.jdt.ls.core.id1 -Dosgi.bundles.defaultStartLevel=4 -Declipse.product=org.eclipse.jdt.ls.core.product -Djava.import.generatesMetadataFilesAtProjectRoot=false -DDetectVMInstallationsJob.disabled=true -Dfile.encoding=utf8 -XX:+UseParallelGC -XX:GCTimeRatio=4 -XX:AdaptiveSizePolicyWeight=90 -Dsun.zip.disableMemoryMapping=true -Xmx2G -Xms100m -Xlog:disable -javaagent:c:\Users\ranim\.vscode\extensions\redhat.java-1.55.0-win32-x64\lombok\lombok-1.18.39-4050.jar -XX:+HeapDumpOnOutOfMemoryError -XX:HeapDumpPath=c:\Users\ranim\AppData\Roaming\Code\User\workspaceStorage\a1fee5f42c8201b5ff6b0d36b1f497cc\redhat.java -Daether.dependencyCollector.impl=bf 
java_command: c:\Users\ranim\.vscode\extensions\redhat.java-1.55.0-win32-x64\server\plugins\org.eclipse.equinox.launcher_1.7.200.v20260619-2039.jar -configuration c:\Users\ranim\AppData\Roaming\Code\User\globalStorage\redhat.java\1.55.0\config_win -data c:\Users\ranim\AppData\Roaming\Code\User\workspaceStorage\a1fee5f42c8201b5ff6b0d36b1f497cc\redhat.java\jdt_ws --pipe=\\.\pipe\lsp-0741d69c7ca12bbdeeb61d835abb129e-sock
java_class_path (initial): c:\Users\ranim\.vscode\extensions\redhat.java-1.55.0-win32-x64\server\plugins\org.eclipse.equinox.launcher_1.7.200.v20260619-2039.jar
Launcher Type: SUN_STANDARD

[Global flags]
    uintx AdaptiveSizePolicyWeight                 = 90                                        {product} {command line}
     intx CICompilerCount                          = 4                                         {product} {ergonomic}
    uintx GCTimeRatio                              = 4                                         {product} {command line}
     bool HeapDumpOnOutOfMemoryError               = true                                   {manageable} {command line}
    ccstr HeapDumpPath                             = c:\Users\ranim\AppData\Roaming\Code\User\workspaceStorage\a1fee5f42c8201b5ff6b0d36b1f497cc\redhat.java         {manageable} {command line}
   size_t InitialHeapSize                          = 104857600                                 {product} {command line}
   size_t MaxHeapSize                              = 2147483648                                {product} {command line}
   size_t MaxNewSize                               = 715653120                                 {product} {ergonomic}
   size_t MinHeapDeltaBytes                        = 524288                                    {product} {ergonomic}
   size_t MinHeapSize                              = 104857600                                 {product} {command line}
   size_t NewSize                                  = 34603008                                  {product} {ergonomic}
    uintx NonNMethodCodeHeapSize                   = 5839372                                {pd product} {ergonomic}
    uintx NonProfiledCodeHeapSize                  = 122909434                              {pd product} {ergonomic}
   size_t OldSize                                  = 70254592                                  {product} {ergonomic}
    uintx ProfiledCodeHeapSize                     = 122909434                              {pd product} {ergonomic}
    uintx ReservedCodeCacheSize                    = 251658240                              {pd product} {ergonomic}
     bool SegmentedCodeCache                       = true                                      {product} {ergonomic}
   size_t SoftMaxHeapSize                          = 2147483648                             {manageable} {ergonomic}
     bool UseCompressedOops                        = true                           {product lp64_product} {ergonomic}
     bool UseLargePagesIndividualAllocation        = false                                  {pd product} {ergonomic}
     bool UseParallelGC                            = true                                      {product} {command line}

Logging:
Log output configuration:
 #0: stdout all=off uptime,level,tags foldmultilines=false
 #1: stderr all=off uptime,level,tags foldmultilines=false

Release file:
JAVA_VERSION="21.0.11" 
MODULES="java.base java.compiler java.datatransfer java.xml java.prefs java.desktop java.instrument java.logging java.management java.security.sasl java.naming java.rmi java.management.rmi java.net.http java.scripting java.security.jgss java.transaction.xa java.sql java.sql.rowset java.xml.crypto java.se java.smartcardio jdk.accessibility jdk.internal.jvmstat jdk.attach jdk.charsets jdk.internal.opt jdk.zipfs jdk.compiler jdk.crypto.ec jdk.crypto.cryptoki jdk.crypto.mscapi jdk.dynalink jdk.internal.ed jdk.editpad jdk.hotspot.agent jdk.httpserver jdk.internal.le jdk.internal.vm.ci jdk.internal.vm.compiler jdk.internal.vm.compiler.management jdk.jartool jdk.javadoc jdk.jcmd jdk.management jdk.management.agent jdk.jconsole jdk.jdeps jdk.jdwp.agent jdk.jdi jdk.jfr jdk.jshell jdk.jsobject jdk.jstatd jdk.localedata jdk.management.jfr jdk.naming.dns jdk.naming.rmi jdk.net jdk.nio.mapmode jdk.random jdk.sctp jdk.security.auth jdk.security.jgss jdk.unsupported jdk.unsupported.desktop jdk.xml.dom" 

Environment Variables:
JAVA_HOME=C:\Program Files\Eclipse Adoptium\jdk-17.0.19.10-hotspot
PATH=C:\Program Files\Eclipse Adoptium\jdk-17.0.19.10-hotspot\bin;C:\Program Files\Eclipse Adoptium\jdk-25.0.2.10-hotspot\bin;C:\Program Files\NVIDIA GPU Computing Toolkit\CUDA\v12.8\bin;C:\Program Files\NVIDIA GPU Computing Toolkit\CUDA\v12.8\libnvvp;C:\Users\ranim\Downloads\WINDOWS.X64_193000_db_home\bin;C:\app\ranim\product\21c\dbhomeXE\bin;C:\app\ranim\product\21c\dbhomeXE\cfgtoollogs\oui\dbhomeXE\bin;C:\WINDOWS\system32;C:\WINDOWS;C:\WINDOWS\System32\Wbem;C:\WINDOWS\System32\WindowsPowerShell\v1.0\;C:\WINDOWS\System32\OpenSSH\;C:\Program Files\NVIDIA Corporation\NVIDIA NvDLISR;C:\Program Files (x86)\NVIDIA Corporation\PhysX\Common;C:\ProgramData\chocolatey\bin;C:\Users\ranim\AppData\Local\Programs\Python\Python312\Scripts;C:\MinGW\bin;C:\Program Files\NVIDIA Corporation\NVIDIA app\NvDLISR;C:\Program Files\Git\cmd;C:\Program Files\nodejs\;C:\Program Files\dotnet\;C:\Program Files\Docker\Docker\resources\bin;C:\Windows\system32;C:\Users\ranim\.local\bin;C:\Users\ranim\AppData\Local\Microsoft\WindowsApps;C:\Users\ranim\AppData\Local\Programs\Microsoft VS Code\bin;C:\Users\ranim\AppData\Local\Muse Hub\lib;C:\flutter\src\bin;C:\Users\ranim\AppData\Roaming\npm;C:\Program Files\Tesseract-OCR;C:\flutter\bin;C:\Program Files\Eclipse Adoptium\jdk-17.0.19.10-hotspot\bin;C:\Users\ranim\AppData\Local\Android\Sdk\bin;C:\Users\ranim\AppData\Local\Python\bin;C:\Users\ranim\AppData\Local\Programs\mongosh\;C:\Users\ranim\AppData\Local\Programs\MiKTeX\miktex\bin\x64\
USERNAME=ranim
OS=Windows_NT
PROCESSOR_IDENTIFIER=Intel64 Family 6 Model 140 Stepping 1, GenuineIntel
TMP=C:\Users\ranim\AppData\Local\Temp
TEMP=C:\Users\ranim\AppData\Local\Temp




Periodic native trim disabled

---------------  S Y S T E M  ---------------

OS:
 Windows 11 , 64 bit Build 26100 (10.0.26100.9168)
OS uptime: 10 days 0:13 hours
Hyper-V role detected

CPU: total 8 (initial active 8) (4 cores per cpu, 2 threads per core) family 6 model 140 stepping 1 microcode 0xbe, cx8, cmov, fxsr, ht, mmx, 3dnowpref, sse, sse2, sse3, ssse3, sse4.1, sse4.2, popcnt, lzcnt, tsc, tscinvbit, avx, avx2, aes, erms, clmul, bmi1, bmi2, adx, avx512f, avx512dq, avx512cd, avx512bw, avx512vl, sha, fma, vzeroupper, avx512_vpopcntdq, avx512_vpclmulqdq, avx512_vaes, avx512_vnni, clflush, clflushopt, clwb, avx512_vbmi2, avx512_vbmi, hv, rdtscp, rdpid, fsrm, gfni, avx512_bitalg, f16c, cet_ibt, cet_ss, avx512_ifma
Processor Information for the first 8 processors :
  Max Mhz: 2419, Current Mhz: 2419, Mhz Limit: 2419

Memory: 4k page, system-wide physical 12022M (463M free)
TotalPageFile size 20218M (AvailPageFile size 3M)
current process WorkingSet (physical memory assigned to process): 330M, peak: 374M
current process commit charge ("private bytes"): 407M, peak: 454M

vm_info: OpenJDK 64-Bit Server VM (21.0.11+10-LTS) for windows-amd64 JRE (21.0.11+10-LTS), built on 2026-04-21T00:00:00Z by "admin" with MS VC++ 17.12 (VS2022)

END.
