#
# There is insufficient memory for the Java Runtime Environment to continue.
# Native memory allocation (malloc) failed to allocate 1821936 bytes. Error detail: Chunk::new
# Possible reasons:
#   The system is out of physical RAM or swap space
#   This process is running with CompressedOops enabled, and the Java Heap may be blocking the growth of the native heap
# Possible solutions:
#   Reduce memory load on the system
#   Increase physical memory or swap space
#   Check if swap backing store is full
#   Decrease Java heap size (-Xmx/-Xms)
#   Decrease number of Java threads
#   Decrease Java thread stack sizes (-Xss)
#   Set larger code cache with -XX:ReservedCodeCacheSize=
#   JVM is running with Zero Based Compressed Oops mode in which the Java heap is
#     placed in the first 32GB address space. The Java Heap base address is the
#     maximum limit for the native heap growth. Please use -XX:HeapBaseMinAddress
#     to set the Java Heap base and to place the Java Heap above 32GB virtual address.
# This output file may be truncated or incomplete.
#
#  Out of Memory Error (arena.cpp:191), pid=2904, tid=17384
#
# JRE version: OpenJDK Runtime Environment Temurin-17.0.19+10 (17.0.19+10) (build 17.0.19+10)
# Java VM: OpenJDK 64-Bit Server VM Temurin-17.0.19+10 (17.0.19+10, mixed mode, sharing, tiered, compressed oops, compressed class ptrs, g1 gc, windows-amd64)
# No core dump will be written. Minidumps are not enabled by default on client versions of Windows
#

---------------  S U M M A R Y ------------

Command Line: --add-opens=java.base/java.lang=ALL-UNNAMED --add-opens=java.base/java.lang.invoke=ALL-UNNAMED --add-opens=java.base/java.util=ALL-UNNAMED --add-opens=java.prefs/java.util.prefs=ALL-UNNAMED --add-exports=jdk.compiler/com.sun.tools.javac.api=ALL-UNNAMED --add-exports=jdk.compiler/com.sun.tools.javac.util=ALL-UNNAMED --add-opens=java.base/java.util=ALL-UNNAMED --add-opens=java.prefs/java.util.prefs=ALL-UNNAMED --add-opens=java.base/java.nio.charset=ALL-UNNAMED --add-opens=java.base/java.net=ALL-UNNAMED --add-opens=java.base/java.util.concurrent.atomic=ALL-UNNAMED --add-opens=java.xml/javax.xml.namespace=ALL-UNNAMED -XX:MaxMetaspaceSize=2g -Xmx4g -Dfile.encoding=UTF-8 -Duser.country=FR -Duser.language=fr -Duser.variant -javaagent:C:\Users\ranim\.gradle\wrapper\dists\gradle-8.14-all\c2qonpi39x1mddn7hk5gh9iqj\gradle-8.14\lib\agents\gradle-instrumentation-agent-8.14.jar org.gradle.launcher.daemon.bootstrap.GradleDaemon 8.14

Host: 11th Gen Intel(R) Core(TM) i5-1135G7 @ 2.40GHz, 8 cores, 11G,  Windows 11 , 64 bit Build 26100 (10.0.26100.9168)
Time: Thu Aug 20 22:55:25 2026 Afr. centrale Ouest elapsed time: 30.215567 seconds (0d 0h 0m 30s)

---------------  T H R E A D  ---------------

Current thread (0x0000020b0b345150):  JavaThread "C2 CompilerThread0" daemon [_thread_in_native, id=17384, stack(0x000000e4d8400000,0x000000e4d8500000)]


Current CompileTask:
C2:30215 11030   !   4       java.lang.reflect.Executable::declaredAnnotations (85 bytes)

Stack: [0x000000e4d8400000,0x000000e4d8500000]
Native frames: (J=compiled Java code, j=interpreted, Vv=VM code, C=native code)
V  [jvm.dll+0x684b29]
V  [jvm.dll+0x83a2d5]
V  [jvm.dll+0x83bd4e]
V  [jvm.dll+0x83c3d3]
V  [jvm.dll+0x24905f]
V  [jvm.dll+0xad536]
V  [jvm.dll+0xadbdc]
V  [jvm.dll+0x368d4f]
V  [jvm.dll+0x3331d5]
V  [jvm.dll+0x33263a]
V  [jvm.dll+0x219e69]
V  [jvm.dll+0x2192af]
V  [jvm.dll+0x1a49f0]
V  [jvm.dll+0x2299fa]
V  [jvm.dll+0x227bab]
V  [jvm.dll+0x7f0a88]
V  [jvm.dll+0x7eaf1c]
V  [jvm.dll+0x6839f7]
C  [ucrtbase.dll+0x2cd30]
C  [KERNEL32.DLL+0x2ccb7]
C  [ntdll.dll+0xaad6c]


---------------  P R O C E S S  ---------------

Threads class SMR info:
_java_thread_list=0x0000020b552fc9e0, length=114, elements={
0x0000020b661e6f90, 0x0000020b0ab9d500, 0x0000020b0ab9dae0, 0x0000020b0b335ca0,
0x0000020b0b336180, 0x0000020b0b337670, 0x0000020b0b33e520, 0x0000020b0b345150,
0x0000020b0b35b6f0, 0x0000020b0b35f520, 0x0000020b0b456400, 0x0000020b0b4559e0,
0x0000020b0b456910, 0x0000020b0b456e20, 0x0000020b0b455ef0, 0x0000020b0b454ab0,
0x0000020b0b454fc0, 0x0000020b0b457330, 0x0000020b0b457840, 0x0000020b0b454090,
0x0000020b52753d30, 0x0000020b52754750, 0x0000020b527528f0, 0x0000020b52753310,
0x0000020b52755170, 0x0000020b527565b0, 0x0000020b52753820, 0x0000020b52752e00,
0x0000020b52758e30, 0x0000020b52759340, 0x0000020b52756ac0, 0x0000020b527560a0,
0x0000020b52756fd0, 0x0000020b527574e0, 0x0000020b52757f00, 0x0000020b545e1a70,
0x0000020b545dfc10, 0x0000020b545e2490, 0x0000020b545e1050, 0x0000020b545df700,
0x0000020b545e0120, 0x0000020b545dece0, 0x0000020b545e0630, 0x0000020b545e0b40,
0x0000020b545e1560, 0x0000020b545e1f80, 0x0000020b510747c0, 0x0000020b51072e70,
0x0000020b51072960, 0x0000020b51073380, 0x0000020b51072450, 0x0000020b51073890,
0x0000020b51073da0, 0x0000020b510742b0, 0x0000020b51074cd0, 0x0000020b51071a30,
0x0000020b51071520, 0x0000020b510756f0, 0x0000020b51071f40, 0x0000020b51075c00,
0x0000020b51078990, 0x0000020b51076b30, 0x0000020b51076110, 0x0000020b51077550,
0x0000020b51077040, 0x0000020b51078ea0, 0x0000020b51078480, 0x0000020b51077a60,
0x0000020b53703670, 0x0000020b53704ab0, 0x0000020b53702230, 0x0000020b537054d0,
0x0000020b53703b80, 0x0000020b53702740, 0x0000020b53704fc0, 0x0000020b53704090,
0x0000020b53701d20, 0x0000020b53705ef0, 0x0000020b537059e0, 0x0000020b537045a0,
0x0000020b53706400, 0x0000020b53703160, 0x0000020b53702c50, 0x0000020b53709190,
0x0000020b53707d50, 0x0000020b53708260, 0x0000020b537096a0, 0x0000020b53708c80,
0x0000020b53706910, 0x0000020b53706e20, 0x0000020b53708770, 0x0000020b53707330,
0x0000020b53707840, 0x0000020b510829a0, 0x0000020b510833c0, 0x0000020b510838d0,
0x0000020b51082eb0, 0x0000020b51083de0, 0x0000020b510842f0, 0x0000020b51084800,
0x0000020b51081a70, 0x0000020b51084d10, 0x0000020b51081560, 0x0000020b51085220,
0x0000020b51085730, 0x0000020b51081f80, 0x0000020b51085c40, 0x0000020b51082490,
0x0000020b510884c0, 0x0000020b51086150, 0x0000020b51086660, 0x0000020b51086b70,
0x0000020b51087590, 0x0000020b55a39370
}

Java Threads: ( => current thread )
  0x0000020b661e6f90 JavaThread "main" [_thread_blocked, id=10544, stack(0x000000e4d7700000,0x000000e4d7800000)]
  0x0000020b0ab9d500 JavaThread "Reference Handler" daemon [_thread_blocked, id=19984, stack(0x000000e4d7e00000,0x000000e4d7f00000)]
  0x0000020b0ab9dae0 JavaThread "Finalizer" daemon [_thread_blocked, id=16824, stack(0x000000e4d7f00000,0x000000e4d8000000)]
  0x0000020b0b335ca0 JavaThread "Signal Dispatcher" daemon [_thread_blocked, id=17532, stack(0x000000e4d8000000,0x000000e4d8100000)]
  0x0000020b0b336180 JavaThread "Attach Listener" daemon [_thread_blocked, id=16160, stack(0x000000e4d8100000,0x000000e4d8200000)]
  0x0000020b0b337670 JavaThread "Service Thread" daemon [_thread_blocked, id=17564, stack(0x000000e4d8200000,0x000000e4d8300000)]
  0x0000020b0b33e520 JavaThread "Monitor Deflation Thread" daemon [_thread_blocked, id=7432, stack(0x000000e4d8300000,0x000000e4d8400000)]
=>0x0000020b0b345150 JavaThread "C2 CompilerThread0" daemon [_thread_in_native, id=17384, stack(0x000000e4d8400000,0x000000e4d8500000)]
  0x0000020b0b35b6f0 JavaThread "C1 CompilerThread0" daemon [_thread_blocked, id=18588, stack(0x000000e4d8500000,0x000000e4d8600000)]
  0x0000020b0b35f520 JavaThread "Sweeper thread" daemon [_thread_blocked, id=18412, stack(0x000000e4d8600000,0x000000e4d8700000)]
  0x0000020b0b456400 JavaThread "Common-Cleaner" daemon [_thread_blocked, id=16272, stack(0x000000e4d8700000,0x000000e4d8800000)]
  0x0000020b0b4559e0 JavaThread "Notification Thread" daemon [_thread_blocked, id=19040, stack(0x000000e4d8800000,0x000000e4d8900000)]
  0x0000020b0b456910 JavaThread "Daemon health stats" [_thread_blocked, id=9888, stack(0x000000e4d8f00000,0x000000e4d9000000)]
  0x0000020b0b456e20 JavaThread "Incoming local TCP Connector on port 58887" [_thread_in_native, id=17788, stack(0x000000e4d9000000,0x000000e4d9100000)]
  0x0000020b0b455ef0 JavaThread "Daemon periodic checks" [_thread_blocked, id=18400, stack(0x000000e4d9100000,0x000000e4d9200000)]
  0x0000020b0b454ab0 JavaThread "Daemon" [_thread_blocked, id=1764, stack(0x000000e4d9200000,0x000000e4d9300000)]
  0x0000020b0b454fc0 JavaThread "Handler for socket connection from /127.0.0.1:58887 to /127.0.0.1:58888" [_thread_in_native, id=6080, stack(0x000000e4d9300000,0x000000e4d9400000)]
  0x0000020b0b457330 JavaThread "Cancel handler" [_thread_blocked, id=21380, stack(0x000000e4d9400000,0x000000e4d9500000)]
  0x0000020b0b457840 JavaThread "Daemon worker" [_thread_in_native, id=14676, stack(0x000000e4d9500000,0x000000e4d9600000)]
  0x0000020b0b454090 JavaThread "Asynchronous log dispatcher for DefaultDaemonConnection: socket connection from /127.0.0.1:58887 to /127.0.0.1:58888" [_thread_blocked, id=17060, stack(0x000000e4d9600000,0x000000e4d9700000)]
  0x0000020b52753d30 JavaThread "Stdin handler" [_thread_blocked, id=3784, stack(0x000000e4d9700000,0x000000e4d9800000)]
  0x0000020b52754750 JavaThread "Daemon client event forwarder" [_thread_blocked, id=21048, stack(0x000000e4d9800000,0x000000e4d9900000)]
  0x0000020b527528f0 JavaThread "Cache worker for journal cache (C:\Users\ranim\.gradle\caches\journal-1)" [_thread_blocked, id=12840, stack(0x000000e4d9900000,0x000000e4d9a00000)]
  0x0000020b52753310 JavaThread "File lock request listener" [_thread_in_native, id=20332, stack(0x000000e4d9a00000,0x000000e4d9b00000)]
  0x0000020b52755170 JavaThread "Cache worker for file hash cache (C:\Users\ranim\.gradle\caches\8.14\fileHashes)" [_thread_blocked, id=7300, stack(0x000000e4d9b00000,0x000000e4d9c00000)]
  0x0000020b527565b0 JavaThread "File lock release action executor" [_thread_blocked, id=1788, stack(0x000000e4d9c00000,0x000000e4d9d00000)]
  0x0000020b52753820 JavaThread "Cache worker for file hash cache (C:\Users\ranim\Desktop\ReportingApp\mobile\android\.gradle\8.14\fileHashes)" [_thread_blocked, id=17952, stack(0x000000e4d9d00000,0x000000e4d9e00000)]
  0x0000020b52752e00 JavaThread "Cache worker for Build Output Cleanup Cache (C:\Users\ranim\Desktop\ReportingApp\mobile\android\.gradle\buildOutputCleanup)" [_thread_blocked, id=21432, stack(0x000000e4d9e00000,0x000000e4d9f00000)]
  0x0000020b52758e30 JavaThread "File watcher server" daemon [_thread_in_native, id=14856, stack(0x000000e4da200000,0x000000e4da300000)]
  0x0000020b52759340 JavaThread "File watcher consumer" daemon [_thread_blocked, id=19936, stack(0x000000e4da300000,0x000000e4da400000)]
  0x0000020b52756ac0 JavaThread "jar transforms" [_thread_blocked, id=15192, stack(0x000000e4da400000,0x000000e4da500000)]
  0x0000020b527560a0 JavaThread "jar transforms Thread 2" [_thread_blocked, id=21376, stack(0x000000e4da500000,0x000000e4da600000)]
  0x0000020b52756fd0 JavaThread "Cache worker for checksums cache (C:\Users\ranim\Desktop\ReportingApp\mobile\android\.gradle\8.14\checksums)" [_thread_blocked, id=10472, stack(0x000000e4da700000,0x000000e4da800000)]
  0x0000020b527574e0 JavaThread "Cache worker for file content cache (C:\Users\ranim\.gradle\caches\8.14\fileContent)" [_thread_blocked, id=8064, stack(0x000000e4da800000,0x000000e4da900000)]
  0x0000020b52757f00 JavaThread "Cache worker for cache directory md-supplier (C:\Users\ranim\.gradle\caches\8.14\md-supplier)" [_thread_blocked, id=15240, stack(0x000000e4da900000,0x000000e4daa00000)]
  0x0000020b545e1a70 JavaThread "Cache worker for cache directory md-rule (C:\Users\ranim\.gradle\caches\8.14\md-rule)" [_thread_blocked, id=7384, stack(0x000000e4daa00000,0x000000e4dab00000)]
  0x0000020b545dfc10 JavaThread "Cache worker for Build Output Cleanup Cache (C:\flutter\packages\flutter_tools\gradle\.gradle\buildOutputCleanup)" [_thread_blocked, id=10992, stack(0x000000e4dab00000,0x000000e4dac00000)]
  0x0000020b545e2490 JavaThread "Unconstrained build operations" [_thread_blocked, id=15596, stack(0x000000e4dac00000,0x000000e4dad00000)]
  0x0000020b545e1050 JavaThread "Unconstrained build operations Thread 2" [_thread_blocked, id=10760, stack(0x000000e4dad00000,0x000000e4dae00000)]
  0x0000020b545df700 JavaThread "Unconstrained build operations Thread 3" [_thread_blocked, id=9552, stack(0x000000e4dae00000,0x000000e4daf00000)]
  0x0000020b545e0120 JavaThread "Unconstrained build operations Thread 4" [_thread_blocked, id=20916, stack(0x000000e4daf00000,0x000000e4db000000)]
  0x0000020b545dece0 JavaThread "Unconstrained build operations Thread 5" [_thread_blocked, id=5284, stack(0x000000e4db000000,0x000000e4db100000)]
  0x0000020b545e0630 JavaThread "Unconstrained build operations Thread 6" [_thread_blocked, id=21364, stack(0x000000e4db100000,0x000000e4db200000)]
  0x0000020b545e0b40 JavaThread "Unconstrained build operations Thread 7" [_thread_blocked, id=17944, stack(0x000000e4db200000,0x000000e4db300000)]
  0x0000020b545e1560 JavaThread "Unconstrained build operations Thread 8" [_thread_blocked, id=13480, stack(0x000000e4db300000,0x000000e4db400000)]
  0x0000020b545e1f80 JavaThread "Unconstrained build operations Thread 9" [_thread_blocked, id=15336, stack(0x000000e4db400000,0x000000e4db500000)]
  0x0000020b510747c0 JavaThread "Unconstrained build operations Thread 10" [_thread_blocked, id=11296, stack(0x000000e4db500000,0x000000e4db600000)]
  0x0000020b51072e70 JavaThread "Unconstrained build operations Thread 11" [_thread_blocked, id=11324, stack(0x000000e4db600000,0x000000e4db700000)]
  0x0000020b51072960 JavaThread "Unconstrained build operations Thread 12" [_thread_blocked, id=7724, stack(0x000000e4db700000,0x000000e4db800000)]
  0x0000020b51073380 JavaThread "Unconstrained build operations Thread 13" [_thread_blocked, id=900, stack(0x000000e4db800000,0x000000e4db900000)]
  0x0000020b51072450 JavaThread "Unconstrained build operations Thread 14" [_thread_blocked, id=14328, stack(0x000000e4db900000,0x000000e4dba00000)]
  0x0000020b51073890 JavaThread "Unconstrained build operations Thread 15" [_thread_blocked, id=8384, stack(0x000000e4dba00000,0x000000e4dbb00000)]
  0x0000020b51073da0 JavaThread "Unconstrained build operations Thread 16" [_thread_blocked, id=15772, stack(0x000000e4dbb00000,0x000000e4dbc00000)]
  0x0000020b510742b0 JavaThread "Unconstrained build operations Thread 17" [_thread_blocked, id=15716, stack(0x000000e4dbc00000,0x000000e4dbd00000)]
  0x0000020b51074cd0 JavaThread "Unconstrained build operations Thread 18" [_thread_blocked, id=10464, stack(0x000000e4dbd00000,0x000000e4dbe00000)]
  0x0000020b51071a30 JavaThread "Unconstrained build operations Thread 19" [_thread_blocked, id=15888, stack(0x000000e4dbe00000,0x000000e4dbf00000)]
  0x0000020b51071520 JavaThread "Unconstrained build operations Thread 20" [_thread_blocked, id=15048, stack(0x000000e4dbf00000,0x000000e4dc000000)]
  0x0000020b510756f0 JavaThread "Unconstrained build operations Thread 21" [_thread_blocked, id=3296, stack(0x000000e4dc000000,0x000000e4dc100000)]
  0x0000020b51071f40 JavaThread "Memory manager" [_thread_blocked, id=15156, stack(0x000000e4dc100000,0x000000e4dc200000)]
  0x0000020b51075c00 JavaThread "build event listener" [_thread_blocked, id=6340, stack(0x000000e4dc200000,0x000000e4dc300000)]
  0x0000020b51078990 JavaThread "included builds" [_thread_blocked, id=3568, stack(0x000000e4dc300000,0x000000e4dc400000)]
  0x0000020b51076b30 JavaThread "Execution worker" [_thread_blocked, id=16864, stack(0x000000e4dc400000,0x000000e4dc500000)]
  0x0000020b51076110 JavaThread "Execution worker Thread 2" [_thread_blocked, id=15148, stack(0x000000e4dc500000,0x000000e4dc600000)]
  0x0000020b51077550 JavaThread "Execution worker Thread 3" [_thread_blocked, id=2784, stack(0x000000e4dc600000,0x000000e4dc700000)]
  0x0000020b51077040 JavaThread "Execution worker Thread 4" [_thread_blocked, id=18524, stack(0x000000e4dc700000,0x000000e4dc800000)]
  0x0000020b51078ea0 JavaThread "Execution worker Thread 5" [_thread_blocked, id=16448, stack(0x000000e4dc800000,0x000000e4dc900000)]
  0x0000020b51078480 JavaThread "Execution worker Thread 6" [_thread_blocked, id=13564, stack(0x000000e4dc900000,0x000000e4dca00000)]
  0x0000020b51077a60 JavaThread "Execution worker Thread 7" [_thread_blocked, id=16496, stack(0x000000e4dca00000,0x000000e4dcb00000)]
  0x0000020b53703670 JavaThread "Cache worker for execution history cache (C:\flutter\packages\flutter_tools\gradle\.gradle\8.14\executionHistory)" [_thread_blocked, id=17840, stack(0x000000e4dcb00000,0x000000e4dcc00000)]
  0x0000020b53704ab0 JavaThread "Unconstrained build operations Thread 22" [_thread_blocked, id=8964, stack(0x000000e4dcc00000,0x000000e4dcd00000)]
  0x0000020b53702230 JavaThread "Unconstrained build operations Thread 23" [_thread_blocked, id=16724, stack(0x000000e4dcd00000,0x000000e4dce00000)]
  0x0000020b537054d0 JavaThread "Unconstrained build operations Thread 24" [_thread_blocked, id=19100, stack(0x000000e4dce00000,0x000000e4dcf00000)]
  0x0000020b53703b80 JavaThread "Unconstrained build operations Thread 25" [_thread_blocked, id=9500, stack(0x000000e4dcf00000,0x000000e4dd000000)]
  0x0000020b53702740 JavaThread "Unconstrained build operations Thread 26" [_thread_blocked, id=17536, stack(0x000000e4dd000000,0x000000e4dd100000)]
  0x0000020b53704fc0 JavaThread "Unconstrained build operations Thread 27" [_thread_blocked, id=2132, stack(0x000000e4dd100000,0x000000e4dd200000)]
  0x0000020b53704090 JavaThread "Unconstrained build operations Thread 28" [_thread_blocked, id=18644, stack(0x000000e4dd200000,0x000000e4dd300000)]
  0x0000020b53701d20 JavaThread "Unconstrained build operations Thread 29" [_thread_blocked, id=11392, stack(0x000000e4dd300000,0x000000e4dd400000)]
  0x0000020b53705ef0 JavaThread "Unconstrained build operations Thread 30" [_thread_blocked, id=8512, stack(0x000000e4dd400000,0x000000e4dd500000)]
  0x0000020b537059e0 JavaThread "Unconstrained build operations Thread 31" [_thread_blocked, id=11640, stack(0x000000e4dd500000,0x000000e4dd600000)]
  0x0000020b537045a0 JavaThread "Unconstrained build operations Thread 32" [_thread_blocked, id=8668, stack(0x000000e4dd600000,0x000000e4dd700000)]
  0x0000020b53706400 JavaThread "Unconstrained build operations Thread 33" [_thread_blocked, id=1612, stack(0x000000e4dd700000,0x000000e4dd800000)]
  0x0000020b53703160 JavaThread "Unconstrained build operations Thread 34" [_thread_blocked, id=4672, stack(0x000000e4dd800000,0x000000e4dd900000)]
  0x0000020b53702c50 JavaThread "Unconstrained build operations Thread 35" [_thread_blocked, id=1188, stack(0x000000e4dd900000,0x000000e4dda00000)]
  0x0000020b53709190 JavaThread "Unconstrained build operations Thread 36" [_thread_blocked, id=6076, stack(0x000000e4dda00000,0x000000e4ddb00000)]
  0x0000020b53707d50 JavaThread "Unconstrained build operations Thread 37" [_thread_blocked, id=16568, stack(0x000000e4ddb00000,0x000000e4ddc00000)]
  0x0000020b53708260 JavaThread "Unconstrained build operations Thread 38" [_thread_blocked, id=8244, stack(0x000000e4ddc00000,0x000000e4ddd00000)]
  0x0000020b537096a0 JavaThread "Unconstrained build operations Thread 39" [_thread_blocked, id=14944, stack(0x000000e4ddd00000,0x000000e4dde00000)]
  0x0000020b53708c80 JavaThread "Unconstrained build operations Thread 40" [_thread_blocked, id=20252, stack(0x000000e4dde00000,0x000000e4ddf00000)]
  0x0000020b53706910 JavaThread "Unconstrained build operations Thread 41" [_thread_blocked, id=14004, stack(0x000000e4ddf00000,0x000000e4de000000)]
  0x0000020b53706e20 JavaThread "Unconstrained build operations Thread 42" [_thread_blocked, id=5764, stack(0x000000e4de000000,0x000000e4de100000)]
  0x0000020b53708770 JavaThread "Unconstrained build operations Thread 43" [_thread_blocked, id=15244, stack(0x000000e4de100000,0x000000e4de200000)]
  0x0000020b53707330 JavaThread "Unconstrained build operations Thread 44" [_thread_blocked, id=15520, stack(0x000000e4de200000,0x000000e4de300000)]
  0x0000020b53707840 JavaThread "Unconstrained build operations Thread 45" [_thread_blocked, id=6108, stack(0x000000e4de300000,0x000000e4de400000)]
  0x0000020b510829a0 JavaThread "Unconstrained build operations Thread 46" [_thread_blocked, id=15616, stack(0x000000e4de400000,0x000000e4de500000)]
  0x0000020b510833c0 JavaThread "Unconstrained build operations Thread 47" [_thread_blocked, id=9992, stack(0x000000e4de500000,0x000000e4de600000)]
  0x0000020b510838d0 JavaThread "Unconstrained build operations Thread 48" [_thread_blocked, id=20848, stack(0x000000e4de600000,0x000000e4de700000)]
  0x0000020b51082eb0 JavaThread "Unconstrained build operations Thread 49" [_thread_blocked, id=10132, stack(0x000000e4de700000,0x000000e4de800000)]
  0x0000020b51083de0 JavaThread "Unconstrained build operations Thread 50" [_thread_blocked, id=5412, stack(0x000000e4de800000,0x000000e4de900000)]
  0x0000020b510842f0 JavaThread "Unconstrained build operations Thread 51" [_thread_blocked, id=6944, stack(0x000000e4de900000,0x000000e4dea00000)]
  0x0000020b51084800 JavaThread "Unconstrained build operations Thread 52" [_thread_blocked, id=4540, stack(0x000000e4dea00000,0x000000e4deb00000)]
  0x0000020b51081a70 JavaThread "Unconstrained build operations Thread 53" [_thread_blocked, id=8, stack(0x000000e4deb00000,0x000000e4dec00000)]
  0x0000020b51084d10 JavaThread "Unconstrained build operations Thread 54" [_thread_blocked, id=336, stack(0x000000e4dec00000,0x000000e4ded00000)]
  0x0000020b51081560 JavaThread "Unconstrained build operations Thread 55" [_thread_blocked, id=8768, stack(0x000000e4ded00000,0x000000e4dee00000)]
  0x0000020b51085220 JavaThread "Unconstrained build operations Thread 56" [_thread_blocked, id=21068, stack(0x000000e4dee00000,0x000000e4def00000)]
  0x0000020b51085730 JavaThread "Unconstrained build operations Thread 57" [_thread_blocked, id=7124, stack(0x000000e4def00000,0x000000e4df000000)]
  0x0000020b51081f80 JavaThread "Unconstrained build operations Thread 58" [_thread_blocked, id=19572, stack(0x000000e4df000000,0x000000e4df100000)]
  0x0000020b51085c40 JavaThread "Unconstrained build operations Thread 59" [_thread_blocked, id=2116, stack(0x000000e4df100000,0x000000e4df200000)]
  0x0000020b51082490 JavaThread "Unconstrained build operations Thread 60" [_thread_blocked, id=7552, stack(0x000000e4df200000,0x000000e4df300000)]
  0x0000020b510884c0 JavaThread "Unconstrained build operations Thread 61" [_thread_blocked, id=19612, stack(0x000000e4df300000,0x000000e4df400000)]
  0x0000020b51086150 JavaThread "Unconstrained build operations Thread 62" [_thread_blocked, id=16908, stack(0x000000e4df400000,0x000000e4df500000)]
  0x0000020b51086660 JavaThread "Unconstrained build operations Thread 63" [_thread_blocked, id=19276, stack(0x000000e4df500000,0x000000e4df600000)]
  0x0000020b51086b70 JavaThread "Unconstrained build operations Thread 64" [_thread_blocked, id=16804, stack(0x000000e4df600000,0x000000e4df700000)]
  0x0000020b51087590 JavaThread "Unconstrained build operations Thread 65" [_thread_blocked, id=18460, stack(0x000000e4df700000,0x000000e4df800000)]
  0x0000020b55a39370 JavaThread "C2 CompilerThread1" daemon [_thread_in_native, id=19160, stack(0x000000e4df800000,0x000000e4df900000)]

Other Threads:
  0x0000020b0ab9a980 VMThread "VM Thread" [stack: 0x000000e4d7d00000,0x000000e4d7e00000] [id=1428]
  0x0000020b0b573940 WatcherThread [stack: 0x000000e4d8900000,0x000000e4d8a00000] [id=2232]
  0x0000020b65f9df70 GCTaskThread "GC Thread#0" [stack: 0x000000e4d7800000,0x000000e4d7900000] [id=18688]
  0x0000020b510641e0 GCTaskThread "GC Thread#1" [stack: 0x000000e4d8a00000,0x000000e4d8b00000] [id=11568]
  0x0000020b0b627880 GCTaskThread "GC Thread#2" [stack: 0x000000e4d8b00000,0x000000e4d8c00000] [id=18988]
  0x0000020b0b627b40 GCTaskThread "GC Thread#3" [stack: 0x000000e4d8c00000,0x000000e4d8d00000] [id=17600]
  0x0000020b519889e0 GCTaskThread "GC Thread#4" [stack: 0x000000e4d8d00000,0x000000e4d8e00000] [id=14296]
  0x0000020b52172d20 GCTaskThread "GC Thread#5" [stack: 0x000000e4d8e00000,0x000000e4d8f00000] [id=18576]
  0x0000020b52b907a0 GCTaskThread "GC Thread#6" [stack: 0x000000e4d9f00000,0x000000e4da000000] [id=9332]
  0x0000020b532a5500 GCTaskThread "GC Thread#7" [stack: 0x000000e4da000000,0x000000e4da100000] [id=14636]
  0x0000020b662625b0 ConcurrentGCThread "G1 Main Marker" [stack: 0x000000e4d7900000,0x000000e4d7a00000] [id=19404]
  0x0000020b66264800 ConcurrentGCThread "G1 Conc#0" [stack: 0x000000e4d7a00000,0x000000e4d7b00000] [id=17820]
  0x0000020b543f1c70 ConcurrentGCThread "G1 Conc#1" [stack: 0x000000e4da100000,0x000000e4da200000] [id=19312]
  0x0000020b0aa55fa0 ConcurrentGCThread "G1 Refine#0" [stack: 0x000000e4d7b00000,0x000000e4d7c00000] [id=15352]
  0x0000020b53374870 ConcurrentGCThread "G1 Refine#1" [stack: 0x000000e4da600000,0x000000e4da700000] [id=18636]
  0x0000020b0aa573a0 ConcurrentGCThread "G1 Service" [stack: 0x000000e4d7c00000,0x000000e4d7d00000] [id=5204]

Threads with active compile tasks:
C2 CompilerThread0  30256 11030   !   4       java.lang.reflect.Executable::declaredAnnotations (85 bytes)
C2 CompilerThread1  30256 11179       4       sun.reflect.generics.parser.SignatureParser::parseTypeSignature (130 bytes)

VM state: not at safepoint (normal execution)

VM Mutex/Monitor currently owned by a thread: None

Heap address: 0x0000000700000000, size: 4096 MB, Compressed Oops mode: Zero based, Oop shift amount: 3

CDS archive(s) mapped at: [0x0000020b0c000000-0x0000020b0cbb0000-0x0000020b0cbb0000), size 12255232, SharedBaseAddress: 0x0000020b0c000000, ArchiveRelocationMode: 1.
Compressed class space mapped at: 0x0000020b0d000000-0x0000020b4d000000, reserved size: 1073741824
Narrow klass base: 0x0000020b0c000000, Narrow klass shift: 0, Narrow klass range: 0x100000000

GC Precious Log:
 CPUs: 8 total, 8 available
 Memory: 12022M
 Large Page Support: Disabled
 NUMA Support: Disabled
 Compressed Oops: Enabled (Zero based)
 Heap Region Size: 2M
 Heap Min Capacity: 8M
 Heap Initial Capacity: 188M
 Heap Max Capacity: 4G
 Pre-touch: Disabled
 Parallel Workers: 8
 Concurrent Workers: 2
 Concurrent Refinement Workers: 8
 Periodic GC: Disabled

Heap:
 garbage-first heap   total 249856K, used 167059K [0x0000000700000000, 0x0000000800000000)
  region size 2048K, 33 young (67584K), 1 survivors (2048K)
 Metaspace       used 80383K, committed 81280K, reserved 1179648K
  class space    used 11175K, committed 11584K, reserved 1048576K

Heap Regions: E=young(eden), S=young(survivor), O=old, HS=humongous(starts), HC=humongous(continues), CS=collection set, F=free, OA=open archive, CA=closed archive, TAMS=top-at-mark-start (previous, next)
|   0|0x0000000700000000, 0x0000000700200000, 0x0000000700200000|100%|HS|  |TAMS 0x0000000700200000, 0x0000000700000000| Complete 
|   1|0x0000000700200000, 0x0000000700400000, 0x0000000700400000|100%|HC|  |TAMS 0x0000000700400000, 0x0000000700200000| Complete 
|   2|0x0000000700400000, 0x0000000700600000, 0x0000000700600000|100%| O|  |TAMS 0x0000000700600000, 0x0000000700400000| Untracked 
|   3|0x0000000700600000, 0x0000000700800000, 0x0000000700800000|100%| O|  |TAMS 0x0000000700800000, 0x0000000700600000| Untracked 
|   4|0x0000000700800000, 0x0000000700a00000, 0x0000000700a00000|100%| O|  |TAMS 0x0000000700a00000, 0x0000000700800000| Untracked 
|   5|0x0000000700a00000, 0x0000000700c00000, 0x0000000700c00000|100%| O|  |TAMS 0x0000000700c00000, 0x0000000700a00000| Untracked 
|   6|0x0000000700c00000, 0x0000000700e00000, 0x0000000700e00000|100%| O|  |TAMS 0x0000000700e00000, 0x0000000700c00000| Untracked 
|   7|0x0000000700e00000, 0x0000000701000000, 0x0000000701000000|100%| O|  |TAMS 0x0000000701000000, 0x0000000700e00000| Untracked 
|   8|0x0000000701000000, 0x0000000701200000, 0x0000000701200000|100%| O|  |TAMS 0x0000000701200000, 0x0000000701000000| Untracked 
|   9|0x0000000701200000, 0x0000000701400000, 0x0000000701400000|100%| O|  |TAMS 0x0000000701400000, 0x0000000701200000| Untracked 
|  10|0x0000000701400000, 0x0000000701600000, 0x0000000701600000|100%| O|  |TAMS 0x0000000701600000, 0x0000000701400000| Untracked 
|  11|0x0000000701600000, 0x0000000701800000, 0x0000000701800000|100%| O|  |TAMS 0x0000000701800000, 0x0000000701600000| Untracked 
|  12|0x0000000701800000, 0x0000000701a00000, 0x0000000701a00000|100%| O|  |TAMS 0x0000000701a00000, 0x0000000701800000| Untracked 
|  13|0x0000000701a00000, 0x0000000701c00000, 0x0000000701c00000|100%| O|  |TAMS 0x0000000701c00000, 0x0000000701a00000| Untracked 
|  14|0x0000000701c00000, 0x0000000701c00000, 0x0000000701e00000|  0%| F|  |TAMS 0x0000000701c00000, 0x0000000701c00000| Untracked 
|  15|0x0000000701e00000, 0x0000000702000000, 0x0000000702000000|100%| O|  |TAMS 0x0000000702000000, 0x0000000701e00000| Untracked 
|  16|0x0000000702000000, 0x0000000702200000, 0x0000000702200000|100%| O|  |TAMS 0x0000000702200000, 0x0000000702000000| Untracked 
|  17|0x0000000702200000, 0x0000000702400000, 0x0000000702400000|100%| O|  |TAMS 0x0000000702400000, 0x0000000702200000| Untracked 
|  18|0x0000000702400000, 0x0000000702600000, 0x0000000702600000|100%| O|  |TAMS 0x0000000702600000, 0x0000000702400000| Untracked 
|  19|0x0000000702600000, 0x0000000702800000, 0x0000000702800000|100%| O|  |TAMS 0x0000000702800000, 0x0000000702600000| Untracked 
|  20|0x0000000702800000, 0x0000000702a00000, 0x0000000702a00000|100%|HS|  |TAMS 0x0000000702a00000, 0x0000000702800000| Complete 
|  21|0x0000000702a00000, 0x0000000702c00000, 0x0000000702c00000|100%|HS|  |TAMS 0x0000000702c00000, 0x0000000702a00000| Complete 
|  22|0x0000000702c00000, 0x0000000702e00000, 0x0000000702e00000|100%|HS|  |TAMS 0x0000000702e00000, 0x0000000702c00000| Complete 
|  23|0x0000000702e00000, 0x0000000703000000, 0x0000000703000000|100%|HC|  |TAMS 0x0000000703000000, 0x0000000702e00000| Complete 
|  24|0x0000000703000000, 0x0000000703200000, 0x0000000703200000|100%| O|  |TAMS 0x0000000703200000, 0x0000000703000000| Untracked 
|  25|0x0000000703200000, 0x0000000703400000, 0x0000000703400000|100%| O|  |TAMS 0x0000000703400000, 0x0000000703200000| Untracked 
|  26|0x0000000703400000, 0x0000000703600000, 0x0000000703600000|100%|HS|  |TAMS 0x0000000703600000, 0x0000000703400000| Complete 
|  27|0x0000000703600000, 0x0000000703800000, 0x0000000703800000|100%|HC|  |TAMS 0x0000000703800000, 0x0000000703600000| Complete 
|  28|0x0000000703800000, 0x0000000703a00000, 0x0000000703a00000|100%| O|  |TAMS 0x0000000703a00000, 0x0000000703800000| Untracked 
|  29|0x0000000703a00000, 0x0000000703c00000, 0x0000000703c00000|100%| O|  |TAMS 0x0000000703c00000, 0x0000000703a00000| Untracked 
|  30|0x0000000703c00000, 0x0000000703e00000, 0x0000000703e00000|100%| O|  |TAMS 0x0000000703e00000, 0x0000000703c00000| Untracked 
|  31|0x0000000703e00000, 0x0000000704000000, 0x0000000704000000|100%| O|  |TAMS 0x0000000704000000, 0x0000000703e00000| Untracked 
|  32|0x0000000704000000, 0x0000000704200000, 0x0000000704200000|100%| O|  |TAMS 0x0000000704200000, 0x0000000704000000| Untracked 
|  33|0x0000000704200000, 0x0000000704400000, 0x0000000704400000|100%| O|  |TAMS 0x0000000704400000, 0x0000000704200000| Untracked 
|  34|0x0000000704400000, 0x0000000704600000, 0x0000000704600000|100%| O|  |TAMS 0x0000000704600000, 0x0000000704400000| Untracked 
|  35|0x0000000704600000, 0x0000000704800000, 0x0000000704800000|100%| O|  |TAMS 0x0000000704800000, 0x0000000704600000| Untracked 
|  36|0x0000000704800000, 0x0000000704a00000, 0x0000000704a00000|100%| O|  |TAMS 0x00000007049dd800, 0x0000000704800000| Untracked 
|  37|0x0000000704a00000, 0x0000000704c00000, 0x0000000704c00000|100%|HS|  |TAMS 0x0000000704a00000, 0x0000000704a00000| Complete 
|  38|0x0000000704c00000, 0x0000000704e00000, 0x0000000704e00000|100%|HS|  |TAMS 0x0000000704c00000, 0x0000000704c00000| Complete 
|  39|0x0000000704e00000, 0x0000000705000000, 0x0000000705000000|100%| O|  |TAMS 0x0000000704e00000, 0x0000000704e00000| Untracked 
|  40|0x0000000705000000, 0x0000000705200000, 0x0000000705200000|100%| O|  |TAMS 0x0000000705000000, 0x0000000705000000| Untracked 
|  41|0x0000000705200000, 0x0000000705400000, 0x0000000705400000|100%| O|  |TAMS 0x0000000705200000, 0x0000000705200000| Untracked 
|  42|0x0000000705400000, 0x0000000705600000, 0x0000000705600000|100%| O|  |TAMS 0x0000000705400000, 0x0000000705400000| Untracked 
|  43|0x0000000705600000, 0x0000000705800000, 0x0000000705800000|100%| O|  |TAMS 0x0000000705600000, 0x0000000705600000| Untracked 
|  44|0x0000000705800000, 0x0000000705a00000, 0x0000000705a00000|100%| O|  |TAMS 0x0000000705800000, 0x0000000705800000| Untracked 
|  45|0x0000000705a00000, 0x0000000705c00000, 0x0000000705c00000|100%| O|  |TAMS 0x0000000705a00000, 0x0000000705a00000| Untracked 
|  46|0x0000000705c00000, 0x0000000705e00000, 0x0000000705e00000|100%| O|  |TAMS 0x0000000705c00000, 0x0000000705c00000| Untracked 
|  47|0x0000000705e00000, 0x0000000706000000, 0x0000000706000000|100%| O|  |TAMS 0x0000000705e00000, 0x0000000705e00000| Untracked 
|  48|0x0000000706000000, 0x0000000706200000, 0x0000000706200000|100%| O|  |TAMS 0x0000000706000000, 0x0000000706000000| Untracked 
|  49|0x0000000706200000, 0x0000000706400000, 0x0000000706400000|100%| O|  |TAMS 0x0000000706200000, 0x0000000706200000| Untracked 
|  50|0x0000000706400000, 0x0000000706600000, 0x0000000706600000|100%| O|  |TAMS 0x0000000706400000, 0x0000000706400000| Untracked 
|  51|0x0000000706600000, 0x0000000706637800, 0x0000000706800000| 10%| O|  |TAMS 0x0000000706600000, 0x0000000706600000| Untracked 
|  52|0x0000000706800000, 0x0000000706800000, 0x0000000706a00000|  0%| F|  |TAMS 0x0000000706800000, 0x0000000706800000| Untracked 
|  53|0x0000000706a00000, 0x0000000706a00000, 0x0000000706c00000|  0%| F|  |TAMS 0x0000000706a00000, 0x0000000706a00000| Untracked 
|  54|0x0000000706c00000, 0x0000000706c00000, 0x0000000706e00000|  0%| F|  |TAMS 0x0000000706c00000, 0x0000000706c00000| Untracked 
|  55|0x0000000706e00000, 0x0000000706e00000, 0x0000000707000000|  0%| F|  |TAMS 0x0000000706e00000, 0x0000000706e00000| Untracked 
|  56|0x0000000707000000, 0x0000000707000000, 0x0000000707200000|  0%| F|  |TAMS 0x0000000707000000, 0x0000000707000000| Untracked 
|  57|0x0000000707200000, 0x0000000707200000, 0x0000000707400000|  0%| F|  |TAMS 0x0000000707200000, 0x0000000707200000| Untracked 
|  58|0x0000000707400000, 0x0000000707400000, 0x0000000707600000|  0%| F|  |TAMS 0x0000000707400000, 0x0000000707400000| Untracked 
|  59|0x0000000707600000, 0x0000000707600000, 0x0000000707800000|  0%| F|  |TAMS 0x0000000707600000, 0x0000000707600000| Untracked 
|  60|0x0000000707800000, 0x0000000707800000, 0x0000000707a00000|  0%| F|  |TAMS 0x0000000707800000, 0x0000000707800000| Untracked 
|  61|0x0000000707a00000, 0x0000000707a00000, 0x0000000707c00000|  0%| F|  |TAMS 0x0000000707a00000, 0x0000000707a00000| Untracked 
|  62|0x0000000707c00000, 0x0000000707c00000, 0x0000000707e00000|  0%| F|  |TAMS 0x0000000707c00000, 0x0000000707c00000| Untracked 
|  63|0x0000000707e00000, 0x0000000707e00000, 0x0000000708000000|  0%| F|  |TAMS 0x0000000707e00000, 0x0000000707e00000| Untracked 
|  64|0x0000000708000000, 0x0000000708000000, 0x0000000708200000|  0%| F|  |TAMS 0x0000000708000000, 0x0000000708000000| Untracked 
|  65|0x0000000708200000, 0x0000000708200000, 0x0000000708400000|  0%| F|  |TAMS 0x0000000708200000, 0x0000000708200000| Untracked 
|  66|0x0000000708400000, 0x0000000708400000, 0x0000000708600000|  0%| F|  |TAMS 0x0000000708400000, 0x0000000708400000| Untracked 
|  67|0x0000000708600000, 0x0000000708600000, 0x0000000708800000|  0%| F|  |TAMS 0x0000000708600000, 0x0000000708600000| Untracked 
|  68|0x0000000708800000, 0x0000000708800000, 0x0000000708a00000|  0%| F|  |TAMS 0x0000000708800000, 0x0000000708800000| Untracked 
|  69|0x0000000708a00000, 0x0000000708a00000, 0x0000000708c00000|  0%| F|  |TAMS 0x0000000708a00000, 0x0000000708a00000| Untracked 
|  70|0x0000000708c00000, 0x0000000708c00000, 0x0000000708e00000|  0%| F|  |TAMS 0x0000000708c00000, 0x0000000708c00000| Untracked 
|  71|0x0000000708e00000, 0x0000000708e00000, 0x0000000709000000|  0%| F|  |TAMS 0x0000000708e00000, 0x0000000708e00000| Untracked 
|  72|0x0000000709000000, 0x0000000709000000, 0x0000000709200000|  0%| F|  |TAMS 0x0000000709000000, 0x0000000709000000| Untracked 
|  73|0x0000000709200000, 0x0000000709200000, 0x0000000709400000|  0%| F|  |TAMS 0x0000000709200000, 0x0000000709200000| Untracked 
|  74|0x0000000709400000, 0x0000000709400000, 0x0000000709600000|  0%| F|  |TAMS 0x0000000709400000, 0x0000000709400000| Untracked 
|  75|0x0000000709600000, 0x0000000709600000, 0x0000000709800000|  0%| F|  |TAMS 0x0000000709600000, 0x0000000709600000| Untracked 
|  76|0x0000000709800000, 0x0000000709800000, 0x0000000709a00000|  0%| F|  |TAMS 0x0000000709800000, 0x0000000709800000| Untracked 
|  77|0x0000000709a00000, 0x0000000709a00000, 0x0000000709c00000|  0%| F|  |TAMS 0x0000000709a00000, 0x0000000709a00000| Untracked 
|  78|0x0000000709c00000, 0x0000000709c00000, 0x0000000709e00000|  0%| F|  |TAMS 0x0000000709c00000, 0x0000000709c00000| Untracked 
|  79|0x0000000709e00000, 0x0000000709e00000, 0x000000070a000000|  0%| F|  |TAMS 0x0000000709e00000, 0x0000000709e00000| Untracked 
|  80|0x000000070a000000, 0x000000070a000000, 0x000000070a200000|  0%| F|  |TAMS 0x000000070a000000, 0x000000070a000000| Untracked 
|  81|0x000000070a200000, 0x000000070a200000, 0x000000070a400000|  0%| F|  |TAMS 0x000000070a200000, 0x000000070a200000| Untracked 
|  82|0x000000070a400000, 0x000000070a400000, 0x000000070a600000|  0%| F|  |TAMS 0x000000070a400000, 0x000000070a400000| Untracked 
|  83|0x000000070a600000, 0x000000070a600000, 0x000000070a800000|  0%| F|  |TAMS 0x000000070a600000, 0x000000070a600000| Untracked 
|  84|0x000000070a800000, 0x000000070a800000, 0x000000070aa00000|  0%| F|  |TAMS 0x000000070a800000, 0x000000070a800000| Untracked 
|  85|0x000000070aa00000, 0x000000070aa00000, 0x000000070ac00000|  0%| F|  |TAMS 0x000000070aa00000, 0x000000070aa00000| Untracked 
|  86|0x000000070ac00000, 0x000000070ac00000, 0x000000070ae00000|  0%| F|  |TAMS 0x000000070ac00000, 0x000000070ac00000| Untracked 
|  87|0x000000070ae00000, 0x000000070ae00000, 0x000000070b000000|  0%| F|  |TAMS 0x000000070ae00000, 0x000000070ae00000| Untracked 
|  88|0x000000070b000000, 0x000000070b000000, 0x000000070b200000|  0%| F|  |TAMS 0x000000070b000000, 0x000000070b000000| Untracked 
|  89|0x000000070b200000, 0x000000070b400000, 0x000000070b400000|100%| E|  |TAMS 0x000000070b200000, 0x000000070b200000| Complete 
|  90|0x000000070b400000, 0x000000070b600000, 0x000000070b600000|100%| E|CS|TAMS 0x000000070b400000, 0x000000070b400000| Complete 
|  91|0x000000070b600000, 0x000000070b800000, 0x000000070b800000|100%| E|CS|TAMS 0x000000070b600000, 0x000000070b600000| Complete 
|  92|0x000000070b800000, 0x000000070ba00000, 0x000000070ba00000|100%| E|CS|TAMS 0x000000070b800000, 0x000000070b800000| Complete 
|  93|0x000000070ba00000, 0x000000070bc00000, 0x000000070bc00000|100%| E|CS|TAMS 0x000000070ba00000, 0x000000070ba00000| Complete 
|  94|0x000000070bc00000, 0x000000070be00000, 0x000000070be00000|100%| E|CS|TAMS 0x000000070bc00000, 0x000000070bc00000| Complete 
|  95|0x000000070be00000, 0x000000070c000000, 0x000000070c000000|100%| E|CS|TAMS 0x000000070be00000, 0x000000070be00000| Complete 
|  96|0x000000070c000000, 0x000000070c200000, 0x000000070c200000|100%| E|CS|TAMS 0x000000070c000000, 0x000000070c000000| Complete 
|  97|0x000000070c200000, 0x000000070c400000, 0x000000070c400000|100%| E|CS|TAMS 0x000000070c200000, 0x000000070c200000| Complete 
|  98|0x000000070c400000, 0x000000070c600000, 0x000000070c600000|100%| E|CS|TAMS 0x000000070c400000, 0x000000070c400000| Complete 
|  99|0x000000070c600000, 0x000000070c800000, 0x000000070c800000|100%| E|CS|TAMS 0x000000070c600000, 0x000000070c600000| Complete 
| 100|0x000000070c800000, 0x000000070ca00000, 0x000000070ca00000|100%| E|CS|TAMS 0x000000070c800000, 0x000000070c800000| Complete 
| 101|0x000000070ca00000, 0x000000070cc00000, 0x000000070cc00000|100%| E|CS|TAMS 0x000000070ca00000, 0x000000070ca00000| Complete 
| 102|0x000000070cc00000, 0x000000070ce00000, 0x000000070ce00000|100%| E|CS|TAMS 0x000000070cc00000, 0x000000070cc00000| Complete 
| 103|0x000000070ce00000, 0x000000070d000000, 0x000000070d000000|100%| E|CS|TAMS 0x000000070ce00000, 0x000000070ce00000| Complete 
| 104|0x000000070d000000, 0x000000070d200000, 0x000000070d200000|100%| E|CS|TAMS 0x000000070d000000, 0x000000070d000000| Complete 
| 105|0x000000070d200000, 0x000000070d400000, 0x000000070d400000|100%| E|CS|TAMS 0x000000070d200000, 0x000000070d200000| Complete 
| 106|0x000000070d400000, 0x000000070d600000, 0x000000070d600000|100%| E|CS|TAMS 0x000000070d400000, 0x000000070d400000| Complete 
| 107|0x000000070d600000, 0x000000070d800000, 0x000000070d800000|100%| E|CS|TAMS 0x000000070d600000, 0x000000070d600000| Complete 
| 108|0x000000070d800000, 0x000000070da00000, 0x000000070da00000|100%| E|CS|TAMS 0x000000070d800000, 0x000000070d800000| Complete 
| 109|0x000000070da00000, 0x000000070dc00000, 0x000000070dc00000|100%| E|CS|TAMS 0x000000070da00000, 0x000000070da00000| Complete 
| 110|0x000000070dc00000, 0x000000070de00000, 0x000000070de00000|100%| E|CS|TAMS 0x000000070dc00000, 0x000000070dc00000| Complete 
| 111|0x000000070de00000, 0x000000070e000000, 0x000000070e000000|100%| E|CS|TAMS 0x000000070de00000, 0x000000070de00000| Complete 
| 112|0x000000070e000000, 0x000000070e200000, 0x000000070e200000|100%| E|CS|TAMS 0x000000070e000000, 0x000000070e000000| Complete 
| 113|0x000000070e200000, 0x000000070e400000, 0x000000070e400000|100%| E|CS|TAMS 0x000000070e200000, 0x000000070e200000| Complete 
| 114|0x000000070e400000, 0x000000070e600000, 0x000000070e600000|100%| E|CS|TAMS 0x000000070e400000, 0x000000070e400000| Complete 
| 115|0x000000070e600000, 0x000000070e800000, 0x000000070e800000|100%| E|CS|TAMS 0x000000070e600000, 0x000000070e600000| Complete 
| 116|0x000000070e800000, 0x000000070ea00000, 0x000000070ea00000|100%| E|CS|TAMS 0x000000070e800000, 0x000000070e800000| Complete 
| 117|0x000000070ea00000, 0x000000070ec00000, 0x000000070ec00000|100%| E|CS|TAMS 0x000000070ea00000, 0x000000070ea00000| Complete 
| 118|0x000000070ec00000, 0x000000070ee00000, 0x000000070ee00000|100%| E|CS|TAMS 0x000000070ec00000, 0x000000070ec00000| Complete 
| 119|0x000000070ee00000, 0x000000070f000000, 0x000000070f000000|100%| E|CS|TAMS 0x000000070ee00000, 0x000000070ee00000| Complete 
| 120|0x000000070f000000, 0x000000070f0ed540, 0x000000070f200000| 46%| S|CS|TAMS 0x000000070f000000, 0x000000070f000000| Complete 
| 121|0x000000070f200000, 0x000000070f400000, 0x000000070f400000|100%| E|CS|TAMS 0x000000070f200000, 0x000000070f200000| Complete 

Card table byte_map: [0x0000020b7f7d0000,0x0000020b7ffd0000] _byte_map_base: 0x0000020b7bfd0000

Marking Bits (Prev, Next): (CMBitMap*) 0x0000020b65f9e3e0, (CMBitMap*) 0x0000020b65f9e3a0
 Prev Bits: [0x0000020b04800000, 0x0000020b08800000)
 Next Bits: [0x0000020b00800000, 0x0000020b04800000)

Polling page: 0x0000020b66290000

Metaspace:

Usage:
  Non-class:     67.59 MB used.
      Class:     10.91 MB used.
       Both:     78.50 MB used.

Virtual space:
  Non-class space:      128.00 MB reserved,      68.06 MB ( 53%) committed,  2 nodes.
      Class space:        1.00 GB reserved,      11.31 MB (  1%) committed,  1 nodes.
             Both:        1.12 GB reserved,      79.38 MB (  7%) committed. 

Chunk freelists:
   Non-Class:  11.91 MB
       Class:  4.61 MB
        Both:  16.52 MB

MaxMetaspaceSize: 2.00 GB
CompressedClassSpaceSize: 1.00 GB
Initial GC threshold: 21.00 MB
Current GC threshold: 114.69 MB
CDS: on
MetaspaceReclaimPolicy: balanced
 - commit_granule_bytes: 65536.
 - commit_granule_words: 8192.
 - virtual_space_node_default_size: 8388608.
 - enlarge_chunks_in_place: 1.
 - new_chunks_are_fully_committed: 0.
 - uncommit_free_chunks: 1.
 - use_allocation_guard: 0.
 - handle_deallocations: 1.


Internal statistics:

num_allocs_failed_limit: 6.
num_arena_births: 1060.
num_arena_deaths: 0.
num_vsnodes_births: 3.
num_vsnodes_deaths: 0.
num_space_committed: 1270.
num_space_uncommitted: 0.
num_chunks_returned_to_freelist: 6.
num_chunks_taken_from_freelist: 4538.
num_chunk_merges: 6.
num_chunk_splits: 2919.
num_chunks_enlarged: 1887.
num_inconsistent_stats: 0.

CodeHeap 'non-profiled nmethods': size=120000Kb used=4472Kb max_used=4690Kb free=115528Kb
 bounds [0x0000020b77040000, 0x0000020b774e0000, 0x0000020b7e570000]
CodeHeap 'profiled nmethods': size=120000Kb used=16620Kb max_used=18188Kb free=103379Kb
 bounds [0x0000020b6f570000, 0x0000020b70740000, 0x0000020b76aa0000]
CodeHeap 'non-nmethods': size=5760Kb used=2410Kb max_used=2443Kb free=3349Kb
 bounds [0x0000020b76aa0000, 0x0000020b76d10000, 0x0000020b77040000]
 total_blobs=10136 nmethods=9205 adapters=843
 compilation: enabled
              stopped_count=0, restarted_count=0
 full_count=0

Compilation events (20 events):
Event: 29.178 Thread 0x0000020b55a39370 11051       4       java.lang.Class$Atomic::casAnnotationData (13 bytes)
Event: 29.179 Thread 0x0000020b55a39370 nmethod 11051 0x0000020b772d9e10 code [0x0000020b772d9f80, 0x0000020b772da0b8]
Event: 29.179 Thread 0x0000020b55a39370 11099       4       org.gradle.internal.instantiation.generator.AbstractClassGenerator$ClassGenerationHandler::hasFields (1 bytes)
Event: 29.179 Thread 0x0000020b55a39370 nmethod 11099 0x0000020b772d9b10 code [0x0000020b772d9c80, 0x0000020b772d9cf8]
Event: 29.179 Thread 0x0000020b55a39370 10850       4       java.lang.Character::isWhitespace (5 bytes)
Event: 29.180 Thread 0x0000020b55a39370 nmethod 10850 0x0000020b772d9790 code [0x0000020b772d9920, 0x0000020b772d9a18]
Event: 29.180 Thread 0x0000020b55a39370 11175       4       org.objectweb.asm.Type::getType (122 bytes)
Event: 29.182 Thread 0x0000020b0b35b6f0 nmethod 11174% 0x0000020b6f7bfb10 code [0x0000020b6f7c0420, 0x0000020b6f7c4618]
Event: 29.182 Thread 0x0000020b0b35b6f0 11173       3       org.gradle.internal.instantiation.generator.AsmBackedClassGenerator$ClassBuilderImpl$$Lambda$165/0x0000020b0d1d30a8::<init> (44 bytes)
Event: 29.182 Thread 0x0000020b0b35b6f0 nmethod 11173 0x0000020b70164690 code [0x0000020b70164840, 0x0000020b70164c18]
Event: 29.182 Thread 0x0000020b0b35b6f0 11170       3       org.gradle.internal.instantiation.generator.AsmBackedClassGenerator$ClassBuilderImpl::lambda$mixInGroovyObject$11 (11 bytes)
Event: 29.182 Thread 0x0000020b0b35b6f0 nmethod 11170 0x0000020b7034ce10 code [0x0000020b7034cfc0, 0x0000020b7034d168]
Event: 29.182 Thread 0x0000020b0b35b6f0 11171       3       org.gradle.internal.instantiation.generator.AsmBackedClassGenerator$ClassBuilderImpl$$Lambda$158/0x0000020b0d1d4bc0::emit (9 bytes)
Event: 29.182 Thread 0x0000020b0b35b6f0 nmethod 11171 0x0000020b700c1010 code [0x0000020b700c11c0, 0x0000020b700c13c8]
Event: 29.186 Thread 0x0000020b0b35b6f0 11176       3       com.google.common.collect.LinkedHashMultimap::<init> (44 bytes)
Event: 29.187 Thread 0x0000020b0b35b6f0 nmethod 11176 0x0000020b6f58dd10 code [0x0000020b6f58dfa0, 0x0000020b6f58ea88]
Event: 29.187 Thread 0x0000020b0b35b6f0 11177       3       com.google.common.collect.LinkedHashMultimapGwtSerializationDependencies::<init> (6 bytes)
Event: 29.187 Thread 0x0000020b0b35b6f0 nmethod 11177 0x0000020b6f921310 code [0x0000020b6f921500, 0x0000020b6f921a18]
Event: 29.187 Thread 0x0000020b0b35b6f0 11178       3       com.google.common.collect.LinkedHashMultimap$ValueEntry::newHeader (12 bytes)
Event: 29.187 Thread 0x0000020b0b35b6f0 nmethod 11178 0x0000020b70020d10 code [0x0000020b70020ec0, 0x0000020b70021198]

GC Heap History (20 events):
Event: 21.373 GC heap before
{Heap before GC invocations=29 (full 0):
 garbage-first heap   total 112640K, used 83296K [0x0000000700000000, 0x0000000800000000)
  region size 2048K, 13 young (26624K), 2 survivors (4096K)
 Metaspace       used 63184K, committed 63808K, reserved 1114112K
  class space    used 8957K, committed 9280K, reserved 1048576K
}
Event: 21.379 GC heap after
{Heap after GC invocations=30 (full 0):
 garbage-first heap   total 112640K, used 64007K [0x0000000700000000, 0x0000000800000000)
  region size 2048K, 2 young (4096K), 2 survivors (4096K)
 Metaspace       used 63184K, committed 63808K, reserved 1114112K
  class space    used 8957K, committed 9280K, reserved 1048576K
}
Event: 21.701 GC heap before
{Heap before GC invocations=30 (full 0):
 garbage-first heap   total 112640K, used 90631K [0x0000000700000000, 0x0000000800000000)
  region size 2048K, 15 young (30720K), 2 survivors (4096K)
 Metaspace       used 64593K, committed 65216K, reserved 1114112K
  class space    used 9153K, committed 9472K, reserved 1048576K
}
Event: 21.707 GC heap after
{Heap after GC invocations=31 (full 0):
 garbage-first heap   total 112640K, used 66030K [0x0000000700000000, 0x0000000800000000)
  region size 2048K, 1 young (2048K), 1 survivors (2048K)
 Metaspace       used 64593K, committed 65216K, reserved 1114112K
  class space    used 9153K, committed 9472K, reserved 1048576K
}
Event: 22.093 GC heap before
{Heap before GC invocations=32 (full 0):
 garbage-first heap   total 122880K, used 90606K [0x0000000700000000, 0x0000000800000000)
  region size 2048K, 13 young (26624K), 1 survivors (2048K)
 Metaspace       used 66491K, committed 67200K, reserved 1114112K
  class space    used 9435K, committed 9792K, reserved 1048576K
}
Event: 22.098 GC heap after
{Heap after GC invocations=33 (full 0):
 garbage-first heap   total 147456K, used 67627K [0x0000000700000000, 0x0000000800000000)
  region size 2048K, 2 young (4096K), 2 survivors (4096K)
 Metaspace       used 66491K, committed 67200K, reserved 1114112K
  class space    used 9435K, committed 9792K, reserved 1048576K
}
Event: 23.077 GC heap before
{Heap before GC invocations=33 (full 0):
 garbage-first heap   total 147456K, used 112683K [0x0000000700000000, 0x0000000800000000)
  region size 2048K, 25 young (51200K), 2 survivors (4096K)
 Metaspace       used 69074K, committed 69824K, reserved 1114112K
  class space    used 9886K, committed 10240K, reserved 1048576K
}
Event: 23.089 GC heap after
{Heap after GC invocations=34 (full 0):
 garbage-first heap   total 147456K, used 73397K [0x0000000700000000, 0x0000000800000000)
  region size 2048K, 4 young (8192K), 4 survivors (8192K)
 Metaspace       used 69074K, committed 69824K, reserved 1114112K
  class space    used 9886K, committed 10240K, reserved 1048576K
}
Event: 23.738 GC heap before
{Heap before GC invocations=34 (full 0):
 garbage-first heap   total 147456K, used 114357K [0x0000000700000000, 0x0000000800000000)
  region size 2048K, 25 young (51200K), 4 survivors (8192K)
 Metaspace       used 69593K, committed 70272K, reserved 1114112K
  class space    used 9906K, committed 10240K, reserved 1048576K
}
Event: 23.750 GC heap after
{Heap after GC invocations=35 (full 0):
 garbage-first heap   total 147456K, used 77614K [0x0000000700000000, 0x0000000800000000)
  region size 2048K, 3 young (6144K), 3 survivors (6144K)
 Metaspace       used 69593K, committed 70272K, reserved 1114112K
  class space    used 9906K, committed 10240K, reserved 1048576K
}
Event: 23.937 GC heap before
{Heap before GC invocations=35 (full 0):
 garbage-first heap   total 147456K, used 114478K [0x0000000700000000, 0x0000000800000000)
  region size 2048K, 21 young (43008K), 3 survivors (6144K)
 Metaspace       used 69695K, committed 70400K, reserved 1114112K
  class space    used 9908K, committed 10240K, reserved 1048576K
}
Event: 23.945 GC heap after
{Heap after GC invocations=36 (full 0):
 garbage-first heap   total 147456K, used 79236K [0x0000000700000000, 0x0000000800000000)
  region size 2048K, 2 young (4096K), 2 survivors (4096K)
 Metaspace       used 69695K, committed 70400K, reserved 1114112K
  class space    used 9908K, committed 10240K, reserved 1048576K
}
Event: 24.142 GC heap before
{Heap before GC invocations=37 (full 0):
 garbage-first heap   total 167936K, used 118148K [0x0000000700000000, 0x0000000800000000)
  region size 2048K, 21 young (43008K), 2 survivors (4096K)
 Metaspace       used 69736K, committed 70464K, reserved 1114112K
  class space    used 9909K, committed 10240K, reserved 1048576K
}
Event: 24.147 GC heap after
{Heap after GC invocations=38 (full 0):
 garbage-first heap   total 167936K, used 79913K [0x0000000700000000, 0x0000000800000000)
  region size 2048K, 3 young (6144K), 3 survivors (6144K)
 Metaspace       used 69736K, committed 70464K, reserved 1114112K
  class space    used 9909K, committed 10240K, reserved 1048576K
}
Event: 24.338 GC heap before
{Heap before GC invocations=38 (full 0):
 garbage-first heap   total 167936K, used 129065K [0x0000000700000000, 0x0000000800000000)
  region size 2048K, 28 young (57344K), 3 survivors (6144K)
 Metaspace       used 69739K, committed 70464K, reserved 1114112K
  class space    used 9909K, committed 10240K, reserved 1048576K
}
Event: 24.345 GC heap after
{Heap after GC invocations=39 (full 0):
 garbage-first heap   total 249856K, used 81161K [0x0000000700000000, 0x0000000800000000)
  region size 2048K, 3 young (6144K), 3 survivors (6144K)
 Metaspace       used 69739K, committed 70464K, reserved 1114112K
  class space    used 9909K, committed 10240K, reserved 1048576K
}
Event: 26.009 GC heap before
{Heap before GC invocations=40 (full 0):
 garbage-first heap   total 249856K, used 197897K [0x0000000700000000, 0x0000000800000000)
  region size 2048K, 59 young (120832K), 3 survivors (6144K)
 Metaspace       used 75646K, committed 76416K, reserved 1179648K
  class space    used 10585K, committed 10944K, reserved 1048576K
}
Event: 26.021 GC heap after
{Heap after GC invocations=41 (full 0):
 garbage-first heap   total 249856K, used 102651K [0x0000000700000000, 0x0000000800000000)
  region size 2048K, 8 young (16384K), 8 survivors (16384K)
 Metaspace       used 75646K, committed 76416K, reserved 1179648K
  class space    used 10585K, committed 10944K, reserved 1048576K
}
Event: 26.050 GC heap before
{Heap before GC invocations=41 (full 0):
 garbage-first heap   total 249856K, used 104699K [0x0000000700000000, 0x0000000800000000)
  region size 2048K, 9 young (18432K), 8 survivors (16384K)
 Metaspace       used 75822K, committed 76544K, reserved 1179648K
  class space    used 10607K, committed 10944K, reserved 1048576K
}
Event: 26.063 GC heap after
{Heap after GC invocations=42 (full 0):
 garbage-first heap   total 249856K, used 103571K [0x0000000700000000, 0x0000000800000000)
  region size 2048K, 1 young (2048K), 1 survivors (2048K)
 Metaspace       used 75822K, committed 76544K, reserved 1179648K
  class space    used 10607K, committed 10944K, reserved 1048576K
}

Dll operation events (15 events):
Event: 0.012 Loaded shared library C:\Program Files\Eclipse Adoptium\jdk-17.0.19.10-hotspot\bin\java.dll
Event: 0.039 Loaded shared library C:\Program Files\Eclipse Adoptium\jdk-17.0.19.10-hotspot\bin\jsvml.dll
Event: 0.105 Loaded shared library C:\Program Files\Eclipse Adoptium\jdk-17.0.19.10-hotspot\bin\zip.dll
Event: 0.110 Loaded shared library C:\Program Files\Eclipse Adoptium\jdk-17.0.19.10-hotspot\bin\instrument.dll
Event: 0.117 Loaded shared library C:\Program Files\Eclipse Adoptium\jdk-17.0.19.10-hotspot\bin\net.dll
Event: 0.120 Loaded shared library C:\Program Files\Eclipse Adoptium\jdk-17.0.19.10-hotspot\bin\nio.dll
Event: 0.123 Loaded shared library C:\Program Files\Eclipse Adoptium\jdk-17.0.19.10-hotspot\bin\zip.dll
Event: 0.485 Loaded shared library C:\Program Files\Eclipse Adoptium\jdk-17.0.19.10-hotspot\bin\jimage.dll
Event: 0.690 Loaded shared library C:\Program Files\Eclipse Adoptium\jdk-17.0.19.10-hotspot\bin\verify.dll
Event: 0.812 Loaded shared library C:\Users\ranim\.gradle\native\1def1411415f61bf3af743bc5b6707747c0891f09f0c88961ee8f79bc544acac\windows-amd64\native-platform.dll
Event: 0.827 Loaded shared library C:\Users\ranim\.gradle\native\0.2.7\x86_64-windows-gnu\gradle-fileevents.dll
Event: 3.052 Loaded shared library C:\Program Files\Eclipse Adoptium\jdk-17.0.19.10-hotspot\bin\management.dll
Event: 3.060 Loaded shared library C:\Program Files\Eclipse Adoptium\jdk-17.0.19.10-hotspot\bin\management_ext.dll
Event: 3.563 Loaded shared library C:\Program Files\Eclipse Adoptium\jdk-17.0.19.10-hotspot\bin\extnet.dll
Event: 3.920 Loaded shared library C:\Program Files\Eclipse Adoptium\jdk-17.0.19.10-hotspot\bin\sunmscapi.dll

Deoptimization events (20 events):
Event: 26.346 Thread 0x0000020b0b457840 DEOPT PACKING pc=0x0000020b6f5951fa sp=0x000000e4d95ef9b0
Event: 26.346 Thread 0x0000020b0b457840 DEOPT UNPACKING pc=0x0000020b76aface3 sp=0x000000e4d95eee08 mode 0
Event: 26.346 Thread 0x0000020b0b457840 DEOPT PACKING pc=0x0000020b6f5951fa sp=0x000000e4d95ef9b0
Event: 26.346 Thread 0x0000020b0b457840 DEOPT UNPACKING pc=0x0000020b76aface3 sp=0x000000e4d95eee08 mode 0
Event: 26.346 Thread 0x0000020b0b457840 DEOPT PACKING pc=0x0000020b6f5951fa sp=0x000000e4d95ef960
Event: 26.346 Thread 0x0000020b0b457840 DEOPT UNPACKING pc=0x0000020b76aface3 sp=0x000000e4d95eedb8 mode 0
Event: 26.346 Thread 0x0000020b0b457840 DEOPT PACKING pc=0x0000020b6f5951fa sp=0x000000e4d95ef9b0
Event: 26.346 Thread 0x0000020b0b457840 DEOPT UNPACKING pc=0x0000020b76aface3 sp=0x000000e4d95eee08 mode 0
Event: 26.550 Thread 0x0000020b0b457840 Uncommon trap: trap_request=0xffffff45 fr.pc=0x0000020b77392278 relative=0x0000000000000718
Event: 26.550 Thread 0x0000020b0b457840 Uncommon trap: reason=unstable_if action=reinterpret pc=0x0000020b77392278 method=java.lang.CharacterDataLatin1.isUpperCase(I)Z @ 7 c2
Event: 26.550 Thread 0x0000020b0b457840 DEOPT PACKING pc=0x0000020b77392278 sp=0x000000e4d95f2ea0
Event: 26.550 Thread 0x0000020b0b457840 DEOPT UNPACKING pc=0x0000020b76afa1a3 sp=0x000000e4d95f2d58 mode 2
Event: 26.550 Thread 0x0000020b0b457840 Uncommon trap: trap_request=0xffffff45 fr.pc=0x0000020b7738b3a0 relative=0x0000000000000080
Event: 26.550 Thread 0x0000020b0b457840 Uncommon trap: reason=unstable_if action=reinterpret pc=0x0000020b7738b3a0 method=java.lang.CharacterDataLatin1.isUpperCase(I)Z @ 7 c2
Event: 26.550 Thread 0x0000020b0b457840 DEOPT PACKING pc=0x0000020b7738b3a0 sp=0x000000e4d95f2e30
Event: 26.550 Thread 0x0000020b0b457840 DEOPT UNPACKING pc=0x0000020b76afa1a3 sp=0x000000e4d95f2db0 mode 2
Event: 26.936 Thread 0x0000020b0b457840 Uncommon trap: trap_request=0xffffff45 fr.pc=0x0000020b774c9c34 relative=0x00000000000016f4
Event: 26.936 Thread 0x0000020b0b457840 Uncommon trap: reason=unstable_if action=reinterpret pc=0x0000020b774c9c34 method=org.objectweb.asm.Type.appendDescriptor(Ljava/lang/Class;Ljava/lang/StringBuilder;)V @ 48 c2
Event: 26.936 Thread 0x0000020b0b457840 DEOPT PACKING pc=0x0000020b774c9c34 sp=0x000000e4d95f3350
Event: 26.936 Thread 0x0000020b0b457840 DEOPT UNPACKING pc=0x0000020b76afa1a3 sp=0x000000e4d95f3338 mode 2

Classes loaded (20 events):
Event: 26.247 Loading class java/util/Base64
Event: 26.247 Loading class java/util/Base64 done
Event: 26.247 Loading class java/util/Base64$Decoder
Event: 26.247 Loading class java/util/Base64$Decoder done
Event: 26.247 Loading class java/util/Base64$Encoder
Event: 26.248 Loading class java/util/Base64$Encoder done
Event: 26.249 Loading class java/util/jar/JarVerifier$VerifierStream
Event: 26.250 Loading class java/util/jar/JarVerifier$VerifierStream done
Event: 26.250 Loading class sun/security/util/ManifestEntryVerifier$SunProviderHolder
Event: 26.250 Loading class sun/security/util/ManifestEntryVerifier$SunProviderHolder done
Event: 26.287 Loading class sun/security/util/MemoryCache$QueueCacheEntry
Event: 26.287 Loading class sun/security/util/MemoryCache$QueueCacheEntry done
Event: 26.357 Loading class java/security/KeyStore$ProtectionParameter
Event: 26.357 Loading class java/security/KeyStore$ProtectionParameter done
Event: 26.462 Loading class sun/misc/Unsafe
Event: 26.462 Loading class sun/misc/Unsafe done
Event: 27.016 Loading class java/security/KeyStore
Event: 27.017 Loading class java/security/KeyStore done
Event: 27.017 Loading class java/security/KeyStore$1
Event: 27.017 Loading class java/security/KeyStore$1 done

Classes unloaded (0 events):
No events

Classes redefined (0 events):
No events

Internal exceptions (20 events):
Event: 22.435 Thread 0x0000020b51075c00 Exception <a 'java/lang/NoSuchMethodError'{0x0000000708060528}: static Ljava/lang/Object;.<clinit>()V> (0x0000000708060528) 
thrown [s\src\hotspot\share\prims\jni.cpp, line 1112]
Event: 22.439 Thread 0x0000020b51075c00 Exception <a 'java/lang/NoSuchMethodError'{0x00000007080ae778}: static Lorg/jetbrains/kotlin/gradle/plugin/statistics/MetricContainer;.<clinit>()V> (0x00000007080ae778) 
thrown [s\src\hotspot\share\prims\jni.cpp, line 1112]
Event: 22.524 Thread 0x0000020b51078990 Exception <a 'java/lang/NoSuchMethodError'{0x0000000707ee3b60}: 'int java.lang.invoke.DirectMethodHandle$Holder.invokeSpecial(java.lang.Object, java.lang.Object, java.lang.Object, java.lang.Object, java.lang.Object)'> (0x0000000707ee3b60) 
thrown [s\src\hotspot\share\interpreter\linkResolver.cpp, line 759]
Event: 22.583 Thread 0x0000020b51078990 Exception <a 'java/lang/IncompatibleClassChangeError'{0x0000000707a7fb30}: Found class java.lang.Object, but interface was expected> (0x0000000707a7fb30) 
thrown [s\src\hotspot\share\interpreter\linkResolver.cpp, line 826]
Event: 22.796 Thread 0x0000020b51078990 Exception <a 'java/lang/NoSuchMethodError'{0x000000070731b748}: static Ljava/lang/Object;.<clinit>()V> (0x000000070731b748) 
thrown [s\src\hotspot\share\prims\jni.cpp, line 1112]
Event: 22.916 Thread 0x0000020b51078990 Exception <a 'java/lang/NoSuchMethodError'{0x00000007067335d0}: 'int java.lang.invoke.DirectMethodHandle$Holder.invokeStaticInit(java.lang.Object, java.lang.Object, java.lang.Object, java.lang.Object, java.lang.Object)'> (0x00000007067335d0) 
thrown [s\src\hotspot\share\interpreter\linkResolver.cpp, line 759]
Event: 22.956 Thread 0x0000020b51078990 Exception <a 'sun/nio/fs/WindowsException'{0x00000007064f3f98}> (0x00000007064f3f98) 
thrown [s\src\hotspot\share\prims\jni.cpp, line 516]
Event: 22.956 Thread 0x0000020b51078990 Exception <a 'sun/nio/fs/WindowsException'{0x00000007064f6418}> (0x00000007064f6418) 
thrown [s\src\hotspot\share\prims\jni.cpp, line 516]
Event: 22.957 Thread 0x0000020b51078990 Exception <a 'sun/nio/fs/WindowsException'{0x00000007064f8568}> (0x00000007064f8568) 
thrown [s\src\hotspot\share\prims\jni.cpp, line 516]
Event: 22.957 Thread 0x0000020b51078990 Exception <a 'sun/nio/fs/WindowsException'{0x00000007064fa450}> (0x00000007064fa450) 
thrown [s\src\hotspot\share\prims\jni.cpp, line 516]
Event: 22.962 Thread 0x0000020b51078990 Exception <a 'sun/nio/fs/WindowsException'{0x000000070653f948}> (0x000000070653f948) 
thrown [s\src\hotspot\share\prims\jni.cpp, line 516]
Event: 22.963 Thread 0x0000020b51078990 Exception <a 'sun/nio/fs/WindowsException'{0x0000000706541a50}> (0x0000000706541a50) 
thrown [s\src\hotspot\share\prims\jni.cpp, line 516]
Event: 22.963 Thread 0x0000020b51078990 Exception <a 'sun/nio/fs/WindowsException'{0x00000007065438c0}> (0x00000007065438c0) 
thrown [s\src\hotspot\share\prims\jni.cpp, line 516]
Event: 24.180 Thread 0x0000020b51086b70 Implicit null exception at 0x0000020b7745e65c to 0x0000020b7745e6ec
Event: 24.678 Thread 0x0000020b0b457840 Exception <a 'java/lang/NoSuchMethodError'{0x000000070d857908}: 'java.lang.Object java.lang.invoke.Invokers$Holder.invokeExact_MT(java.lang.Object, java.lang.Object, java.lang.Object, int, java.lang.Object, java.lang.Object)'> (0x000000070d857908) 
thrown [s\src\hotspot\share\interpreter\linkResolver.cpp, line 759]
Event: 25.088 Thread 0x0000020b0b457840 Exception <a 'java/lang/ClassNotFoundException'{0x000000070be05398}: org/gradle/api/internal/plugins/DefaultObjectConfigurationActionBeanInfo> (0x000000070be05398) 
thrown [s\src\hotspot\share\classfile\systemDictionary.cpp, line 256]
Event: 25.089 Thread 0x0000020b0b457840 Exception <a 'java/lang/ClassNotFoundException'{0x000000070be1eac0}: org/gradle/api/internal/plugins/DefaultObjectConfigurationActionCustomizer> (0x000000070be1eac0) 
thrown [s\src\hotspot\share\classfile\systemDictionary.cpp, line 256]
Event: 25.428 Thread 0x0000020b0b457840 Exception <a 'java/lang/NoSuchMethodError'{0x000000070a6ef6d8}: 'java.lang.Object java.lang.invoke.DirectMethodHandle$Holder.invokeSpecial(java.lang.Object, java.lang.Object, long, java.lang.Object, java.lang.Object, java.lang.Object, java.lang.Object, java.lang.Object, java.lang.Object, java.lang.Object, java.lang.Object, java.lang.Object)'> (0x000000070a6ef6d8) 
thrown [s\src\hotspot\share\interpreter\linkResolver.cpp, line 759]
Event: 25.429 Thread 0x0000020b0b457840 Exception <a 'java/lang/NoSuchMethodError'{0x000000070a6f5668}: 'java.lang.Object java.lang.invoke.DelegatingMethodHandle$Holder.reinvoke_L(java.lang.Object, long, java.lang.Object, java.lang.Object, java.lang.Object, java.lang.Object, java.lang.Object, java.lang.Object, java.lang.Object, java.lang.Object, java.lang.Object)'> (0x000000070a6f5668) 
thrown [s\src\hotspot\share\interpreter\linkResolver.cpp, line 759]
Event: 26.169 Thread 0x0000020b0b457840 Implicit null exception at 0x0000020b77221a2c to 0x0000020b77221b4e

VM Operations (20 events):
Event: 25.859 Executing VM operation: HandshakeAllThreads done
Event: 25.910 Executing VM operation: HandshakeAllThreads
Event: 25.910 Executing VM operation: HandshakeAllThreads done
Event: 25.938 Executing VM operation: HandshakeAllThreads
Event: 25.938 Executing VM operation: HandshakeAllThreads done
Event: 26.009 Executing VM operation: G1CollectForAllocation
Event: 26.021 Executing VM operation: G1CollectForAllocation done
Event: 26.050 Executing VM operation: G1CollectForAllocation
Event: 26.063 Executing VM operation: G1CollectForAllocation done
Event: 26.102 Executing VM operation: HandshakeAllThreads
Event: 26.103 Executing VM operation: HandshakeAllThreads done
Event: 26.181 Executing VM operation: HandshakeAllThreads
Event: 26.181 Executing VM operation: HandshakeAllThreads done
Event: 26.183 Executing VM operation: HandshakeAllThreads
Event: 26.183 Executing VM operation: HandshakeAllThreads done
Event: 27.191 Executing VM operation: Cleanup
Event: 28.107 Executing VM operation: Cleanup done
Event: 29.120 Executing VM operation: Cleanup
Event: 29.150 Executing VM operation: Cleanup done
Event: 30.164 Executing VM operation: Cleanup

Memory protections (0 events):
No events

Nmethod flushes (20 events):
Event: 25.955 Thread 0x0000020b0b35f520 flushing  nmethod 0x0000020b702f7f90
Event: 25.955 Thread 0x0000020b0b35f520 flushing  nmethod 0x0000020b702f9a90
Event: 25.955 Thread 0x0000020b0b35f520 flushing  nmethod 0x0000020b702fa290
Event: 25.955 Thread 0x0000020b0b35f520 flushing  nmethod 0x0000020b702fa910
Event: 25.955 Thread 0x0000020b0b35f520 flushing  nmethod 0x0000020b702fac90
Event: 25.955 Thread 0x0000020b0b35f520 flushing  nmethod 0x0000020b7034ce10
Event: 25.955 Thread 0x0000020b0b35f520 flushing  nmethod 0x0000020b703c9c90
Event: 25.956 Thread 0x0000020b0b35f520 flushing  nmethod 0x0000020b70411890
Event: 25.956 Thread 0x0000020b0b35f520 flushing  nmethod 0x0000020b704ddf90
Event: 25.956 Thread 0x0000020b0b35f520 flushing  nmethod 0x0000020b704df110
Event: 25.957 Thread 0x0000020b0b35f520 flushing  nmethod 0x0000020b70504990
Event: 25.957 Thread 0x0000020b0b35f520 flushing  nmethod 0x0000020b70528f90
Event: 25.957 Thread 0x0000020b0b35f520 flushing  nmethod 0x0000020b70541d90
Event: 25.957 Thread 0x0000020b0b35f520 flushing  nmethod 0x0000020b70574f90
Event: 25.958 Thread 0x0000020b0b35f520 flushing osr nmethod 0x0000020b705e5a10
Event: 25.958 Thread 0x0000020b0b35f520 flushing  nmethod 0x0000020b70613d90
Event: 25.958 Thread 0x0000020b0b35f520 flushing  nmethod 0x0000020b7067da10
Event: 25.958 Thread 0x0000020b0b35f520 flushing  nmethod 0x0000020b70683a10
Event: 25.958 Thread 0x0000020b0b35f520 flushing  nmethod 0x0000020b70683d90
Event: 25.958 Thread 0x0000020b0b35f520 flushing  nmethod 0x0000020b70688d90

Events (20 events):
Event: 23.495 Thread 0x0000020b0b457840 Thread added: 0x0000020b510833c0
Event: 23.495 Thread 0x0000020b0b457840 Thread added: 0x0000020b510838d0
Event: 23.495 Thread 0x0000020b0b457840 Thread added: 0x0000020b51082eb0
Event: 23.496 Thread 0x0000020b0b457840 Thread added: 0x0000020b51083de0
Event: 23.496 Thread 0x0000020b0b457840 Thread added: 0x0000020b510842f0
Event: 23.555 Thread 0x0000020b0b457840 Thread added: 0x0000020b51084800
Event: 23.556 Thread 0x0000020b0b457840 Thread added: 0x0000020b51081a70
Event: 23.558 Thread 0x0000020b0b457840 Thread added: 0x0000020b51084d10
Event: 23.559 Thread 0x0000020b0b457840 Thread added: 0x0000020b51081560
Event: 23.560 Thread 0x0000020b0b457840 Thread added: 0x0000020b51085220
Event: 23.562 Thread 0x0000020b0b457840 Thread added: 0x0000020b51085730
Event: 23.563 Thread 0x0000020b0b457840 Thread added: 0x0000020b51081f80
Event: 23.844 Thread 0x0000020b0b457840 Thread added: 0x0000020b51085c40
Event: 23.844 Thread 0x0000020b0b457840 Thread added: 0x0000020b51082490
Event: 23.845 Thread 0x0000020b0b457840 Thread added: 0x0000020b510884c0
Event: 23.845 Thread 0x0000020b0b457840 Thread added: 0x0000020b51086150
Event: 23.846 Thread 0x0000020b0b457840 Thread added: 0x0000020b51086660
Event: 23.846 Thread 0x0000020b0b457840 Thread added: 0x0000020b51086b70
Event: 23.847 Thread 0x0000020b0b457840 Thread added: 0x0000020b51087590
Event: 29.150 Thread 0x0000020b0b35b6f0 Thread added: 0x0000020b55a39370


Dynamic libraries:
0x00007ff6c0580000 - 0x00007ff6c058e000 	C:\Program Files\Eclipse Adoptium\jdk-17.0.19.10-hotspot\bin\java.exe
0x00007ffdd9bc0000 - 0x00007ffdd9e26000 	C:\WINDOWS\SYSTEM32\ntdll.dll
0x00007ffdd8950000 - 0x00007ffdd8a19000 	C:\WINDOWS\System32\KERNEL32.DLL
0x00007ffdd6dd0000 - 0x00007ffdd71cf000 	C:\WINDOWS\System32\KERNELBASE.dll
0x00007ffdd74f0000 - 0x00007ffdd763c000 	C:\WINDOWS\System32\ucrtbase.dll
0x00007ffdc23d0000 - 0x00007ffdc23ee000 	C:\Program Files\Eclipse Adoptium\jdk-17.0.19.10-hotspot\bin\VCRUNTIME140.dll
0x00007ffdbf6e0000 - 0x00007ffdbf6f8000 	C:\Program Files\Eclipse Adoptium\jdk-17.0.19.10-hotspot\bin\jli.dll
0x00007ffdd8780000 - 0x00007ffdd8946000 	C:\WINDOWS\System32\USER32.dll
0x00007ffdb6e80000 - 0x00007ffdb7111000 	C:\WINDOWS\WinSxS\amd64_microsoft.windows.common-controls_6595b64144ccf1df_6.0.26100.8972_none_3e0da176e32f9d4b\COMCTL32.dll
0x00007ffdd78c0000 - 0x00007ffdd78e7000 	C:\WINDOWS\System32\win32u.dll
0x00007ffdd9610000 - 0x00007ffdd963b000 	C:\WINDOWS\System32\GDI32.dll
0x00007ffdd8680000 - 0x00007ffdd8729000 	C:\WINDOWS\System32\msvcrt.dll
0x00007ffdd7650000 - 0x00007ffdd7779000 	C:\WINDOWS\System32\gdi32full.dll
0x00007ffdd7810000 - 0x00007ffdd78b3000 	C:\WINDOWS\System32\msvcp_win.dll
0x00007ffdd9b40000 - 0x00007ffdd9b72000 	C:\WINDOWS\System32\IMM32.DLL
0x00007ffdc36c0000 - 0x00007ffdc36cc000 	C:\Program Files\Eclipse Adoptium\jdk-17.0.19.10-hotspot\bin\vcruntime140_1.dll
0x00007ffd9a020000 - 0x00007ffd9a0ad000 	C:\Program Files\Eclipse Adoptium\jdk-17.0.19.10-hotspot\bin\msvcp140.dll
0x00007ffd6e1f0000 - 0x00007ffd6ee5c000 	C:\Program Files\Eclipse Adoptium\jdk-17.0.19.10-hotspot\bin\server\jvm.dll
0x00007ffdd7c00000 - 0x00007ffdd7cbc000 	C:\WINDOWS\System32\ADVAPI32.dll
0x00007ffdd7cd0000 - 0x00007ffdd7d7a000 	C:\WINDOWS\System32\sechost.dll
0x00007ffdd8c20000 - 0x00007ffdd8d38000 	C:\WINDOWS\System32\RPCRT4.dll
0x00007ffdd8d40000 - 0x00007ffdd8dc2000 	C:\WINDOWS\System32\WS2_32.dll
0x00007ffdcc120000 - 0x00007ffdcc156000 	C:\WINDOWS\SYSTEM32\WINMM.dll
0x00007ffdd6c30000 - 0x00007ffdd6c8e000 	C:\WINDOWS\SYSTEM32\POWRPROF.dll
0x00007ffdcc060000 - 0x00007ffdcc06b000 	C:\WINDOWS\SYSTEM32\VERSION.dll
0x00007ffdd6c10000 - 0x00007ffdd6c25000 	C:\WINDOWS\SYSTEM32\UMPDC.dll
0x00007ffdd5a80000 - 0x00007ffdd5a9b000 	C:\WINDOWS\SYSTEM32\kernel.appcore.dll
0x00007ffdc2db0000 - 0x00007ffdc2dba000 	C:\Program Files\Eclipse Adoptium\jdk-17.0.19.10-hotspot\bin\jimage.dll
0x00007ffdd4260000 - 0x00007ffdd44a2000 	C:\WINDOWS\SYSTEM32\DBGHELP.DLL
0x00007ffdd97a0000 - 0x00007ffdd9b25000 	C:\WINDOWS\System32\combase.dll
0x00007ffdd8f20000 - 0x00007ffdd8ff9000 	C:\WINDOWS\System32\OLEAUT32.dll
0x00007ffdb4690000 - 0x00007ffdb46cb000 	C:\WINDOWS\SYSTEM32\dbgcore.DLL
0x00007ffdd7430000 - 0x00007ffdd74dc000 	C:\WINDOWS\System32\bcryptPrimitives.dll
0x00007ffdbce00000 - 0x00007ffdbce0e000 	C:\Program Files\Eclipse Adoptium\jdk-17.0.19.10-hotspot\bin\instrument.dll
0x00007ffdba830000 - 0x00007ffdba855000 	C:\Program Files\Eclipse Adoptium\jdk-17.0.19.10-hotspot\bin\java.dll
0x00007ffd8c6d0000 - 0x00007ffd8c7a7000 	C:\Program Files\Eclipse Adoptium\jdk-17.0.19.10-hotspot\bin\jsvml.dll
0x00007ffdd7ef0000 - 0x00007ffdd8678000 	C:\WINDOWS\System32\SHELL32.dll
0x00007ffdd4840000 - 0x00007ffdd50db000 	C:\WINDOWS\SYSTEM32\windows.storage.dll
0x00007ffdd9500000 - 0x00007ffdd95f9000 	C:\WINDOWS\System32\SHCORE.dll
0x00007ffdd9490000 - 0x00007ffdd94f6000 	C:\WINDOWS\System32\shlwapi.dll
0x00007ffdd6cf0000 - 0x00007ffdd6d19000 	C:\WINDOWS\SYSTEM32\profapi.dll
0x00007ffdbee50000 - 0x00007ffdbee68000 	C:\Program Files\Eclipse Adoptium\jdk-17.0.19.10-hotspot\bin\zip.dll
0x00007ffdbf4e0000 - 0x00007ffdbf4fa000 	C:\Program Files\Eclipse Adoptium\jdk-17.0.19.10-hotspot\bin\net.dll
0x00007ffdceb00000 - 0x00007ffdcec28000 	C:\WINDOWS\SYSTEM32\WINHTTP.dll
0x00007ffdd6010000 - 0x00007ffdd607c000 	C:\WINDOWS\system32\mswsock.dll
0x00007ffdbf370000 - 0x00007ffdbf386000 	C:\Program Files\Eclipse Adoptium\jdk-17.0.19.10-hotspot\bin\nio.dll
0x00007ffdc2c10000 - 0x00007ffdc2c20000 	C:\Program Files\Eclipse Adoptium\jdk-17.0.19.10-hotspot\bin\verify.dll
0x00007ffdb6450000 - 0x00007ffdb6477000 	C:\Users\ranim\.gradle\native\1def1411415f61bf3af743bc5b6707747c0891f09f0c88961ee8f79bc544acac\windows-amd64\native-platform.dll
0x00007ffd9bf10000 - 0x00007ffd9bf88000 	C:\Users\ranim\.gradle\native\0.2.7\x86_64-windows-gnu\gradle-fileevents.dll
0x00007ffdc2220000 - 0x00007ffdc222a000 	C:\Program Files\Eclipse Adoptium\jdk-17.0.19.10-hotspot\bin\management.dll
0x00007ffdbf790000 - 0x00007ffdbf79c000 	C:\Program Files\Eclipse Adoptium\jdk-17.0.19.10-hotspot\bin\management_ext.dll
0x00007ffdd7bf0000 - 0x00007ffdd7bf8000 	C:\WINDOWS\System32\PSAPI.DLL
0x00007ffdd5430000 - 0x00007ffdd5463000 	C:\WINDOWS\SYSTEM32\IPHLPAPI.DLL
0x00007ffdd9b30000 - 0x00007ffdd9b3a000 	C:\WINDOWS\System32\NSI.dll
0x00007ffdcfa10000 - 0x00007ffdcfa2d000 	C:\WINDOWS\SYSTEM32\dhcpcsvc6.DLL
0x00007ffdcf9e0000 - 0x00007ffdcfa05000 	C:\WINDOWS\SYSTEM32\dhcpcsvc.DLL
0x00007ffdd54c0000 - 0x00007ffdd5618000 	C:\WINDOWS\SYSTEM32\DNSAPI.dll
0x00007ffdd5e10000 - 0x00007ffdd5e1d000 	C:\WINDOWS\SYSTEM32\DSPARSE.dll
0x00007ffdbd040000 - 0x00007ffdbd049000 	C:\Program Files\Eclipse Adoptium\jdk-17.0.19.10-hotspot\bin\extnet.dll
0x00007ffdd6430000 - 0x00007ffdd644b000 	C:\WINDOWS\SYSTEM32\CRYPTSP.dll
0x00007ffdd59e0000 - 0x00007ffdd5a19000 	C:\WINDOWS\system32\rsaenh.dll
0x00007ffdd60c0000 - 0x00007ffdd60f2000 	C:\WINDOWS\SYSTEM32\USERENV.dll
0x00007ffdd6cc0000 - 0x00007ffdd6cea000 	C:\WINDOWS\SYSTEM32\bcrypt.dll
0x00007ffdd6400000 - 0x00007ffdd640c000 	C:\WINDOWS\SYSTEM32\CRYPTBASE.dll
0x00007ffdbb0f0000 - 0x00007ffdbb0fe000 	C:\Program Files\Eclipse Adoptium\jdk-17.0.19.10-hotspot\bin\sunmscapi.dll
0x00007ffdd72a0000 - 0x00007ffdd741e000 	C:\WINDOWS\System32\CRYPT32.dll
0x00007ffdd65a0000 - 0x00007ffdd65d0000 	C:\WINDOWS\SYSTEM32\ncrypt.dll
0x00007ffdd6550000 - 0x00007ffdd658f000 	C:\WINDOWS\SYSTEM32\NTASN1.dll
0x00007ffda0db0000 - 0x00007ffda0db8000 	C:\WINDOWS\system32\wshunix.dll
0x00007ffd52130000 - 0x00007ffd52148000 	C:\WINDOWS\system32\napinsp.dll
0x00007ffd52110000 - 0x00007ffd52123000 	C:\WINDOWS\System32\winrnr.dll
0x00007ffd520e0000 - 0x00007ffd52102000 	C:\WINDOWS\system32\nlansp_c.dll
0x00007ffdc5e60000 - 0x00007ffdc5e76000 	C:\WINDOWS\system32\wshbth.dll
0x00007ffdcc070000 - 0x00007ffdcc07b000 	C:\Windows\System32\rasadhlp.dll
0x00007ffdcfbb0000 - 0x00007ffdcfc36000 	C:\WINDOWS\System32\fwpuclnt.dll

dbghelp: loaded successfully - version: 4.0.5 - missing functions: none
symbol engine: initialized successfully - sym options: 0x614 - pdb path: .;C:\Program Files\Eclipse Adoptium\jdk-17.0.19.10-hotspot\bin;C:\WINDOWS\SYSTEM32;C:\WINDOWS\WinSxS\amd64_microsoft.windows.common-controls_6595b64144ccf1df_6.0.26100.8972_none_3e0da176e32f9d4b;C:\Program Files\Eclipse Adoptium\jdk-17.0.19.10-hotspot\bin\server;C:\Users\ranim\.gradle\native\1def1411415f61bf3af743bc5b6707747c0891f09f0c88961ee8f79bc544acac\windows-amd64;C:\Users\ranim\.gradle\native\0.2.7\x86_64-windows-gnu

VM Arguments:
jvm_args: --add-opens=java.base/java.lang=ALL-UNNAMED --add-opens=java.base/java.lang.invoke=ALL-UNNAMED --add-opens=java.base/java.util=ALL-UNNAMED --add-opens=java.prefs/java.util.prefs=ALL-UNNAMED --add-exports=jdk.compiler/com.sun.tools.javac.api=ALL-UNNAMED --add-exports=jdk.compiler/com.sun.tools.javac.util=ALL-UNNAMED --add-opens=java.base/java.util=ALL-UNNAMED --add-opens=java.prefs/java.util.prefs=ALL-UNNAMED --add-opens=java.base/java.nio.charset=ALL-UNNAMED --add-opens=java.base/java.net=ALL-UNNAMED --add-opens=java.base/java.util.concurrent.atomic=ALL-UNNAMED --add-opens=java.xml/javax.xml.namespace=ALL-UNNAMED -XX:MaxMetaspaceSize=2g -Xmx4g -Dfile.encoding=UTF-8 -Duser.country=FR -Duser.language=fr -Duser.variant -javaagent:C:\Users\ranim\.gradle\wrapper\dists\gradle-8.14-all\c2qonpi39x1mddn7hk5gh9iqj\gradle-8.14\lib\agents\gradle-instrumentation-agent-8.14.jar 
java_command: org.gradle.launcher.daemon.bootstrap.GradleDaemon 8.14
java_class_path (initial): C:\Users\ranim\.gradle\wrapper\dists\gradle-8.14-all\c2qonpi39x1mddn7hk5gh9iqj\gradle-8.14\lib\gradle-daemon-main-8.14.jar
Launcher Type: SUN_STANDARD

[Global flags]
     intx CICompilerCount                          = 4                                         {product} {ergonomic}
     uint ConcGCThreads                            = 2                                         {product} {ergonomic}
     uint G1ConcRefinementThreads                  = 8                                         {product} {ergonomic}
   size_t G1HeapRegionSize                         = 2097152                                   {product} {ergonomic}
    uintx GCDrainStackTargetSize                   = 64                                        {product} {ergonomic}
   size_t InitialHeapSize                          = 197132288                                 {product} {ergonomic}
   size_t MarkStackSize                            = 4194304                                   {product} {ergonomic}
   size_t MaxHeapSize                              = 4294967296                                {product} {command line}
   size_t MaxMetaspaceSize                         = 2147483648                                {product} {command line}
   size_t MaxNewSize                               = 2575302656                                {product} {ergonomic}
   size_t MinHeapDeltaBytes                        = 2097152                                   {product} {ergonomic}
   size_t MinHeapSize                              = 8388608                                   {product} {ergonomic}
    uintx NonNMethodCodeHeapSize                   = 5839372                                {pd product} {ergonomic}
    uintx NonProfiledCodeHeapSize                  = 122909434                              {pd product} {ergonomic}
    uintx ProfiledCodeHeapSize                     = 122909434                              {pd product} {ergonomic}
    uintx ReservedCodeCacheSize                    = 251658240                              {pd product} {ergonomic}
     bool SegmentedCodeCache                       = true                                      {product} {ergonomic}
   size_t SoftMaxHeapSize                          = 4294967296                             {manageable} {ergonomic}
     bool UseCompressedClassPointers               = true                           {product lp64_product} {ergonomic}
     bool UseCompressedOops                        = true                           {product lp64_product} {ergonomic}
     bool UseG1GC                                  = true                                      {product} {ergonomic}
     bool UseLargePagesIndividualAllocation        = false                                  {pd product} {ergonomic}

Logging:
Log output configuration:
 #0: stdout all=warning uptime,level,tags
 #1: stderr all=off uptime,level,tags

Environment Variables:
JAVA_HOME=C:\Program Files\Eclipse Adoptium\jdk-17.0.19.10-hotspot
PATH=C:\Program Files\Eclipse Adoptium\jdk-17.0.19.10-hotspot\bin;C:\Program Files\Eclipse Adoptium\jdk-25.0.2.10-hotspot\bin;C:\Program Files\NVIDIA GPU Computing Toolkit\CUDA\v12.8\bin;C:\Program Files\NVIDIA GPU Computing Toolkit\CUDA\v12.8\libnvvp;C:\Users\ranim\Downloads\WINDOWS.X64_193000_db_home\bin;C:\app\ranim\product\21c\dbhomeXE\bin;C:\app\ranim\product\21c\dbhomeXE\cfgtoollogs\oui\dbhomeXE\bin;C:\WINDOWS\system32;C:\WINDOWS;C:\WINDOWS\System32\Wbem;C:\WINDOWS\System32\WindowsPowerShell\v1.0\;C:\WINDOWS\System32\OpenSSH\;C:\Program Files\NVIDIA Corporation\NVIDIA NvDLISR;C:\Program Files (x86)\NVIDIA Corporation\PhysX\Common;C:\ProgramData\chocolatey\bin;C:\Users\ranim\AppData\Local\Programs\Python\Python312\Scripts;C:\MinGW\bin;C:\Program Files\NVIDIA Corporation\NVIDIA app\NvDLISR;C:\Program Files\Git\cmd;C:\Program Files\nodejs\;C:\Program Files\dotnet\;C:\Program Files\Docker\Docker\resources\bin;C:\Windows\system32;C:\Users\ranim\.local\bin;C:\Users\ranim\AppData\Local\Microsoft\WindowsApps;C:\Users\ranim\AppData\Local\Programs\Microsoft VS Code\bin;C:\Users\ranim\AppData\Local\Muse Hub\lib;C:\flutter\src\bin;C:\Users\ranim\AppData\Roaming\npm;C:\Program Files\Tesseract-OCR;C:\flutter\bin;C:\Program Files\Eclipse Adoptium\jdk-17.0.19.10-hotspot\bin;C:\Users\ranim\AppData\Local\Android\Sdk\bin;C:\Users\ranim\AppData\Local\Python\bin;C:\Users\ranim\AppData\Local\Programs\mongosh\;C:\Users\ranim\AppData\Local\Programs\MiKTeX\miktex\bin\x64\
USERNAME=ranim
OS=Windows_NT
PROCESSOR_IDENTIFIER=Intel64 Family 6 Model 140 Stepping 1, GenuineIntel
TMP=C:\Users\ranim\AppData\Local\Temp
TEMP=C:\Users\ranim\AppData\Local\Temp



Periodic native trim disabled


---------------  S Y S T E M  ---------------

OS:
 Windows 11 , 64 bit Build 26100 (10.0.26100.9168)
OS uptime: 7 days 0:58 hours
Hyper-V role detected

CPU: total 8 (initial active 8) (4 cores per cpu, 2 threads per core) family 6 model 140 stepping 1 microcode 0xbe, cx8, cmov, fxsr, ht, mmx, 3dnowpref, sse, sse2, sse3, ssse3, sse4.1, sse4.2, popcnt, lzcnt, tsc, tscinvbit, avx, avx2, aes, erms, clmul, bmi1, bmi2, adx, avx512f, avx512dq, avx512cd, avx512bw, avx512vl, sha, fma, vzeroupper, avx512_vpopcntdq, avx512_vpclmulqdq, avx512_vaes, avx512_vnni, clflush, clflushopt, clwb, avx512_vbmi2, avx512_vbmi, hv
Processor Information for all 8 processors :
  Max Mhz: 2419, Current Mhz: 2419, Mhz Limit: 2419

Memory: 4k page, system-wide physical 12022M (470M free)
TotalPageFile size 20218M (AvailPageFile size 149M)
current process WorkingSet (physical memory assigned to process): 484M, peak: 484M
current process commit charge ("private bytes"): 523M, peak: 525M

vm_info: OpenJDK 64-Bit Server VM (17.0.19+10) for windows-amd64 JRE (17.0.19+10), built on Apr 25 2026 08:04:44 by "admin" with MS VC++ 17.12 (VS2022)

END.
