#
# There is insufficient memory for the Java Runtime Environment to continue.
# Native memory allocation (malloc) failed to allocate 849744 bytes. Error detail: Chunk::new
# Possible reasons:
#   The system is out of physical RAM or swap space
#   This process is running with CompressedOops enabled, and the Java Heap may be blocking the growth of the native heap
# Possible solutions:
#   Reduce memory load on the system
#   Increase physical memory or swap space
#   Check if swap backing store is full
#   Decrease Java heap size (-Xmx/-Xms)
#   Decrease number of Java threads
#   Decrease Java thread stack sizes (-Xss)
#   Set larger code cache with -XX:ReservedCodeCacheSize=
#   JVM is running with Unscaled Compressed Oops mode in which the Java heap is
#     placed in the first 4GB address space. The Java Heap base address is the
#     maximum limit for the native heap growth. Please use -XX:HeapBaseMinAddress
#     to set the Java Heap base and to place the Java Heap above 4GB virtual address.
# This output file may be truncated or incomplete.
#
#  Out of Memory Error (arena.cpp:168), pid=14404, tid=19640
#
# JRE version: OpenJDK Runtime Environment Temurin-21.0.11+10 (21.0.11+10) (build 21.0.11+10-LTS)
# Java VM: OpenJDK 64-Bit Server VM Temurin-21.0.11+10 (21.0.11+10-LTS, mixed mode, sharing, tiered, compressed oops, compressed class ptrs, parallel gc, windows-amd64)
# No core dump will be written. Minidumps are not enabled by default on client versions of Windows
#

---------------  S U M M A R Y ------------

Command Line: --add-modules=ALL-SYSTEM --add-opens=java.base/java.util=ALL-UNNAMED --add-opens=java.base/java.lang=ALL-UNNAMED --add-opens=java.base/sun.nio.fs=ALL-UNNAMED -Declipse.application=org.eclipse.jdt.ls.core.id1 -Dosgi.bundles.defaultStartLevel=4 -Declipse.product=org.eclipse.jdt.ls.core.product -Djava.import.generatesMetadataFilesAtProjectRoot=false -DDetectVMInstallationsJob.disabled=true -Dfile.encoding=utf8 -XX:+UseParallelGC -XX:GCTimeRatio=4 -XX:AdaptiveSizePolicyWeight=90 -Dsun.zip.disableMemoryMapping=true -Xmx2G -Xms100m -Xlog:disable -javaagent:c:\Users\ranim\.vscode\extensions\redhat.java-1.55.0-win32-x64\lombok\lombok-1.18.39-4050.jar c:\Users\ranim\.vscode\extensions\redhat.java-1.55.0-win32-x64\server\plugins\org.eclipse.equinox.launcher_1.7.200.v20260619-2039.jar -configuration c:\Users\ranim\AppData\Roaming\Code\User\globalStorage\redhat.java\1.55.0\config_ss_win -data c:\Users\ranim\AppData\Roaming\Code\User\workspaceStorage\a1fee5f42c8201b5ff6b0d36b1f497cc\redhat.java\ss_ws --pipe=\\.\pipe\lsp-b75853f78420dd439922f449c92e3f65-sock

Host: 11th Gen Intel(R) Core(TM) i5-1135G7 @ 2.40GHz, 8 cores, 11G,  Windows 11 , 64 bit Build 26100 (10.0.26100.8972)
Time: Mon Aug 10 10:36:59 2026 Afr. centrale Ouest elapsed time: 19.945859 seconds (0d 0h 0m 19s)

---------------  T H R E A D  ---------------

Current thread (0x000002bc701e0ef0):  JavaThread "C2 CompilerThread0" daemon [_thread_in_native, id=19640, stack(0x000000ce6e900000,0x000000ce6ea00000) (1024K)]


Current CompileTask:
C2:19946 3254       4       org.eclipse.core.internal.watson.ElementTreeIterator::requestPath (100 bytes)

Stack: [0x000000ce6e900000,0x000000ce6ea00000]
Native frames: (J=compiled Java code, j=interpreted, Vv=VM code, C=native code)
V  [jvm.dll+0x6d7e19]
V  [jvm.dll+0x8b5096]
V  [jvm.dll+0x8b764e]
V  [jvm.dll+0x8b7d33]
V  [jvm.dll+0x284596]
V  [jvm.dll+0xc685d]
V  [jvm.dll+0xc6da1]
V  [jvm.dll+0x3bed6b]
V  [jvm.dll+0x38b2b2]
V  [jvm.dll+0x38a6fa]
V  [jvm.dll+0x24c700]
V  [jvm.dll+0x24bce0]
V  [jvm.dll+0x1cb4ae]
V  [jvm.dll+0x25baad]
V  [jvm.dll+0x25a03a]
V  [jvm.dll+0x3f868e]
V  [jvm.dll+0x85fb0d]
V  [jvm.dll+0x6d664d]
C  [ucrtbase.dll+0x2cd30]
C  [KERNEL32.DLL+0x2ccb7]
C  [ntdll.dll+0xaad6c]


---------------  P R O C E S S  ---------------

Threads class SMR info:
_java_thread_list=0x000002bc76ecfdb0, length=29, elements={
0x000002bc185afe30, 0x000002bc1866bab0, 0x000002bc1866def0, 0x000002bc701c6ad0,
0x000002bc701c9540, 0x000002bc701c9fa0, 0x000002bc701cded0, 0x000002bc701e0ef0,
0x000002bc701fb490, 0x000002bc71b6e680, 0x000002bc71c8d260, 0x000002bc765f1cf0,
0x000002bc7638f8d0, 0x000002bc76390340, 0x000002bc71a25980, 0x000002bc7687e8e0,
0x000002bc77577eb0, 0x000002bc773dca50, 0x000002bc7736b330, 0x000002bc7736cd70,
0x000002bc7736c050, 0x000002bc7736a610, 0x000002bc7736b9c0, 0x000002bc7736c6e0,
0x000002bc77369f80, 0x000002bc773698f0, 0x000002bc7736aca0, 0x000002bc782bcce0,
0x000002bc782bc650
}

Java Threads: ( => current thread )
  0x000002bc185afe30 JavaThread "main"                              [_thread_in_vm, id=17976, stack(0x000000ce6df00000,0x000000ce6e000000) (1024K)]
  0x000002bc1866bab0 JavaThread "Reference Handler"          daemon [_thread_blocked, id=15676, stack(0x000000ce6e300000,0x000000ce6e400000) (1024K)]
  0x000002bc1866def0 JavaThread "Finalizer"                  daemon [_thread_blocked, id=20012, stack(0x000000ce6e400000,0x000000ce6e500000) (1024K)]
  0x000002bc701c6ad0 JavaThread "Signal Dispatcher"          daemon [_thread_blocked, id=18500, stack(0x000000ce6e500000,0x000000ce6e600000) (1024K)]
  0x000002bc701c9540 JavaThread "Attach Listener"            daemon [_thread_blocked, id=19644, stack(0x000000ce6e600000,0x000000ce6e700000) (1024K)]
  0x000002bc701c9fa0 JavaThread "Service Thread"             daemon [_thread_blocked, id=15340, stack(0x000000ce6e700000,0x000000ce6e800000) (1024K)]
  0x000002bc701cded0 JavaThread "Monitor Deflation Thread"   daemon [_thread_blocked, id=20100, stack(0x000000ce6e800000,0x000000ce6e900000) (1024K)]
=>0x000002bc701e0ef0 JavaThread "C2 CompilerThread0"         daemon [_thread_in_native, id=19640, stack(0x000000ce6e900000,0x000000ce6ea00000) (1024K)]
  0x000002bc701fb490 JavaThread "C1 CompilerThread0"         daemon [_thread_in_native, id=19464, stack(0x000000ce6ea00000,0x000000ce6eb00000) (1024K)]
  0x000002bc71b6e680 JavaThread "Common-Cleaner"             daemon [_thread_blocked, id=4628, stack(0x000000ce6eb00000,0x000000ce6ec00000) (1024K)]
  0x000002bc71c8d260 JavaThread "Notification Thread"        daemon [_thread_blocked, id=4340, stack(0x000000ce6ec00000,0x000000ce6ed00000) (1024K)]
  0x000002bc765f1cf0 JavaThread "Active Thread: Equinox Container: b97c520a-baad-4cd2-bdd5-e8f7460eab10"        [_thread_blocked, id=14604, stack(0x000000ce6f300000,0x000000ce6f400000) (1024K)]
  0x000002bc7638f8d0 JavaThread "Framework Event Dispatcher: Equinox Container: b97c520a-baad-4cd2-bdd5-e8f7460eab10" daemon [_thread_blocked, id=18976, stack(0x000000ce6f400000,0x000000ce6f500000) (1024K)]
  0x000002bc76390340 JavaThread "Start Level: Equinox Container: b97c520a-baad-4cd2-bdd5-e8f7460eab10" daemon [_thread_blocked, id=20460, stack(0x000000ce6f500000,0x000000ce6f600000) (1024K)]
  0x000002bc71a25980 JavaThread "SCR Component Actor"        daemon [_thread_blocked, id=8544, stack(0x000000ce6f700000,0x000000ce6f800000) (1024K)]
  0x000002bc7687e8e0 JavaThread "Worker-JM"                         [_thread_blocked, id=20884, stack(0x000000ce6fa00000,0x000000ce6fb00000) (1024K)]
  0x000002bc77577eb0 JavaThread "JNA Cleaner"                daemon [_thread_blocked, id=18548, stack(0x000000ce6f800000,0x000000ce6f900000) (1024K)]
  0x000002bc773dca50 JavaThread "Worker-0: Initialize After Load"        [_thread_in_Java, id=13016, stack(0x000000ce6f900000,0x000000ce6fa00000) (1024K)]
  0x000002bc7736b330 JavaThread "Worker-1"                          [_thread_blocked, id=18576, stack(0x000000ce6fb00000,0x000000ce6fc00000) (1024K)]
  0x000002bc7736cd70 JavaThread "Thread-1"                   daemon [_thread_in_native, id=19648, stack(0x000000ce70000000,0x000000ce70100000) (1024K)]
  0x000002bc7736c050 JavaThread "Thread-2"                   daemon [_thread_in_native, id=18184, stack(0x000000ce70100000,0x000000ce70200000) (1024K)]
  0x000002bc7736a610 JavaThread "Thread-3"                   daemon [_thread_in_native, id=8664, stack(0x000000ce70200000,0x000000ce70300000) (1024K)]
  0x000002bc7736b9c0 JavaThread "Thread-4"                   daemon [_thread_in_native, id=12956, stack(0x000000ce70300000,0x000000ce70400000) (1024K)]
  0x000002bc7736c6e0 JavaThread "Thread-5"                   daemon [_thread_in_native, id=4308, stack(0x000000ce70400000,0x000000ce70500000) (1024K)]
  0x000002bc77369f80 JavaThread "Thread-6"                   daemon [_thread_in_native, id=12832, stack(0x000000ce70500000,0x000000ce70600000) (1024K)]
  0x000002bc773698f0 JavaThread "Thread-7"                   daemon [_thread_in_native, id=12884, stack(0x000000ce70600000,0x000000ce70700000) (1024K)]
  0x000002bc7736aca0 JavaThread "Thread-8"                   daemon [_thread_in_native, id=20876, stack(0x000000ce70700000,0x000000ce70800000) (1024K)]
  0x000002bc782bcce0 JavaThread "Thread-9"                   daemon [_thread_in_native, id=10376, stack(0x000000ce70800000,0x000000ce70900000) (1024K)]
  0x000002bc782bc650 JavaThread "pool-2-thread-1"                   [_thread_blocked, id=10932, stack(0x000000ce70900000,0x000000ce70a00000) (1024K)]
Total: 29

Other Threads:
  0x000002bc18650f50 VMThread "VM Thread"                           [id=20328, stack(0x000000ce6e200000,0x000000ce6e300000) (1024K)]
  0x000002bc700dc950 WatcherThread "VM Periodic Task Thread"        [id=19072, stack(0x000000ce6e100000,0x000000ce6e200000) (1024K)]
  0x000002bc185cd870 WorkerThread "GC Thread#0"                     [id=19764, stack(0x000000ce6e000000,0x000000ce6e100000) (1024K)]
  0x000002bc760ea7e0 WorkerThread "GC Thread#1"                     [id=8412, stack(0x000000ce6ed00000,0x000000ce6ee00000) (1024K)]
  0x000002bc760eab90 WorkerThread "GC Thread#2"                     [id=13220, stack(0x000000ce6ee00000,0x000000ce6ef00000) (1024K)]
  0x000002bc763c10b0 WorkerThread "GC Thread#3"                     [id=3636, stack(0x000000ce6ef00000,0x000000ce6f000000) (1024K)]
  0x000002bc71d51ce0 WorkerThread "GC Thread#4"                     [id=11224, stack(0x000000ce6f000000,0x000000ce6f100000) (1024K)]
  0x000002bc71d52090 WorkerThread "GC Thread#5"                     [id=13696, stack(0x000000ce6f100000,0x000000ce6f200000) (1024K)]
  0x000002bc71d52440 WorkerThread "GC Thread#6"                     [id=12292, stack(0x000000ce6f200000,0x000000ce6f300000) (1024K)]
  0x000002bc764c62d0 WorkerThread "GC Thread#7"                     [id=20196, stack(0x000000ce6f600000,0x000000ce6f700000) (1024K)]
Total: 10

Threads with active compile tasks:
C2 CompilerThread0  19975 3254       4       org.eclipse.core.internal.watson.ElementTreeIterator::requestPath (100 bytes)
C1 CompilerThread0  19975 3325       3       java.util.stream.AbstractPipeline::wrapSink (37 bytes)
Total: 2

VM state: not at safepoint (normal execution)

VM Mutex/Monitor currently owned by a thread: None

Heap address: 0x0000000080000000, size: 2048 MB, Compressed Oops mode: 32-bit

CDS archive(s) mapped at: [0x000002bc2f000000-0x000002bc2fba0000-0x000002bc2fba0000), size 12189696, SharedBaseAddress: 0x000002bc2f000000, ArchiveRelocationMode: 1.
Compressed class space mapped at: 0x000002bc30000000-0x000002bc70000000, reserved size: 1073741824
Narrow klass base: 0x000002bc2f000000, Narrow klass shift: 0, Narrow klass range: 0x100000000

GC Precious Log:
 CardTable entry size: 512
 CPUs: 8 total, 8 available
 Memory: 12022M
 Large Page Support: Disabled
 NUMA Support: Disabled
 Compressed Oops: Enabled (32-bit)
 Alignments: Space 512K, Generation 512K, Heap 2M
 Heap Min Capacity: 100M
 Heap Initial Capacity: 100M
 Heap Max Capacity: 2G
 Pre-touch: Disabled
 Parallel Workers: 8

Heap:
 PSYoungGen      total 27136K, used 9701K [0x00000000d5580000, 0x00000000d7700000, 0x0000000100000000)
  eden space 24064K, 27% used [0x00000000d5580000,0x00000000d5bfc650,0x00000000d6d00000)
  from space 3072K, 99% used [0x00000000d7200000,0x00000000d74fd068,0x00000000d7500000)
  to   space 5120K, 0% used [0x00000000d6d00000,0x00000000d6d00000,0x00000000d7200000)
 ParOldGen       total 68608K, used 14051K [0x0000000080000000, 0x0000000084300000, 0x00000000d5580000)
  object space 68608K, 20% used [0x0000000080000000,0x0000000080db8ca8,0x0000000084300000)
 Metaspace       used 27137K, committed 27904K, reserved 1114112K
  class space    used 2699K, committed 3072K, reserved 1048576K

Card table byte_map: [0x000002bc17f60000,0x000002bc18370000] _byte_map_base: 0x000002bc17b60000

Marking Bits: (ParMarkBitMap*) 0x00007ffa511c4460
 Begin Bits: [0x000002bc2aa60000, 0x000002bc2ca60000)
 End Bits:   [0x000002bc2ca60000, 0x000002bc2ea60000)

Polling page: 0x000002bc16660000

Metaspace:

Usage:
  Non-class:     23.87 MB used.
      Class:      2.64 MB used.
       Both:     26.50 MB used.

Virtual space:
  Non-class space:       64.00 MB reserved,      24.31 MB ( 38%) committed,  1 nodes.
      Class space:        1.00 GB reserved,       3.00 MB ( <1%) committed,  1 nodes.
             Both:        1.06 GB reserved,      27.31 MB (  3%) committed. 

Chunk freelists:
   Non-Class:  7.44 MB
       Class:  12.92 MB
        Both:  20.36 MB

MaxMetaspaceSize: unlimited
CompressedClassSpaceSize: 1.00 GB
Initial GC threshold: 21.00 MB
Current GC threshold: 35.00 MB
CDS: on
 - commit_granule_bytes: 65536.
 - commit_granule_words: 8192.
 - virtual_space_node_default_size: 8388608.
 - enlarge_chunks_in_place: 1.
 - use_allocation_guard: 0.


Internal statistics:

num_allocs_failed_limit: 3.
num_arena_births: 558.
num_arena_deaths: 14.
num_vsnodes_births: 2.
num_vsnodes_deaths: 0.
num_space_committed: 437.
num_space_uncommitted: 0.
num_chunks_returned_to_freelist: 17.
num_chunks_taken_from_freelist: 1597.
num_chunk_merges: 9.
num_chunk_splits: 1031.
num_chunks_enlarged: 669.
num_inconsistent_stats: 0.

CodeHeap 'non-profiled nmethods': size=120000Kb used=1601Kb max_used=1601Kb free=118398Kb
 bounds [0x000002bc23280000, 0x000002bc234f0000, 0x000002bc2a7b0000]
CodeHeap 'profiled nmethods': size=120000Kb used=6551Kb max_used=6551Kb free=113448Kb
 bounds [0x000002bc1b7b0000, 0x000002bc1be20000, 0x000002bc22ce0000]
CodeHeap 'non-nmethods': size=5760Kb used=1348Kb max_used=1380Kb free=4411Kb
 bounds [0x000002bc22ce0000, 0x000002bc22f50000, 0x000002bc23280000]
CodeCache: size=245760Kb, used=9500Kb, max_used=9532Kb, free=236257Kb
 total_blobs=3951, nmethods=3323, adapters=534, full_count=0
Compilation: enabled, stopped_count=0, restarted_count=0

Compilation events (20 events):
Event: 17.898 Thread 0x000002bc701fb490 3301       3       com.sun.org.apache.xerces.internal.util.ParserConfigurationSettings::getProperty (31 bytes)
Event: 17.898 Thread 0x000002bc701fb490 nmethod 3301 0x000002bc1be05190 code [0x000002bc1be05360, 0x000002bc1be05698]
Event: 17.899 Thread 0x000002bc701fb490 3302       3       com.sun.org.apache.xerces.internal.util.XMLAttributesImpl::getAugmentations (24 bytes)
Event: 17.900 Thread 0x000002bc701fb490 nmethod 3302 0x000002bc1be05810 code [0x000002bc1be059c0, 0x000002bc1be05b98]
Event: 17.900 Thread 0x000002bc701fb490 3304       3       com.sun.org.apache.xerces.internal.dom.NamedNodeMapImpl::findNamePoint (105 bytes)
Event: 17.901 Thread 0x000002bc701fb490 nmethod 3304 0x000002bc1be05c90 code [0x000002bc1be05ea0, 0x000002bc1be06590]
Event: 17.901 Thread 0x000002bc701fb490 3303       3       com.sun.org.apache.xerces.internal.util.AugmentationsImpl::getItem (9 bytes)
Event: 17.901 Thread 0x000002bc701fb490 nmethod 3303 0x000002bc1be06790 code [0x000002bc1be06940, 0x000002bc1be06a98]
Event: 17.901 Thread 0x000002bc701fb490 3305       3       com.sun.org.apache.xerces.internal.dom.NodeImpl::needsSyncData (26 bytes)
Event: 17.901 Thread 0x000002bc701fb490 nmethod 3305 0x000002bc1be06b90 code [0x000002bc1be06d20, 0x000002bc1be06e88]
Event: 17.931 Thread 0x000002bc701fb490 3306       3       com.sun.org.apache.xerces.internal.impl.XMLScanner::setProperty (94 bytes)
Event: 17.932 Thread 0x000002bc701fb490 nmethod 3306 0x000002bc1be06f10 code [0x000002bc1be07180, 0x000002bc1be07c60]
Event: 17.932 Thread 0x000002bc701fb490 3307       3       com.sun.org.apache.xerces.internal.util.ParserConfigurationSettings::checkProperty (51 bytes)
Event: 17.932 Thread 0x000002bc701fb490 nmethod 3307 0x000002bc1be07f90 code [0x000002bc1be08180, 0x000002bc1be085e0]
Event: 17.932 Thread 0x000002bc701fb490 3308       3       com.sun.org.apache.xerces.internal.util.ParserConfigurationSettings::getFeature (20 bytes)
Event: 17.932 Thread 0x000002bc701fb490 nmethod 3308 0x000002bc1be08790 code [0x000002bc1be08960, 0x000002bc1be08c38]
Event: 17.956 Thread 0x000002bc701fb490 3309       3       com.sun.org.apache.xerces.internal.impl.XMLDocumentScannerImpl::getPropertyDefault (40 bytes)
Event: 17.956 Thread 0x000002bc701fb490 nmethod 3309 0x000002bc1be08d90 code [0x000002bc1be08f60, 0x000002bc1be09230]
Event: 17.956 Thread 0x000002bc701fb490 3310       3       com.sun.org.apache.xerces.internal.parsers.XML11Configuration::checkFeature (292 bytes)
Event: 19.941 Thread 0x000002bc701fb490 nmethod 3310 0x000002bc1be09390 code [0x000002bc1be09a00, 0x000002bc1be0ca20]

GC Heap History (18 events):
Event: 1.225 GC heap before
{Heap before GC invocations=1 (full 0):
 PSYoungGen      total 29696K, used 25600K [0x00000000d5580000, 0x00000000d7680000, 0x0000000100000000)
  eden space 25600K, 100% used [0x00000000d5580000,0x00000000d6e80000,0x00000000d6e80000)
  from space 4096K, 0% used [0x00000000d7280000,0x00000000d7280000,0x00000000d7680000)
  to   space 4096K, 0% used [0x00000000d6e80000,0x00000000d6e80000,0x00000000d7280000)
 ParOldGen       total 68608K, used 0K [0x0000000080000000, 0x0000000084300000, 0x00000000d5580000)
  object space 68608K, 0% used [0x0000000080000000,0x0000000080000000,0x0000000084300000)
 Metaspace       used 4377K, committed 4608K, reserved 1114112K
  class space    used 476K, committed 576K, reserved 1048576K
}
Event: 1.236 GC heap after
{Heap after GC invocations=1 (full 0):
 PSYoungGen      total 29696K, used 3303K [0x00000000d5580000, 0x00000000d7680000, 0x0000000100000000)
  eden space 25600K, 0% used [0x00000000d5580000,0x00000000d5580000,0x00000000d6e80000)
  from space 4096K, 80% used [0x00000000d6e80000,0x00000000d71b9e98,0x00000000d7280000)
  to   space 4096K, 0% used [0x00000000d7280000,0x00000000d7280000,0x00000000d7680000)
 ParOldGen       total 68608K, used 16K [0x0000000080000000, 0x0000000084300000, 0x00000000d5580000)
  object space 68608K, 0% used [0x0000000080000000,0x0000000080004000,0x0000000084300000)
 Metaspace       used 4377K, committed 4608K, reserved 1114112K
  class space    used 476K, committed 576K, reserved 1048576K
}
Event: 13.247 GC heap before
{Heap before GC invocations=2 (full 0):
 PSYoungGen      total 29696K, used 28903K [0x00000000d5580000, 0x00000000d7680000, 0x0000000100000000)
  eden space 25600K, 100% used [0x00000000d5580000,0x00000000d6e80000,0x00000000d6e80000)
  from space 4096K, 80% used [0x00000000d6e80000,0x00000000d71b9e98,0x00000000d7280000)
  to   space 4096K, 0% used [0x00000000d7280000,0x00000000d7280000,0x00000000d7680000)
 ParOldGen       total 68608K, used 16K [0x0000000080000000, 0x0000000084300000, 0x00000000d5580000)
  object space 68608K, 0% used [0x0000000080000000,0x0000000080004000,0x0000000084300000)
 Metaspace       used 8175K, committed 8448K, reserved 1114112K
  class space    used 865K, committed 960K, reserved 1048576K
}
Event: 13.257 GC heap after
{Heap after GC invocations=2 (full 0):
 PSYoungGen      total 29696K, used 4092K [0x00000000d5580000, 0x00000000d7680000, 0x0000000100000000)
  eden space 25600K, 0% used [0x00000000d5580000,0x00000000d5580000,0x00000000d6e80000)
  from space 4096K, 99% used [0x00000000d7280000,0x00000000d767f000,0x00000000d7680000)
  to   space 4096K, 0% used [0x00000000d6e80000,0x00000000d6e80000,0x00000000d7280000)
 ParOldGen       total 68608K, used 1043K [0x0000000080000000, 0x0000000084300000, 0x00000000d5580000)
  object space 68608K, 1% used [0x0000000080000000,0x0000000080104eb8,0x0000000084300000)
 Metaspace       used 8175K, committed 8448K, reserved 1114112K
  class space    used 865K, committed 960K, reserved 1048576K
}
Event: 14.348 GC heap before
{Heap before GC invocations=3 (full 0):
 PSYoungGen      total 29696K, used 29692K [0x00000000d5580000, 0x00000000d7680000, 0x0000000100000000)
  eden space 25600K, 100% used [0x00000000d5580000,0x00000000d6e80000,0x00000000d6e80000)
  from space 4096K, 99% used [0x00000000d7280000,0x00000000d767f000,0x00000000d7680000)
  to   space 4096K, 0% used [0x00000000d6e80000,0x00000000d6e80000,0x00000000d7280000)
 ParOldGen       total 68608K, used 1043K [0x0000000080000000, 0x0000000084300000, 0x00000000d5580000)
  object space 68608K, 1% used [0x0000000080000000,0x0000000080104eb8,0x0000000084300000)
 Metaspace       used 12995K, committed 13504K, reserved 1114112K
  class space    used 1375K, committed 1600K, reserved 1048576K
}
Event: 14.356 GC heap after
{Heap after GC invocations=3 (full 0):
 PSYoungGen      total 29696K, used 4082K [0x00000000d5580000, 0x00000000d7680000, 0x0000000100000000)
  eden space 25600K, 0% used [0x00000000d5580000,0x00000000d5580000,0x00000000d6e80000)
  from space 4096K, 99% used [0x00000000d6e80000,0x00000000d727cbb8,0x00000000d7280000)
  to   space 4096K, 0% used [0x00000000d7280000,0x00000000d7280000,0x00000000d7680000)
 ParOldGen       total 68608K, used 2800K [0x0000000080000000, 0x0000000084300000, 0x00000000d5580000)
  object space 68608K, 4% used [0x0000000080000000,0x00000000802bc3b8,0x0000000084300000)
 Metaspace       used 12995K, committed 13504K, reserved 1114112K
  class space    used 1375K, committed 1600K, reserved 1048576K
}
Event: 15.500 GC heap before
{Heap before GC invocations=4 (full 0):
 PSYoungGen      total 29696K, used 29682K [0x00000000d5580000, 0x00000000d7680000, 0x0000000100000000)
  eden space 25600K, 100% used [0x00000000d5580000,0x00000000d6e80000,0x00000000d6e80000)
  from space 4096K, 99% used [0x00000000d6e80000,0x00000000d727cbb8,0x00000000d7280000)
  to   space 4096K, 0% used [0x00000000d7280000,0x00000000d7280000,0x00000000d7680000)
 ParOldGen       total 68608K, used 2800K [0x0000000080000000, 0x0000000084300000, 0x00000000d5580000)
  object space 68608K, 4% used [0x0000000080000000,0x00000000802bc3b8,0x0000000084300000)
 Metaspace       used 15779K, committed 16448K, reserved 1114112K
  class space    used 1681K, committed 1984K, reserved 1048576K
}
Event: 15.508 GC heap after
{Heap after GC invocations=4 (full 0):
 PSYoungGen      total 29696K, used 4085K [0x00000000d5580000, 0x00000000d7680000, 0x0000000100000000)
  eden space 25600K, 0% used [0x00000000d5580000,0x00000000d5580000,0x00000000d6e80000)
  from space 4096K, 99% used [0x00000000d7280000,0x00000000d767d5f8,0x00000000d7680000)
  to   space 4096K, 0% used [0x00000000d6e80000,0x00000000d6e80000,0x00000000d7280000)
 ParOldGen       total 68608K, used 7939K [0x0000000080000000, 0x0000000084300000, 0x00000000d5580000)
  object space 68608K, 11% used [0x0000000080000000,0x00000000807c0ce0,0x0000000084300000)
 Metaspace       used 15779K, committed 16448K, reserved 1114112K
  class space    used 1681K, committed 1984K, reserved 1048576K
}
Event: 15.999 GC heap before
{Heap before GC invocations=5 (full 0):
 PSYoungGen      total 29696K, used 29685K [0x00000000d5580000, 0x00000000d7680000, 0x0000000100000000)
  eden space 25600K, 100% used [0x00000000d5580000,0x00000000d6e80000,0x00000000d6e80000)
  from space 4096K, 99% used [0x00000000d7280000,0x00000000d767d5f8,0x00000000d7680000)
  to   space 4096K, 0% used [0x00000000d6e80000,0x00000000d6e80000,0x00000000d7280000)
 ParOldGen       total 68608K, used 7939K [0x0000000080000000, 0x0000000084300000, 0x00000000d5580000)
  object space 68608K, 11% used [0x0000000080000000,0x00000000807c0ce0,0x0000000084300000)
 Metaspace       used 19026K, committed 19712K, reserved 1114112K
  class space    used 1917K, committed 2240K, reserved 1048576K
}
Event: 16.005 GC heap after
{Heap after GC invocations=5 (full 0):
 PSYoungGen      total 29184K, used 4078K [0x00000000d5580000, 0x00000000d7b00000, 0x0000000100000000)
  eden space 25088K, 0% used [0x00000000d5580000,0x00000000d5580000,0x00000000d6e00000)
  from space 4096K, 99% used [0x00000000d6e80000,0x00000000d727b9f0,0x00000000d7280000)
  to   space 6656K, 0% used [0x00000000d7480000,0x00000000d7480000,0x00000000d7b00000)
 ParOldGen       total 68608K, used 8578K [0x0000000080000000, 0x0000000084300000, 0x00000000d5580000)
  object space 68608K, 12% used [0x0000000080000000,0x00000000808608b0,0x0000000084300000)
 Metaspace       used 19026K, committed 19712K, reserved 1114112K
  class space    used 1917K, committed 2240K, reserved 1048576K
}
Event: 16.249 GC heap before
{Heap before GC invocations=6 (full 0):
 PSYoungGen      total 29184K, used 17794K [0x00000000d5580000, 0x00000000d7b00000, 0x0000000100000000)
  eden space 25088K, 54% used [0x00000000d5580000,0x00000000d62e4fc0,0x00000000d6e00000)
  from space 4096K, 99% used [0x00000000d6e80000,0x00000000d727b9f0,0x00000000d7280000)
  to   space 6656K, 0% used [0x00000000d7480000,0x00000000d7480000,0x00000000d7b00000)
 ParOldGen       total 68608K, used 8578K [0x0000000080000000, 0x0000000084300000, 0x00000000d5580000)
  object space 68608K, 12% used [0x0000000080000000,0x00000000808608b0,0x0000000084300000)
 Metaspace       used 20833K, committed 21504K, reserved 1114112K
  class space    used 2072K, committed 2368K, reserved 1048576K
}
Event: 16.257 GC heap after
{Heap after GC invocations=6 (full 0):
 PSYoungGen      total 30208K, used 4617K [0x00000000d5580000, 0x00000000d7980000, 0x0000000100000000)
  eden space 25088K, 0% used [0x00000000d5580000,0x00000000d5580000,0x00000000d6e00000)
  from space 5120K, 90% used [0x00000000d7480000,0x00000000d7902430,0x00000000d7980000)
  to   space 5120K, 0% used [0x00000000d6f80000,0x00000000d6f80000,0x00000000d7480000)
 ParOldGen       total 68608K, used 8586K [0x0000000080000000, 0x0000000084300000, 0x00000000d5580000)
  object space 68608K, 12% used [0x0000000080000000,0x00000000808628b0,0x0000000084300000)
 Metaspace       used 20833K, committed 21504K, reserved 1114112K
  class space    used 2072K, committed 2368K, reserved 1048576K
}
Event: 16.257 GC heap before
{Heap before GC invocations=7 (full 1):
 PSYoungGen      total 30208K, used 4617K [0x00000000d5580000, 0x00000000d7980000, 0x0000000100000000)
  eden space 25088K, 0% used [0x00000000d5580000,0x00000000d5580000,0x00000000d6e00000)
  from space 5120K, 90% used [0x00000000d7480000,0x00000000d7902430,0x00000000d7980000)
  to   space 5120K, 0% used [0x00000000d6f80000,0x00000000d6f80000,0x00000000d7480000)
 ParOldGen       total 68608K, used 8586K [0x0000000080000000, 0x0000000084300000, 0x00000000d5580000)
  object space 68608K, 12% used [0x0000000080000000,0x00000000808628b0,0x0000000084300000)
 Metaspace       used 20833K, committed 21504K, reserved 1114112K
  class space    used 2072K, committed 2368K, reserved 1048576K
}
Event: 16.317 GC heap after
{Heap after GC invocations=7 (full 1):
 PSYoungGen      total 30208K, used 0K [0x00000000d5580000, 0x00000000d7980000, 0x0000000100000000)
  eden space 25088K, 0% used [0x00000000d5580000,0x00000000d5580000,0x00000000d6e00000)
  from space 5120K, 0% used [0x00000000d7480000,0x00000000d7480000,0x00000000d7980000)
  to   space 5120K, 0% used [0x00000000d6f80000,0x00000000d6f80000,0x00000000d7480000)
 ParOldGen       total 68608K, used 12733K [0x0000000080000000, 0x0000000084300000, 0x00000000d5580000)
  object space 68608K, 18% used [0x0000000080000000,0x0000000080c6f748,0x0000000084300000)
 Metaspace       used 20820K, committed 21504K, reserved 1114112K
  class space    used 2069K, committed 2368K, reserved 1048576K
}
Event: 17.042 GC heap before
{Heap before GC invocations=8 (full 1):
 PSYoungGen      total 30208K, used 25088K [0x00000000d5580000, 0x00000000d7980000, 0x0000000100000000)
  eden space 25088K, 100% used [0x00000000d5580000,0x00000000d6e00000,0x00000000d6e00000)
  from space 5120K, 0% used [0x00000000d7480000,0x00000000d7480000,0x00000000d7980000)
  to   space 5120K, 0% used [0x00000000d6f80000,0x00000000d6f80000,0x00000000d7480000)
 ParOldGen       total 68608K, used 12733K [0x0000000080000000, 0x0000000084300000, 0x00000000d5580000)
  object space 68608K, 18% used [0x0000000080000000,0x0000000080c6f748,0x0000000084300000)
 Metaspace       used 23082K, committed 23808K, reserved 1114112K
  class space    used 2245K, committed 2560K, reserved 1048576K
}
Event: 17.045 GC heap after
{Heap after GC invocations=8 (full 1):
 PSYoungGen      total 27136K, used 2408K [0x00000000d5580000, 0x00000000d7500000, 0x0000000100000000)
  eden space 24576K, 0% used [0x00000000d5580000,0x00000000d5580000,0x00000000d6d80000)
  from space 2560K, 94% used [0x00000000d6f80000,0x00000000d71da2b0,0x00000000d7200000)
  to   space 3072K, 0% used [0x00000000d7200000,0x00000000d7200000,0x00000000d7500000)
 ParOldGen       total 68608K, used 12741K [0x0000000080000000, 0x0000000084300000, 0x00000000d5580000)
  object space 68608K, 18% used [0x0000000080000000,0x0000000080c71748,0x0000000084300000)
 Metaspace       used 23082K, committed 23808K, reserved 1114112K
  class space    used 2245K, committed 2560K, reserved 1048576K
}
Event: 17.814 GC heap before
{Heap before GC invocations=9 (full 1):
 PSYoungGen      total 27136K, used 26984K [0x00000000d5580000, 0x00000000d7500000, 0x0000000100000000)
  eden space 24576K, 100% used [0x00000000d5580000,0x00000000d6d80000,0x00000000d6d80000)
  from space 2560K, 94% used [0x00000000d6f80000,0x00000000d71da2b0,0x00000000d7200000)
  to   space 3072K, 0% used [0x00000000d7200000,0x00000000d7200000,0x00000000d7500000)
 ParOldGen       total 68608K, used 12741K [0x0000000080000000, 0x0000000084300000, 0x00000000d5580000)
  object space 68608K, 18% used [0x0000000080000000,0x0000000080c71748,0x0000000084300000)
 Metaspace       used 26563K, committed 27456K, reserved 1114112K
  class space    used 2619K, committed 3008K, reserved 1048576K
}
Event: 17.817 GC heap after
{Heap after GC invocations=9 (full 1):
 PSYoungGen      total 27136K, used 3060K [0x00000000d5580000, 0x00000000d7700000, 0x0000000100000000)
  eden space 24064K, 0% used [0x00000000d5580000,0x00000000d5580000,0x00000000d6d00000)
  from space 3072K, 99% used [0x00000000d7200000,0x00000000d74fd068,0x00000000d7500000)
  to   space 5120K, 0% used [0x00000000d6d00000,0x00000000d6d00000,0x00000000d7200000)
 ParOldGen       total 68608K, used 14051K [0x0000000080000000, 0x0000000084300000, 0x00000000d5580000)
  object space 68608K, 20% used [0x0000000080000000,0x0000000080db8ca8,0x0000000084300000)
 Metaspace       used 26563K, committed 27456K, reserved 1114112K
  class space    used 2619K, committed 3008K, reserved 1048576K
}

Dll operation events (10 events):
Event: 0.023 Loaded shared library c:\Users\ranim\.vscode\extensions\redhat.java-1.55.0-win32-x64\jre\21.0.11-win32-x86_64\bin\java.dll
Event: 0.127 Loaded shared library c:\Users\ranim\.vscode\extensions\redhat.java-1.55.0-win32-x64\jre\21.0.11-win32-x86_64\bin\zip.dll
Event: 0.161 Loaded shared library C:\Users\ranim\.vscode\extensions\redhat.java-1.55.0-win32-x64\jre\21.0.11-win32-x86_64\bin\instrument.dll
Event: 0.169 Loaded shared library C:\Users\ranim\.vscode\extensions\redhat.java-1.55.0-win32-x64\jre\21.0.11-win32-x86_64\bin\net.dll
Event: 0.172 Loaded shared library C:\Users\ranim\.vscode\extensions\redhat.java-1.55.0-win32-x64\jre\21.0.11-win32-x86_64\bin\nio.dll
Event: 0.176 Loaded shared library C:\Users\ranim\.vscode\extensions\redhat.java-1.55.0-win32-x64\jre\21.0.11-win32-x86_64\bin\zip.dll
Event: 0.200 Loaded shared library C:\Users\ranim\.vscode\extensions\redhat.java-1.55.0-win32-x64\jre\21.0.11-win32-x86_64\bin\jimage.dll
Event: 0.319 Loaded shared library c:\Users\ranim\.vscode\extensions\redhat.java-1.55.0-win32-x64\jre\21.0.11-win32-x86_64\bin\verify.dll
Event: 13.399 Loaded shared library C:\Users\ranim\AppData\Roaming\Code\User\globalStorage\redhat.java\1.55.0\config_ss_win\org.eclipse.equinox.launcher\org.eclipse.equinox.launcher.win32.win32.x86_64_1.3.100.v20260613-0559\eclipse_11924.dll
Event: 15.384 Loaded shared library C:\Users\ranim\AppData\Local\Temp\jna-108280195\jna13612921527387201028.dll

Deoptimization events (20 events):
Event: 17.550 Thread 0x000002bc76390340 Uncommon trap: trap_request=0xffffffde fr.pc=0x000002bc233f224c relative=0x000000000000012c
Event: 17.550 Thread 0x000002bc76390340 Uncommon trap: reason=class_check action=maybe_recompile pc=0x000002bc233f224c method=jdk.internal.misc.Unsafe.allocateUninitializedArray(Ljava/lang/Class;I)Ljava/lang/Object; @ 51 c2
Event: 17.550 Thread 0x000002bc76390340 DEOPT PACKING pc=0x000002bc233f224c sp=0x000000ce6f5fcd30
Event: 17.550 Thread 0x000002bc76390340 DEOPT UNPACKING pc=0x000002bc22d36da2 sp=0x000000ce6f5fcca8 mode 2
Event: 17.552 Thread 0x000002bc76390340 Uncommon trap: trap_request=0xffffffde fr.pc=0x000002bc233f224c relative=0x000000000000012c
Event: 17.552 Thread 0x000002bc76390340 Uncommon trap: reason=class_check action=maybe_recompile pc=0x000002bc233f224c method=jdk.internal.misc.Unsafe.allocateUninitializedArray(Ljava/lang/Class;I)Ljava/lang/Object; @ 51 c2
Event: 17.552 Thread 0x000002bc76390340 DEOPT PACKING pc=0x000002bc233f224c sp=0x000000ce6f5fbe70
Event: 17.552 Thread 0x000002bc76390340 DEOPT UNPACKING pc=0x000002bc22d36da2 sp=0x000000ce6f5fbde8 mode 2
Event: 17.557 Thread 0x000002bc76390340 Uncommon trap: trap_request=0xffffffde fr.pc=0x000002bc233f224c relative=0x000000000000012c
Event: 17.557 Thread 0x000002bc76390340 Uncommon trap: reason=class_check action=maybe_recompile pc=0x000002bc233f224c method=jdk.internal.misc.Unsafe.allocateUninitializedArray(Ljava/lang/Class;I)Ljava/lang/Object; @ 51 c2
Event: 17.557 Thread 0x000002bc76390340 DEOPT PACKING pc=0x000002bc233f224c sp=0x000000ce6f5f8890
Event: 17.557 Thread 0x000002bc76390340 DEOPT UNPACKING pc=0x000002bc22d36da2 sp=0x000000ce6f5f8808 mode 2
Event: 17.586 Thread 0x000002bc76390340 Uncommon trap: trap_request=0xffffff45 fr.pc=0x000002bc23339fc4 relative=0x0000000000000124
Event: 17.586 Thread 0x000002bc76390340 Uncommon trap: reason=unstable_if action=reinterpret pc=0x000002bc23339fc4 method=jdk.internal.org.objectweb.asm.SymbolTable.put(Ljdk/internal/org/objectweb/asm/SymbolTable$Entry;)Ljdk/internal/org/objectweb/asm/SymbolTable$Entry; @ 13 c2
Event: 17.586 Thread 0x000002bc76390340 DEOPT PACKING pc=0x000002bc23339fc4 sp=0x000000ce6f5fbf50
Event: 17.586 Thread 0x000002bc76390340 DEOPT UNPACKING pc=0x000002bc22d36da2 sp=0x000000ce6f5fbeb0 mode 2
Event: 17.758 Thread 0x000002bc773dca50 Uncommon trap: trap_request=0xffffff45 fr.pc=0x000002bc233c3f74 relative=0x00000000000012d4
Event: 17.758 Thread 0x000002bc773dca50 Uncommon trap: reason=unstable_if action=reinterpret pc=0x000002bc233c3f74 method=java.util.Properties.loadConvert([CIILjava/lang/StringBuilder;)Ljava/lang/String; @ 477 c2
Event: 17.758 Thread 0x000002bc773dca50 DEOPT PACKING pc=0x000002bc233c3f74 sp=0x000000ce6f9fd710
Event: 17.758 Thread 0x000002bc773dca50 DEOPT UNPACKING pc=0x000002bc22d36da2 sp=0x000000ce6f9fd700 mode 2

Classes loaded (20 events):
Event: 17.808 Loading class sun/reflect/generics/reflectiveObjects/ParameterizedTypeImpl
Event: 17.808 Loading class java/lang/reflect/ParameterizedType
Event: 17.808 Loading class java/lang/reflect/ParameterizedType done
Event: 17.808 Loading class sun/reflect/generics/reflectiveObjects/ParameterizedTypeImpl done
Event: 17.809 Loading class sun/reflect/generics/repository/ClassRepository
Event: 17.809 Loading class sun/reflect/generics/repository/ClassRepository done
Event: 17.809 Loading class sun/reflect/generics/tree/ClassSignature
Event: 17.809 Loading class sun/reflect/generics/tree/ClassSignature done
Event: 17.809 Loading class sun/reflect/generics/tree/TypeVariableSignature
Event: 17.809 Loading class sun/reflect/generics/tree/TypeVariableSignature done
Event: 17.809 Loading class sun/reflect/generics/reflectiveObjects/TypeVariableImpl
Event: 17.810 Loading class sun/reflect/generics/reflectiveObjects/LazyReflectiveObjectGenerator
Event: 17.810 Loading class sun/reflect/generics/reflectiveObjects/LazyReflectiveObjectGenerator done
Event: 17.810 Loading class sun/reflect/generics/reflectiveObjects/TypeVariableImpl done
Event: 17.846 Loading class java/lang/Deprecated
Event: 17.846 Loading class java/lang/Deprecated done
Event: 17.851 Loading class jdk/internal/vm/annotation/IntrinsicCandidate
Event: 17.851 Loading class jdk/internal/vm/annotation/IntrinsicCandidate done
Event: 17.888 Loading class java/io/UncheckedIOException
Event: 17.888 Loading class java/io/UncheckedIOException done

Classes unloaded (7 events):
Event: 16.266 Thread 0x000002bc18650f50 Unloading class 0x000002bc30191400 'java/lang/invoke/LambdaForm$MH+0x000002bc30191400'
Event: 16.266 Thread 0x000002bc18650f50 Unloading class 0x000002bc30191000 'java/lang/invoke/LambdaForm$MH+0x000002bc30191000'
Event: 16.266 Thread 0x000002bc18650f50 Unloading class 0x000002bc30190c00 'java/lang/invoke/LambdaForm$MH+0x000002bc30190c00'
Event: 16.266 Thread 0x000002bc18650f50 Unloading class 0x000002bc30190800 'java/lang/invoke/LambdaForm$MH+0x000002bc30190800'
Event: 16.266 Thread 0x000002bc18650f50 Unloading class 0x000002bc30190400 'java/lang/invoke/LambdaForm$BMH+0x000002bc30190400'
Event: 16.266 Thread 0x000002bc18650f50 Unloading class 0x000002bc30190000 'java/lang/invoke/LambdaForm$DMH+0x000002bc30190000'
Event: 16.266 Thread 0x000002bc18650f50 Unloading class 0x000002bc3018ec00 'java/lang/invoke/LambdaForm$DMH+0x000002bc3018ec00'

Classes redefined (0 events):
No events

Internal exceptions (20 events):
Event: 16.489 Thread 0x000002bc76390340 Exception <a 'java/io/FileNotFoundException'{0x00000000d6403470}> (0x00000000d6403470) 
thrown [s\src\hotspot\share\prims\jni.cpp, line 520]
Event: 16.489 Thread 0x000002bc76390340 Exception <a 'java/io/FileNotFoundException'{0x00000000d6404858}> (0x00000000d6404858) 
thrown [s\src\hotspot\share\prims\jni.cpp, line 520]
Event: 17.000 Thread 0x000002bc76390340 Exception <a 'java/lang/ClassNotFoundException'{0x00000000d6c4a108}: com/sun/org/apache/xerces/internal/impl/msg/spi/DOMMessagesProvider> (0x00000000d6c4a108) 
thrown [s\src\hotspot\share\classfile\systemDictionary.cpp, line 313]
Event: 17.006 Thread 0x000002bc76390340 Exception <a 'java/lang/ClassNotFoundException'{0x00000000d6c780b0}: com/sun/org/apache/xerces/internal/impl/msg/spi/XMLSerializerMessagesProvider> (0x00000000d6c780b0) 
thrown [s\src\hotspot\share\classfile\systemDictionary.cpp, line 313]
Event: 17.009 Thread 0x000002bc76390340 Exception <a 'java/lang/ClassNotFoundException'{0x00000000d6c91000}: com/sun/org/apache/xerces/internal/impl/msg/spi/XMLMessagesProvider> (0x00000000d6c91000) 
thrown [s\src\hotspot\share\classfile\systemDictionary.cpp, line 313]
Event: 17.087 Thread 0x000002bc76390340 Exception <a 'java/lang/NoSuchMethodError'{0x00000000d56ea2c0}: 'java.lang.Object java.lang.invoke.DirectMethodHandle$Holder.newInvokeSpecial(java.lang.Object, int, java.lang.Object, java.lang.Object)'> (0x00000000d56ea2c0) 
thrown [s\src\hotspot\share\interpreter\linkResolver.cpp, line 773]
Event: 17.180 Thread 0x000002bc76390340 Exception <a 'sun/nio/fs/WindowsException'{0x00000000d58d1c28}> (0x00000000d58d1c28) 
thrown [s\src\hotspot\share\prims\jni.cpp, line 520]
Event: 17.393 Thread 0x000002bc76390340 Exception <a 'java/lang/ClassNotFoundException'{0x00000000d5eb1a08}: com/sun/org/apache/xml/internal/serializer/spi/XMLEntitiesProvider> (0x00000000d5eb1a08) 
thrown [s\src\hotspot\share\classfile\systemDictionary.cpp, line 313]
Event: 17.561 Thread 0x000002bc76390340 Exception <a 'java/io/FileNotFoundException'{0x00000000d6228648}> (0x00000000d6228648) 
thrown [s\src\hotspot\share\prims\jni.cpp, line 520]
Event: 17.593 Thread 0x000002bc76390340 Exception <a 'java/lang/UnsatisfiedLinkError'{0x00000000d6324c20}: La procédure spécifiée est introuvable.
> (0x00000000d6324c20) 
thrown [s\src\hotspot\share\prims\jni.cpp, line 539]
Event: 17.598 Thread 0x000002bc76390340 Exception <a 'java/io/FileNotFoundException'{0x00000000d633b278}> (0x00000000d633b278) 
thrown [s\src\hotspot\share\prims\jni.cpp, line 520]
Event: 17.613 Thread 0x000002bc76390340 Exception <a 'java/io/FileNotFoundException'{0x00000000d63b4cd8}> (0x00000000d63b4cd8) 
thrown [s\src\hotspot\share\prims\jni.cpp, line 520]
Event: 17.620 Thread 0x000002bc76390340 Exception <a 'java/lang/UnsatisfiedLinkError'{0x00000000d63e35e8}: La procédure spécifiée est introuvable.
> (0x00000000d63e35e8) 
thrown [s\src\hotspot\share\prims\jni.cpp, line 539]
Event: 17.709 Thread 0x000002bc185afe30 Exception <a 'java/lang/NoSuchMethodError'{0x00000000d6761648}: 'java.lang.Object java.lang.invoke.DirectMethodHandle$Holder.invokeStatic(java.lang.Object, long, java.lang.Object)'> (0x00000000d6761648) 
thrown [s\src\hotspot\share\interpreter\linkResolver.cpp, line 773]
Event: 17.710 Thread 0x000002bc185afe30 Exception <a 'java/lang/NoSuchMethodError'{0x00000000d6764cb0}: 'java.lang.Object java.lang.invoke.DirectMethodHandle$Holder.invokeStaticInit(java.lang.Object, long, java.lang.Object)'> (0x00000000d6764cb0) 
thrown [s\src\hotspot\share\interpreter\linkResolver.cpp, line 773]
Event: 17.710 Thread 0x000002bc185afe30 Exception <a 'java/lang/NoSuchMethodError'{0x00000000d6775e70}: 'java.lang.Object java.lang.invoke.DirectMethodHandle$Holder.newInvokeSpecial(java.lang.Object, long)'> (0x00000000d6775e70) 
thrown [s\src\hotspot\share\interpreter\linkResolver.cpp, line 773]
Event: 17.933 Thread 0x000002bc773dca50 Exception <a 'sun/nio/fs/WindowsException'{0x00000000d5aad5e0}> (0x00000000d5aad5e0) 
thrown [s\src\hotspot\share\prims\jni.cpp, line 520]
Event: 17.933 Thread 0x000002bc773dca50 Exception <a 'sun/nio/fs/WindowsException'{0x00000000d5aade38}> (0x00000000d5aade38) 
thrown [s\src\hotspot\share\prims\jni.cpp, line 520]
Event: 17.934 Thread 0x000002bc773dca50 Exception <a 'sun/nio/fs/WindowsException'{0x00000000d5aaeed0}> (0x00000000d5aaeed0) 
thrown [s\src\hotspot\share\prims\jni.cpp, line 520]
Event: 17.934 Thread 0x000002bc773dca50 Exception <a 'sun/nio/fs/WindowsException'{0x00000000d5aaf728}> (0x00000000d5aaf728) 
thrown [s\src\hotspot\share\prims\jni.cpp, line 520]

ZGC Phase Switch (0 events):
No events

VM Operations (20 events):
Event: 15.398 Executing non-safepoint VM operation: HandshakeAllThreads (Deoptimize) done
Event: 15.398 Executing safepoint VM operation: Cleanup
Event: 15.398 Executing safepoint VM operation: Cleanup done
Event: 15.500 Executing safepoint VM operation: ParallelGCFailedAllocation (Allocation Failure)
Event: 15.508 Executing safepoint VM operation: ParallelGCFailedAllocation (Allocation Failure) done
Event: 15.999 Executing safepoint VM operation: ParallelGCFailedAllocation (Allocation Failure)
Event: 16.005 Executing safepoint VM operation: ParallelGCFailedAllocation (Allocation Failure) done
Event: 16.249 Executing safepoint VM operation: CollectForMetadataAllocation (Metadata GC Threshold)
Event: 16.317 Executing safepoint VM operation: CollectForMetadataAllocation (Metadata GC Threshold) done
Event: 17.042 Executing safepoint VM operation: ParallelGCFailedAllocation (Allocation Failure)
Event: 17.045 Executing safepoint VM operation: ParallelGCFailedAllocation (Allocation Failure) done
Event: 17.161 Executing non-safepoint VM operation: HandshakeAllThreads (Deoptimize)
Event: 17.161 Executing non-safepoint VM operation: HandshakeAllThreads (Deoptimize) done
Event: 17.267 Executing non-safepoint VM operation: HandshakeAllThreads (Deoptimize)
Event: 17.267 Executing non-safepoint VM operation: HandshakeAllThreads (Deoptimize) done
Event: 17.453 Executing non-safepoint VM operation: HandshakeAllThreads (Deoptimize)
Event: 17.453 Executing non-safepoint VM operation: HandshakeAllThreads (Deoptimize) done
Event: 17.814 Executing safepoint VM operation: ParallelGCFailedAllocation (Allocation Failure)
Event: 17.817 Executing safepoint VM operation: ParallelGCFailedAllocation (Allocation Failure) done
Event: 18.819 Executing safepoint VM operation: Cleanup

Memory protections (0 events):
No events

Nmethod flushes (0 events):
No events

Events (20 events):
Event: 15.364 Thread 0x000002bc76a64c80 Thread exited: 0x000002bc76a64c80
Event: 15.364 Thread 0x000002bc76c3a460 Thread exited: 0x000002bc76c3a460
Event: 15.423 Thread 0x000002bc76390340 Thread added: 0x000002bc77577eb0
Event: 15.492 Thread 0x000002bc76390340 Thread added: 0x000002bc773dca50
Event: 15.542 Thread 0x000002bc76390340 Thread added: 0x000002bc7736b330
Event: 15.648 Thread 0x000002bc701fb490 Thread added: 0x000002bc76c8e1e0
Event: 15.914 Thread 0x000002bc76c8e1e0 Thread exited: 0x000002bc76c8e1e0
Event: 16.708 Thread 0x000002bc701fb490 Thread added: 0x000002bc76bfe0d0
Event: 17.040 Thread 0x000002bc76390340 Thread added: 0x000002bc7736c6e0
Event: 17.231 Thread 0x000002bc7736c6e0 Thread exited: 0x000002bc7736c6e0
Event: 17.720 Thread 0x000002bc185afe30 Thread added: 0x000002bc7736cd70
Event: 17.721 Thread 0x000002bc185afe30 Thread added: 0x000002bc7736c050
Event: 17.721 Thread 0x000002bc185afe30 Thread added: 0x000002bc7736a610
Event: 17.721 Thread 0x000002bc185afe30 Thread added: 0x000002bc7736b9c0
Event: 17.721 Thread 0x000002bc185afe30 Thread added: 0x000002bc7736c6e0
Event: 17.721 Thread 0x000002bc185afe30 Thread added: 0x000002bc77369f80
Event: 17.721 Thread 0x000002bc185afe30 Thread added: 0x000002bc773698f0
Event: 17.725 Thread 0x000002bc185afe30 Thread added: 0x000002bc7736aca0
Event: 17.725 Thread 0x000002bc185afe30 Thread added: 0x000002bc782bcce0
Event: 17.763 Thread 0x000002bc185afe30 Thread added: 0x000002bc782bc650


Dynamic libraries:
0x00007ff6423e0000 - 0x00007ff6423ee000 	c:\Users\ranim\.vscode\extensions\redhat.java-1.55.0-win32-x64\jre\21.0.11-win32-x86_64\bin\java.exe
0x00007ffb16ce0000 - 0x00007ffb16f46000 	C:\WINDOWS\SYSTEM32\ntdll.dll
0x00007ffb15650000 - 0x00007ffb15719000 	C:\WINDOWS\System32\KERNEL32.DLL
0x00007ffb142b0000 - 0x00007ffb146af000 	C:\WINDOWS\System32\KERNELBASE.dll
0x00007ffb146c0000 - 0x00007ffb1480c000 	C:\WINDOWS\System32\ucrtbase.dll
0x00007ffadf4d0000 - 0x00007ffadf4ee000 	c:\Users\ranim\.vscode\extensions\redhat.java-1.55.0-win32-x64\jre\21.0.11-win32-x86_64\bin\VCRUNTIME140.dll
0x00007ffad29e0000 - 0x00007ffad29f8000 	c:\Users\ranim\.vscode\extensions\redhat.java-1.55.0-win32-x64\jre\21.0.11-win32-x86_64\bin\jli.dll
0x00007ffb15b40000 - 0x00007ffb15d06000 	C:\WINDOWS\System32\USER32.dll
0x00007ffb140f0000 - 0x00007ffb14117000 	C:\WINDOWS\System32\win32u.dll
0x00007ffaf6490000 - 0x00007ffaf6721000 	C:\WINDOWS\WinSxS\amd64_microsoft.windows.common-controls_6595b64144ccf1df_6.0.26100.8972_none_3e0da176e32f9d4b\COMCTL32.dll
0x00007ffb15220000 - 0x00007ffb1524b000 	C:\WINDOWS\System32\GDI32.dll
0x00007ffb148e0000 - 0x00007ffb14a09000 	C:\WINDOWS\System32\gdi32full.dll
0x00007ffb13f80000 - 0x00007ffb14023000 	C:\WINDOWS\System32\msvcp_win.dll
0x00007ffb14cd0000 - 0x00007ffb14d79000 	C:\WINDOWS\System32\msvcrt.dll
0x00007ffb14a40000 - 0x00007ffb14a72000 	C:\WINDOWS\System32\IMM32.DLL
0x00007ffaf89b0000 - 0x00007ffaf89bc000 	c:\Users\ranim\.vscode\extensions\redhat.java-1.55.0-win32-x64\jre\21.0.11-win32-x86_64\bin\vcruntime140_1.dll
0x00007ffa82f10000 - 0x00007ffa82f9d000 	c:\Users\ranim\.vscode\extensions\redhat.java-1.55.0-win32-x64\jre\21.0.11-win32-x86_64\bin\msvcp140.dll
0x00007ffa50500000 - 0x00007ffa512a2000 	c:\Users\ranim\.vscode\extensions\redhat.java-1.55.0-win32-x64\jre\21.0.11-win32-x86_64\bin\server\jvm.dll
0x00007ffb14a80000 - 0x00007ffb14b3c000 	C:\WINDOWS\System32\ADVAPI32.dll
0x00007ffb14b50000 - 0x00007ffb14bf9000 	C:\WINDOWS\System32\sechost.dll
0x00007ffb16aa0000 - 0x00007ffb16bb8000 	C:\WINDOWS\System32\RPCRT4.dll
0x00007ffb15d10000 - 0x00007ffb15d92000 	C:\WINDOWS\System32\WS2_32.dll
0x00007ffb13d50000 - 0x00007ffb13dae000 	C:\WINDOWS\SYSTEM32\POWRPROF.dll
0x00007ffb0a8b0000 - 0x00007ffb0a8e6000 	C:\WINDOWS\SYSTEM32\WINMM.dll
0x00007ffb116a0000 - 0x00007ffb116ab000 	C:\WINDOWS\SYSTEM32\VERSION.dll
0x00007ffb13d30000 - 0x00007ffb13d45000 	C:\WINDOWS\SYSTEM32\UMPDC.dll
0x00007ffb12ba0000 - 0x00007ffb12bbb000 	C:\WINDOWS\SYSTEM32\kernel.appcore.dll
0x00007ffae6e50000 - 0x00007ffae6e5a000 	c:\Users\ranim\.vscode\extensions\redhat.java-1.55.0-win32-x64\jre\21.0.11-win32-x86_64\bin\jimage.dll
0x00007ffb0e6a0000 - 0x00007ffb0e8e2000 	C:\WINDOWS\SYSTEM32\DBGHELP.DLL
0x00007ffb15720000 - 0x00007ffb15aa5000 	C:\WINDOWS\System32\combase.dll
0x00007ffb15da0000 - 0x00007ffb15e79000 	C:\WINDOWS\System32\OLEAUT32.dll
0x00007ffaf8950000 - 0x00007ffaf898b000 	C:\WINDOWS\SYSTEM32\dbgcore.DLL
0x00007ffb14030000 - 0x00007ffb140dc000 	C:\WINDOWS\System32\bcryptPrimitives.dll
0x00007ffa9e960000 - 0x00007ffa9e96f000 	c:\Users\ranim\.vscode\extensions\redhat.java-1.55.0-win32-x64\jre\21.0.11-win32-x86_64\bin\instrument.dll
0x00007ffabeae0000 - 0x00007ffabeb00000 	c:\Users\ranim\.vscode\extensions\redhat.java-1.55.0-win32-x64\jre\21.0.11-win32-x86_64\bin\java.dll
0x00007ffb16170000 - 0x00007ffb168f8000 	C:\WINDOWS\System32\SHELL32.dll
0x00007ffb11960000 - 0x00007ffb121fb000 	C:\WINDOWS\SYSTEM32\windows.storage.dll
0x00007ffb152e0000 - 0x00007ffb153d9000 	C:\WINDOWS\System32\SHCORE.dll
0x00007ffb16100000 - 0x00007ffb16166000 	C:\WINDOWS\System32\shlwapi.dll
0x00007ffb13e10000 - 0x00007ffb13e39000 	C:\WINDOWS\SYSTEM32\profapi.dll
0x00007ffa9e9d0000 - 0x00007ffa9e9e8000 	c:\Users\ranim\.vscode\extensions\redhat.java-1.55.0-win32-x64\jre\21.0.11-win32-x86_64\bin\zip.dll
0x00007ffadfc90000 - 0x00007ffadfca0000 	C:\Users\ranim\.vscode\extensions\redhat.java-1.55.0-win32-x64\jre\21.0.11-win32-x86_64\bin\net.dll
0x00007ffb0c160000 - 0x00007ffb0c287000 	C:\WINDOWS\SYSTEM32\WINHTTP.dll
0x00007ffb13130000 - 0x00007ffb1319c000 	C:\WINDOWS\system32\mswsock.dll
0x00007ffa98cd0000 - 0x00007ffa98ce6000 	C:\Users\ranim\.vscode\extensions\redhat.java-1.55.0-win32-x64\jre\21.0.11-win32-x86_64\bin\nio.dll
0x00007ffad2b90000 - 0x00007ffad2ba0000 	c:\Users\ranim\.vscode\extensions\redhat.java-1.55.0-win32-x64\jre\21.0.11-win32-x86_64\bin\verify.dll
0x00007ffa82e70000 - 0x00007ffa82eb5000 	C:\Users\ranim\AppData\Roaming\Code\User\globalStorage\redhat.java\1.55.0\config_ss_win\org.eclipse.equinox.launcher\org.eclipse.equinox.launcher.win32.win32.x86_64_1.3.100.v20260613-0559\eclipse_11924.dll
0x00007ffb16900000 - 0x00007ffb16a99000 	C:\WINDOWS\System32\ole32.dll
0x00007ffb13550000 - 0x00007ffb1356b000 	C:\WINDOWS\SYSTEM32\CRYPTSP.dll
0x00007ffb12b00000 - 0x00007ffb12b39000 	C:\WINDOWS\system32\rsaenh.dll
0x00007ffb131e0000 - 0x00007ffb13212000 	C:\WINDOWS\SYSTEM32\USERENV.dll
0x00007ffb13de0000 - 0x00007ffb13e0a000 	C:\WINDOWS\SYSTEM32\bcrypt.dll
0x00007ffb13520000 - 0x00007ffb1352c000 	C:\WINDOWS\SYSTEM32\CRYPTBASE.dll
0x00007ffb12550000 - 0x00007ffb12583000 	C:\WINDOWS\SYSTEM32\IPHLPAPI.DLL
0x00007ffb15210000 - 0x00007ffb1521a000 	C:\WINDOWS\System32\NSI.dll
0x00007ffa7cfa0000 - 0x00007ffa7cfe9000 	C:\Users\ranim\AppData\Local\Temp\jna-108280195\jna13612921527387201028.dll
0x00007ffb153e0000 - 0x00007ffb153e8000 	C:\WINDOWS\System32\PSAPI.DLL
0x00007ffb0c3d0000 - 0x00007ffb0c3ed000 	C:\WINDOWS\SYSTEM32\dhcpcsvc6.DLL
0x00007ffb0c3a0000 - 0x00007ffb0c3c5000 	C:\WINDOWS\SYSTEM32\dhcpcsvc.DLL

JVMTI agents:
c:\Users\ranim\.vscode\extensions\redhat.java-1.55.0-win32-x64\lombok\lombok-1.18.39-4050.jar path:c:\Users\ranim\.vscode\extensions\redhat.java-1.55.0-win32-x64\jre\21.0.11-win32-x86_64\bin\instrument.dll, loaded, initialized, instrumentlib options:none

dbghelp: loaded successfully - version: 4.0.5 - missing functions: none
symbol engine: initialized successfully - sym options: 0x614 - pdb path: .;c:\Users\ranim\.vscode\extensions\redhat.java-1.55.0-win32-x64\jre\21.0.11-win32-x86_64\bin;C:\WINDOWS\SYSTEM32;C:\WINDOWS\WinSxS\amd64_microsoft.windows.common-controls_6595b64144ccf1df_6.0.26100.8972_none_3e0da176e32f9d4b;c:\Users\ranim\.vscode\extensions\redhat.java-1.55.0-win32-x64\jre\21.0.11-win32-x86_64\bin\server;C:\Users\ranim\AppData\Roaming\Code\User\globalStorage\redhat.java\1.55.0\config_ss_win\org.eclipse.equinox.launcher\org.eclipse.equinox.launcher.win32.win32.x86_64_1.3.100.v20260613-0559;C:\Users\ranim\AppData\Local\Temp\jna-108280195

VM Arguments:
jvm_args: --add-modules=ALL-SYSTEM --add-opens=java.base/java.util=ALL-UNNAMED --add-opens=java.base/java.lang=ALL-UNNAMED --add-opens=java.base/sun.nio.fs=ALL-UNNAMED -Declipse.application=org.eclipse.jdt.ls.core.id1 -Dosgi.bundles.defaultStartLevel=4 -Declipse.product=org.eclipse.jdt.ls.core.product -Djava.import.generatesMetadataFilesAtProjectRoot=false -DDetectVMInstallationsJob.disabled=true -Dfile.encoding=utf8 -XX:+UseParallelGC -XX:GCTimeRatio=4 -XX:AdaptiveSizePolicyWeight=90 -Dsun.zip.disableMemoryMapping=true -Xmx2G -Xms100m -Xlog:disable -javaagent:c:\Users\ranim\.vscode\extensions\redhat.java-1.55.0-win32-x64\lombok\lombok-1.18.39-4050.jar 
java_command: c:\Users\ranim\.vscode\extensions\redhat.java-1.55.0-win32-x64\server\plugins\org.eclipse.equinox.launcher_1.7.200.v20260619-2039.jar -configuration c:\Users\ranim\AppData\Roaming\Code\User\globalStorage\redhat.java\1.55.0\config_ss_win -data c:\Users\ranim\AppData\Roaming\Code\User\workspaceStorage\a1fee5f42c8201b5ff6b0d36b1f497cc\redhat.java\ss_ws --pipe=\\.\pipe\lsp-b75853f78420dd439922f449c92e3f65-sock
java_class_path (initial): c:\Users\ranim\.vscode\extensions\redhat.java-1.55.0-win32-x64\server\plugins\org.eclipse.equinox.launcher_1.7.200.v20260619-2039.jar
Launcher Type: SUN_STANDARD

[Global flags]
    uintx AdaptiveSizePolicyWeight                 = 90                                        {product} {command line}
     intx CICompilerCount                          = 4                                         {product} {ergonomic}
    uintx GCTimeRatio                              = 4                                         {product} {command line}
   size_t InitialHeapSize                          = 104857600                                 {product} {command line}
   size_t MaxHeapSize                              = 2147483648                                {product} {command line}
   size_t MaxNewSize                               = 715653120                                 {product} {ergonomic}
   size_t MinHeapDeltaBytes                        = 524288                                    {product} {ergonomic}
   size_t MinHeapSize                              = 104857600                                 {product} {command line}
   size_t NewSize                                  = 34603008                                  {product} {ergonomic}
    uintx NonNMethodCodeHeapSize                   = 5839372                                {pd product} {ergonomic}
    uintx NonProfiledCodeHeapSize                  = 122909434                              {pd product} {ergonomic}
   size_t OldSize                                  = 70254592                                  {product} {ergonomic}
    uintx ProfiledCodeHeapSize                     = 122909434                              {pd product} {ergonomic}
    uintx ReservedCodeCacheSize                    = 251658240                              {pd product} {ergonomic}
     bool SegmentedCodeCache                       = true                                      {product} {ergonomic}
   size_t SoftMaxHeapSize                          = 2147483648                             {manageable} {ergonomic}
     bool UseCompressedOops                        = true                           {product lp64_product} {ergonomic}
     bool UseLargePagesIndividualAllocation        = false                                  {pd product} {ergonomic}
     bool UseParallelGC                            = true                                      {product} {command line}

Logging:
Log output configuration:
 #0: stdout all=off uptime,level,tags foldmultilines=false
 #1: stderr all=off uptime,level,tags foldmultilines=false

Release file:
JAVA_VERSION="21.0.11" 
MODULES="java.base java.compiler java.datatransfer java.xml java.prefs java.desktop java.instrument java.logging java.management java.security.sasl java.naming java.rmi java.management.rmi java.net.http java.scripting java.security.jgss java.transaction.xa java.sql java.sql.rowset java.xml.crypto java.se java.smartcardio jdk.accessibility jdk.internal.jvmstat jdk.attach jdk.charsets jdk.internal.opt jdk.zipfs jdk.compiler jdk.crypto.ec jdk.crypto.cryptoki jdk.crypto.mscapi jdk.dynalink jdk.internal.ed jdk.editpad jdk.hotspot.agent jdk.httpserver jdk.internal.le jdk.internal.vm.ci jdk.internal.vm.compiler jdk.internal.vm.compiler.management jdk.jartool jdk.javadoc jdk.jcmd jdk.management jdk.management.agent jdk.jconsole jdk.jdeps jdk.jdwp.agent jdk.jdi jdk.jfr jdk.jshell jdk.jsobject jdk.jstatd jdk.localedata jdk.management.jfr jdk.naming.dns jdk.naming.rmi jdk.net jdk.nio.mapmode jdk.random jdk.sctp jdk.security.auth jdk.security.jgss jdk.unsupported jdk.unsupported.desktop jdk.xml.dom" 

Environment Variables:
JAVA_HOME=C:\Program Files\Eclipse Adoptium\jdk-17.0.19.10-hotspot
PATH=C:\Program Files\Eclipse Adoptium\jdk-17.0.19.10-hotspot\bin;C:\Program Files\Eclipse Adoptium\jdk-25.0.2.10-hotspot\bin;C:\Program Files\NVIDIA GPU Computing Toolkit\CUDA\v12.8\bin;C:\Program Files\NVIDIA GPU Computing Toolkit\CUDA\v12.8\libnvvp;C:\Users\ranim\Downloads\WINDOWS.X64_193000_db_home\bin;C:\app\ranim\product\21c\dbhomeXE\bin;C:\app\ranim\product\21c\dbhomeXE\cfgtoollogs\oui\dbhomeXE\bin;C:\WINDOWS\system32;C:\WINDOWS;C:\WINDOWS\System32\Wbem;C:\WINDOWS\System32\WindowsPowerShell\v1.0\;C:\WINDOWS\System32\OpenSSH\;C:\Program Files\NVIDIA Corporation\NVIDIA NvDLISR;C:\Program Files (x86)\NVIDIA Corporation\PhysX\Common;C:\ProgramData\chocolatey\bin;C:\Users\ranim\AppData\Local\Programs\Python\Python312\Scripts;C:\MinGW\bin;C:\Program Files\NVIDIA Corporation\NVIDIA app\NvDLISR;C:\Program Files\Git\cmd;C:\Program Files\nodejs\;C:\Program Files\dotnet\;C:\Program Files\Docker\Docker\resources\bin;C:\Windows\system32;C:\Users\ranim\.local\bin;C:\Users\ranim\AppData\Local\Microsoft\WindowsApps;C:\Users\ranim\AppData\Local\Programs\Microsoft VS Code\bin;C:\Users\ranim\AppData\Local\Muse Hub\lib;C:\flutter\src\bin;C:\Users\ranim\AppData\Roaming\npm;C:\Program Files\Tesseract-OCR;C:\flutter\bin;C:\Program Files\Eclipse Adoptium\jdk-17.0.19.10-hotspot\bin;C:\Users\ranim\AppData\Local\Android\Sdk\bin;C:\Users\ranim\AppData\Local\Python\bin;C:\Users\ranim\AppData\Local\Programs\mongosh\;C:\Users\ranim\AppData\Local\Programs\MiKTeX\miktex\bin\x64\
USERNAME=ranim
OS=Windows_NT
PROCESSOR_IDENTIFIER=Intel64 Family 6 Model 140 Stepping 1, GenuineIntel
TMP=C:\Users\ranim\AppData\Local\Temp
TEMP=C:\Users\ranim\AppData\Local\Temp




Periodic native trim disabled

---------------  S Y S T E M  ---------------

OS:
 Windows 11 , 64 bit Build 26100 (10.0.26100.8972)
OS uptime: 0 days 15:10 hours
Hyper-V role detected

CPU: total 8 (initial active 8) (4 cores per cpu, 2 threads per core) family 6 model 140 stepping 1 microcode 0xbe, cx8, cmov, fxsr, ht, mmx, 3dnowpref, sse, sse2, sse3, ssse3, sse4.1, sse4.2, popcnt, lzcnt, tsc, tscinvbit, avx, avx2, aes, erms, clmul, bmi1, bmi2, adx, avx512f, avx512dq, avx512cd, avx512bw, avx512vl, sha, fma, vzeroupper, avx512_vpopcntdq, avx512_vpclmulqdq, avx512_vaes, avx512_vnni, clflush, clflushopt, clwb, avx512_vbmi2, avx512_vbmi, hv, rdtscp, rdpid, fsrm, gfni, avx512_bitalg, f16c, cet_ibt, cet_ss, avx512_ifma
Processor Information for the first 8 processors :
  Max Mhz: 2419, Current Mhz: 2419, Mhz Limit: 2419

Memory: 4k page, system-wide physical 12022M (411M free)
TotalPageFile size 20218M (AvailPageFile size 4M)
current process WorkingSet (physical memory assigned to process): 166M, peak: 166M
current process commit charge ("private bytes"): 294M, peak: 295M

vm_info: OpenJDK 64-Bit Server VM (21.0.11+10-LTS) for windows-amd64 JRE (21.0.11+10-LTS), built on 2026-04-21T00:00:00Z by "admin" with MS VC++ 17.12 (VS2022)

END.
