#
# There is insufficient memory for the Java Runtime Environment to continue.
# Native memory allocation (mmap) failed to map 381681664 bytes. Error detail: G1 virtual space
# Possible reasons:
#   The system is out of physical RAM or swap space
#   This process is running with CompressedOops enabled, and the Java Heap may be blocking the growth of the native heap
# Possible solutions:
#   Reduce memory load on the system
#   Increase physical memory or swap space
#   Check if swap backing store is full
#   Decrease Java heap size (-Xmx/-Xms)
#   Decrease number of Java threads
#   Decrease Java thread stack sizes (-Xss)
#   Set larger code cache with -XX:ReservedCodeCacheSize=
#   JVM is running with Zero Based Compressed Oops mode in which the Java heap is
#     placed in the first 32GB address space. The Java Heap base address is the
#     maximum limit for the native heap growth. Please use -XX:HeapBaseMinAddress
#     to set the Java Heap base and to place the Java Heap above 32GB virtual address.
# This output file may be truncated or incomplete.
#
#  Out of Memory Error (os_windows.cpp:3618), pid=14044, tid=20140
#
# JRE version: OpenJDK Runtime Environment Temurin-17.0.19+10 (17.0.19+10) (build 17.0.19+10)
# Java VM: OpenJDK 64-Bit Server VM Temurin-17.0.19+10 (17.0.19+10, mixed mode, sharing, tiered, compressed oops, compressed class ptrs, g1 gc, windows-amd64)
# No core dump will be written. Minidumps are not enabled by default on client versions of Windows
#

---------------  S U M M A R Y ------------

Command Line: --add-opens=java.base/java.lang=ALL-UNNAMED --add-opens=java.base/java.lang.invoke=ALL-UNNAMED --add-opens=java.base/java.util=ALL-UNNAMED --add-opens=java.prefs/java.util.prefs=ALL-UNNAMED --add-exports=jdk.compiler/com.sun.tools.javac.api=ALL-UNNAMED --add-exports=jdk.compiler/com.sun.tools.javac.util=ALL-UNNAMED --add-opens=java.base/java.util=ALL-UNNAMED --add-opens=java.prefs/java.util.prefs=ALL-UNNAMED --add-opens=java.base/java.nio.charset=ALL-UNNAMED --add-opens=java.base/java.net=ALL-UNNAMED --add-opens=java.base/java.util.concurrent.atomic=ALL-UNNAMED --add-opens=java.xml/javax.xml.namespace=ALL-UNNAMED -XX:MaxMetaspaceSize=2g -Xmx4g -Dfile.encoding=UTF-8 -Duser.country=FR -Duser.language=fr -Duser.variant -javaagent:C:\Users\ranim\.gradle\wrapper\dists\gradle-8.14-all\c2qonpi39x1mddn7hk5gh9iqj\gradle-8.14\lib\agents\gradle-instrumentation-agent-8.14.jar org.gradle.launcher.daemon.bootstrap.GradleDaemon 8.14

Host: 11th Gen Intel(R) Core(TM) i5-1135G7 @ 2.40GHz, 8 cores, 11G,  Windows 11 , 64 bit Build 26100 (10.0.26100.9168)
Time: Tue Aug 18 12:16:38 2026 Afr. centrale Ouest elapsed time: 35.622329 seconds (0d 0h 0m 35s)

---------------  T H R E A D  ---------------

Current thread (0x000001d1ffaafd80):  VMThread "VM Thread" [stack: 0x0000009c68200000,0x0000009c68300000] [id=20140]

Stack: [0x0000009c68200000,0x0000009c68300000]
Native frames: (J=compiled Java code, j=interpreted, Vv=VM code, C=native code)
V  [jvm.dll+0x684b29]
V  [jvm.dll+0x83a2d5]
V  [jvm.dll+0x83bd4e]
V  [jvm.dll+0x83c3d3]
V  [jvm.dll+0x24905f]
V  [jvm.dll+0x6818e9]
V  [jvm.dll+0x6766ea]
V  [jvm.dll+0x3093b7]
V  [jvm.dll+0x3109a6]
V  [jvm.dll+0x360f1e]
V  [jvm.dll+0x36115d]
V  [jvm.dll+0x2e043c]
V  [jvm.dll+0x2de812]
V  [jvm.dll+0x2ddfac]
V  [jvm.dll+0x320c6b]
V  [jvm.dll+0x840bed]
V  [jvm.dll+0x841923]
V  [jvm.dll+0x841e4f]
V  [jvm.dll+0x842235]
V  [jvm.dll+0x8422fe]
V  [jvm.dll+0x7eaf1c]
V  [jvm.dll+0x6839f7]
C  [ucrtbase.dll+0x2cd30]
C  [KERNEL32.DLL+0x2ccb7]
C  [ntdll.dll+0xaad6c]

VM_Operation (0x0000009c69bf71a0): G1CollectForAllocation, mode: safepoint, requested by thread 0x000001d1cea39080


---------------  P R O C E S S  ---------------

Threads class SMR info:
_java_thread_list=0x000001d1d502bb20, length=97, elements={
0x000001d1e2a318a0, 0x000001d1ffab7080, 0x000001d1ffab86c0, 0x000001d1ffad3c90,
0x000001d1ffad4560, 0x000001d1ffad4e30, 0x000001d1ffad5700, 0x000001d1ffad63b0,
0x000001d1ffadcfe0, 0x000001d1ffade460, 0x000001d1ffa9b9c0, 0x000001d1cd1c3b00,
0x000001d1cf0ad910, 0x000001d1cd4d1910, 0x000001d1ce1bfb80, 0x000001d1cd9ab5d0,
0x000001d1cea39080, 0x000001d1cea38b70, 0x000001d1cea39590, 0x000001d1cea37730,
0x000001d1cea3a9d0, 0x000001d1d18a82f0, 0x000001d1d18a7de0, 0x000001d1d18a69a0,
0x000001d1d18a8d10, 0x000001d1d18aa150, 0x000001d1d18ac4c0, 0x000001d1cee7dd80,
0x000001d1cee7f6d0, 0x000001d1d2a444e0, 0x000001d1d2a435b0, 0x000001d1d2a449f0,
0x000001d1d2a41c60, 0x000001d1d2a44f00, 0x000001d1d2a45410, 0x000001d1d2a42170,
0x000001d1d2a45e30, 0x000001d1d2a45920, 0x000001d1d2a42b90, 0x000001d1d2a42680,
0x000001d1d2a46850, 0x000001d1d2a430a0, 0x000001d1d2a490d0, 0x000001d1d2a486b0,
0x000001d1d2a47780, 0x000001d1d2a48bc0, 0x000001d1d2a47c90, 0x000001d1d2a46d60,
0x000001d1d2a495e0, 0x000001d1d2a47270, 0x000001d1d2a481a0, 0x000001d1cee7a0c0,
0x000001d1cee77d50, 0x000001d1cee78770, 0x000001d1cee7b500, 0x000001d1cee796a0,
0x000001d1cee7a5d0, 0x000001d1cee7aff0, 0x000001d1cee78c80, 0x000001d1cee78260,
0x000001d1cee7aae0, 0x000001d1cee7ba10, 0x000001d1cee7bf20, 0x000001d1cee7c940,
0x000001d1cee7c430, 0x000001d1cee79190, 0x000001d1cee7ce50, 0x000001d1cee7d360,
0x000001d1cee79bb0, 0x000001d1cee7d870, 0x000001d1cee7e290, 0x000001d1d18abfb0,
0x000001d1d18acee0, 0x000001d1d18ad3f0, 0x000001d1d18abaa0, 0x000001d1d18ab080,
0x000001d1d18aab70, 0x000001d1d18a9c40, 0x000001d1d18ad900, 0x000001d1d18ab590,
0x000001d1d18ae320, 0x000001d1cea38660, 0x000001d1cea37c40, 0x000001d1cea3a4c0,
0x000001d1cea3aee0, 0x000001d1cea39aa0, 0x000001d1cea39fb0, 0x000001d1d50ea9b0,
0x000001d1d50e8640, 0x000001d1d50e9060, 0x000001d1d50e9a80, 0x000001d1d50e8b50,
0x000001d1d50e9570, 0x000001d1d50e7200, 0x000001d1d50eaec0, 0x000001d1d50e9f90,
0x000001d1d50e8130
}

Java Threads: ( => current thread )
  0x000001d1e2a318a0 JavaThread "main" [_thread_blocked, id=20040, stack(0x0000009c67c00000,0x0000009c67d00000)]
  0x000001d1ffab7080 JavaThread "Reference Handler" daemon [_thread_blocked, id=17228, stack(0x0000009c68300000,0x0000009c68400000)]
  0x000001d1ffab86c0 JavaThread "Finalizer" daemon [_thread_blocked, id=10376, stack(0x0000009c68400000,0x0000009c68500000)]
  0x000001d1ffad3c90 JavaThread "Signal Dispatcher" daemon [_thread_blocked, id=15452, stack(0x0000009c68500000,0x0000009c68600000)]
  0x000001d1ffad4560 JavaThread "Attach Listener" daemon [_thread_blocked, id=6676, stack(0x0000009c68600000,0x0000009c68700000)]
  0x000001d1ffad4e30 JavaThread "Service Thread" daemon [_thread_blocked, id=14900, stack(0x0000009c68700000,0x0000009c68800000)]
  0x000001d1ffad5700 JavaThread "Monitor Deflation Thread" daemon [_thread_blocked, id=1208, stack(0x0000009c68800000,0x0000009c68900000)]
  0x000001d1ffad63b0 JavaThread "C2 CompilerThread0" daemon [_thread_blocked, id=4664, stack(0x0000009c68900000,0x0000009c68a00000)]
  0x000001d1ffadcfe0 JavaThread "C1 CompilerThread0" daemon [_thread_blocked, id=12920, stack(0x0000009c68a00000,0x0000009c68b00000)]
  0x000001d1ffade460 JavaThread "Sweeper thread" daemon [_thread_blocked, id=12056, stack(0x0000009c68b00000,0x0000009c68c00000)]
  0x000001d1ffa9b9c0 JavaThread "Common-Cleaner" daemon [_thread_blocked, id=9584, stack(0x0000009c68c00000,0x0000009c68d00000)]
  0x000001d1cd1c3b00 JavaThread "Notification Thread" daemon [_thread_blocked, id=17668, stack(0x0000009c68d00000,0x0000009c68e00000)]
  0x000001d1cf0ad910 JavaThread "Daemon health stats" [_thread_blocked, id=8464, stack(0x0000009c69500000,0x0000009c69600000)]
  0x000001d1cd4d1910 JavaThread "Incoming local TCP Connector on port 49982" [_thread_in_native, id=17264, stack(0x0000009c69600000,0x0000009c69700000)]
  0x000001d1ce1bfb80 JavaThread "Daemon periodic checks" [_thread_blocked, id=19164, stack(0x0000009c69700000,0x0000009c69800000)]
  0x000001d1cd9ab5d0 JavaThread "Daemon" [_thread_blocked, id=18072, stack(0x0000009c69800000,0x0000009c69900000)]
  0x000001d1cea39080 JavaThread "Daemon worker" [_thread_blocked, id=4540, stack(0x0000009c69b00000,0x0000009c69c00000)]
  0x000001d1cea38b70 JavaThread "Cache worker for journal cache (C:\Users\ranim\.gradle\caches\journal-1)" [_thread_blocked, id=14356, stack(0x0000009c69f00000,0x0000009c6a000000)]
  0x000001d1cea39590 JavaThread "File lock request listener" [_thread_in_native, id=11380, stack(0x0000009c6a000000,0x0000009c6a100000)]
  0x000001d1cea37730 JavaThread "Cache worker for file hash cache (C:\Users\ranim\.gradle\caches\8.14\fileHashes)" [_thread_blocked, id=4856, stack(0x0000009c6a100000,0x0000009c6a200000)]
  0x000001d1cea3a9d0 JavaThread "File watcher server" daemon [_thread_in_native, id=19724, stack(0x0000009c6a800000,0x0000009c6a900000)]
  0x000001d1d18a82f0 JavaThread "File watcher consumer" daemon [_thread_blocked, id=4972, stack(0x0000009c6a900000,0x0000009c6aa00000)]
  0x000001d1d18a7de0 JavaThread "jar transforms" [_thread_blocked, id=3132, stack(0x0000009c6aa00000,0x0000009c6ab00000)]
  0x000001d1d18a69a0 JavaThread "jar transforms Thread 2" [_thread_blocked, id=6256, stack(0x0000009c6ab00000,0x0000009c6ac00000)]
  0x000001d1d18a8d10 JavaThread "jar transforms Thread 3" [_thread_blocked, id=13264, stack(0x0000009c6ac00000,0x0000009c6ad00000)]
  0x000001d1d18aa150 JavaThread "Cache worker for file content cache (C:\Users\ranim\.gradle\caches\8.14\fileContent)" [_thread_blocked, id=11300, stack(0x0000009c6af00000,0x0000009c6b000000)]
  0x000001d1d18ac4c0 JavaThread "jar transforms Thread 4" [_thread_blocked, id=12648, stack(0x0000009c6b400000,0x0000009c6b500000)]
  0x000001d1cee7dd80 JavaThread "Memory manager" [_thread_blocked, id=11864, stack(0x0000009c6cc00000,0x0000009c6cd00000)]
  0x000001d1cee7f6d0 JavaThread "included builds" [_thread_blocked, id=8780, stack(0x0000009c6cd00000,0x0000009c6ce00000)]
  0x000001d1d2a444e0 JavaThread "VFS cleanup" [_thread_blocked, id=1532, stack(0x0000009c69300000,0x0000009c69400000)]
  0x000001d1d2a435b0 JavaThread "Handler for socket connection from /127.0.0.1:49982 to /127.0.0.1:64658" [_thread_in_native, id=14924, stack(0x0000009c69900000,0x0000009c69a00000)]
  0x000001d1d2a449f0 JavaThread "Cancel handler" [_thread_blocked, id=18716, stack(0x0000009c69a00000,0x0000009c69b00000)]
  0x000001d1d2a41c60 JavaThread "Asynchronous log dispatcher for DefaultDaemonConnection: socket connection from /127.0.0.1:49982 to /127.0.0.1:64658" [_thread_blocked, id=18388, stack(0x0000009c69c00000,0x0000009c69d00000)]
  0x000001d1d2a44f00 JavaThread "Stdin handler" [_thread_blocked, id=17368, stack(0x0000009c69d00000,0x0000009c69e00000)]
  0x000001d1d2a45410 JavaThread "Daemon client event forwarder" [_thread_blocked, id=4732, stack(0x0000009c69e00000,0x0000009c69f00000)]
  0x000001d1d2a42170 JavaThread "Cache worker for file hash cache (C:\Users\ranim\Desktop\ReportingApp\mobile\android\.gradle\8.14\fileHashes)" [_thread_blocked, id=12672, stack(0x0000009c6a200000,0x0000009c6a300000)]
  0x000001d1d2a45e30 JavaThread "Cache worker for Build Output Cleanup Cache (C:\Users\ranim\Desktop\ReportingApp\mobile\android\.gradle\buildOutputCleanup)" [_thread_blocked, id=4520, stack(0x0000009c6a300000,0x0000009c6a400000)]
  0x000001d1d2a45920 JavaThread "jar transforms Thread 5" [_thread_blocked, id=948, stack(0x0000009c6a400000,0x0000009c6a500000)]
  0x000001d1d2a42b90 JavaThread "jar transforms Thread 6" [_thread_blocked, id=14816, stack(0x0000009c6ae00000,0x0000009c6af00000)]
  0x000001d1d2a42680 JavaThread "Cache worker for checksums cache (C:\Users\ranim\Desktop\ReportingApp\mobile\android\.gradle\8.14\checksums)" [_thread_blocked, id=12260, stack(0x0000009c6b000000,0x0000009c6b100000)]
  0x000001d1d2a46850 JavaThread "Cache worker for cache directory md-supplier (C:\Users\ranim\.gradle\caches\8.14\md-supplier)" [_thread_blocked, id=1524, stack(0x0000009c6b100000,0x0000009c6b200000)]
  0x000001d1d2a430a0 JavaThread "Cache worker for cache directory md-rule (C:\Users\ranim\.gradle\caches\8.14\md-rule)" [_thread_blocked, id=3592, stack(0x0000009c6b200000,0x0000009c6b300000)]
  0x000001d1d2a490d0 JavaThread "Cache worker for Build Output Cleanup Cache (C:\flutter\packages\flutter_tools\gradle\.gradle\buildOutputCleanup)" [_thread_blocked, id=13484, stack(0x0000009c6b300000,0x0000009c6b400000)]
  0x000001d1d2a486b0 JavaThread "Unconstrained build operations" [_thread_blocked, id=8660, stack(0x0000009c6b500000,0x0000009c6b600000)]
  0x000001d1d2a47780 JavaThread "Unconstrained build operations Thread 2" [_thread_blocked, id=19796, stack(0x0000009c6b600000,0x0000009c6b700000)]
  0x000001d1d2a48bc0 JavaThread "Unconstrained build operations Thread 3" [_thread_blocked, id=18360, stack(0x0000009c6b700000,0x0000009c6b800000)]
  0x000001d1d2a47c90 JavaThread "Unconstrained build operations Thread 4" [_thread_blocked, id=10620, stack(0x0000009c6b800000,0x0000009c6b900000)]
  0x000001d1d2a46d60 JavaThread "Unconstrained build operations Thread 5" [_thread_blocked, id=1772, stack(0x0000009c6b900000,0x0000009c6ba00000)]
  0x000001d1d2a495e0 JavaThread "Unconstrained build operations Thread 6" [_thread_blocked, id=5944, stack(0x0000009c6ba00000,0x0000009c6bb00000)]
  0x000001d1d2a47270 JavaThread "Unconstrained build operations Thread 7" [_thread_blocked, id=17436, stack(0x0000009c6bb00000,0x0000009c6bc00000)]
  0x000001d1d2a481a0 JavaThread "Unconstrained build operations Thread 8" [_thread_blocked, id=18412, stack(0x0000009c6bc00000,0x0000009c6bd00000)]
  0x000001d1cee7a0c0 JavaThread "Unconstrained build operations Thread 9" [_thread_blocked, id=5264, stack(0x0000009c6bd00000,0x0000009c6be00000)]
  0x000001d1cee77d50 JavaThread "Unconstrained build operations Thread 10" [_thread_blocked, id=17176, stack(0x0000009c6be00000,0x0000009c6bf00000)]
  0x000001d1cee78770 JavaThread "Unconstrained build operations Thread 11" [_thread_blocked, id=4624, stack(0x0000009c6bf00000,0x0000009c6c000000)]
  0x000001d1cee7b500 JavaThread "Unconstrained build operations Thread 12" [_thread_blocked, id=2612, stack(0x0000009c6c000000,0x0000009c6c100000)]
  0x000001d1cee796a0 JavaThread "Unconstrained build operations Thread 13" [_thread_blocked, id=13564, stack(0x0000009c6c100000,0x0000009c6c200000)]
  0x000001d1cee7a5d0 JavaThread "Unconstrained build operations Thread 14" [_thread_blocked, id=20088, stack(0x0000009c6c200000,0x0000009c6c300000)]
  0x000001d1cee7aff0 JavaThread "build event listener" [_thread_blocked, id=17660, stack(0x0000009c6c300000,0x0000009c6c400000)]
  0x000001d1cee78c80 JavaThread "included builds" [_thread_blocked, id=1640, stack(0x0000009c6c400000,0x0000009c6c500000)]
  0x000001d1cee78260 JavaThread "Execution worker" [_thread_blocked, id=19052, stack(0x0000009c6c500000,0x0000009c6c600000)]
  0x000001d1cee7aae0 JavaThread "Execution worker Thread 2" [_thread_blocked, id=14264, stack(0x0000009c6c600000,0x0000009c6c700000)]
  0x000001d1cee7ba10 JavaThread "Execution worker Thread 3" [_thread_blocked, id=16440, stack(0x0000009c6c700000,0x0000009c6c800000)]
  0x000001d1cee7bf20 JavaThread "Execution worker Thread 4" [_thread_blocked, id=12988, stack(0x0000009c6c800000,0x0000009c6c900000)]
  0x000001d1cee7c940 JavaThread "Execution worker Thread 5" [_thread_blocked, id=12968, stack(0x0000009c6c900000,0x0000009c6ca00000)]
  0x000001d1cee7c430 JavaThread "Execution worker Thread 6" [_thread_blocked, id=15264, stack(0x0000009c6ca00000,0x0000009c6cb00000)]
  0x000001d1cee79190 JavaThread "Execution worker Thread 7" [_thread_blocked, id=18212, stack(0x0000009c6cb00000,0x0000009c6cc00000)]
  0x000001d1cee7ce50 JavaThread "Cache worker for execution history cache (C:\flutter\packages\flutter_tools\gradle\.gradle\8.14\executionHistory)" [_thread_blocked, id=3172, stack(0x0000009c6ce00000,0x0000009c6cf00000)]
  0x000001d1cee7d360 JavaThread "Unconstrained build operations Thread 15" [_thread_blocked, id=13476, stack(0x0000009c6cf00000,0x0000009c6d000000)]
  0x000001d1cee79bb0 JavaThread "Unconstrained build operations Thread 16" [_thread_blocked, id=6308, stack(0x0000009c6d000000,0x0000009c6d100000)]
  0x000001d1cee7d870 JavaThread "Unconstrained build operations Thread 17" [_thread_blocked, id=7836, stack(0x0000009c6d100000,0x0000009c6d200000)]
  0x000001d1cee7e290 JavaThread "Unconstrained build operations Thread 18" [_thread_blocked, id=1096, stack(0x0000009c6d200000,0x0000009c6d300000)]
  0x000001d1d18abfb0 JavaThread "Unconstrained build operations Thread 19" [_thread_blocked, id=6460, stack(0x0000009c6d300000,0x0000009c6d400000)]
  0x000001d1d18acee0 JavaThread "Unconstrained build operations Thread 20" [_thread_blocked, id=20608, stack(0x0000009c6d400000,0x0000009c6d500000)]
  0x000001d1d18ad3f0 JavaThread "Unconstrained build operations Thread 21" [_thread_blocked, id=19560, stack(0x0000009c6d500000,0x0000009c6d600000)]
  0x000001d1d18abaa0 JavaThread "Unconstrained build operations Thread 22" [_thread_blocked, id=12892, stack(0x0000009c6d600000,0x0000009c6d700000)]
  0x000001d1d18ab080 JavaThread "Unconstrained build operations Thread 23" [_thread_blocked, id=9356, stack(0x0000009c6d700000,0x0000009c6d800000)]
  0x000001d1d18aab70 JavaThread "Unconstrained build operations Thread 24" [_thread_blocked, id=6660, stack(0x0000009c6d800000,0x0000009c6d900000)]
  0x000001d1d18a9c40 JavaThread "Unconstrained build operations Thread 25" [_thread_blocked, id=8228, stack(0x0000009c6d900000,0x0000009c6da00000)]
  0x000001d1d18ad900 JavaThread "Unconstrained build operations Thread 26" [_thread_blocked, id=12100, stack(0x0000009c6da00000,0x0000009c6db00000)]
  0x000001d1d18ab590 JavaThread "Unconstrained build operations Thread 27" [_thread_blocked, id=3640, stack(0x0000009c6db00000,0x0000009c6dc00000)]
  0x000001d1d18ae320 JavaThread "Unconstrained build operations Thread 28" [_thread_blocked, id=10484, stack(0x0000009c6dc00000,0x0000009c6dd00000)]
  0x000001d1cea38660 JavaThread "Unconstrained build operations Thread 29" [_thread_blocked, id=12424, stack(0x0000009c6dd00000,0x0000009c6de00000)]
  0x000001d1cea37c40 JavaThread "Unconstrained build operations Thread 30" [_thread_blocked, id=20204, stack(0x0000009c6de00000,0x0000009c6df00000)]
  0x000001d1cea3a4c0 JavaThread "Unconstrained build operations Thread 31" [_thread_blocked, id=14492, stack(0x0000009c6df00000,0x0000009c6e000000)]
  0x000001d1cea3aee0 JavaThread "Unconstrained build operations Thread 32" [_thread_blocked, id=8896, stack(0x0000009c6e000000,0x0000009c6e100000)]
  0x000001d1cea39aa0 JavaThread "Unconstrained build operations Thread 33" [_thread_blocked, id=11700, stack(0x0000009c6e100000,0x0000009c6e200000)]
  0x000001d1cea39fb0 JavaThread "Unconstrained build operations Thread 34" [_thread_blocked, id=5992, stack(0x0000009c6e200000,0x0000009c6e300000)]
  0x000001d1d50ea9b0 JavaThread "Unconstrained build operations Thread 35" [_thread_blocked, id=7072, stack(0x0000009c6e300000,0x0000009c6e400000)]
  0x000001d1d50e8640 JavaThread "Unconstrained build operations Thread 36" [_thread_blocked, id=8640, stack(0x0000009c6e400000,0x0000009c6e500000)]
  0x000001d1d50e9060 JavaThread "Unconstrained build operations Thread 37" [_thread_blocked, id=17828, stack(0x0000009c6e500000,0x0000009c6e600000)]
  0x000001d1d50e9a80 JavaThread "Unconstrained build operations Thread 38" [_thread_blocked, id=11564, stack(0x0000009c6e600000,0x0000009c6e700000)]
  0x000001d1d50e8b50 JavaThread "Unconstrained build operations Thread 39" [_thread_blocked, id=20856, stack(0x0000009c6e700000,0x0000009c6e800000)]
  0x000001d1d50e9570 JavaThread "Unconstrained build operations Thread 40" [_thread_blocked, id=8264, stack(0x0000009c6e800000,0x0000009c6e900000)]
  0x000001d1d50e7200 JavaThread "Unconstrained build operations Thread 41" [_thread_blocked, id=7440, stack(0x0000009c6e900000,0x0000009c6ea00000)]
  0x000001d1d50eaec0 JavaThread "Unconstrained build operations Thread 42" [_thread_blocked, id=21244, stack(0x0000009c6ea00000,0x0000009c6eb00000)]
  0x000001d1d50e9f90 JavaThread "Unconstrained build operations Thread 43" [_thread_blocked, id=13016, stack(0x0000009c6eb00000,0x0000009c6ec00000)]
  0x000001d1d50e8130 JavaThread "Unconstrained build operations Thread 44" [_thread_blocked, id=2300, stack(0x0000009c6ec00000,0x0000009c6ed00000)]

Other Threads:
=>0x000001d1ffaafd80 VMThread "VM Thread" [stack: 0x0000009c68200000,0x0000009c68300000] [id=20140]
  0x000001d1cd180010 WatcherThread [stack: 0x0000009c68e00000,0x0000009c68f00000] [id=4160]
  0x000001d1e2aa04f0 GCTaskThread "GC Thread#0" [stack: 0x0000009c67d00000,0x0000009c67e00000] [id=20068]
  0x000001d1cd27e040 GCTaskThread "GC Thread#1" [stack: 0x0000009c68f00000,0x0000009c69000000] [id=1220]
  0x000001d1cd27e300 GCTaskThread "GC Thread#2" [stack: 0x0000009c69000000,0x0000009c69100000] [id=7564]
  0x000001d1cd27e5c0 GCTaskThread "GC Thread#3" [stack: 0x0000009c69100000,0x0000009c69200000] [id=3084]
  0x000001d1ce4f87e0 GCTaskThread "GC Thread#4" [stack: 0x0000009c69200000,0x0000009c69300000] [id=13116]
  0x000001d1ceb19300 GCTaskThread "GC Thread#5" [stack: 0x0000009c69400000,0x0000009c69500000] [id=12928]
  0x000001d1ceb17d00 GCTaskThread "GC Thread#6" [stack: 0x0000009c6a500000,0x0000009c6a600000] [id=16848]
  0x000001d1ceb18800 GCTaskThread "GC Thread#7" [stack: 0x0000009c6a600000,0x0000009c6a700000] [id=19600]
  0x000001d1e2ab1350 ConcurrentGCThread "G1 Main Marker" [stack: 0x0000009c67e00000,0x0000009c67f00000] [id=14792]
  0x000001d1e2ab2c90 ConcurrentGCThread "G1 Conc#0" [stack: 0x0000009c67f00000,0x0000009c68000000] [id=11036]
  0x000001d1ceb18280 ConcurrentGCThread "G1 Conc#1" [stack: 0x0000009c6a700000,0x0000009c6a800000] [id=21284]
  0x000001d1e2adec40 ConcurrentGCThread "G1 Refine#0" [stack: 0x0000009c68000000,0x0000009c68100000] [id=15168]
  0x000001d1cf52be90 ConcurrentGCThread "G1 Refine#1" [stack: 0x0000009c6ad00000,0x0000009c6ae00000] [id=20288]
  0x000001d1ff966810 ConcurrentGCThread "G1 Service" [stack: 0x0000009c68100000,0x0000009c68200000] [id=12588]

Threads with active compile tasks:

VM state: at safepoint (normal execution)

VM Mutex/Monitor currently owned by a thread:  ([mutex/lock_event])
[0x000001d1e2723990] Threads_lock - owner thread: 0x000001d1ffaafd80
[0x000001d1e2a2e6f0] Heap_lock - owner thread: 0x000001d1cea39080

OutOfMemory and StackOverflow Exception counts:
OutOfMemoryError java_heap_errors=1
LinkageErrors=190

Heap address: 0x0000000700000000, size: 4096 MB, Compressed Oops mode: Zero based, Oop shift amount: 3

CDS archive(s) mapped at: [0x000001d188000000-0x000001d188bb0000-0x000001d188bb0000), size 12255232, SharedBaseAddress: 0x000001d188000000, ArchiveRelocationMode: 1.
Compressed class space mapped at: 0x000001d189000000-0x000001d1c9000000, reserved size: 1073741824
Narrow klass base: 0x000001d188000000, Narrow klass shift: 0, Narrow klass range: 0x100000000

GC Precious Log:
 CPUs: 8 total, 8 available
 Memory: 12022M
 Large Page Support: Disabled
 NUMA Support: Disabled
 Compressed Oops: Enabled (Zero based)
 Heap Region Size: 2M
 Heap Min Capacity: 8M
 Heap Initial Capacity: 188M
 Heap Max Capacity: 4G
 Pre-touch: Disabled
 Parallel Workers: 8
 Concurrent Workers: 2
 Concurrent Refinement Workers: 8
 Periodic GC: Disabled

Heap:
 garbage-first heap   total 192512K, used 87444K [0x0000000700000000, 0x0000000800000000)
  region size 2048K, 2 young (4096K), 2 survivors (4096K)
 Metaspace       used 72893K, committed 73792K, reserved 1114112K
  class space    used 10317K, committed 10752K, reserved 1048576K

Heap Regions: E=young(eden), S=young(survivor), O=old, HS=humongous(starts), HC=humongous(continues), CS=collection set, F=free, OA=open archive, CA=closed archive, TAMS=top-at-mark-start (previous, next)
|   0|0x0000000700000000, 0x0000000700200000, 0x0000000700200000|100%|HS|  |TAMS 0x0000000700200000, 0x0000000700000000| Complete 
|   1|0x0000000700200000, 0x0000000700400000, 0x0000000700400000|100%|HC|  |TAMS 0x0000000700400000, 0x0000000700200000| Complete 
|   2|0x0000000700400000, 0x0000000700600000, 0x0000000700600000|100%| O|  |TAMS 0x0000000700600000, 0x0000000700400000| Untracked 
|   3|0x0000000700600000, 0x0000000700800000, 0x0000000700800000|100%| O|  |TAMS 0x0000000700800000, 0x0000000700600000| Untracked 
|   4|0x0000000700800000, 0x0000000700a00000, 0x0000000700a00000|100%| O|  |TAMS 0x0000000700a00000, 0x0000000700800000| Untracked 
|   5|0x0000000700a00000, 0x0000000700c00000, 0x0000000700c00000|100%| O|  |TAMS 0x0000000700c00000, 0x0000000700a00000| Untracked 
|   6|0x0000000700c00000, 0x0000000700e00000, 0x0000000700e00000|100%| O|  |TAMS 0x0000000700e00000, 0x0000000700c00000| Untracked 
|   7|0x0000000700e00000, 0x0000000701000000, 0x0000000701000000|100%| O|  |TAMS 0x0000000701000000, 0x0000000700e00000| Untracked 
|   8|0x0000000701000000, 0x0000000701200000, 0x0000000701200000|100%| O|  |TAMS 0x0000000701200000, 0x0000000701000000| Untracked 
|   9|0x0000000701200000, 0x0000000701400000, 0x0000000701400000|100%| O|  |TAMS 0x0000000701400000, 0x0000000701200000| Untracked 
|  10|0x0000000701400000, 0x0000000701600000, 0x0000000701600000|100%| O|  |TAMS 0x0000000701600000, 0x0000000701400000| Untracked 
|  11|0x0000000701600000, 0x0000000701800000, 0x0000000701800000|100%| O|  |TAMS 0x0000000701800000, 0x0000000701600000| Untracked 
|  12|0x0000000701800000, 0x0000000701a00000, 0x0000000701a00000|100%| O|  |TAMS 0x0000000701a00000, 0x0000000701800000| Untracked 
|  13|0x0000000701a00000, 0x0000000701c00000, 0x0000000701c00000|100%| O|  |TAMS 0x0000000701c00000, 0x0000000701a00000| Untracked 
|  14|0x0000000701c00000, 0x0000000701e00000, 0x0000000701e00000|100%| O|  |TAMS 0x0000000701e00000, 0x0000000701c00000| Untracked 
|  15|0x0000000701e00000, 0x0000000702000000, 0x0000000702000000|100%| O|  |TAMS 0x0000000702000000, 0x0000000701e00000| Untracked 
|  16|0x0000000702000000, 0x0000000702200000, 0x0000000702200000|100%| O|  |TAMS 0x0000000702200000, 0x0000000702000000| Untracked 
|  17|0x0000000702200000, 0x0000000702400000, 0x0000000702400000|100%| O|  |TAMS 0x0000000702400000, 0x0000000702200000| Untracked 
|  18|0x0000000702400000, 0x0000000702600000, 0x0000000702600000|100%| O|  |TAMS 0x0000000702600000, 0x0000000702400000| Untracked 
|  19|0x0000000702600000, 0x0000000702600000, 0x0000000702800000|  0%| F|  |TAMS 0x0000000702600000, 0x0000000702600000| Untracked 
|  20|0x0000000702800000, 0x0000000702a00000, 0x0000000702a00000|100%|HS|  |TAMS 0x0000000702a00000, 0x0000000702800000| Complete 
|  21|0x0000000702a00000, 0x0000000702c00000, 0x0000000702c00000|100%|HS|  |TAMS 0x0000000702c00000, 0x0000000702a00000| Complete 
|  22|0x0000000702c00000, 0x0000000702e00000, 0x0000000702e00000|100%|HS|  |TAMS 0x0000000702e00000, 0x0000000702c00000| Complete 
|  23|0x0000000702e00000, 0x0000000703000000, 0x0000000703000000|100%|HC|  |TAMS 0x0000000703000000, 0x0000000702e00000| Complete 
|  24|0x0000000703000000, 0x0000000703200000, 0x0000000703200000|100%| O|  |TAMS 0x0000000703000000, 0x0000000703000000| Untracked 
|  25|0x0000000703200000, 0x0000000703400000, 0x0000000703400000|100%| O|  |TAMS 0x0000000703400000, 0x0000000703200000| Untracked 
|  26|0x0000000703400000, 0x00000007035ffff8, 0x0000000703600000| 99%| O|  |TAMS 0x00000007035ffff8, 0x0000000703400000| Untracked 
|  27|0x0000000703600000, 0x0000000703800000, 0x0000000703800000|100%|HS|  |TAMS 0x0000000703800000, 0x0000000703600000| Complete 
|  28|0x0000000703800000, 0x0000000703a00000, 0x0000000703a00000|100%|HC|  |TAMS 0x0000000703a00000, 0x0000000703800000| Complete 
|  29|0x0000000703a00000, 0x0000000703c00000, 0x0000000703c00000|100%| O|  |TAMS 0x0000000703c00000, 0x0000000703a00000| Untracked 
|  30|0x0000000703c00000, 0x0000000703e00000, 0x0000000703e00000|100%| O|  |TAMS 0x0000000703e00000, 0x0000000703c00000| Untracked 
|  31|0x0000000703e00000, 0x0000000704000000, 0x0000000704000000|100%| O|  |TAMS 0x0000000704000000, 0x0000000703e00000| Untracked 
|  32|0x0000000704000000, 0x0000000704200000, 0x0000000704200000|100%| O|  |TAMS 0x0000000704200000, 0x0000000704000000| Untracked 
|  33|0x0000000704200000, 0x0000000704400000, 0x0000000704400000|100%| O|  |TAMS 0x0000000704400000, 0x0000000704200000| Untracked 
|  34|0x0000000704400000, 0x0000000704400000, 0x0000000704600000|  0%| F|  |TAMS 0x0000000704400000, 0x0000000704400000| Untracked 
|  35|0x0000000704600000, 0x0000000704600000, 0x0000000704800000|  0%| F|  |TAMS 0x0000000704600000, 0x0000000704600000| Untracked 
|  36|0x0000000704800000, 0x0000000704a00000, 0x0000000704a00000|100%| O|  |TAMS 0x0000000704a00000, 0x0000000704800000| Untracked 
|  37|0x0000000704a00000, 0x0000000704c00000, 0x0000000704c00000|100%| O|  |TAMS 0x0000000704c00000, 0x0000000704a00000| Untracked 
|  38|0x0000000704c00000, 0x0000000704c00000, 0x0000000704e00000|  0%| F|  |TAMS 0x0000000704c00000, 0x0000000704c00000| Untracked 
|  39|0x0000000704e00000, 0x0000000705000000, 0x0000000705000000|100%| O|  |TAMS 0x0000000705000000, 0x0000000704e00000| Untracked 
|  40|0x0000000705000000, 0x0000000705200000, 0x0000000705200000|100%| O|  |TAMS 0x0000000705200000, 0x0000000705000000| Untracked 
|  41|0x0000000705200000, 0x0000000705400000, 0x0000000705400000|100%| O|  |TAMS 0x0000000705400000, 0x0000000705200000| Untracked 
|  42|0x0000000705400000, 0x0000000705600000, 0x0000000705600000|100%| O|  |TAMS 0x000000070556e600, 0x0000000705400000| Untracked 
|  43|0x0000000705600000, 0x0000000705800000, 0x0000000705800000|100%| O|  |TAMS 0x0000000705600000, 0x0000000705600000| Untracked 
|  44|0x0000000705800000, 0x00000007059d4e00, 0x0000000705a00000| 91%| O|  |TAMS 0x0000000705800000, 0x0000000705800000| Untracked 
|  45|0x0000000705a00000, 0x0000000705a00000, 0x0000000705c00000|  0%| F|  |TAMS 0x0000000705a00000, 0x0000000705a00000| Untracked 
|  46|0x0000000705c00000, 0x0000000705c00000, 0x0000000705e00000|  0%| F|  |TAMS 0x0000000705c00000, 0x0000000705c00000| Untracked 
|  47|0x0000000705e00000, 0x0000000705e00000, 0x0000000706000000|  0%| F|  |TAMS 0x0000000705e00000, 0x0000000705e00000| Untracked 
|  48|0x0000000706000000, 0x0000000706000000, 0x0000000706200000|  0%| F|  |TAMS 0x0000000706000000, 0x0000000706000000| Untracked 
|  49|0x0000000706200000, 0x0000000706200000, 0x0000000706400000|  0%| F|  |TAMS 0x0000000706200000, 0x0000000706200000| Untracked 
|  50|0x0000000706400000, 0x0000000706400000, 0x0000000706600000|  0%| F|  |TAMS 0x0000000706400000, 0x0000000706400000| Untracked 
|  51|0x0000000706600000, 0x0000000706600000, 0x0000000706800000|  0%| F|  |TAMS 0x0000000706600000, 0x0000000706600000| Untracked 
|  52|0x0000000706800000, 0x0000000706800000, 0x0000000706a00000|  0%| F|  |TAMS 0x0000000706800000, 0x0000000706800000| Untracked 
|  53|0x0000000706a00000, 0x0000000706a00000, 0x0000000706c00000|  0%| F|  |TAMS 0x0000000706a00000, 0x0000000706a00000| Untracked 
|  54|0x0000000706c00000, 0x0000000706c00000, 0x0000000706e00000|  0%| F|  |TAMS 0x0000000706c00000, 0x0000000706c00000| Untracked 
|  55|0x0000000706e00000, 0x0000000706e00000, 0x0000000707000000|  0%| F|  |TAMS 0x0000000706e00000, 0x0000000706e00000| Untracked 
|  56|0x0000000707000000, 0x0000000707000000, 0x0000000707200000|  0%| F|  |TAMS 0x0000000707000000, 0x0000000707000000| Untracked 
|  57|0x0000000707200000, 0x0000000707200000, 0x0000000707400000|  0%| F|  |TAMS 0x0000000707200000, 0x0000000707200000| Untracked 
|  58|0x0000000707400000, 0x0000000707590590, 0x0000000707600000| 78%| S|CS|TAMS 0x0000000707400000, 0x0000000707400000| Complete 
|  59|0x0000000707600000, 0x0000000707800000, 0x0000000707800000|100%| S|CS|TAMS 0x0000000707600000, 0x0000000707600000| Complete 
|  60|0x0000000707800000, 0x0000000707800000, 0x0000000707a00000|  0%| F|  |TAMS 0x0000000707800000, 0x0000000707800000| Untracked 
|  61|0x0000000707a00000, 0x0000000707a00000, 0x0000000707c00000|  0%| F|  |TAMS 0x0000000707a00000, 0x0000000707a00000| Untracked 
|  62|0x0000000707c00000, 0x0000000707c00000, 0x0000000707e00000|  0%| F|  |TAMS 0x0000000707c00000, 0x0000000707c00000| Untracked 
|  63|0x0000000707e00000, 0x0000000707e00000, 0x0000000708000000|  0%| F|  |TAMS 0x0000000707e00000, 0x0000000707e00000| Untracked 
|  64|0x0000000708000000, 0x0000000708000000, 0x0000000708200000|  0%| F|  |TAMS 0x0000000708000000, 0x0000000708000000| Untracked 
|  65|0x0000000708200000, 0x0000000708200000, 0x0000000708400000|  0%| F|  |TAMS 0x0000000708200000, 0x0000000708200000| Untracked 
|  66|0x0000000708400000, 0x0000000708400000, 0x0000000708600000|  0%| F|  |TAMS 0x0000000708400000, 0x0000000708400000| Untracked 
|  67|0x0000000708600000, 0x0000000708600000, 0x0000000708800000|  0%| F|  |TAMS 0x0000000708600000, 0x0000000708600000| Untracked 
|  68|0x0000000708800000, 0x0000000708800000, 0x0000000708a00000|  0%| F|  |TAMS 0x0000000708800000, 0x0000000708800000| Untracked 
|  69|0x0000000708a00000, 0x0000000708a00000, 0x0000000708c00000|  0%| F|  |TAMS 0x0000000708a00000, 0x0000000708a00000| Untracked 
|  70|0x0000000708c00000, 0x0000000708c00000, 0x0000000708e00000|  0%| F|  |TAMS 0x0000000708c00000, 0x0000000708c00000| Untracked 
|  71|0x0000000708e00000, 0x0000000708e00000, 0x0000000709000000|  0%| F|  |TAMS 0x0000000708e00000, 0x0000000708e00000| Untracked 
|  72|0x0000000709000000, 0x0000000709000000, 0x0000000709200000|  0%| F|  |TAMS 0x0000000709000000, 0x0000000709000000| Untracked 
|  73|0x0000000709200000, 0x0000000709200000, 0x0000000709400000|  0%| F|  |TAMS 0x0000000709200000, 0x0000000709200000| Untracked 
|  74|0x0000000709400000, 0x0000000709400000, 0x0000000709600000|  0%| F|  |TAMS 0x0000000709400000, 0x0000000709400000| Untracked 
|  75|0x0000000709600000, 0x0000000709600000, 0x0000000709800000|  0%| F|  |TAMS 0x0000000709600000, 0x0000000709600000| Untracked 
|  76|0x0000000709800000, 0x0000000709800000, 0x0000000709a00000|  0%| F|  |TAMS 0x0000000709800000, 0x0000000709800000| Untracked 
|  77|0x0000000709a00000, 0x0000000709a00000, 0x0000000709c00000|  0%| F|  |TAMS 0x0000000709a00000, 0x0000000709a00000| Untracked 
|  78|0x0000000709c00000, 0x0000000709c00000, 0x0000000709e00000|  0%| F|  |TAMS 0x0000000709c00000, 0x0000000709c00000| Untracked 
|  79|0x0000000709e00000, 0x0000000709e00000, 0x000000070a000000|  0%| F|  |TAMS 0x0000000709e00000, 0x0000000709e00000| Untracked 
|  80|0x000000070a000000, 0x000000070a000000, 0x000000070a200000|  0%| F|  |TAMS 0x000000070a000000, 0x000000070a000000| Untracked 
|  81|0x000000070a200000, 0x000000070a200000, 0x000000070a400000|  0%| F|  |TAMS 0x000000070a200000, 0x000000070a200000| Untracked 
|  82|0x000000070a400000, 0x000000070a400000, 0x000000070a600000|  0%| F|  |TAMS 0x000000070a400000, 0x000000070a400000| Untracked 
|  83|0x000000070a600000, 0x000000070a600000, 0x000000070a800000|  0%| F|  |TAMS 0x000000070a600000, 0x000000070a600000| Untracked 
|  84|0x000000070a800000, 0x000000070a800000, 0x000000070aa00000|  0%| F|  |TAMS 0x000000070a800000, 0x000000070a800000| Untracked 
|  85|0x000000070aa00000, 0x000000070aa00000, 0x000000070ac00000|  0%| F|  |TAMS 0x000000070aa00000, 0x000000070aa00000| Untracked 
|  86|0x000000070ac00000, 0x000000070ac00000, 0x000000070ae00000|  0%| F|  |TAMS 0x000000070ac00000, 0x000000070ac00000| Untracked 
|  87|0x000000070ae00000, 0x000000070ae00000, 0x000000070b000000|  0%| F|  |TAMS 0x000000070ae00000, 0x000000070ae00000| Untracked 
|  88|0x000000070b000000, 0x000000070b000000, 0x000000070b200000|  0%| F|  |TAMS 0x000000070b000000, 0x000000070b000000| Untracked 
|  89|0x000000070b200000, 0x000000070b200000, 0x000000070b400000|  0%| F|  |TAMS 0x000000070b200000, 0x000000070b200000| Untracked 
|  90|0x000000070b400000, 0x000000070b400000, 0x000000070b600000|  0%| F|  |TAMS 0x000000070b400000, 0x000000070b400000| Untracked 
|  91|0x000000070b600000, 0x000000070b600000, 0x000000070b800000|  0%| F|  |TAMS 0x000000070b600000, 0x000000070b600000| Untracked 
|  92|0x000000070b800000, 0x000000070b800000, 0x000000070ba00000|  0%| F|  |TAMS 0x000000070b800000, 0x000000070b800000| Untracked 
|  93|0x000000070ba00000, 0x000000070ba00000, 0x000000070bc00000|  0%| F|  |TAMS 0x000000070ba00000, 0x000000070ba00000| Untracked 

Card table byte_map: [0x000001d1fbfd0000,0x000001d1fc7d0000] _byte_map_base: 0x000001d1f87d0000

Marking Bits (Prev, Next): (CMBitMap*) 0x000001d1e2aa0a60, (CMBitMap*) 0x000001d1e2aa0a20
 Prev Bits: [0x000001d184000000, 0x000001d188000000)
 Next Bits: [0x000001d180000000, 0x000001d184000000)

Polling page: 0x000001d1e29b0000

Metaspace:

Usage:
  Non-class:     61.11 MB used.
      Class:     10.08 MB used.
       Both:     71.19 MB used.

Virtual space:
  Non-class space:       64.00 MB reserved,      61.56 MB ( 96%) committed,  1 nodes.
      Class space:        1.00 GB reserved,      10.50 MB (  1%) committed,  1 nodes.
             Both:        1.06 GB reserved,      72.06 MB (  7%) committed. 

Chunk freelists:
   Non-Class:  2.36 MB
       Class:  5.35 MB
        Both:  7.71 MB

MaxMetaspaceSize: 2.00 GB
CompressedClassSpaceSize: 1.00 GB
Initial GC threshold: 21.00 MB
Current GC threshold: 119.94 MB
CDS: on
MetaspaceReclaimPolicy: balanced
 - commit_granule_bytes: 65536.
 - commit_granule_words: 8192.
 - virtual_space_node_default_size: 8388608.
 - enlarge_chunks_in_place: 1.
 - new_chunks_are_fully_committed: 0.
 - uncommit_free_chunks: 1.
 - use_allocation_guard: 0.
 - handle_deallocations: 1.


Internal statistics:

num_allocs_failed_limit: 9.
num_arena_births: 1208.
num_arena_deaths: 0.
num_vsnodes_births: 2.
num_vsnodes_deaths: 0.
num_space_committed: 1153.
num_space_uncommitted: 0.
num_chunks_returned_to_freelist: 9.
num_chunks_taken_from_freelist: 4491.
num_chunk_merges: 9.
num_chunk_splits: 2824.
num_chunks_enlarged: 1702.
num_inconsistent_stats: 0.

CodeHeap 'non-profiled nmethods': size=120000Kb used=5851Kb max_used=5851Kb free=114149Kb
 bounds [0x000001d1f3830000, 0x000001d1f3df0000, 0x000001d1fad60000]
CodeHeap 'profiled nmethods': size=120000Kb used=18704Kb max_used=18704Kb free=101295Kb
 bounds [0x000001d1ebd60000, 0x000001d1ecfb0000, 0x000001d1f3290000]
CodeHeap 'non-nmethods': size=5760Kb used=2392Kb max_used=2442Kb free=3367Kb
 bounds [0x000001d1f3290000, 0x000001d1f3500000, 0x000001d1f3830000]
 total_blobs=10904 nmethods=9993 adapters=823
 compilation: enabled
              stopped_count=0, restarted_count=0
 full_count=0

Compilation events (20 events):
Event: 34.085 Thread 0x000001d1ffad63b0 11715       4       com.google.common.collect.ImmutableMap::entrySet (5 bytes)
Event: 34.088 Thread 0x000001d1ffadcfe0 11756       3       org.gradle.internal.fingerprint.impl.IgnoredPathFileSystemLocationFingerprint::appendToHasher (11 bytes)
Event: 34.088 Thread 0x000001d1ffadcfe0 nmethod 11756 0x000001d1ecfa4690 code [0x000001d1ecfa48a0, 0x000001d1ecfa4e78]
Event: 34.090 Thread 0x000001d1ffadcfe0 11758       3       java.net.URI$Parser::parse (243 bytes)
Event: 34.092 Thread 0x000001d1ffadcfe0 nmethod 11758 0x000001d1ecfa5110 code [0x000001d1ecfa55a0, 0x000001d1ecfa7338]
Event: 34.094 Thread 0x000001d1ffad63b0 nmethod 11715 0x000001d1f3de2b10 code [0x000001d1f3de2cc0, 0x000001d1f3de33d8]
Event: 34.094 Thread 0x000001d1ffad63b0 11757       4       java.net.URI::quote (214 bytes)
Event: 34.099 Thread 0x000001d1ffad63b0 nmethod 11757 0x000001d1f3de3710 code [0x000001d1f3de38a0, 0x000001d1f3de3b08]
Event: 34.099 Thread 0x000001d1ffad63b0 11716       4       org.gradle.cache.internal.btree.BTreePersistentIndexedCache$IndexRoot::getRoot (15 bytes)
Event: 34.099 Thread 0x000001d1ffadcfe0 11759       3       org.gradle.api.internal.initialization.ClassLoaderScopeIdentifier::hashCode (23 bytes)
Event: 34.100 Thread 0x000001d1ffadcfe0 nmethod 11759 0x000001d1ecfa7e90 code [0x000001d1ecfa8080, 0x000001d1ecfa8428]
Event: 34.102 Thread 0x000001d1ffad63b0 nmethod 11716 0x000001d1f3de3e10 code [0x000001d1f3de3fc0, 0x000001d1f3de4248]
Event: 34.102 Thread 0x000001d1ffad63b0 11754       4       java.math.BigInteger::<init> (126 bytes)
Event: 34.123 Thread 0x000001d1ffad63b0 nmethod 11754 0x000001d1f3de4490 code [0x000001d1f3de4640, 0x000001d1f3de5168]
Event: 34.123 Thread 0x000001d1ffad63b0 11709       4       org.gradle.internal.snapshot.MerkleDirectorySnapshotBuilder::collectEntry (52 bytes)
Event: 34.133 Thread 0x000001d1ffad63b0 nmethod 11709 0x000001d1f3de5610 code [0x000001d1f3de57c0, 0x000001d1f3de61d8]
Event: 34.133 Thread 0x000001d1ffad63b0 11703       4       java.util.concurrent.locks.ReentrantLock$NonfairSync::tryAcquire (27 bytes)
Event: 34.135 Thread 0x000001d1ffad63b0 nmethod 11703 0x000001d1f3de6590 code [0x000001d1f3de6700, 0x000001d1f3de6878]
Event: 34.135 Thread 0x000001d1ffad63b0 11755       4       org.gradle.internal.hash.HashCode$HashCode128::hashCode (6 bytes)
Event: 34.135 Thread 0x000001d1ffad63b0 nmethod 11755 0x000001d1f3de6910 code [0x000001d1f3de6a80, 0x000001d1f3de6af8]

GC Heap History (20 events):
Event: 22.332 GC heap after
{Heap after GC invocations=28 (full 0):
 garbage-first heap   total 120832K, used 70048K [0x0000000700000000, 0x0000000800000000)
  region size 2048K, 2 young (4096K), 2 survivors (4096K)
 Metaspace       used 68666K, committed 69440K, reserved 1114112K
  class space    used 9823K, committed 10176K, reserved 1048576K
}
Event: 23.961 GC heap before
{Heap before GC invocations=29 (full 0):
 garbage-first heap   total 122880K, used 98720K [0x0000000700000000, 0x0000000800000000)
  region size 2048K, 16 young (32768K), 2 survivors (4096K)
 Metaspace       used 70463K, committed 71232K, reserved 1114112K
  class space    used 10084K, committed 10496K, reserved 1048576K
}
Event: 23.970 GC heap after
{Heap after GC invocations=30 (full 0):
 garbage-first heap   total 147456K, used 73551K [0x0000000700000000, 0x0000000800000000)
  region size 2048K, 2 young (4096K), 2 survivors (4096K)
 Metaspace       used 70463K, committed 71232K, reserved 1114112K
  class space    used 10084K, committed 10496K, reserved 1048576K
}
Event: 25.003 GC heap before
{Heap before GC invocations=30 (full 0):
 garbage-first heap   total 147456K, used 112463K [0x0000000700000000, 0x0000000800000000)
  region size 2048K, 22 young (45056K), 2 survivors (4096K)
 Metaspace       used 71043K, committed 71808K, reserved 1114112K
  class space    used 10110K, committed 10496K, reserved 1048576K
}
Event: 25.010 GC heap after
{Heap after GC invocations=31 (full 0):
 garbage-first heap   total 147456K, used 76877K [0x0000000700000000, 0x0000000800000000)
  region size 2048K, 3 young (6144K), 3 survivors (6144K)
 Metaspace       used 71043K, committed 71808K, reserved 1114112K
  class space    used 10110K, committed 10496K, reserved 1048576K
}
Event: 32.412 GC heap before
{Heap before GC invocations=32 (full 0):
 garbage-first heap   total 147456K, used 113741K [0x0000000700000000, 0x0000000800000000)
  region size 2048K, 22 young (45056K), 3 survivors (6144K)
 Metaspace       used 72132K, committed 72960K, reserved 1114112K
  class space    used 10276K, committed 10688K, reserved 1048576K
}
Event: 32.419 GC heap after
{Heap after GC invocations=33 (full 0):
 garbage-first heap   total 147456K, used 80041K [0x0000000700000000, 0x0000000800000000)
  region size 2048K, 3 young (6144K), 3 survivors (6144K)
 Metaspace       used 72132K, committed 72960K, reserved 1114112K
  class space    used 10276K, committed 10688K, reserved 1048576K
}
Event: 32.709 GC heap before
{Heap before GC invocations=33 (full 0):
 garbage-first heap   total 147456K, used 114857K [0x0000000700000000, 0x0000000800000000)
  region size 2048K, 20 young (40960K), 3 survivors (6144K)
 Metaspace       used 72338K, committed 73152K, reserved 1114112K
  class space    used 10285K, committed 10688K, reserved 1048576K
}
Event: 32.714 GC heap after
{Heap after GC invocations=34 (full 0):
 garbage-first heap   total 147456K, used 81965K [0x0000000700000000, 0x0000000800000000)
  region size 2048K, 2 young (4096K), 2 survivors (4096K)
 Metaspace       used 72338K, committed 73152K, reserved 1114112K
  class space    used 10285K, committed 10688K, reserved 1048576K
}
Event: 33.385 GC heap before
{Heap before GC invocations=35 (full 0):
 garbage-first heap   total 157696K, used 116781K [0x0000000700000000, 0x0000000800000000)
  region size 2048K, 19 young (38912K), 2 survivors (4096K)
 Metaspace       used 72752K, committed 73664K, reserved 1114112K
  class space    used 10299K, committed 10752K, reserved 1048576K
}
Event: 33.392 GC heap after
{Heap after GC invocations=36 (full 0):
 garbage-first heap   total 157696K, used 86524K [0x0000000700000000, 0x0000000800000000)
  region size 2048K, 3 young (6144K), 3 survivors (6144K)
 Metaspace       used 72752K, committed 73664K, reserved 1114112K
  class space    used 10299K, committed 10752K, reserved 1048576K
}
Event: 33.406 GC heap before
{Heap before GC invocations=36 (full 0):
 garbage-first heap   total 157696K, used 88572K [0x0000000700000000, 0x0000000800000000)
  region size 2048K, 4 young (8192K), 3 survivors (6144K)
 Metaspace       used 72758K, committed 73664K, reserved 1114112K
  class space    used 10299K, committed 10752K, reserved 1048576K
}
Event: 33.413 GC heap after
{Heap after GC invocations=37 (full 0):
 garbage-first heap   total 157696K, used 86607K [0x0000000700000000, 0x0000000800000000)
  region size 2048K, 1 young (2048K), 1 survivors (2048K)
 Metaspace       used 72758K, committed 73664K, reserved 1114112K
  class space    used 10299K, committed 10752K, reserved 1048576K
}
Event: 33.615 GC heap before
{Heap before GC invocations=37 (full 0):
 garbage-first heap   total 157696K, used 123471K [0x0000000700000000, 0x0000000800000000)
  region size 2048K, 20 young (40960K), 1 survivors (2048K)
 Metaspace       used 72797K, committed 73664K, reserved 1114112K
  class space    used 10300K, committed 10752K, reserved 1048576K
}
Event: 33.620 GC heap after
{Heap after GC invocations=38 (full 0):
 garbage-first heap   total 157696K, used 88586K [0x0000000700000000, 0x0000000800000000)
  region size 2048K, 2 young (4096K), 2 survivors (4096K)
 Metaspace       used 72797K, committed 73664K, reserved 1114112K
  class space    used 10300K, committed 10752K, reserved 1048576K
}
Event: 33.830 GC heap before
{Heap before GC invocations=39 (full 0):
 garbage-first heap   total 188416K, used 125450K [0x0000000700000000, 0x0000000800000000)
  region size 2048K, 21 young (43008K), 2 survivors (4096K)
 Metaspace       used 72800K, committed 73664K, reserved 1114112K
  class space    used 10300K, committed 10752K, reserved 1048576K
}
Event: 33.836 GC heap after
{Heap after GC invocations=40 (full 0):
 garbage-first heap   total 188416K, used 89792K [0x0000000700000000, 0x0000000800000000)
  region size 2048K, 3 young (6144K), 3 survivors (6144K)
 Metaspace       used 72800K, committed 73664K, reserved 1114112K
  class space    used 10300K, committed 10752K, reserved 1048576K
}
Event: 33.843 GC heap before
{Heap before GC invocations=40 (full 0):
 garbage-first heap   total 188416K, used 91840K [0x0000000700000000, 0x0000000800000000)
  region size 2048K, 4 young (8192K), 3 survivors (6144K)
 Metaspace       used 72800K, committed 73664K, reserved 1114112K
  class space    used 10300K, committed 10752K, reserved 1048576K
}
Event: 33.851 GC heap after
{Heap after GC invocations=41 (full 0):
 garbage-first heap   total 188416K, used 84902K [0x0000000700000000, 0x0000000800000000)
  region size 2048K, 1 young (2048K), 1 survivors (2048K)
 Metaspace       used 72800K, committed 73664K, reserved 1114112K
  class space    used 10300K, committed 10752K, reserved 1048576K
}
Event: 34.165 GC heap before
{Heap before GC invocations=41 (full 0):
 garbage-first heap   total 188416K, used 148390K [0x0000000700000000, 0x0000000800000000)
  region size 2048K, 32 young (65536K), 1 survivors (2048K)
 Metaspace       used 72893K, committed 73792K, reserved 1114112K
  class space    used 10317K, committed 10752K, reserved 1048576K
}

Dll operation events (15 events):
Event: 0.037 Loaded shared library C:\Program Files\Eclipse Adoptium\jdk-17.0.19.10-hotspot\bin\java.dll
Event: 0.087 Loaded shared library C:\Program Files\Eclipse Adoptium\jdk-17.0.19.10-hotspot\bin\jsvml.dll
Event: 0.205 Loaded shared library C:\Program Files\Eclipse Adoptium\jdk-17.0.19.10-hotspot\bin\zip.dll
Event: 0.209 Loaded shared library C:\Program Files\Eclipse Adoptium\jdk-17.0.19.10-hotspot\bin\instrument.dll
Event: 0.218 Loaded shared library C:\Program Files\Eclipse Adoptium\jdk-17.0.19.10-hotspot\bin\net.dll
Event: 0.223 Loaded shared library C:\Program Files\Eclipse Adoptium\jdk-17.0.19.10-hotspot\bin\nio.dll
Event: 0.227 Loaded shared library C:\Program Files\Eclipse Adoptium\jdk-17.0.19.10-hotspot\bin\zip.dll
Event: 0.847 Loaded shared library C:\Program Files\Eclipse Adoptium\jdk-17.0.19.10-hotspot\bin\jimage.dll
Event: 1.131 Loaded shared library C:\Program Files\Eclipse Adoptium\jdk-17.0.19.10-hotspot\bin\verify.dll
Event: 1.253 Loaded shared library C:\Users\ranim\.gradle\native\1def1411415f61bf3af743bc5b6707747c0891f09f0c88961ee8f79bc544acac\windows-amd64\native-platform.dll
Event: 1.281 Loaded shared library C:\Users\ranim\.gradle\native\0.2.7\x86_64-windows-gnu\gradle-fileevents.dll
Event: 9.907 Loaded shared library C:\Program Files\Eclipse Adoptium\jdk-17.0.19.10-hotspot\bin\management.dll
Event: 9.914 Loaded shared library C:\Program Files\Eclipse Adoptium\jdk-17.0.19.10-hotspot\bin\management_ext.dll
Event: 10.335 Loaded shared library C:\Program Files\Eclipse Adoptium\jdk-17.0.19.10-hotspot\bin\extnet.dll
Event: 10.637 Loaded shared library C:\Program Files\Eclipse Adoptium\jdk-17.0.19.10-hotspot\bin\sunmscapi.dll

Deoptimization events (20 events):
Event: 33.456 Thread 0x000001d1d50eaec0 DEOPT PACKING pc=0x000001d1f3b81f58 sp=0x0000009c6eafde80
Event: 33.456 Thread 0x000001d1d50eaec0 DEOPT UNPACKING pc=0x000001d1f32ea1a3 sp=0x0000009c6eafdde0 mode 2
Event: 34.017 Thread 0x000001d1d50e9a80 Uncommon trap: trap_request=0xffffff45 fr.pc=0x000001d1f3dc7408 relative=0x00000000000001e8
Event: 34.017 Thread 0x000001d1d50e9a80 Uncommon trap: reason=unstable_if action=reinterpret pc=0x000001d1f3dc7408 method=java.util.concurrent.locks.AbstractQueuedSynchronizer.hasQueuedPredecessors()Z @ 33 c2
Event: 34.017 Thread 0x000001d1d50e9a80 DEOPT PACKING pc=0x000001d1f3dc7408 sp=0x0000009c6e6fb3a0
Event: 34.017 Thread 0x000001d1d50e9a80 DEOPT UNPACKING pc=0x000001d1f32ea1a3 sp=0x0000009c6e6fb2e8 mode 2
Event: 34.063 Thread 0x000001d1cea39080 Uncommon trap: trap_request=0xffffff45 fr.pc=0x000001d1f3aab004 relative=0x0000000000000064
Event: 34.063 Thread 0x000001d1cea39080 Uncommon trap: reason=unstable_if action=reinterpret pc=0x000001d1f3aab004 method=java.util.zip.ZipFile$ZipEntryIterator.hasNext()Z @ 8 c2
Event: 34.063 Thread 0x000001d1cea39080 DEOPT PACKING pc=0x000001d1f3aab004 sp=0x0000009c69bf6850
Event: 34.063 Thread 0x000001d1cea39080 DEOPT UNPACKING pc=0x000001d1f32ea1a3 sp=0x0000009c69bf6788 mode 2
Event: 34.090 Thread 0x000001d1cea39080 DEOPT PACKING pc=0x000001d1ebe2835b sp=0x0000009c69bf8ea0
Event: 34.090 Thread 0x000001d1cea39080 DEOPT UNPACKING pc=0x000001d1f32eace3 sp=0x0000009c69bf83d8 mode 0
Event: 34.093 Thread 0x000001d1cea39080 DEOPT PACKING pc=0x000001d1ebe2835b sp=0x0000009c69bf8ea0
Event: 34.093 Thread 0x000001d1cea39080 DEOPT UNPACKING pc=0x000001d1f32eace3 sp=0x0000009c69bf83d8 mode 0
Event: 34.096 Thread 0x000001d1cea39080 DEOPT PACKING pc=0x000001d1ebe2835b sp=0x0000009c69bf8ea0
Event: 34.096 Thread 0x000001d1cea39080 DEOPT UNPACKING pc=0x000001d1f32eace3 sp=0x0000009c69bf83d8 mode 0
Event: 34.104 Thread 0x000001d1cea39080 Uncommon trap: trap_request=0xffffff45 fr.pc=0x000001d1f3afb828 relative=0x0000000000000748
Event: 34.104 Thread 0x000001d1cea39080 Uncommon trap: reason=unstable_if action=reinterpret pc=0x000001d1f3afb828 method=java.lang.ThreadLocal$ThreadLocalMap.set(Ljava/lang/ThreadLocal;Ljava/lang/Object;)V @ 116 c2
Event: 34.104 Thread 0x000001d1cea39080 DEOPT PACKING pc=0x000001d1f3afb828 sp=0x0000009c69bf91f0
Event: 34.104 Thread 0x000001d1cea39080 DEOPT UNPACKING pc=0x000001d1f32ea1a3 sp=0x0000009c69bf9140 mode 2

Classes loaded (20 events):
Event: 32.133 Loading class jdk/internal/math/FormattedFloatingDecimal$2
Event: 32.133 Loading class jdk/internal/math/FormattedFloatingDecimal$2 done
Event: 32.133 Loading class sun/text/resources/cldr/FormatData_en
Event: 32.134 Loading class sun/text/resources/cldr/FormatData_en done
Event: 32.691 Loading class java/util/AbstractList$RandomAccessSubList
Event: 32.691 Loading class java/util/AbstractList$SubList
Event: 32.692 Loading class java/util/AbstractList$SubList done
Event: 32.692 Loading class java/util/AbstractList$RandomAccessSubList done
Event: 32.692 Loading class java/util/AbstractList$SubList$1
Event: 32.692 Loading class java/util/AbstractList$SubList$1 done
Event: 32.727 Loading class java/util/AbstractCollectionBeanInfo
Event: 32.727 Loading class java/util/AbstractCollectionBeanInfo done
Event: 32.727 Loading class java/util/AbstractCollectionBeanInfo
Event: 32.727 Loading class java/util/AbstractCollectionBeanInfo done
Event: 32.727 Loading class java/util/AbstractCollectionCustomizer
Event: 32.727 Loading class java/util/AbstractCollectionCustomizer done
Event: 32.728 Loading class java/util/AbstractCollectionCustomizer
Event: 32.728 Loading class java/util/AbstractCollectionCustomizer done
Event: 32.729 Loading class sun/reflect/generics/reflectiveObjects/GenericArrayTypeImpl
Event: 32.729 Loading class sun/reflect/generics/reflectiveObjects/GenericArrayTypeImpl done

Classes unloaded (0 events):
No events

Classes redefined (0 events):
No events

Internal exceptions (20 events):
Event: 32.720 Thread 0x000001d1cea39080 Exception <a 'java/lang/ClassNotFoundException'{0x000000070b61c468}: org/gradle/api/internal/tasks/DefaultTaskContainerBeanInfo> (0x000000070b61c468) 
thrown [s\src\hotspot\share\classfile\systemDictionary.cpp, line 256]
Event: 32.722 Thread 0x000001d1cea39080 Exception <a 'java/lang/ClassNotFoundException'{0x000000070b635030}: org/gradle/api/internal/tasks/DefaultTaskCollectionBeanInfo> (0x000000070b635030) 
thrown [s\src\hotspot\share\classfile\systemDictionary.cpp, line 256]
Event: 32.724 Thread 0x000001d1cea39080 Exception <a 'java/lang/ClassNotFoundException'{0x000000070b64e4f0}: org/gradle/api/internal/DefaultNamedDomainObjectSetBeanInfo> (0x000000070b64e4f0) 
thrown [s\src\hotspot\share\classfile\systemDictionary.cpp, line 256]
Event: 32.725 Thread 0x000001d1cea39080 Exception <a 'java/lang/ClassNotFoundException'{0x000000070b668158}: org/gradle/api/internal/DefaultNamedDomainObjectCollectionBeanInfo> (0x000000070b668158) 
thrown [s\src\hotspot\share\classfile\systemDictionary.cpp, line 256]
Event: 32.727 Thread 0x000001d1cea39080 Exception <a 'java/lang/ClassNotFoundException'{0x000000070b682868}: org/gradle/api/internal/DefaultDomainObjectCollectionBeanInfo> (0x000000070b682868) 
thrown [s\src\hotspot\share\classfile\systemDictionary.cpp, line 256]
Event: 32.727 Thread 0x000001d1cea39080 Exception <a 'java/lang/ClassNotFoundException'{0x000000070b68c5c8}: java/util/AbstractCollectionBeanInfo> (0x000000070b68c5c8) 
thrown [s\src\hotspot\share\classfile\systemDictionary.cpp, line 256]
Event: 32.728 Thread 0x000001d1cea39080 Exception <a 'java/lang/ClassNotFoundException'{0x000000070b696950}: java/util/AbstractCollectionCustomizer> (0x000000070b696950) 
thrown [s\src\hotspot\share\classfile\systemDictionary.cpp, line 256]
Event: 32.731 Thread 0x000001d1cea39080 Exception <a 'java/lang/ClassNotFoundException'{0x000000070b6c3110}: org/gradle/api/internal/DefaultDomainObjectCollectionCustomizer> (0x000000070b6c3110) 
thrown [s\src\hotspot\share\classfile\systemDictionary.cpp, line 256]
Event: 32.734 Thread 0x000001d1cea39080 Exception <a 'java/lang/ClassNotFoundException'{0x000000070b715190}: org/gradle/api/internal/DefaultNamedDomainObjectCollectionCustomizer> (0x000000070b715190) 
thrown [s\src\hotspot\share\classfile\systemDictionary.cpp, line 256]
Event: 32.737 Thread 0x000001d1cea39080 Exception <a 'java/lang/ClassNotFoundException'{0x000000070b7725d0}: org/gradle/api/internal/DefaultNamedDomainObjectSetCustomizer> (0x000000070b7725d0) 
thrown [s\src\hotspot\share\classfile\systemDictionary.cpp, line 256]
Event: 32.743 Thread 0x000001d1cea39080 Exception <a 'java/lang/ClassNotFoundException'{0x000000070b404e10}: org/gradle/api/internal/tasks/DefaultTaskCollectionCustomizer> (0x000000070b404e10) 
thrown [s\src\hotspot\share\classfile\systemDictionary.cpp, line 256]
Event: 32.747 Thread 0x000001d1cea39080 Exception <a 'java/lang/ClassNotFoundException'{0x000000070b4bf1d0}: org/gradle/api/internal/tasks/DefaultTaskContainerCustomizer> (0x000000070b4bf1d0) 
thrown [s\src\hotspot\share\classfile\systemDictionary.cpp, line 256]
Event: 32.761 Thread 0x000001d1cea39080 Exception <a 'java/lang/ClassNotFoundException'{0x000000070b29e448}: org/gradle/api/internal/tasks/DefaultTaskContainer_DecoratedCustomizer> (0x000000070b29e448) 
thrown [s\src\hotspot\share\classfile\systemDictionary.cpp, line 256]
Event: 33.074 Thread 0x000001d1cee78260 Exception <a 'sun/nio/fs/WindowsException'{0x00000007088e92c8}> (0x00000007088e92c8) 
thrown [s\src\hotspot\share\prims\jni.cpp, line 516]
Event: 33.074 Thread 0x000001d1cee78260 Exception <a 'sun/nio/fs/WindowsException'{0x00000007088eaf80}> (0x00000007088eaf80) 
thrown [s\src\hotspot\share\prims\jni.cpp, line 516]
Event: 33.074 Thread 0x000001d1cee78260 Exception <a 'sun/nio/fs/WindowsException'{0x00000007088ecde8}> (0x00000007088ecde8) 
thrown [s\src\hotspot\share\prims\jni.cpp, line 516]
Event: 33.075 Thread 0x000001d1cee78260 Exception <a 'sun/nio/fs/WindowsException'{0x00000007088ee728}> (0x00000007088ee728) 
thrown [s\src\hotspot\share\prims\jni.cpp, line 516]
Event: 33.083 Thread 0x000001d1cee7ba10 Exception <a 'sun/nio/fs/WindowsException'{0x000000070b187b60}> (0x000000070b187b60) 
thrown [s\src\hotspot\share\prims\jni.cpp, line 516]
Event: 33.084 Thread 0x000001d1cee7ba10 Exception <a 'sun/nio/fs/WindowsException'{0x000000070b189820}> (0x000000070b189820) 
thrown [s\src\hotspot\share\prims\jni.cpp, line 516]
Event: 33.084 Thread 0x000001d1cee7ba10 Exception <a 'sun/nio/fs/WindowsException'{0x0000000708902560}> (0x0000000708902560) 
thrown [s\src\hotspot\share\prims\jni.cpp, line 516]

VM Operations (20 events):
Event: 32.871 Executing VM operation: G1PauseCleanup done
Event: 33.107 Executing VM operation: ICBufferFull
Event: 33.107 Executing VM operation: ICBufferFull done
Event: 33.385 Executing VM operation: G1CollectForAllocation
Event: 33.392 Executing VM operation: G1CollectForAllocation done
Event: 33.406 Executing VM operation: G1CollectForAllocation
Event: 33.413 Executing VM operation: G1CollectForAllocation done
Event: 33.615 Executing VM operation: G1CollectForAllocation
Event: 33.620 Executing VM operation: G1CollectForAllocation done
Event: 33.740 Executing VM operation: G1PauseRemark
Event: 33.745 Executing VM operation: G1PauseRemark done
Event: 33.816 Executing VM operation: G1PauseCleanup
Event: 33.816 Executing VM operation: G1PauseCleanup done
Event: 33.830 Executing VM operation: G1CollectForAllocation
Event: 33.836 Executing VM operation: G1CollectForAllocation done
Event: 33.843 Executing VM operation: G1CollectForAllocation
Event: 33.851 Executing VM operation: G1CollectForAllocation done
Event: 34.117 Executing VM operation: HandshakeAllThreads
Event: 34.117 Executing VM operation: HandshakeAllThreads done
Event: 34.165 Executing VM operation: G1CollectForAllocation

Memory protections (0 events):
No events

Nmethod flushes (20 events):
Event: 25.181 Thread 0x000001d1ffade460 flushing  nmethod 0x000001d1eca60a10
Event: 25.181 Thread 0x000001d1ffade460 flushing  nmethod 0x000001d1eca62010
Event: 25.181 Thread 0x000001d1ffade460 flushing  nmethod 0x000001d1eca67610
Event: 25.181 Thread 0x000001d1ffade460 flushing  nmethod 0x000001d1eca6c710
Event: 25.181 Thread 0x000001d1ffade460 flushing  nmethod 0x000001d1eca78610
Event: 25.181 Thread 0x000001d1ffade460 flushing  nmethod 0x000001d1ecac8b90
Event: 25.181 Thread 0x000001d1ffade460 flushing  nmethod 0x000001d1ecafc010
Event: 25.181 Thread 0x000001d1ffade460 flushing  nmethod 0x000001d1ecafe510
Event: 25.181 Thread 0x000001d1ffade460 flushing  nmethod 0x000001d1ecb28110
Event: 25.181 Thread 0x000001d1ffade460 flushing  nmethod 0x000001d1ecb43310
Event: 25.181 Thread 0x000001d1ffade460 flushing  nmethod 0x000001d1ecb77b10
Event: 25.182 Thread 0x000001d1ffade460 flushing  nmethod 0x000001d1ecb81f10
Event: 25.182 Thread 0x000001d1ffade460 flushing  nmethod 0x000001d1ecbfd090
Event: 25.182 Thread 0x000001d1ffade460 flushing  nmethod 0x000001d1ecc42310
Event: 25.182 Thread 0x000001d1ffade460 flushing  nmethod 0x000001d1ecc73c10
Event: 25.183 Thread 0x000001d1ffade460 flushing  nmethod 0x000001d1eccb3390
Event: 25.183 Thread 0x000001d1ffade460 flushing  nmethod 0x000001d1ecccb210
Event: 25.183 Thread 0x000001d1ffade460 flushing  nmethod 0x000001d1ecccb890
Event: 25.183 Thread 0x000001d1ffade460 flushing  nmethod 0x000001d1eccd5390
Event: 25.183 Thread 0x000001d1ffade460 flushing  nmethod 0x000001d1eccfde90

Events (20 events):
Event: 33.033 Thread 0x000001d1cee78260 Thread added: 0x000001d1d18a9c40
Event: 33.033 Thread 0x000001d1cee78260 Thread added: 0x000001d1d18ad900
Event: 33.034 Thread 0x000001d1cee78260 Thread added: 0x000001d1d18ab590
Event: 33.034 Thread 0x000001d1cee78260 Thread added: 0x000001d1d18ae320
Event: 33.063 Thread 0x000001d1cee78260 Thread added: 0x000001d1cea38660
Event: 33.064 Thread 0x000001d1cee78260 Thread added: 0x000001d1cea37c40
Event: 33.346 Thread 0x000001d1cea39080 Thread added: 0x000001d1cea3a4c0
Event: 33.346 Thread 0x000001d1cea39080 Thread added: 0x000001d1cea3aee0
Event: 33.346 Thread 0x000001d1cea39080 Thread added: 0x000001d1cea39aa0
Event: 33.346 Thread 0x000001d1cea39080 Thread added: 0x000001d1cea39fb0
Event: 33.347 Thread 0x000001d1cea39080 Thread added: 0x000001d1d50ea9b0
Event: 33.348 Thread 0x000001d1cea39080 Thread added: 0x000001d1d50e8640
Event: 33.348 Thread 0x000001d1cea39080 Thread added: 0x000001d1d50e9060
Event: 33.395 Thread 0x000001d1cea39080 Thread added: 0x000001d1d50e9a80
Event: 33.396 Thread 0x000001d1cea39080 Thread added: 0x000001d1d50e8b50
Event: 33.396 Thread 0x000001d1cea39080 Thread added: 0x000001d1d50e9570
Event: 33.396 Thread 0x000001d1cea39080 Thread added: 0x000001d1d50e7200
Event: 33.396 Thread 0x000001d1cea39080 Thread added: 0x000001d1d50eaec0
Event: 33.397 Thread 0x000001d1cea39080 Thread added: 0x000001d1d50e9f90
Event: 33.397 Thread 0x000001d1cea39080 Thread added: 0x000001d1d50e8130


Dynamic libraries:
0x00007ff6e0800000 - 0x00007ff6e080e000 	C:\Program Files\Eclipse Adoptium\jdk-17.0.19.10-hotspot\bin\java.exe
0x00007ffdd9bc0000 - 0x00007ffdd9e26000 	C:\WINDOWS\SYSTEM32\ntdll.dll
0x00007ffdd8950000 - 0x00007ffdd8a19000 	C:\WINDOWS\System32\KERNEL32.DLL
0x00007ffdd6dd0000 - 0x00007ffdd71cf000 	C:\WINDOWS\System32\KERNELBASE.dll
0x00007ffdd74f0000 - 0x00007ffdd763c000 	C:\WINDOWS\System32\ucrtbase.dll
0x00007ffdc1b50000 - 0x00007ffdc1b6e000 	C:\Program Files\Eclipse Adoptium\jdk-17.0.19.10-hotspot\bin\VCRUNTIME140.dll
0x00007ffdbd800000 - 0x00007ffdbd818000 	C:\Program Files\Eclipse Adoptium\jdk-17.0.19.10-hotspot\bin\jli.dll
0x00007ffdd8780000 - 0x00007ffdd8946000 	C:\WINDOWS\System32\USER32.dll
0x00007ffdb6e80000 - 0x00007ffdb7111000 	C:\WINDOWS\WinSxS\amd64_microsoft.windows.common-controls_6595b64144ccf1df_6.0.26100.8972_none_3e0da176e32f9d4b\COMCTL32.dll
0x00007ffdd78c0000 - 0x00007ffdd78e7000 	C:\WINDOWS\System32\win32u.dll
0x00007ffdd8680000 - 0x00007ffdd8729000 	C:\WINDOWS\System32\msvcrt.dll
0x00007ffdd9610000 - 0x00007ffdd963b000 	C:\WINDOWS\System32\GDI32.dll
0x00007ffdd7650000 - 0x00007ffdd7779000 	C:\WINDOWS\System32\gdi32full.dll
0x00007ffdd7810000 - 0x00007ffdd78b3000 	C:\WINDOWS\System32\msvcp_win.dll
0x00007ffdd9b40000 - 0x00007ffdd9b72000 	C:\WINDOWS\System32\IMM32.DLL
0x00007ffdd0440000 - 0x00007ffdd044c000 	C:\Program Files\Eclipse Adoptium\jdk-17.0.19.10-hotspot\bin\vcruntime140_1.dll
0x00007ffdaa980000 - 0x00007ffdaaa0d000 	C:\Program Files\Eclipse Adoptium\jdk-17.0.19.10-hotspot\bin\msvcp140.dll
0x00007ffd73340000 - 0x00007ffd73fac000 	C:\Program Files\Eclipse Adoptium\jdk-17.0.19.10-hotspot\bin\server\jvm.dll
0x00007ffdd7c00000 - 0x00007ffdd7cbc000 	C:\WINDOWS\System32\ADVAPI32.dll
0x00007ffdd7cd0000 - 0x00007ffdd7d7a000 	C:\WINDOWS\System32\sechost.dll
0x00007ffdd8c20000 - 0x00007ffdd8d38000 	C:\WINDOWS\System32\RPCRT4.dll
0x00007ffdd8d40000 - 0x00007ffdd8dc2000 	C:\WINDOWS\System32\WS2_32.dll
0x00007ffdd6c30000 - 0x00007ffdd6c8e000 	C:\WINDOWS\SYSTEM32\POWRPROF.dll
0x00007ffdcc120000 - 0x00007ffdcc156000 	C:\WINDOWS\SYSTEM32\WINMM.dll
0x00007ffdcc060000 - 0x00007ffdcc06b000 	C:\WINDOWS\SYSTEM32\VERSION.dll
0x00007ffdd6c10000 - 0x00007ffdd6c25000 	C:\WINDOWS\SYSTEM32\UMPDC.dll
0x00007ffdd5a80000 - 0x00007ffdd5a9b000 	C:\WINDOWS\SYSTEM32\kernel.appcore.dll
0x00007ffdd0120000 - 0x00007ffdd012a000 	C:\Program Files\Eclipse Adoptium\jdk-17.0.19.10-hotspot\bin\jimage.dll
0x00007ffdd4260000 - 0x00007ffdd44a2000 	C:\WINDOWS\SYSTEM32\DBGHELP.DLL
0x00007ffdd97a0000 - 0x00007ffdd9b25000 	C:\WINDOWS\System32\combase.dll
0x00007ffdd8f20000 - 0x00007ffdd8ff9000 	C:\WINDOWS\System32\OLEAUT32.dll
0x00007ffdb4690000 - 0x00007ffdb46cb000 	C:\WINDOWS\SYSTEM32\dbgcore.DLL
0x00007ffdd7430000 - 0x00007ffdd74dc000 	C:\WINDOWS\System32\bcryptPrimitives.dll
0x00007ffdb8e40000 - 0x00007ffdb8e4e000 	C:\Program Files\Eclipse Adoptium\jdk-17.0.19.10-hotspot\bin\instrument.dll
0x00007ffdbb190000 - 0x00007ffdbb1b5000 	C:\Program Files\Eclipse Adoptium\jdk-17.0.19.10-hotspot\bin\java.dll
0x00007ffd84e40000 - 0x00007ffd84f17000 	C:\Program Files\Eclipse Adoptium\jdk-17.0.19.10-hotspot\bin\jsvml.dll
0x00007ffdd7ef0000 - 0x00007ffdd8678000 	C:\WINDOWS\System32\SHELL32.dll
0x00007ffdd4840000 - 0x00007ffdd50db000 	C:\WINDOWS\SYSTEM32\windows.storage.dll
0x00007ffdd9500000 - 0x00007ffdd95f9000 	C:\WINDOWS\System32\SHCORE.dll
0x00007ffdd9490000 - 0x00007ffdd94f6000 	C:\WINDOWS\System32\shlwapi.dll
0x00007ffdd6cf0000 - 0x00007ffdd6d19000 	C:\WINDOWS\SYSTEM32\profapi.dll
0x00007ffdb8e80000 - 0x00007ffdb8e98000 	C:\Program Files\Eclipse Adoptium\jdk-17.0.19.10-hotspot\bin\zip.dll
0x00007ffdbcea0000 - 0x00007ffdbceba000 	C:\Program Files\Eclipse Adoptium\jdk-17.0.19.10-hotspot\bin\net.dll
0x00007ffdceb00000 - 0x00007ffdcec28000 	C:\WINDOWS\SYSTEM32\WINHTTP.dll
0x00007ffdd6010000 - 0x00007ffdd607c000 	C:\WINDOWS\system32\mswsock.dll
0x00007ffdbb120000 - 0x00007ffdbb136000 	C:\Program Files\Eclipse Adoptium\jdk-17.0.19.10-hotspot\bin\nio.dll
0x00007ffdc43f0000 - 0x00007ffdc4400000 	C:\Program Files\Eclipse Adoptium\jdk-17.0.19.10-hotspot\bin\verify.dll
0x00007ffdb8e50000 - 0x00007ffdb8e77000 	C:\Users\ranim\.gradle\native\1def1411415f61bf3af743bc5b6707747c0891f09f0c88961ee8f79bc544acac\windows-amd64\native-platform.dll
0x00007ffdaa860000 - 0x00007ffdaa8d8000 	C:\Users\ranim\.gradle\native\0.2.7\x86_64-windows-gnu\gradle-fileevents.dll
0x00007ffdc2520000 - 0x00007ffdc252a000 	C:\Program Files\Eclipse Adoptium\jdk-17.0.19.10-hotspot\bin\management.dll
0x00007ffdbf7c0000 - 0x00007ffdbf7cc000 	C:\Program Files\Eclipse Adoptium\jdk-17.0.19.10-hotspot\bin\management_ext.dll
0x00007ffdd7bf0000 - 0x00007ffdd7bf8000 	C:\WINDOWS\System32\PSAPI.DLL
0x00007ffdd5430000 - 0x00007ffdd5463000 	C:\WINDOWS\SYSTEM32\IPHLPAPI.DLL
0x00007ffdd9b30000 - 0x00007ffdd9b3a000 	C:\WINDOWS\System32\NSI.dll
0x00007ffdcfa10000 - 0x00007ffdcfa2d000 	C:\WINDOWS\SYSTEM32\dhcpcsvc6.DLL
0x00007ffdcf9e0000 - 0x00007ffdcfa05000 	C:\WINDOWS\SYSTEM32\dhcpcsvc.DLL
0x00007ffdd54c0000 - 0x00007ffdd5618000 	C:\WINDOWS\SYSTEM32\DNSAPI.dll
0x00007ffdd5e10000 - 0x00007ffdd5e1d000 	C:\WINDOWS\SYSTEM32\DSPARSE.dll
0x00007ffdbd7f0000 - 0x00007ffdbd7f9000 	C:\Program Files\Eclipse Adoptium\jdk-17.0.19.10-hotspot\bin\extnet.dll
0x00007ffdd6430000 - 0x00007ffdd644b000 	C:\WINDOWS\SYSTEM32\CRYPTSP.dll
0x00007ffdd59e0000 - 0x00007ffdd5a19000 	C:\WINDOWS\system32\rsaenh.dll
0x00007ffdd60c0000 - 0x00007ffdd60f2000 	C:\WINDOWS\SYSTEM32\USERENV.dll
0x00007ffdd6cc0000 - 0x00007ffdd6cea000 	C:\WINDOWS\SYSTEM32\bcrypt.dll
0x00007ffdd6400000 - 0x00007ffdd640c000 	C:\WINDOWS\SYSTEM32\CRYPTBASE.dll
0x00007ffdb8e30000 - 0x00007ffdb8e3e000 	C:\Program Files\Eclipse Adoptium\jdk-17.0.19.10-hotspot\bin\sunmscapi.dll
0x00007ffdd72a0000 - 0x00007ffdd741e000 	C:\WINDOWS\System32\CRYPT32.dll
0x00007ffdd65a0000 - 0x00007ffdd65d0000 	C:\WINDOWS\SYSTEM32\ncrypt.dll
0x00007ffdd6550000 - 0x00007ffdd658f000 	C:\WINDOWS\SYSTEM32\NTASN1.dll
0x00007ffda0db0000 - 0x00007ffda0db8000 	C:\WINDOWS\system32\wshunix.dll
0x00007ffd52130000 - 0x00007ffd52148000 	C:\WINDOWS\system32\napinsp.dll
0x00007ffd52110000 - 0x00007ffd52123000 	C:\WINDOWS\System32\winrnr.dll
0x00007ffd520e0000 - 0x00007ffd52102000 	C:\WINDOWS\system32\nlansp_c.dll
0x00007ffdc5e60000 - 0x00007ffdc5e76000 	C:\WINDOWS\system32\wshbth.dll
0x00007ffdcc070000 - 0x00007ffdcc07b000 	C:\Windows\System32\rasadhlp.dll
0x00007ffdcfbb0000 - 0x00007ffdcfc36000 	C:\WINDOWS\System32\fwpuclnt.dll

dbghelp: loaded successfully - version: 4.0.5 - missing functions: none
symbol engine: initialized successfully - sym options: 0x614 - pdb path: .;C:\Program Files\Eclipse Adoptium\jdk-17.0.19.10-hotspot\bin;C:\WINDOWS\SYSTEM32;C:\WINDOWS\WinSxS\amd64_microsoft.windows.common-controls_6595b64144ccf1df_6.0.26100.8972_none_3e0da176e32f9d4b;C:\Program Files\Eclipse Adoptium\jdk-17.0.19.10-hotspot\bin\server;C:\Users\ranim\.gradle\native\1def1411415f61bf3af743bc5b6707747c0891f09f0c88961ee8f79bc544acac\windows-amd64;C:\Users\ranim\.gradle\native\0.2.7\x86_64-windows-gnu

VM Arguments:
jvm_args: --add-opens=java.base/java.lang=ALL-UNNAMED --add-opens=java.base/java.lang.invoke=ALL-UNNAMED --add-opens=java.base/java.util=ALL-UNNAMED --add-opens=java.prefs/java.util.prefs=ALL-UNNAMED --add-exports=jdk.compiler/com.sun.tools.javac.api=ALL-UNNAMED --add-exports=jdk.compiler/com.sun.tools.javac.util=ALL-UNNAMED --add-opens=java.base/java.util=ALL-UNNAMED --add-opens=java.prefs/java.util.prefs=ALL-UNNAMED --add-opens=java.base/java.nio.charset=ALL-UNNAMED --add-opens=java.base/java.net=ALL-UNNAMED --add-opens=java.base/java.util.concurrent.atomic=ALL-UNNAMED --add-opens=java.xml/javax.xml.namespace=ALL-UNNAMED -XX:MaxMetaspaceSize=2g -Xmx4g -Dfile.encoding=UTF-8 -Duser.country=FR -Duser.language=fr -Duser.variant -javaagent:C:\Users\ranim\.gradle\wrapper\dists\gradle-8.14-all\c2qonpi39x1mddn7hk5gh9iqj\gradle-8.14\lib\agents\gradle-instrumentation-agent-8.14.jar 
java_command: org.gradle.launcher.daemon.bootstrap.GradleDaemon 8.14
java_class_path (initial): C:\Users\ranim\.gradle\wrapper\dists\gradle-8.14-all\c2qonpi39x1mddn7hk5gh9iqj\gradle-8.14\lib\gradle-daemon-main-8.14.jar
Launcher Type: SUN_STANDARD

[Global flags]
     intx CICompilerCount                          = 4                                         {product} {ergonomic}
     uint ConcGCThreads                            = 2                                         {product} {ergonomic}
     uint G1ConcRefinementThreads                  = 8                                         {product} {ergonomic}
   size_t G1HeapRegionSize                         = 2097152                                   {product} {ergonomic}
    uintx GCDrainStackTargetSize                   = 64                                        {product} {ergonomic}
   size_t InitialHeapSize                          = 197132288                                 {product} {ergonomic}
   size_t MarkStackSize                            = 4194304                                   {product} {ergonomic}
   size_t MaxHeapSize                              = 4294967296                                {product} {command line}
   size_t MaxMetaspaceSize                         = 2147483648                                {product} {command line}
   size_t MaxNewSize                               = 2575302656                                {product} {ergonomic}
   size_t MinHeapDeltaBytes                        = 2097152                                   {product} {ergonomic}
   size_t MinHeapSize                              = 8388608                                   {product} {ergonomic}
    uintx NonNMethodCodeHeapSize                   = 5839372                                {pd product} {ergonomic}
    uintx NonProfiledCodeHeapSize                  = 122909434                              {pd product} {ergonomic}
    uintx ProfiledCodeHeapSize                     = 122909434                              {pd product} {ergonomic}
    uintx ReservedCodeCacheSize                    = 251658240                              {pd product} {ergonomic}
     bool SegmentedCodeCache                       = true                                      {product} {ergonomic}
   size_t SoftMaxHeapSize                          = 4294967296                             {manageable} {ergonomic}
     bool UseCompressedClassPointers               = true                           {product lp64_product} {ergonomic}
     bool UseCompressedOops                        = true                           {product lp64_product} {ergonomic}
     bool UseG1GC                                  = true                                      {product} {ergonomic}
     bool UseLargePagesIndividualAllocation        = false                                  {pd product} {ergonomic}

Logging:
Log output configuration:
 #0: stdout all=warning uptime,level,tags
 #1: stderr all=off uptime,level,tags

Environment Variables:
JAVA_HOME=C:\Program Files\Eclipse Adoptium\jdk-17.0.19.10-hotspot
CLASSPATH=c:\Users\ranim\.vscode\extensions\vscjava.vscode-gradle-3.18.0\lib\gradle-server.jar
PATH=C:\Program Files\Eclipse Adoptium\jdk-17.0.19.10-hotspot\bin;C:\Program Files\Eclipse Adoptium\jdk-25.0.2.10-hotspot\bin;C:\Program Files\NVIDIA GPU Computing Toolkit\CUDA\v12.8\bin;C:\Program Files\NVIDIA GPU Computing Toolkit\CUDA\v12.8\libnvvp;C:\Users\ranim\Downloads\WINDOWS.X64_193000_db_home\bin;C:\app\ranim\product\21c\dbhomeXE\bin;C:\app\ranim\product\21c\dbhomeXE\cfgtoollogs\oui\dbhomeXE\bin;C:\WINDOWS\system32;C:\WINDOWS;C:\WINDOWS\System32\Wbem;C:\WINDOWS\System32\WindowsPowerShell\v1.0\;C:\WINDOWS\System32\OpenSSH\;C:\Program Files\NVIDIA Corporation\NVIDIA NvDLISR;C:\Program Files (x86)\NVIDIA Corporation\PhysX\Common;C:\ProgramData\chocolatey\bin;C:\Users\ranim\AppData\Local\Programs\Python\Python312\Scripts;C:\MinGW\bin;C:\Program Files\NVIDIA Corporation\NVIDIA app\NvDLISR;C:\Program Files\Git\cmd;C:\Program Files\nodejs\;C:\Program Files\dotnet\;C:\Program Files\Docker\Docker\resources\bin;C:\Windows\system32;C:\Users\ranim\.local\bin;C:\Users\ranim\AppData\Local\Microsoft\WindowsApps;C:\Users\ranim\AppData\Local\Programs\Microsoft VS Code\bin;C:\Users\ranim\AppData\Local\Muse Hub\lib;C:\flutter\src\bin;C:\Users\ranim\AppData\Roaming\npm;C:\Program Files\Tesseract-OCR;C:\flutter\bin;C:\Program Files\Eclipse Adoptium\jdk-17.0.19.10-hotspot\bin;C:\Users\ranim\AppData\Local\Android\Sdk\bin;C:\Users\ranim\AppData\Local\Python\bin;C:\Users\ranim\AppData\Local\Programs\mongosh\;C:\Users\ranim\AppData\Local\Programs\MiKTeX\miktex\bin\x64\
USERNAME=ranim
OS=Windows_NT
PROCESSOR_IDENTIFIER=Intel64 Family 6 Model 140 Stepping 1, GenuineIntel
TMP=C:\Users\ranim\AppData\Local\Temp
TEMP=C:\Users\ranim\AppData\Local\Temp



Periodic native trim disabled


---------------  S Y S T E M  ---------------

OS:
 Windows 11 , 64 bit Build 26100 (10.0.26100.9168)
OS uptime: 4 days 14:20 hours
Hyper-V role detected

CPU: total 8 (initial active 8) (4 cores per cpu, 2 threads per core) family 6 model 140 stepping 1 microcode 0xbe, cx8, cmov, fxsr, ht, mmx, 3dnowpref, sse, sse2, sse3, ssse3, sse4.1, sse4.2, popcnt, lzcnt, tsc, tscinvbit, avx, avx2, aes, erms, clmul, bmi1, bmi2, adx, avx512f, avx512dq, avx512cd, avx512bw, avx512vl, sha, fma, vzeroupper, avx512_vpopcntdq, avx512_vpclmulqdq, avx512_vaes, avx512_vnni, clflush, clflushopt, clwb, avx512_vbmi2, avx512_vbmi, hv
Processor Information for all 8 processors :
  Max Mhz: 2419, Current Mhz: 2419, Mhz Limit: 2419

Memory: 4k page, system-wide physical 12022M (319M free)
TotalPageFile size 20218M (AvailPageFile size 247M)
current process WorkingSet (physical memory assigned to process): 407M, peak: 407M
current process commit charge ("private bytes"): 451M, peak: 815M

vm_info: OpenJDK 64-Bit Server VM (17.0.19+10) for windows-amd64 JRE (17.0.19+10), built on Apr 25 2026 08:04:44 by "admin" with MS VC++ 17.12 (VS2022)

END.
