#
# There is insufficient memory for the Java Runtime Environment to continue.
# Native memory allocation (mmap) failed to map 136314880 bytes. Error detail: G1 virtual space
# Possible reasons:
#   The system is out of physical RAM or swap space
#   This process is running with CompressedOops enabled, and the Java Heap may be blocking the growth of the native heap
# Possible solutions:
#   Reduce memory load on the system
#   Increase physical memory or swap space
#   Check if swap backing store is full
#   Decrease Java heap size (-Xmx/-Xms)
#   Decrease number of Java threads
#   Decrease Java thread stack sizes (-Xss)
#   Set larger code cache with -XX:ReservedCodeCacheSize=
#   JVM is running with Zero Based Compressed Oops mode in which the Java heap is
#     placed in the first 32GB address space. The Java Heap base address is the
#     maximum limit for the native heap growth. Please use -XX:HeapBaseMinAddress
#     to set the Java Heap base and to place the Java Heap above 32GB virtual address.
# This output file may be truncated or incomplete.
#
#  Out of Memory Error (os_windows.cpp:3618), pid=16204, tid=21144
#
# JRE version: OpenJDK Runtime Environment Temurin-17.0.19+10 (17.0.19+10) (build 17.0.19+10)
# Java VM: OpenJDK 64-Bit Server VM Temurin-17.0.19+10 (17.0.19+10, mixed mode, sharing, tiered, compressed oops, compressed class ptrs, g1 gc, windows-amd64)
# No core dump will be written. Minidumps are not enabled by default on client versions of Windows
#

---------------  S U M M A R Y ------------

Command Line: --add-opens=java.base/java.lang=ALL-UNNAMED --add-opens=java.base/java.lang.invoke=ALL-UNNAMED --add-opens=java.base/java.util=ALL-UNNAMED --add-opens=java.prefs/java.util.prefs=ALL-UNNAMED --add-exports=jdk.compiler/com.sun.tools.javac.api=ALL-UNNAMED --add-exports=jdk.compiler/com.sun.tools.javac.util=ALL-UNNAMED --add-opens=java.base/java.util=ALL-UNNAMED --add-opens=java.prefs/java.util.prefs=ALL-UNNAMED --add-opens=java.base/java.nio.charset=ALL-UNNAMED --add-opens=java.base/java.net=ALL-UNNAMED --add-opens=java.base/java.util.concurrent.atomic=ALL-UNNAMED --add-opens=java.xml/javax.xml.namespace=ALL-UNNAMED -XX:MaxMetaspaceSize=2g -Xmx4g -Dfile.encoding=UTF-8 -Duser.country=FR -Duser.language=fr -Duser.variant -javaagent:C:\Users\ranim\.gradle\wrapper\dists\gradle-8.14-all\c2qonpi39x1mddn7hk5gh9iqj\gradle-8.14\lib\agents\gradle-instrumentation-agent-8.14.jar org.gradle.launcher.daemon.bootstrap.GradleDaemon 8.14

Host: 11th Gen Intel(R) Core(TM) i5-1135G7 @ 2.40GHz, 8 cores, 11G,  Windows 11 , 64 bit Build 26100 (10.0.26100.8972)
Time: Mon Aug 10 10:38:10 2026 Afr. centrale Ouest elapsed time: 18.541437 seconds (0d 0h 0m 18s)

---------------  T H R E A D  ---------------

Current thread (0x0000023fd851cef0):  VMThread "VM Thread" [stack: 0x000000f07e800000,0x000000f07e900000] [id=21144]

Stack: [0x000000f07e800000,0x000000f07e900000]
Native frames: (J=compiled Java code, j=interpreted, Vv=VM code, C=native code)
V  [jvm.dll+0x684b29]
V  [jvm.dll+0x83a2d5]
V  [jvm.dll+0x83bd4e]
V  [jvm.dll+0x83c3d3]
V  [jvm.dll+0x24905f]
V  [jvm.dll+0x6818e9]
V  [jvm.dll+0x6766ea]
V  [jvm.dll+0x3093b7]
V  [jvm.dll+0x3109a6]
V  [jvm.dll+0x360f1e]
V  [jvm.dll+0x36115d]
V  [jvm.dll+0x2e043c]
V  [jvm.dll+0x2de812]
V  [jvm.dll+0x2ddfac]
V  [jvm.dll+0x321041]
V  [jvm.dll+0x840bed]
V  [jvm.dll+0x841923]
V  [jvm.dll+0x841e4f]
V  [jvm.dll+0x842235]
V  [jvm.dll+0x8422fe]
V  [jvm.dll+0x7eaf1c]
V  [jvm.dll+0x6839f7]
C  [ucrtbase.dll+0x2cd30]
C  [KERNEL32.DLL+0x2ccb7]
C  [ntdll.dll+0xaad6c]

VM_Operation (0x000000f0002f6a30): G1TryInitiateConcMark, mode: safepoint, requested by thread 0x000002401f5fb310


---------------  P R O C E S S  ---------------

Threads class SMR info:
_java_thread_list=0x00000240223131f0, length=112, elements={
0x0000023fb3a92a60, 0x0000023fd851e650, 0x0000023fd8b852b0, 0x0000023fd8b9d8c0,
0x0000023fd8b9e190, 0x0000023fd8b9ea60, 0x0000023fd8b9f330, 0x0000023fd8ba26e0,
0x0000023fd8ba8aa0, 0x0000023fd8bcc970, 0x0000023fd850b3a0, 0x0000023fd8e428f0,
0x000002401f3bd6f0, 0x000002401f846580, 0x000002401f5d7930, 0x000002401f5fa3e0,
0x000002401f5fa8f0, 0x000002401f5fae00, 0x000002401f5fb310, 0x000002401f5fb820,
0x000002401f5f8070, 0x000002401f5f8fa0, 0x000002401f5f99c0, 0x000002401fe01ef0,
0x000002401fe005a0, 0x000002401fe03330, 0x000002401fe014d0, 0x000002401fe00090,
0x000002401fe00fc0, 0x000002401fe04260, 0x000002401fe04770, 0x000002401fe02e20,
0x000002401fe05bb0, 0x000002401fe065d0, 0x000002401fe06ae0, 0x000002401fe06ff0,
0x000002401fe07a10, 0x000002402190ca90, 0x000002402190ee00, 0x000002402190f820,
0x000002402190cfa0, 0x000002402190d4b0, 0x000002402190c070, 0x000002402190d9c0,
0x000002402190c580, 0x000002402190f310, 0x000002402190ded0, 0x000002402190e3e0,
0x000002402190e8f0, 0x00000240220e13d0, 0x00000240220e09b0, 0x00000240220e0ec0,
0x00000240220e18e0, 0x00000240220e1df0, 0x00000240220e2810, 0x00000240220df570,
0x00000240220e2300, 0x00000240220e2d20, 0x00000240220e3230, 0x00000240220e04a0,
0x00000240220e4160, 0x00000240220e4670, 0x00000240220e4b80, 0x00000240220e5090,
0x00000240220e55a0, 0x00000240220e5ab0, 0x00000240220e5fc0, 0x00000240220e64d0,
0x000002401f5f9ed0, 0x0000024022efec10, 0x0000024022f00a70, 0x0000024022f01490,
0x0000024022f00050, 0x0000024022eff120, 0x0000024022f01eb0, 0x0000024022f00560,
0x0000024022f019a0, 0x0000024022efe700, 0x0000024022f00f80, 0x0000024022eff630,
0x0000024022f023c0, 0x0000024022f02de0, 0x0000024022f028d0, 0x0000024022f032f0,
0x0000024022effb40, 0x0000024022f03800, 0x0000024022f03d10, 0x0000024022f04220,
0x0000024022f04730, 0x0000024022f04c40, 0x0000024022f05150, 0x0000024022f05660,
0x0000024022f05b70, 0x0000024022f06080, 0x0000024023057fb0, 0x0000024023057590,
0x0000024023057080, 0x0000024023056b70, 0x000002402305a830, 0x0000024023059900,
0x0000024023059e10, 0x000002402305a320, 0x000002402305ad40, 0x000002402305b250,
0x00000240230584c0, 0x0000024023057aa0, 0x000002402305c180, 0x00000240230589d0,
0x000002402305b760, 0x000002402305bc70, 0x000002402305c690, 0x0000024023058ee0
}

Java Threads: ( => current thread )
  0x0000023fb3a92a60 JavaThread "main" [_thread_blocked, id=8696, stack(0x000000f07e200000,0x000000f07e300000)]
  0x0000023fd851e650 JavaThread "Reference Handler" daemon [_thread_blocked, id=21304, stack(0x000000f07e900000,0x000000f07ea00000)]
  0x0000023fd8b852b0 JavaThread "Finalizer" daemon [_thread_blocked, id=21284, stack(0x000000f07ea00000,0x000000f07eb00000)]
  0x0000023fd8b9d8c0 JavaThread "Signal Dispatcher" daemon [_thread_blocked, id=9752, stack(0x000000f07eb00000,0x000000f07ec00000)]
  0x0000023fd8b9e190 JavaThread "Attach Listener" daemon [_thread_blocked, id=20920, stack(0x000000f07ec00000,0x000000f07ed00000)]
  0x0000023fd8b9ea60 JavaThread "Service Thread" daemon [_thread_blocked, id=18804, stack(0x000000f07ed00000,0x000000f07ee00000)]
  0x0000023fd8b9f330 JavaThread "Monitor Deflation Thread" daemon [_thread_blocked, id=4788, stack(0x000000f07ee00000,0x000000f07ef00000)]
  0x0000023fd8ba26e0 JavaThread "C2 CompilerThread0" daemon [_thread_blocked, id=7780, stack(0x000000f07ef00000,0x000000f07f000000)]
  0x0000023fd8ba8aa0 JavaThread "C1 CompilerThread0" daemon [_thread_blocked, id=10684, stack(0x000000f07f000000,0x000000f07f100000)]
  0x0000023fd8bcc970 JavaThread "Sweeper thread" daemon [_thread_blocked, id=20772, stack(0x000000f07f100000,0x000000f07f200000)]
  0x0000023fd850b3a0 JavaThread "Common-Cleaner" daemon [_thread_blocked, id=16552, stack(0x000000f07f200000,0x000000f07f300000)]
  0x0000023fd8e428f0 JavaThread "Notification Thread" daemon [_thread_blocked, id=15608, stack(0x000000f07f300000,0x000000f07f400000)]
  0x000002401f3bd6f0 JavaThread "Daemon health stats" [_thread_blocked, id=18980, stack(0x000000f07fc00000,0x000000f07fd00000)]
  0x000002401f846580 JavaThread "Incoming local TCP Connector on port 62640" [_thread_in_native, id=12460, stack(0x000000f07fd00000,0x000000f07fe00000)]
  0x000002401f5d7930 JavaThread "Daemon periodic checks" [_thread_blocked, id=20768, stack(0x000000f07fe00000,0x000000f07ff00000)]
  0x000002401f5fa3e0 JavaThread "Daemon" [_thread_blocked, id=21156, stack(0x000000f07ff00000,0x000000f080000000)]
  0x000002401f5fa8f0 JavaThread "Handler for socket connection from /127.0.0.1:62640 to /127.0.0.1:62641" [_thread_in_native, id=17176, stack(0x000000f000000000,0x000000f000100000)]
  0x000002401f5fae00 JavaThread "Cancel handler" [_thread_blocked, id=15248, stack(0x000000f000100000,0x000000f000200000)]
  0x000002401f5fb310 JavaThread "Daemon worker" [_thread_blocked, id=20076, stack(0x000000f000200000,0x000000f000300000)]
  0x000002401f5fb820 JavaThread "Asynchronous log dispatcher for DefaultDaemonConnection: socket connection from /127.0.0.1:62640 to /127.0.0.1:62641" [_thread_blocked, id=19624, stack(0x000000f000300000,0x000000f000400000)]
  0x000002401f5f8070 JavaThread "Stdin handler" [_thread_blocked, id=20064, stack(0x000000f000400000,0x000000f000500000)]
  0x000002401f5f8fa0 JavaThread "Daemon client event forwarder" [_thread_blocked, id=3748, stack(0x000000f000500000,0x000000f000600000)]
  0x000002401f5f99c0 JavaThread "Cache worker for journal cache (C:\Users\ranim\.gradle\caches\journal-1)" [_thread_blocked, id=1452, stack(0x000000f000600000,0x000000f000700000)]
  0x000002401fe01ef0 JavaThread "File lock request listener" [_thread_in_native, id=7020, stack(0x000000f000700000,0x000000f000800000)]
  0x000002401fe005a0 JavaThread "Cache worker for file hash cache (C:\Users\ranim\.gradle\caches\8.14\fileHashes)" [_thread_blocked, id=19968, stack(0x000000f000800000,0x000000f000900000)]
  0x000002401fe03330 JavaThread "Cache worker for file hash cache (C:\Users\ranim\Desktop\ReportingApp\mobile\android\.gradle\8.14\fileHashes)" [_thread_blocked, id=19472, stack(0x000000f000900000,0x000000f000a00000)]
  0x000002401fe014d0 JavaThread "Cache worker for Build Output Cleanup Cache (C:\Users\ranim\Desktop\ReportingApp\mobile\android\.gradle\buildOutputCleanup)" [_thread_blocked, id=12388, stack(0x000000f000a00000,0x000000f000b00000)]
  0x000002401fe00090 JavaThread "File watcher server" daemon [_thread_in_native, id=8152, stack(0x000000f000c00000,0x000000f000d00000)]
  0x000002401fe00fc0 JavaThread "File watcher consumer" daemon [_thread_blocked, id=20888, stack(0x000000f000d00000,0x000000f000e00000)]
  0x000002401fe04260 JavaThread "jar transforms" [_thread_blocked, id=8344, stack(0x000000f000e00000,0x000000f000f00000)]
  0x000002401fe04770 JavaThread "jar transforms Thread 2" [_thread_blocked, id=12860, stack(0x000000f000f00000,0x000000f001000000)]
  0x000002401fe02e20 JavaThread "Cache worker for checksums cache (C:\Users\ranim\Desktop\ReportingApp\mobile\android\.gradle\8.14\checksums)" [_thread_blocked, id=21480, stack(0x000000f001200000,0x000000f001300000)]
  0x000002401fe05bb0 JavaThread "Cache worker for file content cache (C:\Users\ranim\.gradle\caches\8.14\fileContent)" [_thread_blocked, id=15572, stack(0x000000f001300000,0x000000f001400000)]
  0x000002401fe065d0 JavaThread "Cache worker for cache directory md-supplier (C:\Users\ranim\.gradle\caches\8.14\md-supplier)" [_thread_blocked, id=15372, stack(0x000000f001400000,0x000000f001500000)]
  0x000002401fe06ae0 JavaThread "Cache worker for cache directory md-rule (C:\Users\ranim\.gradle\caches\8.14\md-rule)" [_thread_blocked, id=13124, stack(0x000000f001500000,0x000000f001600000)]
  0x000002401fe06ff0 JavaThread "Cache worker for Build Output Cleanup Cache (C:\flutter\packages\flutter_tools\gradle\.gradle\buildOutputCleanup)" [_thread_blocked, id=16760, stack(0x000000f001600000,0x000000f001700000)]
  0x000002401fe07a10 JavaThread "Unconstrained build operations" [_thread_blocked, id=4916, stack(0x000000f001700000,0x000000f001800000)]
  0x000002402190ca90 JavaThread "Unconstrained build operations Thread 2" [_thread_blocked, id=12576, stack(0x000000f001800000,0x000000f001900000)]
  0x000002402190ee00 JavaThread "Unconstrained build operations Thread 3" [_thread_blocked, id=11596, stack(0x000000f001900000,0x000000f001a00000)]
  0x000002402190f820 JavaThread "Unconstrained build operations Thread 4" [_thread_blocked, id=5652, stack(0x000000f001a00000,0x000000f001b00000)]
  0x000002402190cfa0 JavaThread "Unconstrained build operations Thread 5" [_thread_blocked, id=9364, stack(0x000000f001b00000,0x000000f001c00000)]
  0x000002402190d4b0 JavaThread "Unconstrained build operations Thread 6" [_thread_blocked, id=14760, stack(0x000000f001c00000,0x000000f001d00000)]
  0x000002402190c070 JavaThread "Unconstrained build operations Thread 7" [_thread_blocked, id=12512, stack(0x000000f001d00000,0x000000f001e00000)]
  0x000002402190d9c0 JavaThread "Unconstrained build operations Thread 8" [_thread_blocked, id=21412, stack(0x000000f001e00000,0x000000f001f00000)]
  0x000002402190c580 JavaThread "Unconstrained build operations Thread 9" [_thread_blocked, id=12432, stack(0x000000f001f00000,0x000000f002000000)]
  0x000002402190f310 JavaThread "Unconstrained build operations Thread 10" [_thread_blocked, id=15540, stack(0x000000f002000000,0x000000f002100000)]
  0x000002402190ded0 JavaThread "Unconstrained build operations Thread 11" [_thread_blocked, id=20304, stack(0x000000f002100000,0x000000f002200000)]
  0x000002402190e3e0 JavaThread "Unconstrained build operations Thread 12" [_thread_blocked, id=16928, stack(0x000000f002200000,0x000000f002300000)]
  0x000002402190e8f0 JavaThread "Unconstrained build operations Thread 13" [_thread_blocked, id=3452, stack(0x000000f002300000,0x000000f002400000)]
  0x00000240220e13d0 JavaThread "Unconstrained build operations Thread 14" [_thread_blocked, id=5928, stack(0x000000f002400000,0x000000f002500000)]
  0x00000240220e09b0 JavaThread "Unconstrained build operations Thread 15" [_thread_blocked, id=6680, stack(0x000000f002500000,0x000000f002600000)]
  0x00000240220e0ec0 JavaThread "Unconstrained build operations Thread 16" [_thread_blocked, id=3564, stack(0x000000f002600000,0x000000f002700000)]
  0x00000240220e18e0 JavaThread "Unconstrained build operations Thread 17" [_thread_blocked, id=20432, stack(0x000000f002700000,0x000000f002800000)]
  0x00000240220e1df0 JavaThread "Unconstrained build operations Thread 18" [_thread_blocked, id=17544, stack(0x000000f002800000,0x000000f002900000)]
  0x00000240220e2810 JavaThread "Unconstrained build operations Thread 19" [_thread_blocked, id=13060, stack(0x000000f002900000,0x000000f002a00000)]
  0x00000240220df570 JavaThread "Unconstrained build operations Thread 20" [_thread_blocked, id=17412, stack(0x000000f002a00000,0x000000f002b00000)]
  0x00000240220e2300 JavaThread "Unconstrained build operations Thread 21" [_thread_blocked, id=19736, stack(0x000000f002b00000,0x000000f002c00000)]
  0x00000240220e2d20 JavaThread "Memory manager" [_thread_blocked, id=5348, stack(0x000000f002c00000,0x000000f002d00000)]
  0x00000240220e3230 JavaThread "build event listener" [_thread_blocked, id=6976, stack(0x000000f002d00000,0x000000f002e00000)]
  0x00000240220e04a0 JavaThread "included builds" [_thread_blocked, id=20612, stack(0x000000f002e00000,0x000000f002f00000)]
  0x00000240220e4160 JavaThread "Execution worker" [_thread_blocked, id=8968, stack(0x000000f002f00000,0x000000f003000000)]
  0x00000240220e4670 JavaThread "Execution worker Thread 2" [_thread_blocked, id=15672, stack(0x000000f003000000,0x000000f003100000)]
  0x00000240220e4b80 JavaThread "Execution worker Thread 3" [_thread_blocked, id=21160, stack(0x000000f003100000,0x000000f003200000)]
  0x00000240220e5090 JavaThread "Execution worker Thread 4" [_thread_blocked, id=14372, stack(0x000000f003200000,0x000000f003300000)]
  0x00000240220e55a0 JavaThread "Execution worker Thread 5" [_thread_blocked, id=11072, stack(0x000000f003300000,0x000000f003400000)]
  0x00000240220e5ab0 JavaThread "Execution worker Thread 6" [_thread_blocked, id=2696, stack(0x000000f003400000,0x000000f003500000)]
  0x00000240220e5fc0 JavaThread "Execution worker Thread 7" [_thread_blocked, id=18172, stack(0x000000f003500000,0x000000f003600000)]
  0x00000240220e64d0 JavaThread "Cache worker for execution history cache (C:\flutter\packages\flutter_tools\gradle\.gradle\8.14\executionHistory)" [_thread_blocked, id=6368, stack(0x000000f003600000,0x000000f003700000)]
  0x000002401f5f9ed0 JavaThread "Unconstrained build operations Thread 22" [_thread_blocked, id=19280, stack(0x000000f003700000,0x000000f003800000)]
  0x0000024022efec10 JavaThread "Unconstrained build operations Thread 23" [_thread_blocked, id=20168, stack(0x000000f003800000,0x000000f003900000)]
  0x0000024022f00a70 JavaThread "Unconstrained build operations Thread 24" [_thread_blocked, id=2188, stack(0x000000f003900000,0x000000f003a00000)]
  0x0000024022f01490 JavaThread "Unconstrained build operations Thread 25" [_thread_blocked, id=8136, stack(0x000000f003a00000,0x000000f003b00000)]
  0x0000024022f00050 JavaThread "Unconstrained build operations Thread 26" [_thread_blocked, id=18760, stack(0x000000f003b00000,0x000000f003c00000)]
  0x0000024022eff120 JavaThread "Unconstrained build operations Thread 27" [_thread_blocked, id=8868, stack(0x000000f003c00000,0x000000f003d00000)]
  0x0000024022f01eb0 JavaThread "Unconstrained build operations Thread 28" [_thread_blocked, id=20884, stack(0x000000f003d00000,0x000000f003e00000)]
  0x0000024022f00560 JavaThread "Unconstrained build operations Thread 29" [_thread_blocked, id=21044, stack(0x000000f003e00000,0x000000f003f00000)]
  0x0000024022f019a0 JavaThread "Unconstrained build operations Thread 30" [_thread_blocked, id=7316, stack(0x000000f003f00000,0x000000f004000000)]
  0x0000024022efe700 JavaThread "Unconstrained build operations Thread 31" [_thread_blocked, id=10932, stack(0x000000f004000000,0x000000f004100000)]
  0x0000024022f00f80 JavaThread "Unconstrained build operations Thread 32" [_thread_blocked, id=19128, stack(0x000000f004100000,0x000000f004200000)]
  0x0000024022eff630 JavaThread "Unconstrained build operations Thread 33" [_thread_blocked, id=10376, stack(0x000000f004200000,0x000000f004300000)]
  0x0000024022f023c0 JavaThread "Unconstrained build operations Thread 34" [_thread_blocked, id=20876, stack(0x000000f004300000,0x000000f004400000)]
  0x0000024022f02de0 JavaThread "Unconstrained build operations Thread 35" [_thread_blocked, id=9864, stack(0x000000f004400000,0x000000f004500000)]
  0x0000024022f028d0 JavaThread "Unconstrained build operations Thread 36" [_thread_blocked, id=14936, stack(0x000000f004500000,0x000000f004600000)]
  0x0000024022f032f0 JavaThread "Unconstrained build operations Thread 37" [_thread_blocked, id=19320, stack(0x000000f004600000,0x000000f004700000)]
  0x0000024022effb40 JavaThread "Unconstrained build operations Thread 38" [_thread_blocked, id=21500, stack(0x000000f004700000,0x000000f004800000)]
  0x0000024022f03800 JavaThread "Unconstrained build operations Thread 39" [_thread_blocked, id=1612, stack(0x000000f004800000,0x000000f004900000)]
  0x0000024022f03d10 JavaThread "Unconstrained build operations Thread 40" [_thread_blocked, id=1076, stack(0x000000f004900000,0x000000f004a00000)]
  0x0000024022f04220 JavaThread "Unconstrained build operations Thread 41" [_thread_blocked, id=17352, stack(0x000000f004a00000,0x000000f004b00000)]
  0x0000024022f04730 JavaThread "Unconstrained build operations Thread 42" [_thread_blocked, id=8580, stack(0x000000f004b00000,0x000000f004c00000)]
  0x0000024022f04c40 JavaThread "Unconstrained build operations Thread 43" [_thread_blocked, id=18628, stack(0x000000f004c00000,0x000000f004d00000)]
  0x0000024022f05150 JavaThread "Unconstrained build operations Thread 44" [_thread_blocked, id=11320, stack(0x000000f004d00000,0x000000f004e00000)]
  0x0000024022f05660 JavaThread "Unconstrained build operations Thread 45" [_thread_blocked, id=16156, stack(0x000000f004e00000,0x000000f004f00000)]
  0x0000024022f05b70 JavaThread "Unconstrained build operations Thread 46" [_thread_blocked, id=3904, stack(0x000000f004f00000,0x000000f005000000)]
  0x0000024022f06080 JavaThread "Unconstrained build operations Thread 47" [_thread_blocked, id=19244, stack(0x000000f005000000,0x000000f005100000)]
  0x0000024023057fb0 JavaThread "Unconstrained build operations Thread 48" [_thread_blocked, id=16332, stack(0x000000f005100000,0x000000f005200000)]
  0x0000024023057590 JavaThread "Unconstrained build operations Thread 49" [_thread_blocked, id=19748, stack(0x000000f005200000,0x000000f005300000)]
  0x0000024023057080 JavaThread "Unconstrained build operations Thread 50" [_thread_blocked, id=15028, stack(0x000000f005300000,0x000000f005400000)]
  0x0000024023056b70 JavaThread "Unconstrained build operations Thread 51" [_thread_blocked, id=14500, stack(0x000000f005400000,0x000000f005500000)]
  0x000002402305a830 JavaThread "Unconstrained build operations Thread 52" [_thread_blocked, id=19216, stack(0x000000f005500000,0x000000f005600000)]
  0x0000024023059900 JavaThread "Unconstrained build operations Thread 53" [_thread_blocked, id=18940, stack(0x000000f005600000,0x000000f005700000)]
  0x0000024023059e10 JavaThread "Unconstrained build operations Thread 54" [_thread_blocked, id=17644, stack(0x000000f005700000,0x000000f005800000)]
  0x000002402305a320 JavaThread "Unconstrained build operations Thread 55" [_thread_blocked, id=7388, stack(0x000000f005800000,0x000000f005900000)]
  0x000002402305ad40 JavaThread "Unconstrained build operations Thread 56" [_thread_blocked, id=19288, stack(0x000000f005900000,0x000000f005a00000)]
  0x000002402305b250 JavaThread "Unconstrained build operations Thread 57" [_thread_blocked, id=19392, stack(0x000000f005a00000,0x000000f005b00000)]
  0x00000240230584c0 JavaThread "Unconstrained build operations Thread 58" [_thread_blocked, id=5452, stack(0x000000f005b00000,0x000000f005c00000)]
  0x0000024023057aa0 JavaThread "Unconstrained build operations Thread 59" [_thread_blocked, id=11896, stack(0x000000f005c00000,0x000000f005d00000)]
  0x000002402305c180 JavaThread "Unconstrained build operations Thread 60" [_thread_blocked, id=4100, stack(0x000000f005d00000,0x000000f005e00000)]
  0x00000240230589d0 JavaThread "Unconstrained build operations Thread 61" [_thread_blocked, id=13700, stack(0x000000f005e00000,0x000000f005f00000)]
  0x000002402305b760 JavaThread "Unconstrained build operations Thread 62" [_thread_blocked, id=12760, stack(0x000000f005f00000,0x000000f006000000)]
  0x000002402305bc70 JavaThread "Unconstrained build operations Thread 63" [_thread_blocked, id=13232, stack(0x000000f006000000,0x000000f006100000)]
  0x000002402305c690 JavaThread "Unconstrained build operations Thread 64" [_thread_blocked, id=18824, stack(0x000000f006100000,0x000000f006200000)]
  0x0000024023058ee0 JavaThread "Unconstrained build operations Thread 65" [_thread_blocked, id=20588, stack(0x000000f006200000,0x000000f006300000)]

Other Threads:
=>0x0000023fd851cef0 VMThread "VM Thread" [stack: 0x000000f07e800000,0x000000f07e900000] [id=21144]
  0x0000023fd8db24f0 WatcherThread [stack: 0x000000f07f400000,0x000000f07f500000] [id=17516]
  0x0000023fb3b01a50 GCTaskThread "GC Thread#0" [stack: 0x000000f07e300000,0x000000f07e400000] [id=19816]
  0x0000023fd8e455f0 GCTaskThread "GC Thread#1" [stack: 0x000000f07f500000,0x000000f07f600000] [id=1872]
  0x0000023fd8e4e320 GCTaskThread "GC Thread#2" [stack: 0x000000f07f600000,0x000000f07f700000] [id=15580]
  0x0000023fd8f67d60 GCTaskThread "GC Thread#3" [stack: 0x000000f07f700000,0x000000f07f800000] [id=21008]
  0x000002401e85c640 GCTaskThread "GC Thread#4" [stack: 0x000000f07f800000,0x000000f07f900000] [id=17660]
  0x000002401e849270 GCTaskThread "GC Thread#5" [stack: 0x000000f07f900000,0x000000f07fa00000] [id=2572]
  0x000002401ebd9fe0 GCTaskThread "GC Thread#6" [stack: 0x000000f07fa00000,0x000000f07fb00000] [id=13156]
  0x000002401e4ab900 GCTaskThread "GC Thread#7" [stack: 0x000000f07fb00000,0x000000f07fc00000] [id=8532]
  0x0000023fb3b127b0 ConcurrentGCThread "G1 Main Marker" [stack: 0x000000f07e400000,0x000000f07e500000] [id=20024]
  0x0000023fb3b130e0 ConcurrentGCThread "G1 Conc#0" [stack: 0x000000f07e500000,0x000000f07e600000] [id=17972]
  0x0000024020889ac0 ConcurrentGCThread "G1 Conc#1" [stack: 0x000000f000b00000,0x000000f000c00000] [id=9456]
  0x0000023fb3b3e280 ConcurrentGCThread "G1 Refine#0" [stack: 0x000000f07e600000,0x000000f07e700000] [id=19332]
  0x00000240205583e0 ConcurrentGCThread "G1 Refine#1" [stack: 0x000000f001000000,0x000000f001100000] [id=21344]
  0x0000024020a14430 ConcurrentGCThread "G1 Refine#2" [stack: 0x000000f001100000,0x000000f001200000] [id=6280]
  0x0000023fb3b3ea60 ConcurrentGCThread "G1 Service" [stack: 0x000000f07e700000,0x000000f07e800000] [id=12808]

Threads with active compile tasks:

VM state: at safepoint (normal execution)

VM Mutex/Monitor currently owned by a thread:  ([mutex/lock_event])
[0x0000023fb3a7be20] Threads_lock - owner thread: 0x0000023fd851cef0
[0x0000023fb3a90ae0] Heap_lock - owner thread: 0x000002401f5fb310

Heap address: 0x0000000700000000, size: 4096 MB, Compressed Oops mode: Zero based, Oop shift amount: 3

CDS archive(s) mapped at: [0x0000023fd9000000-0x0000023fd9bb0000-0x0000023fd9bb0000), size 12255232, SharedBaseAddress: 0x0000023fd9000000, ArchiveRelocationMode: 1.
Compressed class space mapped at: 0x0000023fda000000-0x000002401a000000, reserved size: 1073741824
Narrow klass base: 0x0000023fd9000000, Narrow klass shift: 0, Narrow klass range: 0x100000000

GC Precious Log:
 CPUs: 8 total, 8 available
 Memory: 12022M
 Large Page Support: Disabled
 NUMA Support: Disabled
 Compressed Oops: Enabled (Zero based)
 Heap Region Size: 2M
 Heap Min Capacity: 8M
 Heap Initial Capacity: 188M
 Heap Max Capacity: 4G
 Pre-touch: Disabled
 Parallel Workers: 8
 Concurrent Workers: 2
 Concurrent Refinement Workers: 8
 Periodic GC: Disabled

Heap:
 garbage-first heap   total 192512K, used 84591K [0x0000000700000000, 0x0000000800000000)
  region size 2048K, 2 young (4096K), 2 survivors (4096K)
 Metaspace       used 70494K, committed 71232K, reserved 1114112K
  class space    used 10002K, committed 10368K, reserved 1048576K

Heap Regions: E=young(eden), S=young(survivor), O=old, HS=humongous(starts), HC=humongous(continues), CS=collection set, F=free, OA=open archive, CA=closed archive, TAMS=top-at-mark-start (previous, next)
|   0|0x0000000700000000, 0x0000000700200000, 0x0000000700200000|100%|HS|  |TAMS 0x0000000700200000, 0x0000000700200000| Complete 
|   1|0x0000000700200000, 0x0000000700400000, 0x0000000700400000|100%|HC|  |TAMS 0x0000000700400000, 0x0000000700400000| Complete 
|   2|0x0000000700400000, 0x0000000700600000, 0x0000000700600000|100%| O|  |TAMS 0x0000000700600000, 0x0000000700600000| Untracked 
|   3|0x0000000700600000, 0x0000000700800000, 0x0000000700800000|100%| O|  |TAMS 0x0000000700800000, 0x0000000700800000| Untracked 
|   4|0x0000000700800000, 0x0000000700a00000, 0x0000000700a00000|100%| O|  |TAMS 0x0000000700a00000, 0x0000000700a00000| Untracked 
|   5|0x0000000700a00000, 0x0000000700c00000, 0x0000000700c00000|100%| O|  |TAMS 0x0000000700c00000, 0x0000000700c00000| Untracked 
|   6|0x0000000700c00000, 0x0000000700e00000, 0x0000000700e00000|100%| O|  |TAMS 0x0000000700e00000, 0x0000000700e00000| Untracked 
|   7|0x0000000700e00000, 0x0000000701000000, 0x0000000701000000|100%| O|  |TAMS 0x0000000701000000, 0x0000000701000000| Untracked 
|   8|0x0000000701000000, 0x0000000701200000, 0x0000000701200000|100%| O|  |TAMS 0x0000000701200000, 0x0000000701200000| Untracked 
|   9|0x0000000701200000, 0x0000000701400000, 0x0000000701400000|100%| O|  |TAMS 0x0000000701400000, 0x0000000701400000| Untracked 
|  10|0x0000000701400000, 0x0000000701600000, 0x0000000701600000|100%| O|  |TAMS 0x0000000701600000, 0x0000000701600000| Untracked 
|  11|0x0000000701600000, 0x0000000701800000, 0x0000000701800000|100%| O|  |TAMS 0x0000000701800000, 0x0000000701800000| Untracked 
|  12|0x0000000701800000, 0x0000000701a00000, 0x0000000701a00000|100%| O|  |TAMS 0x0000000701a00000, 0x0000000701a00000| Untracked 
|  13|0x0000000701a00000, 0x0000000701c00000, 0x0000000701c00000|100%| O|  |TAMS 0x0000000701c00000, 0x0000000701c00000| Untracked 
|  14|0x0000000701c00000, 0x0000000701e00000, 0x0000000701e00000|100%| O|  |TAMS 0x0000000701e00000, 0x0000000701e00000| Untracked 
|  15|0x0000000701e00000, 0x0000000701efd000, 0x0000000702000000| 49%| O|  |TAMS 0x0000000701efd000, 0x0000000701efd000| Untracked 
|  16|0x0000000702000000, 0x0000000702200000, 0x0000000702200000|100%|HS|  |TAMS 0x0000000702200000, 0x0000000702200000| Complete 
|  17|0x0000000702200000, 0x0000000702400000, 0x0000000702400000|100%|HS|  |TAMS 0x0000000702400000, 0x0000000702400000| Complete 
|  18|0x0000000702400000, 0x0000000702600000, 0x0000000702600000|100%|HS|  |TAMS 0x0000000702600000, 0x0000000702600000| Complete 
|  19|0x0000000702600000, 0x0000000702800000, 0x0000000702800000|100%|HC|  |TAMS 0x0000000702800000, 0x0000000702800000| Complete 
|  20|0x0000000702800000, 0x0000000702a00000, 0x0000000702a00000|100%| O|  |TAMS 0x0000000702a00000, 0x0000000702a00000| Untracked 
|  21|0x0000000702a00000, 0x0000000702c00000, 0x0000000702c00000|100%| O|  |TAMS 0x0000000702c00000, 0x0000000702c00000| Untracked 
|  22|0x0000000702c00000, 0x0000000702e00000, 0x0000000702e00000|100%| O|  |TAMS 0x0000000702e00000, 0x0000000702e00000| Untracked 
|  23|0x0000000702e00000, 0x0000000703000000, 0x0000000703000000|100%| O|  |TAMS 0x0000000703000000, 0x0000000703000000| Untracked 
|  24|0x0000000703000000, 0x0000000703200000, 0x0000000703200000|100%| O|  |TAMS 0x0000000703200000, 0x0000000703200000| Untracked 
|  25|0x0000000703200000, 0x0000000703400000, 0x0000000703400000|100%| O|  |TAMS 0x0000000703400000, 0x0000000703400000| Untracked 
|  26|0x0000000703400000, 0x0000000703600000, 0x0000000703600000|100%| O|  |TAMS 0x0000000703600000, 0x0000000703600000| Untracked 
|  27|0x0000000703600000, 0x0000000703800000, 0x0000000703800000|100%|HS|  |TAMS 0x0000000703800000, 0x0000000703800000| Complete 
|  28|0x0000000703800000, 0x0000000703a00000, 0x0000000703a00000|100%|HC|  |TAMS 0x0000000703a00000, 0x0000000703a00000| Complete 
|  29|0x0000000703a00000, 0x0000000703c00000, 0x0000000703c00000|100%| O|  |TAMS 0x0000000703c00000, 0x0000000703c00000| Untracked 
|  30|0x0000000703c00000, 0x0000000703e00000, 0x0000000703e00000|100%| O|  |TAMS 0x0000000703e00000, 0x0000000703e00000| Untracked 
|  31|0x0000000703e00000, 0x0000000704000000, 0x0000000704000000|100%| O|  |TAMS 0x0000000704000000, 0x0000000704000000| Untracked 
|  32|0x0000000704000000, 0x0000000704200000, 0x0000000704200000|100%| O|  |TAMS 0x0000000704200000, 0x0000000704200000| Untracked 
|  33|0x0000000704200000, 0x0000000704200000, 0x0000000704400000|  0%| F|  |TAMS 0x0000000704200000, 0x0000000704200000| Untracked 
|  34|0x0000000704400000, 0x0000000704600000, 0x0000000704600000|100%| O|  |TAMS 0x0000000704600000, 0x0000000704600000| Untracked 
|  35|0x0000000704600000, 0x0000000704800000, 0x0000000704800000|100%| O|  |TAMS 0x0000000704800000, 0x0000000704800000| Untracked 
|  36|0x0000000704800000, 0x0000000704a00000, 0x0000000704a00000|100%| O|  |TAMS 0x0000000704a00000, 0x0000000704a00000| Untracked 
|  37|0x0000000704a00000, 0x0000000704c00000, 0x0000000704c00000|100%| O|  |TAMS 0x0000000704b27400, 0x0000000704c00000| Untracked 
|  38|0x0000000704c00000, 0x0000000704e00000, 0x0000000704e00000|100%| O|  |TAMS 0x0000000704c00000, 0x0000000704e00000| Untracked 
|  39|0x0000000704e00000, 0x0000000705000000, 0x0000000705000000|100%| O|  |TAMS 0x0000000704e00000, 0x0000000705000000| Untracked 
|  40|0x0000000705000000, 0x0000000705200000, 0x0000000705200000|100%| O|  |TAMS 0x0000000705000000, 0x0000000705200000| Untracked 
|  41|0x0000000705200000, 0x000000070525aa00, 0x0000000705400000| 17%| O|  |TAMS 0x0000000705200000, 0x000000070525aa00| Untracked 
|  42|0x0000000705400000, 0x0000000705400000, 0x0000000705600000|  0%| F|  |TAMS 0x0000000705400000, 0x0000000705400000| Untracked 
|  43|0x0000000705600000, 0x0000000705600000, 0x0000000705800000|  0%| F|  |TAMS 0x0000000705600000, 0x0000000705600000| Untracked 
|  44|0x0000000705800000, 0x0000000705800000, 0x0000000705a00000|  0%| F|  |TAMS 0x0000000705800000, 0x0000000705800000| Untracked 
|  45|0x0000000705a00000, 0x0000000705a00000, 0x0000000705c00000|  0%| F|  |TAMS 0x0000000705a00000, 0x0000000705a00000| Untracked 
|  46|0x0000000705c00000, 0x0000000705c00000, 0x0000000705e00000|  0%| F|  |TAMS 0x0000000705c00000, 0x0000000705c00000| Untracked 
|  47|0x0000000705e00000, 0x0000000705e00000, 0x0000000706000000|  0%| F|  |TAMS 0x0000000705e00000, 0x0000000705e00000| Untracked 
|  48|0x0000000706000000, 0x0000000706000000, 0x0000000706200000|  0%| F|  |TAMS 0x0000000706000000, 0x0000000706000000| Untracked 
|  49|0x0000000706200000, 0x0000000706200000, 0x0000000706400000|  0%| F|  |TAMS 0x0000000706200000, 0x0000000706200000| Untracked 
|  50|0x0000000706400000, 0x0000000706400000, 0x0000000706600000|  0%| F|  |TAMS 0x0000000706400000, 0x0000000706400000| Untracked 
|  51|0x0000000706600000, 0x0000000706600000, 0x0000000706800000|  0%| F|  |TAMS 0x0000000706600000, 0x0000000706600000| Untracked 
|  52|0x0000000706800000, 0x0000000706800000, 0x0000000706a00000|  0%| F|  |TAMS 0x0000000706800000, 0x0000000706800000| Untracked 
|  53|0x0000000706a00000, 0x0000000706a00000, 0x0000000706c00000|  0%| F|  |TAMS 0x0000000706a00000, 0x0000000706a00000| Untracked 
|  54|0x0000000706c00000, 0x0000000706c00000, 0x0000000706e00000|  0%| F|  |TAMS 0x0000000706c00000, 0x0000000706c00000| Untracked 
|  55|0x0000000706e00000, 0x0000000706e00000, 0x0000000707000000|  0%| F|  |TAMS 0x0000000706e00000, 0x0000000706e00000| Untracked 
|  56|0x0000000707000000, 0x0000000707000000, 0x0000000707200000|  0%| F|  |TAMS 0x0000000707000000, 0x0000000707000000| Untracked 
|  57|0x0000000707200000, 0x0000000707200000, 0x0000000707400000|  0%| F|  |TAMS 0x0000000707200000, 0x0000000707200000| Untracked 
|  58|0x0000000707400000, 0x0000000707400000, 0x0000000707600000|  0%| F|  |TAMS 0x0000000707400000, 0x0000000707400000| Untracked 
|  59|0x0000000707600000, 0x0000000707600000, 0x0000000707800000|  0%| F|  |TAMS 0x0000000707600000, 0x0000000707600000| Untracked 
|  60|0x0000000707800000, 0x0000000707800000, 0x0000000707a00000|  0%| F|  |TAMS 0x0000000707800000, 0x0000000707800000| Untracked 
|  61|0x0000000707a00000, 0x0000000707a00000, 0x0000000707c00000|  0%| F|  |TAMS 0x0000000707a00000, 0x0000000707a00000| Untracked 
|  62|0x0000000707c00000, 0x0000000707c00000, 0x0000000707e00000|  0%| F|  |TAMS 0x0000000707c00000, 0x0000000707c00000| Untracked 
|  63|0x0000000707e00000, 0x0000000707e00000, 0x0000000708000000|  0%| F|  |TAMS 0x0000000707e00000, 0x0000000707e00000| Untracked 
|  64|0x0000000708000000, 0x0000000708000000, 0x0000000708200000|  0%| F|  |TAMS 0x0000000708000000, 0x0000000708000000| Untracked 
|  65|0x0000000708200000, 0x0000000708200000, 0x0000000708400000|  0%| F|  |TAMS 0x0000000708200000, 0x0000000708200000| Untracked 
|  66|0x0000000708400000, 0x0000000708400000, 0x0000000708600000|  0%| F|  |TAMS 0x0000000708400000, 0x0000000708400000| Untracked 
|  67|0x0000000708600000, 0x0000000708600000, 0x0000000708800000|  0%| F|  |TAMS 0x0000000708600000, 0x0000000708600000| Untracked 
|  68|0x0000000708800000, 0x0000000708800000, 0x0000000708a00000|  0%| F|  |TAMS 0x0000000708800000, 0x0000000708800000| Untracked 
|  69|0x0000000708a00000, 0x0000000708a00000, 0x0000000708c00000|  0%| F|  |TAMS 0x0000000708a00000, 0x0000000708a00000| Untracked 
|  70|0x0000000708c00000, 0x0000000708c00000, 0x0000000708e00000|  0%| F|  |TAMS 0x0000000708c00000, 0x0000000708c00000| Untracked 
|  71|0x0000000708e00000, 0x0000000708e00000, 0x0000000709000000|  0%| F|  |TAMS 0x0000000708e00000, 0x0000000708e00000| Untracked 
|  72|0x0000000709000000, 0x0000000709000000, 0x0000000709200000|  0%| F|  |TAMS 0x0000000709000000, 0x0000000709000000| Untracked 
|  73|0x0000000709200000, 0x0000000709200000, 0x0000000709400000|  0%| F|  |TAMS 0x0000000709200000, 0x0000000709200000| Untracked 
|  74|0x0000000709400000, 0x0000000709400000, 0x0000000709600000|  0%| F|  |TAMS 0x0000000709400000, 0x0000000709400000| Untracked 
|  75|0x0000000709600000, 0x0000000709600000, 0x0000000709800000|  0%| F|  |TAMS 0x0000000709600000, 0x0000000709600000| Untracked 
|  76|0x0000000709800000, 0x0000000709800000, 0x0000000709a00000|  0%| F|  |TAMS 0x0000000709800000, 0x0000000709800000| Untracked 
|  77|0x0000000709a00000, 0x0000000709a00000, 0x0000000709c00000|  0%| F|  |TAMS 0x0000000709a00000, 0x0000000709a00000| Untracked 
|  78|0x0000000709c00000, 0x0000000709c00000, 0x0000000709e00000|  0%| F|  |TAMS 0x0000000709c00000, 0x0000000709c00000| Untracked 
|  79|0x0000000709e00000, 0x0000000709e00000, 0x000000070a000000|  0%| F|  |TAMS 0x0000000709e00000, 0x0000000709e00000| Untracked 
|  80|0x000000070a000000, 0x000000070a000000, 0x000000070a200000|  0%| F|  |TAMS 0x000000070a000000, 0x000000070a000000| Untracked 
|  81|0x000000070a200000, 0x000000070a200000, 0x000000070a400000|  0%| F|  |TAMS 0x000000070a200000, 0x000000070a200000| Untracked 
|  82|0x000000070a400000, 0x000000070a400000, 0x000000070a600000|  0%| F|  |TAMS 0x000000070a400000, 0x000000070a400000| Untracked 
|  83|0x000000070a600000, 0x000000070a600000, 0x000000070a800000|  0%| F|  |TAMS 0x000000070a600000, 0x000000070a600000| Untracked 
|  84|0x000000070a800000, 0x000000070a944220, 0x000000070aa00000| 63%| S|CS|TAMS 0x000000070a800000, 0x000000070a800000| Complete 
|  85|0x000000070aa00000, 0x000000070ac00000, 0x000000070ac00000|100%| S|CS|TAMS 0x000000070aa00000, 0x000000070aa00000| Complete 
|  86|0x000000070ac00000, 0x000000070ac00000, 0x000000070ae00000|  0%| F|  |TAMS 0x000000070ac00000, 0x000000070ac00000| Untracked 
|  87|0x000000070ae00000, 0x000000070ae00000, 0x000000070b000000|  0%| F|  |TAMS 0x000000070ae00000, 0x000000070ae00000| Untracked 
|  88|0x000000070b000000, 0x000000070b000000, 0x000000070b200000|  0%| F|  |TAMS 0x000000070b000000, 0x000000070b000000| Untracked 
|  89|0x000000070b200000, 0x000000070b200000, 0x000000070b400000|  0%| F|  |TAMS 0x000000070b200000, 0x000000070b200000| Untracked 
|  90|0x000000070b400000, 0x000000070b400000, 0x000000070b600000|  0%| F|  |TAMS 0x000000070b400000, 0x000000070b400000| Untracked 
|  91|0x000000070b600000, 0x000000070b600000, 0x000000070b800000|  0%| F|  |TAMS 0x000000070b600000, 0x000000070b600000| Untracked 
|  92|0x000000070b800000, 0x000000070b800000, 0x000000070ba00000|  0%| F|  |TAMS 0x000000070b800000, 0x000000070b800000| Untracked 
|  93|0x000000070ba00000, 0x000000070ba00000, 0x000000070bc00000|  0%| F|  |TAMS 0x000000070ba00000, 0x000000070ba00000| Untracked 

Card table byte_map: [0x0000023fcd070000,0x0000023fcd870000] _byte_map_base: 0x0000023fc9870000

Marking Bits (Prev, Next): (CMBitMap*) 0x0000023fb3b01ec0, (CMBitMap*) 0x0000023fb3b01e80
 Prev Bits: [0x0000023fd2070000, 0x0000023fd6070000)
 Next Bits: [0x0000023fce070000, 0x0000023fd2070000)

Polling page: 0x0000023fb3ee0000

Metaspace:

Usage:
  Non-class:     59.07 MB used.
      Class:      9.77 MB used.
       Both:     68.84 MB used.

Virtual space:
  Non-class space:       64.00 MB reserved,      59.44 MB ( 93%) committed,  1 nodes.
      Class space:        1.00 GB reserved,      10.12 MB ( <1%) committed,  1 nodes.
             Both:        1.06 GB reserved,      69.56 MB (  6%) committed. 

Chunk freelists:
   Non-Class:  3.66 MB
       Class:  5.79 MB
        Both:  9.44 MB

MaxMetaspaceSize: 2.00 GB
CompressedClassSpaceSize: 1.00 GB
Initial GC threshold: 21.00 MB
Current GC threshold: 114.62 MB
CDS: on
MetaspaceReclaimPolicy: balanced
 - commit_granule_bytes: 65536.
 - commit_granule_words: 8192.
 - virtual_space_node_default_size: 8388608.
 - enlarge_chunks_in_place: 1.
 - new_chunks_are_fully_committed: 0.
 - uncommit_free_chunks: 1.
 - use_allocation_guard: 0.
 - handle_deallocations: 1.


Internal statistics:

num_allocs_failed_limit: 9.
num_arena_births: 906.
num_arena_deaths: 0.
num_vsnodes_births: 2.
num_vsnodes_deaths: 0.
num_space_committed: 1113.
num_space_uncommitted: 0.
num_chunks_returned_to_freelist: 9.
num_chunks_taken_from_freelist: 3912.
num_chunk_merges: 9.
num_chunk_splits: 2550.
num_chunks_enlarged: 1676.
num_inconsistent_stats: 0.

CodeHeap 'non-profiled nmethods': size=120000Kb used=3456Kb max_used=3456Kb free=116544Kb
 bounds [0x0000023fc48e0000, 0x0000023fc4c40000, 0x0000023fcbe10000]
CodeHeap 'profiled nmethods': size=120000Kb used=16187Kb max_used=16187Kb free=103812Kb
 bounds [0x0000023fbce10000, 0x0000023fbdde0000, 0x0000023fc4340000]
CodeHeap 'non-nmethods': size=5760Kb used=2393Kb max_used=2437Kb free=3366Kb
 bounds [0x0000023fc4340000, 0x0000023fc45b0000, 0x0000023fc48e0000]
 total_blobs=10145 nmethods=9235 adapters=822
 compilation: enabled
              stopped_count=0, restarted_count=0
 full_count=0

Compilation events (20 events):
Event: 16.436 Thread 0x0000023fd8ba26e0 10219  s    4       kotlin.reflect.jvm.internal.impl.protobuf.ByteString$Output::write (100 bytes)
Event: 16.439 Thread 0x0000023fd8ba8aa0 10224       1       kotlin.reflect.jvm.internal.impl.metadata.jvm.JvmProtoBuf$StringTableTypes$Record::getOperation (5 bytes)
Event: 16.439 Thread 0x0000023fd8ba8aa0 nmethod 10224 0x0000023fc4c3cf90 code [0x0000023fc4c3d120, 0x0000023fc4c3d1f8]
Event: 16.439 Thread 0x0000023fd8ba26e0 nmethod 10219 0x0000023fc4c3d290 code [0x0000023fc4c3d420, 0x0000023fc4c3d718]
Event: 16.439 Thread 0x0000023fd8ba26e0 10220       4       kotlin.reflect.jvm.internal.impl.protobuf.ByteString$Output::flushLastBuffer (96 bytes)
Event: 16.440 Thread 0x0000023fd8ba26e0 nmethod 10220 0x0000023fc4c3d890 code [0x0000023fc4c3da20, 0x0000023fc4c3daf8]
Event: 16.457 Thread 0x0000023fd8ba26e0 10226       4       java.lang.invoke.MethodType::checkPtypes (76 bytes)
Event: 16.462 Thread 0x0000023fd8ba26e0 nmethod 10226 0x0000023fc4c3df10 code [0x0000023fc4c3e0a0, 0x0000023fc4c3e218]
Event: 16.468 Thread 0x0000023fd8ba26e0 10227       4       java.util.concurrent.ConcurrentHashMap$BaseIterator::hasNext (13 bytes)
Event: 16.468 Thread 0x0000023fd8ba26e0 nmethod 10227 0x0000023fc4c3e390 code [0x0000023fc4c3e500, 0x0000023fc4c3e598]
Event: 16.468 Thread 0x0000023fd8ba26e0 10228       4       java.nio.ByteBuffer::arrayOffset (35 bytes)
Event: 16.469 Thread 0x0000023fd8ba26e0 nmethod 10228 0x0000023fc4c3e690 code [0x0000023fc4c3e820, 0x0000023fc4c3e8d8]
Event: 16.491 Thread 0x0000023fd8ba26e0 10229       4       java.nio.file.attribute.FileTime::from (18 bytes)
Event: 16.491 Thread 0x0000023fd8ba26e0 nmethod 10229 0x0000023fc4c3e990 code [0x0000023fc4c3eb20, 0x0000023fc4c3ec18]
Event: 16.507 Thread 0x0000023fd8ba26e0 10230       4       sun.nio.fs.WindowsFileAttributes::lastModifiedTime (8 bytes)
Event: 16.508 Thread 0x0000023fd8ba26e0 nmethod 10230 0x0000023fc4c3ed10 code [0x0000023fc4c3eec0, 0x0000023fc4c3f068]
Event: 16.508 Thread 0x0000023fd8ba26e0 10231   !   4       sun.nio.fs.WindowsFileAttributes::toFileTime (47 bytes)
Event: 16.509 Thread 0x0000023fd8ba26e0 nmethod 10231 0x0000023fc4c3f210 code [0x0000023fc4c3f3c0, 0x0000023fc4c3f528]
Event: 16.511 Thread 0x0000023fd8ba26e0 10232       4       java.io.WinNTFileSystem::prefixLength (91 bytes)
Event: 16.513 Thread 0x0000023fd8ba26e0 nmethod 10232 0x0000023fc4c3f690 code [0x0000023fc4c3f860, 0x0000023fc4c3fbe8]

GC Heap History (20 events):
Event: 11.505 GC heap after
{Heap after GC invocations=17 (full 0):
 garbage-first heap   total 137216K, used 56041K [0x0000000700000000, 0x0000000800000000)
  region size 2048K, 2 young (4096K), 2 survivors (4096K)
 Metaspace       used 56919K, committed 57536K, reserved 1114112K
  class space    used 8067K, committed 8320K, reserved 1048576K
}
Event: 12.386 GC heap before
{Heap before GC invocations=17 (full 0):
 garbage-first heap   total 137216K, used 111337K [0x0000000700000000, 0x0000000800000000)
  region size 2048K, 27 young (55296K), 2 survivors (4096K)
 Metaspace       used 60257K, committed 60928K, reserved 1114112K
  class space    used 8537K, committed 8832K, reserved 1048576K
}
Event: 12.393 GC heap after
{Heap after GC invocations=18 (full 0):
 garbage-first heap   total 137216K, used 62174K [0x0000000700000000, 0x0000000800000000)
  region size 2048K, 3 young (6144K), 3 survivors (6144K)
 Metaspace       used 60257K, committed 60928K, reserved 1114112K
  class space    used 8537K, committed 8832K, reserved 1048576K
}
Event: 13.228 GC heap before
{Heap before GC invocations=18 (full 0):
 garbage-first heap   total 137216K, used 109278K [0x0000000700000000, 0x0000000800000000)
  region size 2048K, 26 young (53248K), 3 survivors (6144K)
 Metaspace       used 63016K, committed 63616K, reserved 1114112K
  class space    used 8940K, committed 9216K, reserved 1048576K
}
Event: 13.237 GC heap after
{Heap after GC invocations=19 (full 0):
 garbage-first heap   total 137216K, used 65732K [0x0000000700000000, 0x0000000800000000)
  region size 2048K, 4 young (8192K), 4 survivors (8192K)
 Metaspace       used 63016K, committed 63616K, reserved 1114112K
  class space    used 8940K, committed 9216K, reserved 1048576K
}
Event: 13.868 GC heap before
{Heap before GC invocations=19 (full 0):
 garbage-first heap   total 137216K, used 110788K [0x0000000700000000, 0x0000000800000000)
  region size 2048K, 26 young (53248K), 4 survivors (8192K)
 Metaspace       used 65148K, committed 65856K, reserved 1114112K
  class space    used 9225K, committed 9536K, reserved 1048576K
}
Event: 13.880 GC heap after
{Heap after GC invocations=20 (full 0):
 garbage-first heap   total 137216K, used 68942K [0x0000000700000000, 0x0000000800000000)
  region size 2048K, 4 young (8192K), 4 survivors (8192K)
 Metaspace       used 65148K, committed 65856K, reserved 1114112K
  class space    used 9225K, committed 9536K, reserved 1048576K
}
Event: 14.795 GC heap before
{Heap before GC invocations=20 (full 0):
 garbage-first heap   total 137216K, used 107854K [0x0000000700000000, 0x0000000800000000)
  region size 2048K, 23 young (47104K), 4 survivors (8192K)
 Metaspace       used 68251K, committed 68992K, reserved 1114112K
  class space    used 9756K, committed 10112K, reserved 1048576K
}
Event: 14.805 GC heap after
{Heap after GC invocations=21 (full 0):
 garbage-first heap   total 165888K, used 71821K [0x0000000700000000, 0x0000000800000000)
  region size 2048K, 2 young (4096K), 2 survivors (4096K)
 Metaspace       used 68251K, committed 68992K, reserved 1114112K
  class space    used 9756K, committed 10112K, reserved 1048576K
}
Event: 15.678 GC heap before
{Heap before GC invocations=22 (full 0):
 garbage-first heap   total 165888K, used 131213K [0x0000000700000000, 0x0000000800000000)
  region size 2048K, 31 young (63488K), 2 survivors (4096K)
 Metaspace       used 69477K, committed 70208K, reserved 1114112K
  class space    used 9905K, committed 10240K, reserved 1048576K
}
Event: 15.687 GC heap after
{Heap after GC invocations=23 (full 0):
 garbage-first heap   total 165888K, used 77718K [0x0000000700000000, 0x0000000800000000)
  region size 2048K, 4 young (8192K), 4 survivors (8192K)
 Metaspace       used 69477K, committed 70208K, reserved 1114112K
  class space    used 9905K, committed 10240K, reserved 1048576K
}
Event: 15.935 GC heap before
{Heap before GC invocations=23 (full 0):
 garbage-first heap   total 165888K, used 130966K [0x0000000700000000, 0x0000000800000000)
  region size 2048K, 30 young (61440K), 4 survivors (8192K)
 Metaspace       used 69682K, committed 70400K, reserved 1114112K
  class space    used 9907K, committed 10240K, reserved 1048576K
}
Event: 15.946 GC heap after
{Heap after GC invocations=24 (full 0):
 garbage-first heap   total 165888K, used 79906K [0x0000000700000000, 0x0000000800000000)
  region size 2048K, 2 young (4096K), 2 survivors (4096K)
 Metaspace       used 69682K, committed 70400K, reserved 1114112K
  class space    used 9907K, committed 10240K, reserved 1048576K
}
Event: 16.096 GC heap before
{Heap before GC invocations=24 (full 0):
 garbage-first heap   total 165888K, used 133154K [0x0000000700000000, 0x0000000800000000)
  region size 2048K, 28 young (57344K), 2 survivors (4096K)
 Metaspace       used 69697K, committed 70400K, reserved 1114112K
  class space    used 9907K, committed 10240K, reserved 1048576K
}
Event: 16.101 GC heap after
{Heap after GC invocations=25 (full 0):
 garbage-first heap   total 165888K, used 80865K [0x0000000700000000, 0x0000000800000000)
  region size 2048K, 3 young (6144K), 3 survivors (6144K)
 Metaspace       used 69697K, committed 70400K, reserved 1114112K
  class space    used 9907K, committed 10240K, reserved 1048576K
}
Event: 16.441 GC heap before
{Heap before GC invocations=26 (full 0):
 garbage-first heap   total 182272K, used 130017K [0x0000000700000000, 0x0000000800000000)
  region size 2048K, 28 young (57344K), 3 survivors (6144K)
 Metaspace       used 70355K, committed 71104K, reserved 1114112K
  class space    used 9987K, committed 10368K, reserved 1048576K
}
Event: 16.449 GC heap after
{Heap after GC invocations=27 (full 0):
 garbage-first heap   total 182272K, used 83204K [0x0000000700000000, 0x0000000800000000)
  region size 2048K, 3 young (6144K), 3 survivors (6144K)
 Metaspace       used 70355K, committed 71104K, reserved 1114112K
  class space    used 9987K, committed 10368K, reserved 1048576K
}
Event: 16.482 GC heap before
{Heap before GC invocations=27 (full 0):
 garbage-first heap   total 182272K, used 83204K [0x0000000700000000, 0x0000000800000000)
  region size 2048K, 4 young (8192K), 3 survivors (6144K)
 Metaspace       used 70494K, committed 71232K, reserved 1114112K
  class space    used 10002K, committed 10368K, reserved 1048576K
}
Event: 16.489 GC heap after
{Heap after GC invocations=28 (full 0):
 garbage-first heap   total 182272K, used 83181K [0x0000000700000000, 0x0000000800000000)
  region size 2048K, 1 young (2048K), 1 survivors (2048K)
 Metaspace       used 70494K, committed 71232K, reserved 1114112K
  class space    used 10002K, committed 10368K, reserved 1048576K
}
Event: 16.529 GC heap before
{Heap before GC invocations=28 (full 0):
 garbage-first heap   total 182272K, used 85229K [0x0000000700000000, 0x0000000800000000)
  region size 2048K, 3 young (6144K), 1 survivors (2048K)
 Metaspace       used 70494K, committed 71232K, reserved 1114112K
  class space    used 10002K, committed 10368K, reserved 1048576K
}

Dll operation events (15 events):
Event: 0.020 Loaded shared library C:\Program Files\Eclipse Adoptium\jdk-17.0.19.10-hotspot\bin\java.dll
Event: 0.412 Loaded shared library C:\Program Files\Eclipse Adoptium\jdk-17.0.19.10-hotspot\bin\jsvml.dll
Event: 0.465 Loaded shared library C:\Program Files\Eclipse Adoptium\jdk-17.0.19.10-hotspot\bin\zip.dll
Event: 0.468 Loaded shared library C:\Program Files\Eclipse Adoptium\jdk-17.0.19.10-hotspot\bin\instrument.dll
Event: 0.474 Loaded shared library C:\Program Files\Eclipse Adoptium\jdk-17.0.19.10-hotspot\bin\net.dll
Event: 0.477 Loaded shared library C:\Program Files\Eclipse Adoptium\jdk-17.0.19.10-hotspot\bin\nio.dll
Event: 0.479 Loaded shared library C:\Program Files\Eclipse Adoptium\jdk-17.0.19.10-hotspot\bin\zip.dll
Event: 0.725 Loaded shared library C:\Program Files\Eclipse Adoptium\jdk-17.0.19.10-hotspot\bin\jimage.dll
Event: 0.888 Loaded shared library C:\Program Files\Eclipse Adoptium\jdk-17.0.19.10-hotspot\bin\verify.dll
Event: 0.964 Loaded shared library C:\Users\ranim\.gradle\native\1def1411415f61bf3af743bc5b6707747c0891f09f0c88961ee8f79bc544acac\windows-amd64\native-platform.dll
Event: 0.977 Loaded shared library C:\Users\ranim\.gradle\native\0.2.7\x86_64-windows-gnu\gradle-fileevents.dll
Event: 2.000 Loaded shared library C:\Program Files\Eclipse Adoptium\jdk-17.0.19.10-hotspot\bin\management.dll
Event: 2.005 Loaded shared library C:\Program Files\Eclipse Adoptium\jdk-17.0.19.10-hotspot\bin\management_ext.dll
Event: 2.284 Loaded shared library C:\Program Files\Eclipse Adoptium\jdk-17.0.19.10-hotspot\bin\extnet.dll
Event: 2.625 Loaded shared library C:\Program Files\Eclipse Adoptium\jdk-17.0.19.10-hotspot\bin\sunmscapi.dll

Deoptimization events (20 events):
Event: 16.070 Thread 0x000002402305c690 DEOPT PACKING pc=0x0000023fc49af1a0 sp=0x000000f0061fe060
Event: 16.070 Thread 0x000002402305c690 DEOPT UNPACKING pc=0x0000023fc439a1a3 sp=0x000000f0061fdfd8 mode 2
Event: 16.286 Thread 0x000002401f5fb310 DEOPT PACKING pc=0x0000023fbd8df10c sp=0x000000f0002f9cf0
Event: 16.286 Thread 0x000002401f5fb310 DEOPT UNPACKING pc=0x0000023fc439ace3 sp=0x000000f0002f91e0 mode 0
Event: 16.300 Thread 0x000002401f5fb310 DEOPT PACKING pc=0x0000023fbd6f920a sp=0x000000f0002f9040
Event: 16.300 Thread 0x000002401f5fb310 DEOPT UNPACKING pc=0x0000023fc439ace3 sp=0x000000f0002f8538 mode 0
Event: 16.301 Thread 0x000002401f5fb310 DEOPT PACKING pc=0x0000023fbd952cc1 sp=0x000000f0002f9110
Event: 16.301 Thread 0x000002401f5fb310 DEOPT UNPACKING pc=0x0000023fc439ace3 sp=0x000000f0002f8608 mode 0
Event: 16.303 Thread 0x000002401f5fb310 DEOPT PACKING pc=0x0000023fbd6f920a sp=0x000000f0002f9040
Event: 16.303 Thread 0x000002401f5fb310 DEOPT UNPACKING pc=0x0000023fc439ace3 sp=0x000000f0002f8538 mode 0
Event: 16.303 Thread 0x000002401f5fb310 DEOPT PACKING pc=0x0000023fbd952cc1 sp=0x000000f0002f9110
Event: 16.303 Thread 0x000002401f5fb310 DEOPT UNPACKING pc=0x0000023fc439ace3 sp=0x000000f0002f8608 mode 0
Event: 16.305 Thread 0x000002401f5fb310 DEOPT PACKING pc=0x0000023fbd6f920a sp=0x000000f0002f9040
Event: 16.305 Thread 0x000002401f5fb310 DEOPT UNPACKING pc=0x0000023fc439ace3 sp=0x000000f0002f8538 mode 0
Event: 16.306 Thread 0x000002401f5fb310 DEOPT PACKING pc=0x0000023fbd952cc1 sp=0x000000f0002f9110
Event: 16.306 Thread 0x000002401f5fb310 DEOPT UNPACKING pc=0x0000023fc439ace3 sp=0x000000f0002f8608 mode 0
Event: 16.357 Thread 0x000002401f5fb310 Uncommon trap: trap_request=0xffffff45 fr.pc=0x0000023fc4b98164 relative=0x0000000000000344
Event: 16.357 Thread 0x000002401f5fb310 Uncommon trap: reason=unstable_if action=reinterpret pc=0x0000023fc4b98164 method=java.lang.String.indexOf([BBILjava/lang/String;I)I @ 54 c2
Event: 16.357 Thread 0x000002401f5fb310 DEOPT PACKING pc=0x0000023fc4b98164 sp=0x000000f0002f7140
Event: 16.357 Thread 0x000002401f5fb310 DEOPT UNPACKING pc=0x0000023fc439a1a3 sp=0x000000f0002f7050 mode 2

Classes loaded (20 events):
Event: 14.617 Loading class java/io/ObjectStreamClass$ExceptionInfo
Event: 14.617 Loading class java/io/ObjectStreamClass$ExceptionInfo done
Event: 14.622 Loading class java/util/HashMap$UnsafeHolder
Event: 14.622 Loading class java/util/HashMap$UnsafeHolder done
Event: 14.653 Loading class java/util/stream/ReferencePipeline$4
Event: 14.654 Loading class java/util/stream/ReferencePipeline$4 done
Event: 14.654 Loading class java/util/stream/ReduceOps$6
Event: 14.654 Loading class java/util/stream/ReduceOps$6 done
Event: 14.654 Loading class java/util/stream/ReduceOps$5ReducingSink
Event: 14.654 Loading class java/util/stream/ReduceOps$5ReducingSink done
Event: 14.654 Loading class java/util/stream/ReferencePipeline$4$1
Event: 14.654 Loading class java/util/stream/ReferencePipeline$4$1 done
Event: 15.148 Loading class java/util/concurrent/ConcurrentLinkedQueue$Itr
Event: 15.148 Loading class java/util/concurrent/ConcurrentLinkedQueue$Itr done
Event: 15.389 Loading class java/util/Collections$ReverseComparator
Event: 15.390 Loading class java/util/Collections$ReverseComparator done
Event: 15.390 Loading class java/util/Collections$ReverseComparator2
Event: 15.390 Loading class java/util/Collections$ReverseComparator2 done
Event: 16.420 Loading class java/io/NotSerializableException
Event: 16.420 Loading class java/io/NotSerializableException done

Classes unloaded (0 events):
No events

Classes redefined (0 events):
No events

Internal exceptions (20 events):
Event: 14.318 Thread 0x000002401f5fb310 Exception <a 'java/lang/NoSuchMethodError'{0x0000000707267e98}: 'java.lang.Object java.lang.invoke.DirectMethodHandle$Holder.newInvokeSpecial(java.lang.Object, java.lang.Object, java.lang.Object, java.lang.Object, java.lang.Object, java.lang.Object, int)'> (0x0000000707267e98) 
thrown [s\src\hotspot\share\interpreter\linkResolver.cpp, line 759]
Event: 14.318 Thread 0x000002401f5fb310 Exception <a 'java/lang/NoSuchMethodError'{0x000000070726e098}: 'java.lang.Object java.lang.invoke.DirectMethodHandle$Holder.invokeSpecial(java.lang.Object, java.lang.Object, java.lang.Object, java.lang.Object, java.lang.Object, java.lang.Object, java.lang.Object, int)'> (0x000000070726e098) 
thrown [s\src\hotspot\share\interpreter\linkResolver.cpp, line 759]
Event: 14.318 Thread 0x000002401f5fb310 Exception <a 'java/lang/NoSuchMethodError'{0x0000000707273c68}: 'java.lang.Object java.lang.invoke.Invokers$Holder.linkToTargetMethod(java.lang.Object, java.lang.Object, java.lang.Object, java.lang.Object, java.lang.Object, int, java.lang.Object)'> (0x0000000707273c68) 
thrown [s\src\hotspot\share\interpreter\linkResolver.cpp, line 759]
Event: 14.455 Thread 0x00000240220e04a0 Exception <a 'java/lang/NoSuchMethodError'{0x0000000706ce4a78}: 'java.lang.Object java.lang.invoke.DirectMethodHandle$Holder.newInvokeSpecial(java.lang.Object, java.lang.Object, int, java.lang.Object, java.lang.Object)'> (0x0000000706ce4a78) 
thrown [s\src\hotspot\share\interpreter\linkResolver.cpp, line 759]
Event: 14.587 Thread 0x00000240220e04a0 Exception <a 'java/lang/NoSuchMethodError'{0x00000007068e3608}: 'void java.lang.invoke.DirectMethodHandle$Holder.invokeSpecial(java.lang.Object, java.lang.Object, java.lang.Object, java.lang.Object, int, java.lang.Object, java.lang.Object)'> (0x00000007068e3608) 
thrown [s\src\hotspot\share\interpreter\linkResolver.cpp, line 759]
Event: 14.599 Thread 0x00000240220e04a0 Exception <a 'java/lang/NoSuchMethodError'{0x00000007069c21f8}: 'void java.lang.invoke.DirectMethodHandle$Holder.invokeInterface(java.lang.Object, java.lang.Object, java.lang.Object, java.lang.Object)'> (0x00000007069c21f8) 
thrown [s\src\hotspot\share\interpreter\linkResolver.cpp, line 759]
Event: 14.610 Thread 0x00000240220e3230 Exception <a 'java/lang/NoSuchMethodError'{0x00000007066b1390}: static Ljava/lang/Object;.<clinit>()V> (0x00000007066b1390) 
thrown [s\src\hotspot\share\prims\jni.cpp, line 1112]
Event: 14.615 Thread 0x00000240220e3230 Exception <a 'java/lang/NoSuchMethodError'{0x00000007066f80f0}: static Lorg/jetbrains/kotlin/gradle/plugin/statistics/MetricContainer;.<clinit>()V> (0x00000007066f80f0) 
thrown [s\src\hotspot\share\prims\jni.cpp, line 1112]
Event: 14.682 Thread 0x00000240220e04a0 Exception <a 'java/lang/NoSuchMethodError'{0x00000007064f3658}: 'int java.lang.invoke.DirectMethodHandle$Holder.invokeSpecial(java.lang.Object, java.lang.Object, java.lang.Object, java.lang.Object, java.lang.Object)'> (0x00000007064f3658) 
thrown [s\src\hotspot\share\interpreter\linkResolver.cpp, line 759]
Event: 14.757 Thread 0x00000240220e04a0 Exception <a 'java/lang/IncompatibleClassChangeError'{0x00000007060858a8}: Found class java.lang.Object, but interface was expected> (0x00000007060858a8) 
thrown [s\src\hotspot\share\interpreter\linkResolver.cpp, line 826]
Event: 14.943 Thread 0x00000240220e04a0 Exception <a 'java/lang/NoSuchMethodError'{0x0000000709a661d8}: static Ljava/lang/Object;.<clinit>()V> (0x0000000709a661d8) 
thrown [s\src\hotspot\share\prims\jni.cpp, line 1112]
Event: 15.042 Thread 0x00000240220e04a0 Exception <a 'java/lang/NoSuchMethodError'{0x0000000708e5a3c8}: 'int java.lang.invoke.DirectMethodHandle$Holder.invokeStaticInit(java.lang.Object, java.lang.Object, java.lang.Object, java.lang.Object, java.lang.Object)'> (0x0000000708e5a3c8) 
thrown [s\src\hotspot\share\interpreter\linkResolver.cpp, line 759]
Event: 15.086 Thread 0x00000240220e04a0 Exception <a 'sun/nio/fs/WindowsException'{0x0000000708c1d4f8}> (0x0000000708c1d4f8) 
thrown [s\src\hotspot\share\prims\jni.cpp, line 516]
Event: 15.087 Thread 0x00000240220e04a0 Exception <a 'sun/nio/fs/WindowsException'{0x0000000708c1f978}> (0x0000000708c1f978) 
thrown [s\src\hotspot\share\prims\jni.cpp, line 516]
Event: 15.087 Thread 0x00000240220e04a0 Exception <a 'sun/nio/fs/WindowsException'{0x0000000708c21ac8}> (0x0000000708c21ac8) 
thrown [s\src\hotspot\share\prims\jni.cpp, line 516]
Event: 15.088 Thread 0x00000240220e04a0 Exception <a 'sun/nio/fs/WindowsException'{0x0000000708c239b0}> (0x0000000708c239b0) 
thrown [s\src\hotspot\share\prims\jni.cpp, line 516]
Event: 15.093 Thread 0x00000240220e04a0 Exception <a 'sun/nio/fs/WindowsException'{0x0000000708c403a0}> (0x0000000708c403a0) 
thrown [s\src\hotspot\share\prims\jni.cpp, line 516]
Event: 15.094 Thread 0x00000240220e04a0 Exception <a 'sun/nio/fs/WindowsException'{0x0000000708c424a8}> (0x0000000708c424a8) 
thrown [s\src\hotspot\share\prims\jni.cpp, line 516]
Event: 15.095 Thread 0x00000240220e04a0 Exception <a 'sun/nio/fs/WindowsException'{0x0000000708c67430}> (0x0000000708c67430) 
thrown [s\src\hotspot\share\prims\jni.cpp, line 516]
Event: 16.457 Thread 0x000002401f5fb310 Exception <a 'java/lang/NoSuchMethodError'{0x000000070ba656a8}: 'java.lang.Object java.lang.invoke.Invokers$Holder.invokeExact_MT(java.lang.Object, java.lang.Object, java.lang.Object, int, java.lang.Object, java.lang.Object)'> (0x000000070ba656a8) 
thrown [s\src\hotspot\share\interpreter\linkResolver.cpp, line 759]

VM Operations (20 events):
Event: 15.687 Executing VM operation: G1CollectForAllocation done
Event: 15.874 Executing VM operation: ICBufferFull
Event: 15.875 Executing VM operation: ICBufferFull done
Event: 15.875 Executing VM operation: ICBufferFull
Event: 15.875 Executing VM operation: ICBufferFull done
Event: 15.882 Executing VM operation: HandshakeAllThreads
Event: 15.882 Executing VM operation: HandshakeAllThreads done
Event: 15.935 Executing VM operation: G1CollectForAllocation
Event: 15.947 Executing VM operation: G1CollectForAllocation done
Event: 16.096 Executing VM operation: G1CollectForAllocation
Event: 16.101 Executing VM operation: G1CollectForAllocation done
Event: 16.191 Executing VM operation: G1PauseRemark
Event: 16.195 Executing VM operation: G1PauseRemark done
Event: 16.250 Executing VM operation: G1PauseCleanup
Event: 16.250 Executing VM operation: G1PauseCleanup done
Event: 16.441 Executing VM operation: G1CollectForAllocation
Event: 16.449 Executing VM operation: G1CollectForAllocation done
Event: 16.482 Executing VM operation: G1CollectForAllocation
Event: 16.489 Executing VM operation: G1CollectForAllocation done
Event: 16.529 Executing VM operation: G1TryInitiateConcMark

Memory protections (0 events):
No events

Nmethod flushes (20 events):
Event: 12.706 Thread 0x0000023fd8bcc970 flushing  nmethod 0x0000023fbd819c90
Event: 12.706 Thread 0x0000023fd8bcc970 flushing  nmethod 0x0000023fbd820010
Event: 12.706 Thread 0x0000023fd8bcc970 flushing  nmethod 0x0000023fbd82c390
Event: 12.706 Thread 0x0000023fd8bcc970 flushing  nmethod 0x0000023fbd82eb10
Event: 12.706 Thread 0x0000023fd8bcc970 flushing  nmethod 0x0000023fbd82f710
Event: 12.706 Thread 0x0000023fd8bcc970 flushing  nmethod 0x0000023fbd845b90
Event: 12.706 Thread 0x0000023fd8bcc970 flushing  nmethod 0x0000023fbd84d710
Event: 12.706 Thread 0x0000023fd8bcc970 flushing  nmethod 0x0000023fbd889710
Event: 12.706 Thread 0x0000023fd8bcc970 flushing  nmethod 0x0000023fbd899d90
Event: 12.707 Thread 0x0000023fd8bcc970 flushing  nmethod 0x0000023fbd957790
Event: 12.707 Thread 0x0000023fd8bcc970 flushing osr nmethod 0x0000023fbd95a290
Event: 12.707 Thread 0x0000023fd8bcc970 flushing  nmethod 0x0000023fbd95f110
Event: 12.707 Thread 0x0000023fd8bcc970 flushing  nmethod 0x0000023fbd9e6690
Event: 15.892 Thread 0x0000023fd8bcc970 flushing  nmethod 0x0000023fbd60b990
Event: 15.893 Thread 0x0000023fd8bcc970 flushing  nmethod 0x0000023fbd63bf90
Event: 15.893 Thread 0x0000023fd8bcc970 flushing  nmethod 0x0000023fbd63c990
Event: 15.894 Thread 0x0000023fd8bcc970 flushing  nmethod 0x0000023fbd6f9710
Event: 15.896 Thread 0x0000023fd8bcc970 flushing  nmethod 0x0000023fbd934990
Event: 15.896 Thread 0x0000023fd8bcc970 flushing  nmethod 0x0000023fbd934d90
Event: 15.897 Thread 0x0000023fd8bcc970 flushing  nmethod 0x0000023fbd9d3e10

Events (20 events):
Event: 15.534 Thread 0x000002401f5fb310 Thread added: 0x0000024022f05b70
Event: 15.534 Thread 0x000002401f5fb310 Thread added: 0x0000024022f06080
Event: 15.534 Thread 0x000002401f5fb310 Thread added: 0x0000024023057fb0
Event: 15.535 Thread 0x000002401f5fb310 Thread added: 0x0000024023057590
Event: 15.535 Thread 0x000002401f5fb310 Thread added: 0x0000024023057080
Event: 15.535 Thread 0x000002401f5fb310 Thread added: 0x0000024023056b70
Event: 15.600 Thread 0x000002401f5fb310 Thread added: 0x000002402305a830
Event: 15.600 Thread 0x000002401f5fb310 Thread added: 0x0000024023059900
Event: 15.602 Thread 0x000002401f5fb310 Thread added: 0x0000024023059e10
Event: 15.603 Thread 0x000002401f5fb310 Thread added: 0x000002402305a320
Event: 15.604 Thread 0x000002401f5fb310 Thread added: 0x000002402305ad40
Event: 15.606 Thread 0x000002401f5fb310 Thread added: 0x000002402305b250
Event: 15.607 Thread 0x000002401f5fb310 Thread added: 0x00000240230584c0
Event: 15.813 Thread 0x000002401f5fb310 Thread added: 0x0000024023057aa0
Event: 15.813 Thread 0x000002401f5fb310 Thread added: 0x000002402305c180
Event: 15.814 Thread 0x000002401f5fb310 Thread added: 0x00000240230589d0
Event: 15.814 Thread 0x000002401f5fb310 Thread added: 0x000002402305b760
Event: 15.814 Thread 0x000002401f5fb310 Thread added: 0x000002402305bc70
Event: 15.815 Thread 0x000002401f5fb310 Thread added: 0x000002402305c690
Event: 15.815 Thread 0x000002401f5fb310 Thread added: 0x0000024023058ee0


Dynamic libraries:
0x00007ff74aa60000 - 0x00007ff74aa6e000 	C:\Program Files\Eclipse Adoptium\jdk-17.0.19.10-hotspot\bin\java.exe
0x00007ffb16ce0000 - 0x00007ffb16f46000 	C:\WINDOWS\SYSTEM32\ntdll.dll
0x00007ffb15650000 - 0x00007ffb15719000 	C:\WINDOWS\System32\KERNEL32.DLL
0x00007ffb142b0000 - 0x00007ffb146af000 	C:\WINDOWS\System32\KERNELBASE.dll
0x00007ffb146c0000 - 0x00007ffb1480c000 	C:\WINDOWS\System32\ucrtbase.dll
0x00007ffacb190000 - 0x00007ffacb1ae000 	C:\Program Files\Eclipse Adoptium\jdk-17.0.19.10-hotspot\bin\VCRUNTIME140.dll
0x00007ffacadf0000 - 0x00007ffacae08000 	C:\Program Files\Eclipse Adoptium\jdk-17.0.19.10-hotspot\bin\jli.dll
0x00007ffaf6490000 - 0x00007ffaf6721000 	C:\WINDOWS\WinSxS\amd64_microsoft.windows.common-controls_6595b64144ccf1df_6.0.26100.8972_none_3e0da176e32f9d4b\COMCTL32.dll
0x00007ffb14cd0000 - 0x00007ffb14d79000 	C:\WINDOWS\System32\msvcrt.dll
0x00007ffb15220000 - 0x00007ffb1524b000 	C:\WINDOWS\System32\GDI32.dll
0x00007ffb140f0000 - 0x00007ffb14117000 	C:\WINDOWS\System32\win32u.dll
0x00007ffb148e0000 - 0x00007ffb14a09000 	C:\WINDOWS\System32\gdi32full.dll
0x00007ffb13f80000 - 0x00007ffb14023000 	C:\WINDOWS\System32\msvcp_win.dll
0x00007ffb15b40000 - 0x00007ffb15d06000 	C:\WINDOWS\System32\USER32.dll
0x00007ffb14a40000 - 0x00007ffb14a72000 	C:\WINDOWS\System32\IMM32.DLL
0x00007ffad2b80000 - 0x00007ffad2b8c000 	C:\Program Files\Eclipse Adoptium\jdk-17.0.19.10-hotspot\bin\vcruntime140_1.dll
0x00007ffa9d480000 - 0x00007ffa9d50d000 	C:\Program Files\Eclipse Adoptium\jdk-17.0.19.10-hotspot\bin\msvcp140.dll
0x00007ffa75f80000 - 0x00007ffa76bec000 	C:\Program Files\Eclipse Adoptium\jdk-17.0.19.10-hotspot\bin\server\jvm.dll
0x00007ffb14a80000 - 0x00007ffb14b3c000 	C:\WINDOWS\System32\ADVAPI32.dll
0x00007ffb14b50000 - 0x00007ffb14bf9000 	C:\WINDOWS\System32\sechost.dll
0x00007ffb16aa0000 - 0x00007ffb16bb8000 	C:\WINDOWS\System32\RPCRT4.dll
0x00007ffb15d10000 - 0x00007ffb15d92000 	C:\WINDOWS\System32\WS2_32.dll
0x00007ffb0a8b0000 - 0x00007ffb0a8e6000 	C:\WINDOWS\SYSTEM32\WINMM.dll
0x00007ffb116a0000 - 0x00007ffb116ab000 	C:\WINDOWS\SYSTEM32\VERSION.dll
0x00007ffb13d50000 - 0x00007ffb13dae000 	C:\WINDOWS\SYSTEM32\POWRPROF.dll
0x00007ffb13d30000 - 0x00007ffb13d45000 	C:\WINDOWS\SYSTEM32\UMPDC.dll
0x00007ffb12ba0000 - 0x00007ffb12bbb000 	C:\WINDOWS\SYSTEM32\kernel.appcore.dll
0x00007ffad29c0000 - 0x00007ffad29ca000 	C:\Program Files\Eclipse Adoptium\jdk-17.0.19.10-hotspot\bin\jimage.dll
0x00007ffb0e6a0000 - 0x00007ffb0e8e2000 	C:\WINDOWS\SYSTEM32\DBGHELP.DLL
0x00007ffb15720000 - 0x00007ffb15aa5000 	C:\WINDOWS\System32\combase.dll
0x00007ffb15da0000 - 0x00007ffb15e79000 	C:\WINDOWS\System32\OLEAUT32.dll
0x00007ffaf8950000 - 0x00007ffaf898b000 	C:\WINDOWS\SYSTEM32\dbgcore.DLL
0x00007ffb14030000 - 0x00007ffb140dc000 	C:\WINDOWS\System32\bcryptPrimitives.dll
0x00007ffad2580000 - 0x00007ffad258e000 	C:\Program Files\Eclipse Adoptium\jdk-17.0.19.10-hotspot\bin\instrument.dll
0x00007ffac77a0000 - 0x00007ffac77c5000 	C:\Program Files\Eclipse Adoptium\jdk-17.0.19.10-hotspot\bin\java.dll
0x00007ffa999b0000 - 0x00007ffa99a87000 	C:\Program Files\Eclipse Adoptium\jdk-17.0.19.10-hotspot\bin\jsvml.dll
0x00007ffb16170000 - 0x00007ffb168f8000 	C:\WINDOWS\System32\SHELL32.dll
0x00007ffb11960000 - 0x00007ffb121fb000 	C:\WINDOWS\SYSTEM32\windows.storage.dll
0x00007ffb152e0000 - 0x00007ffb153d9000 	C:\WINDOWS\System32\SHCORE.dll
0x00007ffb16100000 - 0x00007ffb16166000 	C:\WINDOWS\System32\shlwapi.dll
0x00007ffb13e10000 - 0x00007ffb13e39000 	C:\WINDOWS\SYSTEM32\profapi.dll
0x00007ffac1430000 - 0x00007ffac1448000 	C:\Program Files\Eclipse Adoptium\jdk-17.0.19.10-hotspot\bin\zip.dll
0x00007ffac1410000 - 0x00007ffac142a000 	C:\Program Files\Eclipse Adoptium\jdk-17.0.19.10-hotspot\bin\net.dll
0x00007ffb0c160000 - 0x00007ffb0c287000 	C:\WINDOWS\SYSTEM32\WINHTTP.dll
0x00007ffb13130000 - 0x00007ffb1319c000 	C:\WINDOWS\system32\mswsock.dll
0x00007ffabedf0000 - 0x00007ffabee06000 	C:\Program Files\Eclipse Adoptium\jdk-17.0.19.10-hotspot\bin\nio.dll
0x00007ffacf3f0000 - 0x00007ffacf400000 	C:\Program Files\Eclipse Adoptium\jdk-17.0.19.10-hotspot\bin\verify.dll
0x00007ffac7830000 - 0x00007ffac7857000 	C:\Users\ranim\.gradle\native\1def1411415f61bf3af743bc5b6707747c0891f09f0c88961ee8f79bc544acac\windows-amd64\native-platform.dll
0x00007ffa9fc00000 - 0x00007ffa9fc78000 	C:\Users\ranim\.gradle\native\0.2.7\x86_64-windows-gnu\gradle-fileevents.dll
0x00007fface940000 - 0x00007fface94a000 	C:\Program Files\Eclipse Adoptium\jdk-17.0.19.10-hotspot\bin\management.dll
0x00007ffacafc0000 - 0x00007ffacafcc000 	C:\Program Files\Eclipse Adoptium\jdk-17.0.19.10-hotspot\bin\management_ext.dll
0x00007ffb153e0000 - 0x00007ffb153e8000 	C:\WINDOWS\System32\PSAPI.DLL
0x00007ffb12550000 - 0x00007ffb12583000 	C:\WINDOWS\SYSTEM32\IPHLPAPI.DLL
0x00007ffb15210000 - 0x00007ffb1521a000 	C:\WINDOWS\System32\NSI.dll
0x00007ffb0c3d0000 - 0x00007ffb0c3ed000 	C:\WINDOWS\SYSTEM32\dhcpcsvc6.DLL
0x00007ffb0c3a0000 - 0x00007ffb0c3c5000 	C:\WINDOWS\SYSTEM32\dhcpcsvc.DLL
0x00007ffb125e0000 - 0x00007ffb12738000 	C:\WINDOWS\SYSTEM32\DNSAPI.dll
0x00007ffb12f50000 - 0x00007ffb12f5d000 	C:\WINDOWS\SYSTEM32\DSPARSE.dll
0x00007ffac7c80000 - 0x00007ffac7c89000 	C:\Program Files\Eclipse Adoptium\jdk-17.0.19.10-hotspot\bin\extnet.dll
0x00007ffb13550000 - 0x00007ffb1356b000 	C:\WINDOWS\SYSTEM32\CRYPTSP.dll
0x00007ffb12b00000 - 0x00007ffb12b39000 	C:\WINDOWS\system32\rsaenh.dll
0x00007ffb131e0000 - 0x00007ffb13212000 	C:\WINDOWS\SYSTEM32\USERENV.dll
0x00007ffb13de0000 - 0x00007ffb13e0a000 	C:\WINDOWS\SYSTEM32\bcrypt.dll
0x00007ffb13520000 - 0x00007ffb1352c000 	C:\WINDOWS\SYSTEM32\CRYPTBASE.dll
0x00007ffabede0000 - 0x00007ffabedee000 	C:\Program Files\Eclipse Adoptium\jdk-17.0.19.10-hotspot\bin\sunmscapi.dll
0x00007ffb14120000 - 0x00007ffb1429e000 	C:\WINDOWS\System32\CRYPT32.dll
0x00007ffb136c0000 - 0x00007ffb136f0000 	C:\WINDOWS\SYSTEM32\ncrypt.dll
0x00007ffb13670000 - 0x00007ffb136af000 	C:\WINDOWS\SYSTEM32\NTASN1.dll
0x00007ffaee980000 - 0x00007ffaee988000 	C:\WINDOWS\system32\wshunix.dll
0x00007ffae6c80000 - 0x00007ffae6c98000 	C:\WINDOWS\system32\napinsp.dll
0x00007ffae69e0000 - 0x00007ffae69f3000 	C:\WINDOWS\System32\winrnr.dll
0x00007ffae43b0000 - 0x00007ffae43d2000 	C:\WINDOWS\system32\nlansp_c.dll
0x00007ffb034f0000 - 0x00007ffb03506000 	C:\WINDOWS\system32\wshbth.dll
0x00007ffb03590000 - 0x00007ffb0359b000 	C:\Windows\System32\rasadhlp.dll
0x00007ffb0cc10000 - 0x00007ffb0cc96000 	C:\WINDOWS\System32\fwpuclnt.dll

dbghelp: loaded successfully - version: 4.0.5 - missing functions: none
symbol engine: initialized successfully - sym options: 0x614 - pdb path: .;C:\Program Files\Eclipse Adoptium\jdk-17.0.19.10-hotspot\bin;C:\WINDOWS\SYSTEM32;C:\WINDOWS\WinSxS\amd64_microsoft.windows.common-controls_6595b64144ccf1df_6.0.26100.8972_none_3e0da176e32f9d4b;C:\Program Files\Eclipse Adoptium\jdk-17.0.19.10-hotspot\bin\server;C:\Users\ranim\.gradle\native\1def1411415f61bf3af743bc5b6707747c0891f09f0c88961ee8f79bc544acac\windows-amd64;C:\Users\ranim\.gradle\native\0.2.7\x86_64-windows-gnu

VM Arguments:
jvm_args: --add-opens=java.base/java.lang=ALL-UNNAMED --add-opens=java.base/java.lang.invoke=ALL-UNNAMED --add-opens=java.base/java.util=ALL-UNNAMED --add-opens=java.prefs/java.util.prefs=ALL-UNNAMED --add-exports=jdk.compiler/com.sun.tools.javac.api=ALL-UNNAMED --add-exports=jdk.compiler/com.sun.tools.javac.util=ALL-UNNAMED --add-opens=java.base/java.util=ALL-UNNAMED --add-opens=java.prefs/java.util.prefs=ALL-UNNAMED --add-opens=java.base/java.nio.charset=ALL-UNNAMED --add-opens=java.base/java.net=ALL-UNNAMED --add-opens=java.base/java.util.concurrent.atomic=ALL-UNNAMED --add-opens=java.xml/javax.xml.namespace=ALL-UNNAMED -XX:MaxMetaspaceSize=2g -Xmx4g -Dfile.encoding=UTF-8 -Duser.country=FR -Duser.language=fr -Duser.variant -javaagent:C:\Users\ranim\.gradle\wrapper\dists\gradle-8.14-all\c2qonpi39x1mddn7hk5gh9iqj\gradle-8.14\lib\agents\gradle-instrumentation-agent-8.14.jar 
java_command: org.gradle.launcher.daemon.bootstrap.GradleDaemon 8.14
java_class_path (initial): C:\Users\ranim\.gradle\wrapper\dists\gradle-8.14-all\c2qonpi39x1mddn7hk5gh9iqj\gradle-8.14\lib\gradle-daemon-main-8.14.jar
Launcher Type: SUN_STANDARD

[Global flags]
     intx CICompilerCount                          = 4                                         {product} {ergonomic}
     uint ConcGCThreads                            = 2                                         {product} {ergonomic}
     uint G1ConcRefinementThreads                  = 8                                         {product} {ergonomic}
   size_t G1HeapRegionSize                         = 2097152                                   {product} {ergonomic}
    uintx GCDrainStackTargetSize                   = 64                                        {product} {ergonomic}
   size_t InitialHeapSize                          = 197132288                                 {product} {ergonomic}
   size_t MarkStackSize                            = 4194304                                   {product} {ergonomic}
   size_t MaxHeapSize                              = 4294967296                                {product} {command line}
   size_t MaxMetaspaceSize                         = 2147483648                                {product} {command line}
   size_t MaxNewSize                               = 2575302656                                {product} {ergonomic}
   size_t MinHeapDeltaBytes                        = 2097152                                   {product} {ergonomic}
   size_t MinHeapSize                              = 8388608                                   {product} {ergonomic}
    uintx NonNMethodCodeHeapSize                   = 5839372                                {pd product} {ergonomic}
    uintx NonProfiledCodeHeapSize                  = 122909434                              {pd product} {ergonomic}
    uintx ProfiledCodeHeapSize                     = 122909434                              {pd product} {ergonomic}
    uintx ReservedCodeCacheSize                    = 251658240                              {pd product} {ergonomic}
     bool SegmentedCodeCache                       = true                                      {product} {ergonomic}
   size_t SoftMaxHeapSize                          = 4294967296                             {manageable} {ergonomic}
     bool UseCompressedClassPointers               = true                           {product lp64_product} {ergonomic}
     bool UseCompressedOops                        = true                           {product lp64_product} {ergonomic}
     bool UseG1GC                                  = true                                      {product} {ergonomic}
     bool UseLargePagesIndividualAllocation        = false                                  {pd product} {ergonomic}

Logging:
Log output configuration:
 #0: stdout all=warning uptime,level,tags
 #1: stderr all=off uptime,level,tags

Environment Variables:
JAVA_HOME=C:\Program Files\Eclipse Adoptium\jdk-17.0.19.10-hotspot
PATH=C:\Program Files\Eclipse Adoptium\jdk-17.0.19.10-hotspot\bin;C:\Program Files\Eclipse Adoptium\jdk-25.0.2.10-hotspot\bin;C:\Program Files\NVIDIA GPU Computing Toolkit\CUDA\v12.8\bin;C:\Program Files\NVIDIA GPU Computing Toolkit\CUDA\v12.8\libnvvp;C:\Users\ranim\Downloads\WINDOWS.X64_193000_db_home\bin;C:\app\ranim\product\21c\dbhomeXE\bin;C:\app\ranim\product\21c\dbhomeXE\cfgtoollogs\oui\dbhomeXE\bin;C:\WINDOWS\system32;C:\WINDOWS;C:\WINDOWS\System32\Wbem;C:\WINDOWS\System32\WindowsPowerShell\v1.0\;C:\WINDOWS\System32\OpenSSH\;C:\Program Files\NVIDIA Corporation\NVIDIA NvDLISR;C:\Program Files (x86)\NVIDIA Corporation\PhysX\Common;C:\ProgramData\chocolatey\bin;C:\Users\ranim\AppData\Local\Programs\Python\Python312\Scripts;C:\MinGW\bin;C:\Program Files\NVIDIA Corporation\NVIDIA app\NvDLISR;C:\Program Files\Git\cmd;C:\Program Files\nodejs\;C:\Program Files\dotnet\;C:\Program Files\Docker\Docker\resources\bin;C:\Windows\system32;C:\Users\ranim\.local\bin;C:\Users\ranim\AppData\Local\Microsoft\WindowsApps;C:\Users\ranim\AppData\Local\Programs\Microsoft VS Code\bin;C:\Users\ranim\AppData\Local\Muse Hub\lib;C:\flutter\src\bin;C:\Users\ranim\AppData\Roaming\npm;C:\Program Files\Tesseract-OCR;C:\flutter\bin;C:\Program Files\Eclipse Adoptium\jdk-17.0.19.10-hotspot\bin;C:\Users\ranim\AppData\Local\Android\Sdk\bin;C:\Users\ranim\AppData\Local\Python\bin;C:\Users\ranim\AppData\Local\Programs\mongosh\;C:\Users\ranim\AppData\Local\Programs\MiKTeX\miktex\bin\x64\
USERNAME=ranim
OS=Windows_NT
PROCESSOR_IDENTIFIER=Intel64 Family 6 Model 140 Stepping 1, GenuineIntel
TMP=C:\Users\ranim\AppData\Local\Temp
TEMP=C:\Users\ranim\AppData\Local\Temp



Periodic native trim disabled


---------------  S Y S T E M  ---------------

OS:
 Windows 11 , 64 bit Build 26100 (10.0.26100.8972)
OS uptime: 0 days 15:11 hours
Hyper-V role detected

CPU: total 8 (initial active 8) (4 cores per cpu, 2 threads per core) family 6 model 140 stepping 1 microcode 0xbe, cx8, cmov, fxsr, ht, mmx, 3dnowpref, sse, sse2, sse3, ssse3, sse4.1, sse4.2, popcnt, lzcnt, tsc, tscinvbit, avx, avx2, aes, erms, clmul, bmi1, bmi2, adx, avx512f, avx512dq, avx512cd, avx512bw, avx512vl, sha, fma, vzeroupper, avx512_vpopcntdq, avx512_vpclmulqdq, avx512_vaes, avx512_vnni, clflush, clflushopt, clwb, avx512_vbmi2, avx512_vbmi, hv
Processor Information for all 8 processors :
  Max Mhz: 2419, Current Mhz: 2419, Mhz Limit: 2419

Memory: 4k page, system-wide physical 12022M (155M free)
TotalPageFile size 20218M (AvailPageFile size 10M)
current process WorkingSet (physical memory assigned to process): 390M, peak: 390M
current process commit charge ("private bytes"): 441M, peak: 571M

vm_info: OpenJDK 64-Bit Server VM (17.0.19+10) for windows-amd64 JRE (17.0.19+10), built on Apr 25 2026 08:04:44 by "admin" with MS VC++ 17.12 (VS2022)

END.
