#
# There is insufficient memory for the Java Runtime Environment to continue.
# Native memory allocation (malloc) failed to allocate 1393584 bytes. Error detail: Chunk::new
# Possible reasons:
#   The system is out of physical RAM or swap space
#   This process is running with CompressedOops enabled, and the Java Heap may be blocking the growth of the native heap
# Possible solutions:
#   Reduce memory load on the system
#   Increase physical memory or swap space
#   Check if swap backing store is full
#   Decrease Java heap size (-Xmx/-Xms)
#   Decrease number of Java threads
#   Decrease Java thread stack sizes (-Xss)
#   Set larger code cache with -XX:ReservedCodeCacheSize=
#   JVM is running with Unscaled Compressed Oops mode in which the Java heap is
#     placed in the first 4GB address space. The Java Heap base address is the
#     maximum limit for the native heap growth. Please use -XX:HeapBaseMinAddress
#     to set the Java Heap base and to place the Java Heap above 4GB virtual address.
# This output file may be truncated or incomplete.
#
#  Out of Memory Error (arena.cpp:168), pid=15192, tid=14208
#
# JRE version: OpenJDK Runtime Environment Temurin-21.0.11+10 (21.0.11+10) (build 21.0.11+10-LTS)
# Java VM: OpenJDK 64-Bit Server VM Temurin-21.0.11+10 (21.0.11+10-LTS, mixed mode, sharing, tiered, compressed oops, compressed class ptrs, parallel gc, windows-amd64)
# No core dump will be written. Minidumps are not enabled by default on client versions of Windows
#

---------------  S U M M A R Y ------------

Command Line: --add-modules=ALL-SYSTEM --add-opens=java.base/java.util=ALL-UNNAMED --add-opens=java.base/java.lang=ALL-UNNAMED --add-opens=java.base/sun.nio.fs=ALL-UNNAMED -Declipse.application=org.eclipse.jdt.ls.core.id1 -Dosgi.bundles.defaultStartLevel=4 -Declipse.product=org.eclipse.jdt.ls.core.product -Djava.import.generatesMetadataFilesAtProjectRoot=false -DDetectVMInstallationsJob.disabled=true -Dfile.encoding=utf8 -XX:+UseParallelGC -XX:GCTimeRatio=4 -XX:AdaptiveSizePolicyWeight=90 -Dsun.zip.disableMemoryMapping=true -Xmx2G -Xms100m -Xlog:disable -javaagent:c:\Users\ranim\.vscode\extensions\redhat.java-1.55.0-win32-x64\lombok\lombok-1.18.39-4050.jar c:\Users\ranim\.vscode\extensions\redhat.java-1.55.0-win32-x64\server\plugins\org.eclipse.equinox.launcher_1.7.200.v20260619-2039.jar -configuration c:\Users\ranim\AppData\Roaming\Code\User\globalStorage\redhat.java\1.55.0\config_ss_win -data c:\Users\ranim\AppData\Roaming\Code\User\workspaceStorage\a1fee5f42c8201b5ff6b0d36b1f497cc\redhat.java\ss_ws --pipe=\\.\pipe\lsp-bdb35b204d852796313b98a2a5949c77-sock

Host: 11th Gen Intel(R) Core(TM) i5-1135G7 @ 2.40GHz, 8 cores, 11G,  Windows 11 , 64 bit Build 26100 (10.0.26100.9168)
Time: Sun Aug 23 22:09:29 2026 Afr. centrale Ouest elapsed time: 44.642085 seconds (0d 0h 0m 44s)

---------------  T H R E A D  ---------------

Current thread (0x000001874b4d1300):  JavaThread "C2 CompilerThread0" daemon [_thread_in_native, id=14208, stack(0x0000006f22700000,0x0000006f22800000) (1024K)]


Current CompileTask:
C2:44642 4021       4       org.eclipse.core.internal.resources.SaveManager$$Lambda/0x00000187013846a0::visitElement (43 bytes)

Stack: [0x0000006f22700000,0x0000006f22800000]
Native frames: (J=compiled Java code, j=interpreted, Vv=VM code, C=native code)
V  [jvm.dll+0x6d7e19]
V  [jvm.dll+0x8b5096]
V  [jvm.dll+0x8b764e]
V  [jvm.dll+0x8b7d33]
V  [jvm.dll+0x284596]
V  [jvm.dll+0xc685d]
V  [jvm.dll+0xc6da1]
V  [jvm.dll+0x3bed6b]
V  [jvm.dll+0x1e4149]
V  [jvm.dll+0x24c853]
V  [jvm.dll+0x24bce0]
V  [jvm.dll+0x1cb4ae]
V  [jvm.dll+0x25baad]
V  [jvm.dll+0x25a03a]
V  [jvm.dll+0x3f868e]
V  [jvm.dll+0x85fb0d]
V  [jvm.dll+0x6d664d]
C  [ucrtbase.dll+0x2cd30]
C  [KERNEL32.DLL+0x2ccb7]
C  [ntdll.dll+0xaad6c]


---------------  P R O C E S S  ---------------

Threads class SMR info:
_java_thread_list=0x0000018769d71b80, length=31, elements={
0x000001874b554260, 0x000001874b60c6c0, 0x000001874b4c5fe0, 0x000001874b4ca580,
0x000001874b4ccff0, 0x000001874b4cda50, 0x000001874b4ce4b0, 0x000001874b4d1300,
0x000001874b4ed910, 0x000001876396cfd0, 0x0000018763a8cc40, 0x0000018768585630,
0x000001876824db00, 0x00000187637c8b70, 0x0000018763b05930, 0x00000187637e9190,
0x00000187637e9820, 0x00000187637eabd0, 0x00000187637eb260, 0x00000187637e8b00,
0x00000187637eb8f0, 0x00000187637e9eb0, 0x00000187637ebf80, 0x00000187637ea540,
0x00000187693b7640, 0x00000187693b7cd0, 0x00000187693b8360, 0x00000187693b89f0,
0x00000187693b9da0, 0x00000187693ba430, 0x00000187693b6fb0
}

Java Threads: ( => current thread )
  0x000001874b554260 JavaThread "main"                              [_thread_in_Java, id=2644, stack(0x0000006f21d00000,0x0000006f21e00000) (1024K)]
  0x000001874b60c6c0 JavaThread "Reference Handler"          daemon [_thread_blocked, id=17360, stack(0x0000006f22100000,0x0000006f22200000) (1024K)]
  0x000001874b4c5fe0 JavaThread "Finalizer"                  daemon [_thread_blocked, id=14240, stack(0x0000006f22200000,0x0000006f22300000) (1024K)]
  0x000001874b4ca580 JavaThread "Signal Dispatcher"          daemon [_thread_blocked, id=19804, stack(0x0000006f22300000,0x0000006f22400000) (1024K)]
  0x000001874b4ccff0 JavaThread "Attach Listener"            daemon [_thread_blocked, id=17588, stack(0x0000006f22400000,0x0000006f22500000) (1024K)]
  0x000001874b4cda50 JavaThread "Service Thread"             daemon [_thread_blocked, id=13612, stack(0x0000006f22500000,0x0000006f22600000) (1024K)]
  0x000001874b4ce4b0 JavaThread "Monitor Deflation Thread"   daemon [_thread_blocked, id=18604, stack(0x0000006f22600000,0x0000006f22700000) (1024K)]
=>0x000001874b4d1300 JavaThread "C2 CompilerThread0"         daemon [_thread_in_native, id=14208, stack(0x0000006f22700000,0x0000006f22800000) (1024K)]
  0x000001874b4ed910 JavaThread "C1 CompilerThread0"         daemon [_thread_in_native, id=10484, stack(0x0000006f22800000,0x0000006f22900000) (1024K)]
  0x000001876396cfd0 JavaThread "Common-Cleaner"             daemon [_thread_blocked, id=20264, stack(0x0000006f22a00000,0x0000006f22b00000) (1024K)]
  0x0000018763a8cc40 JavaThread "Notification Thread"        daemon [_thread_blocked, id=12592, stack(0x0000006f22900000,0x0000006f22a00000) (1024K)]
  0x0000018768585630 JavaThread "Active Thread: Equinox Container: 6b1aaf48-2440-4f7f-b8e9-ef10598ff4b0"        [_thread_blocked, id=2612, stack(0x0000006f23200000,0x0000006f23300000) (1024K)]
  0x000001876824db00 JavaThread "SCR Component Actor"        daemon [_thread_blocked, id=11204, stack(0x0000006f23500000,0x0000006f23600000) (1024K)]
  0x00000187637c8b70 JavaThread "JNA Cleaner"                daemon [_thread_blocked, id=7732, stack(0x0000006f23700000,0x0000006f23800000) (1024K)]
  0x0000018763b05930 JavaThread "Worker-0"                          [_thread_blocked, id=18344, stack(0x0000006f23800000,0x0000006f23900000) (1024K)]
  0x00000187637e9190 JavaThread "Worker-1"                          [_thread_blocked, id=10436, stack(0x0000006f23900000,0x0000006f23a00000) (1024K)]
  0x00000187637e9820 JavaThread "Thread-1"                   daemon [_thread_in_native, id=13180, stack(0x0000006f23c00000,0x0000006f23d00000) (1024K)]
  0x00000187637eabd0 JavaThread "Thread-2"                   daemon [_thread_in_native, id=12472, stack(0x0000006f23d00000,0x0000006f23e00000) (1024K)]
  0x00000187637eb260 JavaThread "Thread-3"                   daemon [_thread_in_native, id=14912, stack(0x0000006f23e00000,0x0000006f23f00000) (1024K)]
  0x00000187637e8b00 JavaThread "Thread-4"                   daemon [_thread_in_native, id=8712, stack(0x0000006f23f00000,0x0000006f24000000) (1024K)]
  0x00000187637eb8f0 JavaThread "Thread-5"                   daemon [_thread_in_native, id=20592, stack(0x0000006f24000000,0x0000006f24100000) (1024K)]
  0x00000187637e9eb0 JavaThread "Thread-6"                   daemon [_thread_in_native, id=16044, stack(0x0000006f24100000,0x0000006f24200000) (1024K)]
  0x00000187637ebf80 JavaThread "Thread-7"                   daemon [_thread_in_native, id=6512, stack(0x0000006f24200000,0x0000006f24300000) (1024K)]
  0x00000187637ea540 JavaThread "Thread-8"                   daemon [_thread_in_native, id=17180, stack(0x0000006f24300000,0x0000006f24400000) (1024K)]
  0x00000187693b7640 JavaThread "Thread-9"                   daemon [_thread_in_native, id=21152, stack(0x0000006f24400000,0x0000006f24500000) (1024K)]
  0x00000187693b7cd0 JavaThread "pool-2-thread-1"                   [_thread_blocked, id=2628, stack(0x0000006f24500000,0x0000006f24600000) (1024K)]
  0x00000187693b8360 JavaThread "Worker-2"                          [_thread_blocked, id=7956, stack(0x0000006f24600000,0x0000006f24700000) (1024K)]
  0x00000187693b89f0 JavaThread "WorkspaceEventsHandler"            [_thread_blocked, id=6976, stack(0x0000006f24700000,0x0000006f24800000) (1024K)]
  0x00000187693b9da0 JavaThread "pool-1-thread-1"                   [_thread_blocked, id=14036, stack(0x0000006f24800000,0x0000006f24900000) (1024K)]
  0x00000187693ba430 JavaThread "ForkJoinPool.commonPool-worker-1" daemon [_thread_blocked, id=17528, stack(0x0000006f24900000,0x0000006f24a00000) (1024K)]
  0x00000187693b6fb0 JavaThread "pool-3-thread-1"                   [_thread_blocked, id=17260, stack(0x0000006f24a00000,0x0000006f24b00000) (1024K)]
Total: 31

Other Threads:
  0x000001874b4c3610 VMThread "VM Thread"                           [id=11908, stack(0x0000006f22000000,0x0000006f22100000) (1024K)]
  0x000001874b3dc950 WatcherThread "VM Periodic Task Thread"        [id=14652, stack(0x0000006f21f00000,0x0000006f22000000) (1024K)]
  0x000001874b5718e0 WorkerThread "GC Thread#0"                     [id=4188, stack(0x0000006f21e00000,0x0000006f21f00000) (1024K)]
  0x0000018763b3ca70 WorkerThread "GC Thread#1"                     [id=2016, stack(0x0000006f22c00000,0x0000006f22d00000) (1024K)]
  0x00000187682cdb00 WorkerThread "GC Thread#2"                     [id=11880, stack(0x0000006f22d00000,0x0000006f22e00000) (1024K)]
  0x00000187682cdeb0 WorkerThread "GC Thread#3"                     [id=9860, stack(0x0000006f22e00000,0x0000006f22f00000) (1024K)]
  0x00000187682ce260 WorkerThread "GC Thread#4"                     [id=21068, stack(0x0000006f22f00000,0x0000006f23000000) (1024K)]
  0x0000018768250720 WorkerThread "GC Thread#5"                     [id=8684, stack(0x0000006f23000000,0x0000006f23100000) (1024K)]
  0x0000018768250ad0 WorkerThread "GC Thread#6"                     [id=19516, stack(0x0000006f23100000,0x0000006f23200000) (1024K)]
  0x00000187687c2f30 WorkerThread "GC Thread#7"                     [id=21016, stack(0x0000006f23400000,0x0000006f23500000) (1024K)]
Total: 10

Threads with active compile tasks:
C2 CompilerThread0  44696 4021       4       org.eclipse.core.internal.resources.SaveManager$$Lambda/0x00000187013846a0::visitElement (43 bytes)
C1 CompilerThread0  44696 4109       3       org.eclipse.osgi.container.Module::unlockStateChange (63 bytes)
Total: 2

VM state: not at safepoint (normal execution)

VM Mutex/Monitor currently owned by a thread: None

Heap address: 0x0000000080000000, size: 2048 MB, Compressed Oops mode: 32-bit

CDS archive(s) mapped at: [0x0000018700000000-0x0000018700ba0000-0x0000018700ba0000), size 12189696, SharedBaseAddress: 0x0000018700000000, ArchiveRelocationMode: 1.
Compressed class space mapped at: 0x0000018701000000-0x0000018741000000, reserved size: 1073741824
Narrow klass base: 0x0000018700000000, Narrow klass shift: 0, Narrow klass range: 0x100000000

GC Precious Log:
 CardTable entry size: 512
 CPUs: 8 total, 8 available
 Memory: 12022M
 Large Page Support: Disabled
 NUMA Support: Disabled
 Compressed Oops: Enabled (32-bit)
 Alignments: Space 512K, Generation 512K, Heap 2M
 Heap Min Capacity: 100M
 Heap Initial Capacity: 100M
 Heap Max Capacity: 2G
 Pre-touch: Disabled
 Parallel Workers: 8

Heap:
 PSYoungGen      total 28160K, used 24217K [0x00000000d5580000, 0x00000000d7580000, 0x0000000100000000)
  eden space 23552K, 84% used [0x00000000d5580000,0x00000000d68d93f8,0x00000000d6c80000)
  from space 4608K, 95% used [0x00000000d6d00000,0x00000000d714d088,0x00000000d7180000)
  to   space 4096K, 0% used [0x00000000d7180000,0x00000000d7180000,0x00000000d7580000)
 ParOldGen       total 68608K, used 14106K [0x0000000080000000, 0x0000000084300000, 0x00000000d5580000)
  object space 68608K, 20% used [0x0000000080000000,0x0000000080dc6ae0,0x0000000084300000)
 Metaspace       used 31498K, committed 32448K, reserved 1114112K
  class space    used 3194K, committed 3584K, reserved 1048576K

Card table byte_map: [0x000001874aef0000,0x000001874b300000] _byte_map_base: 0x000001874aaf0000

Marking Bits: (ParMarkBitMap*) 0x00007ffd35e14460
 Begin Bits: [0x000001875da00000, 0x000001875fa00000)
 End Bits:   [0x000001875fa00000, 0x0000018761a00000)

Polling page: 0x0000018749870000

Metaspace:

Usage:
  Non-class:     27.64 MB used.
      Class:      3.12 MB used.
       Both:     30.76 MB used.

Virtual space:
  Non-class space:       64.00 MB reserved,      28.19 MB ( 44%) committed,  1 nodes.
      Class space:        1.00 GB reserved,       3.50 MB ( <1%) committed,  1 nodes.
             Both:        1.06 GB reserved,      31.69 MB (  3%) committed. 

Chunk freelists:
   Non-Class:  3.36 MB
       Class:  12.47 MB
        Both:  15.83 MB

MaxMetaspaceSize: unlimited
CompressedClassSpaceSize: 1.00 GB
Initial GC threshold: 21.00 MB
Current GC threshold: 35.00 MB
CDS: on
 - commit_granule_bytes: 65536.
 - commit_granule_words: 8192.
 - virtual_space_node_default_size: 8388608.
 - enlarge_chunks_in_place: 1.
 - use_allocation_guard: 0.


Internal statistics:

num_allocs_failed_limit: 3.
num_arena_births: 582.
num_arena_deaths: 14.
num_vsnodes_births: 2.
num_vsnodes_deaths: 0.
num_space_committed: 507.
num_space_uncommitted: 0.
num_chunks_returned_to_freelist: 17.
num_chunks_taken_from_freelist: 1836.
num_chunk_merges: 9.
num_chunk_splits: 1169.
num_chunks_enlarged: 728.
num_inconsistent_stats: 0.

CodeHeap 'non-profiled nmethods': size=120000Kb used=1917Kb max_used=1917Kb free=118082Kb
 bounds [0x0000018756220000, 0x0000018756490000, 0x000001875d750000]
CodeHeap 'profiled nmethods': size=120000Kb used=8246Kb max_used=8246Kb free=111753Kb
 bounds [0x000001874e750000, 0x000001874ef60000, 0x0000018755c80000]
CodeHeap 'non-nmethods': size=5760Kb used=1358Kb max_used=1387Kb free=4401Kb
 bounds [0x0000018755c80000, 0x0000018755ef0000, 0x0000018756220000]
CodeCache: size=245760Kb, used=11521Kb, max_used=11550Kb, free=234236Kb
 total_blobs=4743, nmethods=4097, adapters=550, full_count=0
Compilation: enabled, stopped_count=0, restarted_count=0

Compilation events (20 events):
Event: 44.500 Thread 0x000001874b4ed910 4081       3       java.util.Formatter$FormatSpecifier::print (234 bytes)
Event: 44.500 Thread 0x000001874b4ed910 nmethod 4081 0x000001874ef4b610 code [0x000001874ef4b8a0, 0x000001874ef4c040]
Event: 44.500 Thread 0x000001874b4ed910 4077       3       java.util.Formatter$FixedString::<init> (20 bytes)
Event: 44.500 Thread 0x000001874b4ed910 nmethod 4077 0x000001874ef4c210 code [0x000001874ef4c3c0, 0x000001874ef4c548]
Event: 44.500 Thread 0x000001874b4ed910 4078       3       java.util.Formatter::ensureOpen (16 bytes)
Event: 44.500 Thread 0x000001874b4ed910 nmethod 4078 0x000001874ef4c610 code [0x000001874ef4c7c0, 0x000001874ef4c980]
Event: 44.500 Thread 0x000001874b4ed910 4083       3       java.lang.StringBuilder::append (6 bytes)
Event: 44.500 Thread 0x000001874b4ed910 nmethod 4083 0x000001874ef4ca90 code [0x000001874ef4cc40, 0x000001874ef4cdf0]
Event: 44.501 Thread 0x000001874b4ed910 4082       1       java.text.DecimalFormatSymbols::getLocale (5 bytes)
Event: 44.501 Thread 0x000001874b4ed910 nmethod 4082 0x00000187563fed10 code [0x00000187563feea0, 0x00000187563fef68]
Event: 44.508 Thread 0x000001874b4ed910 4084       3       org.eclipse.osgi.framework.eventmgr.CopyOnWriteIdentityMap::empty (4 bytes)
Event: 44.508 Thread 0x000001874b4ed910 nmethod 4084 0x000001874ef4cf10 code [0x000001874ef4d0a0, 0x000001874ef4d198]
Event: 44.519 Thread 0x000001874b4ed910 4085       3       org.eclipse.osgi.framework.eventmgr.CopyOnWriteIdentityMap::<init> (12 bytes)
Event: 44.519 Thread 0x000001874b4ed910 nmethod 4085 0x000001874ef4d210 code [0x000001874ef4d3c0, 0x000001874ef4d5b0]
Event: 44.519 Thread 0x000001874b4ed910 4086       3       java.util.LinkedHashMap::sequencedKeySet (31 bytes)
Event: 44.520 Thread 0x000001874b4ed910 nmethod 4086 0x000001874ef4d690 code [0x000001874ef4d860, 0x000001874ef4dcd8]
Event: 44.520 Thread 0x000001874b4ed910 4087       3       org.eclipse.core.runtime.ServiceCaller$ReferenceAndService::bundleChanged (32 bytes)
Event: 44.520 Thread 0x000001874b4ed910 nmethod 4087 0x000001874ef4de90 code [0x000001874ef4e0c0, 0x000001874ef4e878]
Event: 44.520 Thread 0x000001874b4ed910 4088       3       java.util.LinkedHashMap::keySet (5 bytes)
Event: 44.520 Thread 0x000001874b4ed910 nmethod 4088 0x000001874ef4ec90 code [0x000001874ef4ee40, 0x000001874ef4ef98]

GC Heap History (20 events):
Event: 1.486 GC heap before
{Heap before GC invocations=1 (full 0):
 PSYoungGen      total 29696K, used 25600K [0x00000000d5580000, 0x00000000d7680000, 0x0000000100000000)
  eden space 25600K, 100% used [0x00000000d5580000,0x00000000d6e80000,0x00000000d6e80000)
  from space 4096K, 0% used [0x00000000d7280000,0x00000000d7280000,0x00000000d7680000)
  to   space 4096K, 0% used [0x00000000d6e80000,0x00000000d6e80000,0x00000000d7280000)
 ParOldGen       total 68608K, used 0K [0x0000000080000000, 0x0000000084300000, 0x00000000d5580000)
  object space 68608K, 0% used [0x0000000080000000,0x0000000080000000,0x0000000084300000)
 Metaspace       used 4379K, committed 4608K, reserved 1114112K
  class space    used 475K, committed 576K, reserved 1048576K
}
Event: 1.498 GC heap after
{Heap after GC invocations=1 (full 0):
 PSYoungGen      total 29696K, used 3303K [0x00000000d5580000, 0x00000000d7680000, 0x0000000100000000)
  eden space 25600K, 0% used [0x00000000d5580000,0x00000000d5580000,0x00000000d6e80000)
  from space 4096K, 80% used [0x00000000d6e80000,0x00000000d71b9e98,0x00000000d7280000)
  to   space 4096K, 0% used [0x00000000d7280000,0x00000000d7280000,0x00000000d7680000)
 ParOldGen       total 68608K, used 16K [0x0000000080000000, 0x0000000084300000, 0x00000000d5580000)
  object space 68608K, 0% used [0x0000000080000000,0x0000000080004000,0x0000000084300000)
 Metaspace       used 4379K, committed 4608K, reserved 1114112K
  class space    used 475K, committed 576K, reserved 1048576K
}
Event: 13.908 GC heap before
{Heap before GC invocations=2 (full 0):
 PSYoungGen      total 29696K, used 28903K [0x00000000d5580000, 0x00000000d7680000, 0x0000000100000000)
  eden space 25600K, 100% used [0x00000000d5580000,0x00000000d6e80000,0x00000000d6e80000)
  from space 4096K, 80% used [0x00000000d6e80000,0x00000000d71b9e98,0x00000000d7280000)
  to   space 4096K, 0% used [0x00000000d7280000,0x00000000d7280000,0x00000000d7680000)
 ParOldGen       total 68608K, used 16K [0x0000000080000000, 0x0000000084300000, 0x00000000d5580000)
  object space 68608K, 0% used [0x0000000080000000,0x0000000080004000,0x0000000084300000)
 Metaspace       used 8221K, committed 8512K, reserved 1114112K
  class space    used 875K, committed 1024K, reserved 1048576K
}
Event: 13.915 GC heap after
{Heap after GC invocations=2 (full 0):
 PSYoungGen      total 29696K, used 4070K [0x00000000d5580000, 0x00000000d7680000, 0x0000000100000000)
  eden space 25600K, 0% used [0x00000000d5580000,0x00000000d5580000,0x00000000d6e80000)
  from space 4096K, 99% used [0x00000000d7280000,0x00000000d7679800,0x00000000d7680000)
  to   space 4096K, 0% used [0x00000000d6e80000,0x00000000d6e80000,0x00000000d7280000)
 ParOldGen       total 68608K, used 1077K [0x0000000080000000, 0x0000000084300000, 0x00000000d5580000)
  object space 68608K, 1% used [0x0000000080000000,0x000000008010d6b8,0x0000000084300000)
 Metaspace       used 8221K, committed 8512K, reserved 1114112K
  class space    used 875K, committed 1024K, reserved 1048576K
}
Event: 16.089 GC heap before
{Heap before GC invocations=3 (full 0):
 PSYoungGen      total 29696K, used 29670K [0x00000000d5580000, 0x00000000d7680000, 0x0000000100000000)
  eden space 25600K, 100% used [0x00000000d5580000,0x00000000d6e80000,0x00000000d6e80000)
  from space 4096K, 99% used [0x00000000d7280000,0x00000000d7679800,0x00000000d7680000)
  to   space 4096K, 0% used [0x00000000d6e80000,0x00000000d6e80000,0x00000000d7280000)
 ParOldGen       total 68608K, used 1077K [0x0000000080000000, 0x0000000084300000, 0x00000000d5580000)
  object space 68608K, 1% used [0x0000000080000000,0x000000008010d6b8,0x0000000084300000)
 Metaspace       used 13078K, committed 13568K, reserved 1114112K
  class space    used 1383K, committed 1600K, reserved 1048576K
}
Event: 16.098 GC heap after
{Heap after GC invocations=3 (full 0):
 PSYoungGen      total 29696K, used 4066K [0x00000000d5580000, 0x00000000d7680000, 0x0000000100000000)
  eden space 25600K, 0% used [0x00000000d5580000,0x00000000d5580000,0x00000000d6e80000)
  from space 4096K, 99% used [0x00000000d6e80000,0x00000000d7278be8,0x00000000d7280000)
  to   space 4096K, 0% used [0x00000000d7280000,0x00000000d7280000,0x00000000d7680000)
 ParOldGen       total 68608K, used 2794K [0x0000000080000000, 0x0000000084300000, 0x00000000d5580000)
  object space 68608K, 4% used [0x0000000080000000,0x00000000802baba8,0x0000000084300000)
 Metaspace       used 13078K, committed 13568K, reserved 1114112K
  class space    used 1383K, committed 1600K, reserved 1048576K
}
Event: 17.785 GC heap before
{Heap before GC invocations=4 (full 0):
 PSYoungGen      total 29696K, used 29666K [0x00000000d5580000, 0x00000000d7680000, 0x0000000100000000)
  eden space 25600K, 100% used [0x00000000d5580000,0x00000000d6e80000,0x00000000d6e80000)
  from space 4096K, 99% used [0x00000000d6e80000,0x00000000d7278be8,0x00000000d7280000)
  to   space 4096K, 0% used [0x00000000d7280000,0x00000000d7280000,0x00000000d7680000)
 ParOldGen       total 68608K, used 2794K [0x0000000080000000, 0x0000000084300000, 0x00000000d5580000)
  object space 68608K, 4% used [0x0000000080000000,0x00000000802baba8,0x0000000084300000)
 Metaspace       used 15782K, committed 16448K, reserved 1114112K
  class space    used 1681K, committed 1984K, reserved 1048576K
}
Event: 17.796 GC heap after
{Heap after GC invocations=4 (full 0):
 PSYoungGen      total 29696K, used 4085K [0x00000000d5580000, 0x00000000d7680000, 0x0000000100000000)
  eden space 25600K, 0% used [0x00000000d5580000,0x00000000d5580000,0x00000000d6e80000)
  from space 4096K, 99% used [0x00000000d7280000,0x00000000d767d6b8,0x00000000d7680000)
  to   space 4096K, 0% used [0x00000000d6e80000,0x00000000d6e80000,0x00000000d7280000)
 ParOldGen       total 68608K, used 7982K [0x0000000080000000, 0x0000000084300000, 0x00000000d5580000)
  object space 68608K, 11% used [0x0000000080000000,0x00000000807cb8e8,0x0000000084300000)
 Metaspace       used 15782K, committed 16448K, reserved 1114112K
  class space    used 1681K, committed 1984K, reserved 1048576K
}
Event: 18.633 GC heap before
{Heap before GC invocations=5 (full 0):
 PSYoungGen      total 29696K, used 29685K [0x00000000d5580000, 0x00000000d7680000, 0x0000000100000000)
  eden space 25600K, 100% used [0x00000000d5580000,0x00000000d6e80000,0x00000000d6e80000)
  from space 4096K, 99% used [0x00000000d7280000,0x00000000d767d6b8,0x00000000d7680000)
  to   space 4096K, 0% used [0x00000000d6e80000,0x00000000d6e80000,0x00000000d7280000)
 ParOldGen       total 68608K, used 7982K [0x0000000080000000, 0x0000000084300000, 0x00000000d5580000)
  object space 68608K, 11% used [0x0000000080000000,0x00000000807cb8e8,0x0000000084300000)
 Metaspace       used 19083K, committed 19776K, reserved 1114112K
  class space    used 1907K, committed 2240K, reserved 1048576K
}
Event: 18.642 GC heap after
{Heap after GC invocations=5 (full 0):
 PSYoungGen      total 29184K, used 4078K [0x00000000d5580000, 0x00000000d7b00000, 0x0000000100000000)
  eden space 25088K, 0% used [0x00000000d5580000,0x00000000d5580000,0x00000000d6e00000)
  from space 4096K, 99% used [0x00000000d6e80000,0x00000000d727ba10,0x00000000d7280000)
  to   space 6656K, 0% used [0x00000000d7480000,0x00000000d7480000,0x00000000d7b00000)
 ParOldGen       total 68608K, used 8550K [0x0000000080000000, 0x0000000084300000, 0x00000000d5580000)
  object space 68608K, 12% used [0x0000000080000000,0x00000000808598f8,0x0000000084300000)
 Metaspace       used 19083K, committed 19776K, reserved 1114112K
  class space    used 1907K, committed 2240K, reserved 1048576K
}
Event: 18.929 GC heap before
{Heap before GC invocations=6 (full 0):
 PSYoungGen      total 29184K, used 17871K [0x00000000d5580000, 0x00000000d7b00000, 0x0000000100000000)
  eden space 25088K, 54% used [0x00000000d5580000,0x00000000d62f85c0,0x00000000d6e00000)
  from space 4096K, 99% used [0x00000000d6e80000,0x00000000d727ba10,0x00000000d7280000)
  to   space 6656K, 0% used [0x00000000d7480000,0x00000000d7480000,0x00000000d7b00000)
 ParOldGen       total 68608K, used 8550K [0x0000000080000000, 0x0000000084300000, 0x00000000d5580000)
  object space 68608K, 12% used [0x0000000080000000,0x00000000808598f8,0x0000000084300000)
 Metaspace       used 20755K, committed 21504K, reserved 1114112K
  class space    used 2071K, committed 2432K, reserved 1048576K
}
Event: 18.938 GC heap after
{Heap after GC invocations=6 (full 0):
 PSYoungGen      total 30208K, used 4665K [0x00000000d5580000, 0x00000000d7980000, 0x0000000100000000)
  eden space 25088K, 0% used [0x00000000d5580000,0x00000000d5580000,0x00000000d6e00000)
  from space 5120K, 91% used [0x00000000d7480000,0x00000000d790e440,0x00000000d7980000)
  to   space 5120K, 0% used [0x00000000d6f80000,0x00000000d6f80000,0x00000000d7480000)
 ParOldGen       total 68608K, used 8550K [0x0000000080000000, 0x0000000084300000, 0x00000000d5580000)
  object space 68608K, 12% used [0x0000000080000000,0x00000000808598f8,0x0000000084300000)
 Metaspace       used 20755K, committed 21504K, reserved 1114112K
  class space    used 2071K, committed 2432K, reserved 1048576K
}
Event: 18.938 GC heap before
{Heap before GC invocations=7 (full 1):
 PSYoungGen      total 30208K, used 4665K [0x00000000d5580000, 0x00000000d7980000, 0x0000000100000000)
  eden space 25088K, 0% used [0x00000000d5580000,0x00000000d5580000,0x00000000d6e00000)
  from space 5120K, 91% used [0x00000000d7480000,0x00000000d790e440,0x00000000d7980000)
  to   space 5120K, 0% used [0x00000000d6f80000,0x00000000d6f80000,0x00000000d7480000)
 ParOldGen       total 68608K, used 8550K [0x0000000080000000, 0x0000000084300000, 0x00000000d5580000)
  object space 68608K, 12% used [0x0000000080000000,0x00000000808598f8,0x0000000084300000)
 Metaspace       used 20755K, committed 21504K, reserved 1114112K
  class space    used 2071K, committed 2432K, reserved 1048576K
}
Event: 18.984 GC heap after
{Heap after GC invocations=7 (full 1):
 PSYoungGen      total 30208K, used 0K [0x00000000d5580000, 0x00000000d7980000, 0x0000000100000000)
  eden space 25088K, 0% used [0x00000000d5580000,0x00000000d5580000,0x00000000d6e00000)
  from space 5120K, 0% used [0x00000000d7480000,0x00000000d7480000,0x00000000d7980000)
  to   space 5120K, 0% used [0x00000000d6f80000,0x00000000d6f80000,0x00000000d7480000)
 ParOldGen       total 68608K, used 12797K [0x0000000080000000, 0x0000000084300000, 0x00000000d5580000)
  object space 68608K, 18% used [0x0000000080000000,0x0000000080c7f5a0,0x0000000084300000)
 Metaspace       used 20742K, committed 21504K, reserved 1114112K
  class space    used 2068K, committed 2432K, reserved 1048576K
}
Event: 19.782 GC heap before
{Heap before GC invocations=8 (full 1):
 PSYoungGen      total 30208K, used 25088K [0x00000000d5580000, 0x00000000d7980000, 0x0000000100000000)
  eden space 25088K, 100% used [0x00000000d5580000,0x00000000d6e00000,0x00000000d6e00000)
  from space 5120K, 0% used [0x00000000d7480000,0x00000000d7480000,0x00000000d7980000)
  to   space 5120K, 0% used [0x00000000d6f80000,0x00000000d6f80000,0x00000000d7480000)
 ParOldGen       total 68608K, used 12797K [0x0000000080000000, 0x0000000084300000, 0x00000000d5580000)
  object space 68608K, 18% used [0x0000000080000000,0x0000000080c7f5a0,0x0000000084300000)
 Metaspace       used 23086K, committed 23808K, reserved 1114112K
  class space    used 2246K, committed 2560K, reserved 1048576K
}
Event: 19.785 GC heap after
{Heap after GC invocations=8 (full 1):
 PSYoungGen      total 27136K, used 2440K [0x00000000d5580000, 0x00000000d7500000, 0x0000000100000000)
  eden space 24576K, 0% used [0x00000000d5580000,0x00000000d5580000,0x00000000d6d80000)
  from space 2560K, 95% used [0x00000000d6f80000,0x00000000d71e22b0,0x00000000d7200000)
  to   space 3072K, 0% used [0x00000000d7200000,0x00000000d7200000,0x00000000d7500000)
 ParOldGen       total 68608K, used 12805K [0x0000000080000000, 0x0000000084300000, 0x00000000d5580000)
  object space 68608K, 18% used [0x0000000080000000,0x0000000080c815a0,0x0000000084300000)
 Metaspace       used 23086K, committed 23808K, reserved 1114112K
  class space    used 2246K, committed 2560K, reserved 1048576K
}
Event: 20.456 GC heap before
{Heap before GC invocations=9 (full 1):
 PSYoungGen      total 27136K, used 27016K [0x00000000d5580000, 0x00000000d7500000, 0x0000000100000000)
  eden space 24576K, 100% used [0x00000000d5580000,0x00000000d6d80000,0x00000000d6d80000)
  from space 2560K, 95% used [0x00000000d6f80000,0x00000000d71e22b0,0x00000000d7200000)
  to   space 3072K, 0% used [0x00000000d7200000,0x00000000d7200000,0x00000000d7500000)
 ParOldGen       total 68608K, used 12805K [0x0000000080000000, 0x0000000084300000, 0x00000000d5580000)
  object space 68608K, 18% used [0x0000000080000000,0x0000000080c815a0,0x0000000084300000)
 Metaspace       used 26378K, committed 27200K, reserved 1114112K
  class space    used 2592K, committed 2944K, reserved 1048576K
}
Event: 20.459 GC heap after
{Heap after GC invocations=9 (full 1):
 PSYoungGen      total 27136K, used 3044K [0x00000000d5580000, 0x00000000d7700000, 0x0000000100000000)
  eden space 24064K, 0% used [0x00000000d5580000,0x00000000d5580000,0x00000000d6d00000)
  from space 3072K, 99% used [0x00000000d7200000,0x00000000d74f9078,0x00000000d7500000)
  to   space 5120K, 0% used [0x00000000d6d00000,0x00000000d6d00000,0x00000000d7200000)
 ParOldGen       total 68608K, used 14098K [0x0000000080000000, 0x0000000084300000, 0x00000000d5580000)
  object space 68608K, 20% used [0x0000000080000000,0x0000000080dc4ae0,0x0000000084300000)
 Metaspace       used 26378K, committed 27200K, reserved 1114112K
  class space    used 2592K, committed 2944K, reserved 1048576K
}
Event: 20.930 GC heap before
{Heap before GC invocations=10 (full 1):
 PSYoungGen      total 27136K, used 27108K [0x00000000d5580000, 0x00000000d7700000, 0x0000000100000000)
  eden space 24064K, 100% used [0x00000000d5580000,0x00000000d6d00000,0x00000000d6d00000)
  from space 3072K, 99% used [0x00000000d7200000,0x00000000d74f9078,0x00000000d7500000)
  to   space 5120K, 0% used [0x00000000d6d00000,0x00000000d6d00000,0x00000000d7200000)
 ParOldGen       total 68608K, used 14098K [0x0000000080000000, 0x0000000084300000, 0x00000000d5580000)
  object space 68608K, 20% used [0x0000000080000000,0x0000000080dc4ae0,0x0000000084300000)
 Metaspace       used 29779K, committed 30720K, reserved 1114112K
  class space    used 2989K, committed 3392K, reserved 1048576K
}
Event: 20.934 GC heap after
{Heap after GC invocations=10 (full 1):
 PSYoungGen      total 28160K, used 4404K [0x00000000d5580000, 0x00000000d7580000, 0x0000000100000000)
  eden space 23552K, 0% used [0x00000000d5580000,0x00000000d5580000,0x00000000d6c80000)
  from space 4608K, 95% used [0x00000000d6d00000,0x00000000d714d088,0x00000000d7180000)
  to   space 4096K, 0% used [0x00000000d7180000,0x00000000d7180000,0x00000000d7580000)
 ParOldGen       total 68608K, used 14106K [0x0000000080000000, 0x0000000084300000, 0x00000000d5580000)
  object space 68608K, 20% used [0x0000000080000000,0x0000000080dc6ae0,0x0000000084300000)
 Metaspace       used 29779K, committed 30720K, reserved 1114112K
  class space    used 2989K, committed 3392K, reserved 1048576K
}

Dll operation events (10 events):
Event: 0.029 Loaded shared library c:\Users\ranim\.vscode\extensions\redhat.java-1.55.0-win32-x64\jre\21.0.11-win32-x86_64\bin\java.dll
Event: 0.162 Loaded shared library c:\Users\ranim\.vscode\extensions\redhat.java-1.55.0-win32-x64\jre\21.0.11-win32-x86_64\bin\zip.dll
Event: 0.207 Loaded shared library C:\Users\ranim\.vscode\extensions\redhat.java-1.55.0-win32-x64\jre\21.0.11-win32-x86_64\bin\instrument.dll
Event: 0.215 Loaded shared library C:\Users\ranim\.vscode\extensions\redhat.java-1.55.0-win32-x64\jre\21.0.11-win32-x86_64\bin\net.dll
Event: 0.223 Loaded shared library C:\Users\ranim\.vscode\extensions\redhat.java-1.55.0-win32-x64\jre\21.0.11-win32-x86_64\bin\nio.dll
Event: 0.228 Loaded shared library C:\Users\ranim\.vscode\extensions\redhat.java-1.55.0-win32-x64\jre\21.0.11-win32-x86_64\bin\zip.dll
Event: 0.257 Loaded shared library C:\Users\ranim\.vscode\extensions\redhat.java-1.55.0-win32-x64\jre\21.0.11-win32-x86_64\bin\jimage.dll
Event: 0.432 Loaded shared library c:\Users\ranim\.vscode\extensions\redhat.java-1.55.0-win32-x64\jre\21.0.11-win32-x86_64\bin\verify.dll
Event: 13.861 Loaded shared library C:\Users\ranim\AppData\Roaming\Code\User\globalStorage\redhat.java\1.55.0\config_ss_win\org.eclipse.equinox.launcher\org.eclipse.equinox.launcher.win32.win32.x86_64_1.3.100.v20260613-0559\eclipse_11924.dll
Event: 17.601 Loaded shared library C:\Users\ranim\AppData\Local\Temp\jna-108280195\jna17236026830988799191.dll

Deoptimization events (20 events):
Event: 44.502 Thread 0x00000187693baac0 Uncommon trap: trap_request=0xffffffde fr.pc=0x00000187563f2394 relative=0x0000000000000bd4
Event: 44.502 Thread 0x00000187693baac0 Uncommon trap: reason=class_check action=maybe_recompile pc=0x00000187563f2394 method=java.io.DataOutputStream.write([BII)V @ 7 c2
Event: 44.502 Thread 0x00000187693baac0 DEOPT PACKING pc=0x00000187563f2394 sp=0x0000006f24bfe320
Event: 44.502 Thread 0x00000187693baac0 DEOPT UNPACKING pc=0x0000018755cd6da2 sp=0x0000006f24bfe250 mode 2
Event: 44.502 Thread 0x00000187693baac0 Uncommon trap: trap_request=0xffffffde fr.pc=0x00000187563e9a88 relative=0x0000000000000348
Event: 44.502 Thread 0x00000187693baac0 Uncommon trap: reason=class_check action=maybe_recompile pc=0x00000187563e9a88 method=java.io.DataOutputStream.writeByte(I)V @ 5 c2
Event: 44.502 Thread 0x00000187693baac0 DEOPT PACKING pc=0x00000187563e9a88 sp=0x0000006f24bfe390
Event: 44.502 Thread 0x00000187693baac0 DEOPT UNPACKING pc=0x0000018755cd6da2 sp=0x0000006f24bfe348 mode 2
Event: 44.502 Thread 0x00000187693baac0 Uncommon trap: trap_request=0xffffffde fr.pc=0x00000187563eed34 relative=0x00000000000005d4
Event: 44.502 Thread 0x00000187693baac0 Uncommon trap: reason=class_check action=maybe_recompile pc=0x00000187563eed34 method=java.io.DataOutputStream.writeInt(I)V @ 19 c2
Event: 44.502 Thread 0x00000187693baac0 DEOPT PACKING pc=0x00000187563eed34 sp=0x0000006f24bfe370
Event: 44.502 Thread 0x00000187693baac0 DEOPT UNPACKING pc=0x0000018755cd6da2 sp=0x0000006f24bfe338 mode 2
Event: 44.502 Thread 0x00000187693baac0 Uncommon trap: trap_request=0xffffffde fr.pc=0x00000187563f4994 relative=0x0000000000000734
Event: 44.502 Thread 0x00000187693baac0 Uncommon trap: reason=class_check action=maybe_recompile pc=0x00000187563f4994 method=java.io.DataOutputStream.write([BII)V @ 7 c2
Event: 44.502 Thread 0x00000187693baac0 DEOPT PACKING pc=0x00000187563f4994 sp=0x0000006f24bfe260
Event: 44.502 Thread 0x00000187693baac0 DEOPT UNPACKING pc=0x0000018755cd6da2 sp=0x0000006f24bfe248 mode 2
Event: 44.502 Thread 0x00000187693baac0 Uncommon trap: trap_request=0xffffffde fr.pc=0x00000187563e9a88 relative=0x0000000000000348
Event: 44.502 Thread 0x00000187693baac0 Uncommon trap: reason=class_check action=maybe_recompile pc=0x00000187563e9a88 method=java.io.DataOutputStream.writeByte(I)V @ 5 c2
Event: 44.502 Thread 0x00000187693baac0 DEOPT PACKING pc=0x00000187563e9a88 sp=0x0000006f24bfe390
Event: 44.502 Thread 0x00000187693baac0 DEOPT UNPACKING pc=0x0000018755cd6da2 sp=0x0000006f24bfe348 mode 2

Classes loaded (20 events):
Event: 44.413 Loading class java/lang/Throwable$PrintStreamOrWriter done
Event: 44.413 Loading class java/lang/Throwable$WrappedPrintWriter done
Event: 44.414 Loading class java/util/logging/Level$RbAccess
Event: 44.414 Loading class java/util/logging/Level$RbAccess done
Event: 44.414 Loading class sun/util/logging/resources/logging
Event: 44.414 Loading class sun/util/logging/resources/logging done
Event: 44.414 Loading class sun/util/logging/resources/logging_fr
Event: 44.415 Loading class sun/util/logging/resources/logging_fr done
Event: 44.415 Loading class sun/util/logging/resources/logging_fr_FR
Event: 44.415 Loading class sun/util/logging/resources/logging_fr_FR done
Event: 44.415 Loading class sun/util/logging/resources/logging_fr_FR
Event: 44.415 Loading class sun/util/logging/resources/logging_fr_FR done
Event: 44.415 Loading class java/util/Formatter$DateTime
Event: 44.416 Loading class java/util/Formatter$DateTime done
Event: 44.416 Loading class java/time/ZonedDateTime$1
Event: 44.416 Loading class java/time/ZonedDateTime$1 done
Event: 44.440 Loading class java/util/Hashtable$KeySet
Event: 44.441 Loading class java/util/Hashtable$KeySet done
Event: 44.506 Loading class javax/security/auth/login/Configuration
Event: 44.506 Loading class javax/security/auth/login/Configuration done

Classes unloaded (7 events):
Event: 18.948 Thread 0x000001874b4c3610 Unloading class 0x000001870118cc00 'java/lang/invoke/LambdaForm$MH+0x000001870118cc00'
Event: 18.948 Thread 0x000001874b4c3610 Unloading class 0x000001870118c800 'java/lang/invoke/LambdaForm$MH+0x000001870118c800'
Event: 18.948 Thread 0x000001874b4c3610 Unloading class 0x000001870118c400 'java/lang/invoke/LambdaForm$MH+0x000001870118c400'
Event: 18.948 Thread 0x000001874b4c3610 Unloading class 0x000001870118c000 'java/lang/invoke/LambdaForm$MH+0x000001870118c000'
Event: 18.948 Thread 0x000001874b4c3610 Unloading class 0x000001870118bc00 'java/lang/invoke/LambdaForm$BMH+0x000001870118bc00'
Event: 18.948 Thread 0x000001874b4c3610 Unloading class 0x000001870118b800 'java/lang/invoke/LambdaForm$DMH+0x000001870118b800'
Event: 18.948 Thread 0x000001874b4c3610 Unloading class 0x000001870118a400 'java/lang/invoke/LambdaForm$DMH+0x000001870118a400'

Classes redefined (0 events):
No events

Internal exceptions (20 events):
Event: 20.758 Thread 0x000001874b554260 Exception <a 'java/lang/NoSuchMethodError'{0x00000000d65a29d0}: 'void java.lang.invoke.DirectMethodHandle$Holder.invokeSpecial(java.lang.Object, java.lang.Object, java.lang.Object, java.lang.Object, java.lang.Object, java.lang.Object)'> (0x00000000d65a29d0) 
thrown [s\src\hotspot\share\interpreter\linkResolver.cpp, line 773]
Event: 20.759 Thread 0x000001874b554260 Exception <a 'java/lang/IncompatibleClassChangeError'{0x00000000d65aaab0}: Found class java.lang.Object, but interface was expected> (0x00000000d65aaab0) 
thrown [s\src\hotspot\share\interpreter\linkResolver.cpp, line 840]
Event: 20.759 Thread 0x000001874b554260 Exception <a 'java/lang/IncompatibleClassChangeError'{0x00000000d65abc28}: Found class java.lang.Object, but interface was expected> (0x00000000d65abc28) 
thrown [s\src\hotspot\share\interpreter\linkResolver.cpp, line 840]
Event: 20.985 Thread 0x00000187693b9da0 Exception <a 'java/lang/NoSuchMethodError'{0x00000000d5776568}: 'java.lang.Object java.lang.invoke.DirectMethodHandle$Holder.invokeInterface(java.lang.Object, java.lang.Object, java.lang.Object)'> (0x00000000d5776568) 
thrown [s\src\hotspot\share\interpreter\linkResolver.cpp, line 773]
Event: 21.016 Thread 0x00000187693b9da0 Exception <a 'java/io/FileNotFoundException'{0x00000000d581aa28}> (0x00000000d581aa28) 
thrown [s\src\hotspot\share\prims\jni.cpp, line 520]
Event: 21.074 Thread 0x00000187693b9da0 Exception <a 'sun/nio/fs/WindowsException'{0x00000000d5dc94d0}> (0x00000000d5dc94d0) 
thrown [s\src\hotspot\share\prims\jni.cpp, line 520]
Event: 21.179 Thread 0x00000187693b9da0 Exception <a 'java/lang/IncompatibleClassChangeError'{0x00000000d615bbe8}: Found class java.lang.Object, but interface was expected> (0x00000000d615bbe8) 
thrown [s\src\hotspot\share\interpreter\linkResolver.cpp, line 840]
Event: 43.939 Thread 0x00000187693b9da0 Exception <a 'java/lang/NoSuchMethodError'{0x00000000d638f420}: 'void java.lang.invoke.DirectMethodHandle$Holder.invokeInterface(java.lang.Object, java.lang.Object)'> (0x00000000d638f420) 
thrown [s\src\hotspot\share\interpreter\linkResolver.cpp, line 773]
Event: 44.012 Thread 0x00000187637e9190 Exception <a 'java/io/FileNotFoundException'{0x00000000d64a5f10}> (0x00000000d64a5f10) 
thrown [s\src\hotspot\share\prims\jni.cpp, line 520]
Event: 44.088 Thread 0x00000187637e9190 Exception <a 'java/lang/NoSuchMethodError'{0x00000000d6570358}: 'java.lang.Object java.lang.invoke.DirectMethodHandle$Holder.newInvokeSpecial(java.lang.Object, java.lang.Object, java.lang.Object, java.lang.Object, java.lang.Object, java.lang.Object, java.lang.Object, java.lang.Object, java.lang.Object, java.lang.Object)'> (0x00000000d6570358) 
thrown [s\src\hotspot\share\interpreter\linkResolver.cpp, line 773]
Event: 44.162 Thread 0x00000187693baac0 Implicit null exception at 0x00000187563e4a7a to 0x00000187563e5a4c
Event: 44.362 Thread 0x00000187637e9190 Exception <a 'sun/nio/fs/WindowsException'{0x00000000d664dd60}> (0x00000000d664dd60) 
thrown [s\src\hotspot\share\prims\jni.cpp, line 520]
Event: 44.405 Thread 0x00000187693b9da0 Exception <a 'java/io/IOException'{0x00000000d63f5798}> (0x00000000d63f5798) 
thrown [s\src\hotspot\share\prims\jni.cpp, line 520]
Event: 44.414 Thread 0x00000187693b9da0 Exception <a 'java/lang/ClassNotFoundException'{0x00000000d66f5400}: sun/util/logging/resources/spi/loggingProvider> (0x00000000d66f5400) 
thrown [s\src\hotspot\share\classfile\systemDictionary.cpp, line 313]
Event: 44.431 Thread 0x00000187693baac0 Exception <a 'sun/nio/fs/WindowsException'{0x00000000d6762d80}> (0x00000000d6762d80) 
thrown [s\src\hotspot\share\prims\jni.cpp, line 520]
Event: 44.431 Thread 0x00000187693baac0 Exception <a 'sun/nio/fs/WindowsException'{0x00000000d67635f8}> (0x00000000d67635f8) 
thrown [s\src\hotspot\share\prims\jni.cpp, line 520]
Event: 44.431 Thread 0x00000187693baac0 Exception <a 'sun/nio/fs/WindowsException'{0x00000000d6764368}> (0x00000000d6764368) 
thrown [s\src\hotspot\share\prims\jni.cpp, line 520]
Event: 44.431 Thread 0x00000187693baac0 Exception <a 'sun/nio/fs/WindowsException'{0x00000000d6764a90}> (0x00000000d6764a90) 
thrown [s\src\hotspot\share\prims\jni.cpp, line 520]
Event: 44.444 Thread 0x00000187693baac0 Exception <a 'java/io/FileNotFoundException'{0x00000000d67a5f30}> (0x00000000d67a5f30) 
thrown [s\src\hotspot\share\prims\jni.cpp, line 520]
Event: 44.445 Thread 0x00000187693baac0 Exception <a 'java/io/FileNotFoundException'{0x00000000d67a7338}> (0x00000000d67a7338) 
thrown [s\src\hotspot\share\prims\jni.cpp, line 520]

ZGC Phase Switch (0 events):
No events

VM Operations (20 events):
Event: 19.958 Executing non-safepoint VM operation: HandshakeAllThreads (Deoptimize)
Event: 19.958 Executing non-safepoint VM operation: HandshakeAllThreads (Deoptimize) done
Event: 20.168 Executing non-safepoint VM operation: HandshakeAllThreads (Deoptimize)
Event: 20.168 Executing non-safepoint VM operation: HandshakeAllThreads (Deoptimize) done
Event: 20.456 Executing safepoint VM operation: ParallelGCFailedAllocation (Allocation Failure)
Event: 20.459 Executing safepoint VM operation: ParallelGCFailedAllocation (Allocation Failure) done
Event: 20.930 Executing safepoint VM operation: ParallelGCFailedAllocation (Allocation Failure)
Event: 20.934 Executing safepoint VM operation: ParallelGCFailedAllocation (Allocation Failure) done
Event: 21.007 Executing non-safepoint VM operation: HandshakeAllThreads (Deoptimize)
Event: 21.007 Executing non-safepoint VM operation: HandshakeAllThreads (Deoptimize) done
Event: 21.104 Executing non-safepoint VM operation: HandshakeAllThreads (Deoptimize)
Event: 21.104 Executing non-safepoint VM operation: HandshakeAllThreads (Deoptimize) done
Event: 22.104 Executing safepoint VM operation: Cleanup
Event: 22.104 Executing safepoint VM operation: Cleanup done
Event: 44.019 Executing non-safepoint VM operation: HandshakeAllThreads (Deoptimize)
Event: 44.019 Executing non-safepoint VM operation: HandshakeAllThreads (Deoptimize) done
Event: 44.019 Executing safepoint VM operation: Cleanup
Event: 44.019 Executing safepoint VM operation: Cleanup done
Event: 44.471 Executing non-safepoint VM operation: HandshakeAllThreads (Deoptimize)
Event: 44.471 Executing non-safepoint VM operation: HandshakeAllThreads (Deoptimize) done

Memory protections (0 events):
No events

Nmethod flushes (0 events):
No events

Events (20 events):
Event: 20.382 Thread 0x000001874b554260 Thread added: 0x00000187637e9820
Event: 20.382 Thread 0x000001874b554260 Thread added: 0x00000187637eabd0
Event: 20.382 Thread 0x000001874b554260 Thread added: 0x00000187637eb260
Event: 20.382 Thread 0x000001874b554260 Thread added: 0x00000187637e8b00
Event: 20.383 Thread 0x000001874b554260 Thread added: 0x00000187637eb8f0
Event: 20.383 Thread 0x000001874b554260 Thread added: 0x00000187637e9eb0
Event: 20.383 Thread 0x000001874b554260 Thread added: 0x00000187637ebf80
Event: 20.383 Thread 0x000001874b554260 Thread added: 0x00000187637ea540
Event: 20.383 Thread 0x000001874b554260 Thread added: 0x00000187693b7640
Event: 20.448 Thread 0x000001874b554260 Thread added: 0x00000187693b7cd0
Event: 20.726 Thread 0x00000187637e9190 Thread added: 0x00000187693b8360
Event: 20.777 Thread 0x000001874b554260 Thread added: 0x00000187693b89f0
Event: 20.777 Thread 0x000001874b554260 Thread added: 0x00000187693b9da0
Event: 43.900 Thread 0x00000187693b9da0 Thread added: 0x00000187693ba430
Event: 43.941 Thread 0x00000187693b9da0 Thread added: 0x00000187693b6fb0
Event: 43.960 Thread 0x00000187637e9190 Thread added: 0x00000187693b9710
Event: 44.002 Thread 0x00000187693b9710 Thread exited: 0x00000187693b9710
Event: 44.095 Thread 0x00000187637e9190 Thread added: 0x00000187693baac0
Event: 44.342 Thread 0x00000187693baac0 Thread exited: 0x00000187693baac0
Event: 44.409 Thread 0x000001874b554260 Thread added: 0x00000187693baac0


Dynamic libraries:
0x00007ff739e40000 - 0x00007ff739e4e000 	c:\Users\ranim\.vscode\extensions\redhat.java-1.55.0-win32-x64\jre\21.0.11-win32-x86_64\bin\java.exe
0x00007ffdd9bc0000 - 0x00007ffdd9e26000 	C:\WINDOWS\SYSTEM32\ntdll.dll
0x00007ffdd8950000 - 0x00007ffdd8a19000 	C:\WINDOWS\System32\KERNEL32.DLL
0x00007ffdd6dd0000 - 0x00007ffdd71cf000 	C:\WINDOWS\System32\KERNELBASE.dll
0x00007ffdd74f0000 - 0x00007ffdd763c000 	C:\WINDOWS\System32\ucrtbase.dll
0x00007ffd80ca0000 - 0x00007ffd80cb8000 	c:\Users\ranim\.vscode\extensions\redhat.java-1.55.0-win32-x64\jre\21.0.11-win32-x86_64\bin\jli.dll
0x00007ffd80cc0000 - 0x00007ffd80cde000 	c:\Users\ranim\.vscode\extensions\redhat.java-1.55.0-win32-x64\jre\21.0.11-win32-x86_64\bin\VCRUNTIME140.dll
0x00007ffdd8780000 - 0x00007ffdd8946000 	C:\WINDOWS\System32\USER32.dll
0x00007ffdd78c0000 - 0x00007ffdd78e7000 	C:\WINDOWS\System32\win32u.dll
0x00007ffdd9610000 - 0x00007ffdd963b000 	C:\WINDOWS\System32\GDI32.dll
0x00007ffdd7650000 - 0x00007ffdd7779000 	C:\WINDOWS\System32\gdi32full.dll
0x00007ffdd7810000 - 0x00007ffdd78b3000 	C:\WINDOWS\System32\msvcp_win.dll
0x00007ffdb6e80000 - 0x00007ffdb7111000 	C:\WINDOWS\WinSxS\amd64_microsoft.windows.common-controls_6595b64144ccf1df_6.0.26100.8972_none_3e0da176e32f9d4b\COMCTL32.dll
0x00007ffdd8680000 - 0x00007ffdd8729000 	C:\WINDOWS\System32\msvcrt.dll
0x00007ffdd9b40000 - 0x00007ffdd9b72000 	C:\WINDOWS\System32\IMM32.DLL
0x00007ffdb8270000 - 0x00007ffdb827c000 	c:\Users\ranim\.vscode\extensions\redhat.java-1.55.0-win32-x64\jre\21.0.11-win32-x86_64\bin\vcruntime140_1.dll
0x00007ffd66a20000 - 0x00007ffd66aad000 	c:\Users\ranim\.vscode\extensions\redhat.java-1.55.0-win32-x64\jre\21.0.11-win32-x86_64\bin\msvcp140.dll
0x00007ffd35150000 - 0x00007ffd35ef2000 	c:\Users\ranim\.vscode\extensions\redhat.java-1.55.0-win32-x64\jre\21.0.11-win32-x86_64\bin\server\jvm.dll
0x00007ffdd7c00000 - 0x00007ffdd7cbc000 	C:\WINDOWS\System32\ADVAPI32.dll
0x00007ffdd7cd0000 - 0x00007ffdd7d7a000 	C:\WINDOWS\System32\sechost.dll
0x00007ffdd8c20000 - 0x00007ffdd8d38000 	C:\WINDOWS\System32\RPCRT4.dll
0x00007ffdd8d40000 - 0x00007ffdd8dc2000 	C:\WINDOWS\System32\WS2_32.dll
0x00007ffdd6c30000 - 0x00007ffdd6c8e000 	C:\WINDOWS\SYSTEM32\POWRPROF.dll
0x00007ffdcc120000 - 0x00007ffdcc156000 	C:\WINDOWS\SYSTEM32\WINMM.dll
0x00007ffdcc060000 - 0x00007ffdcc06b000 	C:\WINDOWS\SYSTEM32\VERSION.dll
0x00007ffdd6c10000 - 0x00007ffdd6c25000 	C:\WINDOWS\SYSTEM32\UMPDC.dll
0x00007ffdd5a80000 - 0x00007ffdd5a9b000 	C:\WINDOWS\SYSTEM32\kernel.appcore.dll
0x00007ffdae1d0000 - 0x00007ffdae1da000 	c:\Users\ranim\.vscode\extensions\redhat.java-1.55.0-win32-x64\jre\21.0.11-win32-x86_64\bin\jimage.dll
0x00007ffdd4260000 - 0x00007ffdd44a2000 	C:\WINDOWS\SYSTEM32\DBGHELP.DLL
0x00007ffdd97a0000 - 0x00007ffdd9b25000 	C:\WINDOWS\System32\combase.dll
0x00007ffdd8f20000 - 0x00007ffdd8ff9000 	C:\WINDOWS\System32\OLEAUT32.dll
0x00007ffdb4690000 - 0x00007ffdb46cb000 	C:\WINDOWS\SYSTEM32\dbgcore.DLL
0x00007ffdd7430000 - 0x00007ffdd74dc000 	C:\WINDOWS\System32\bcryptPrimitives.dll
0x00007ffd9ee80000 - 0x00007ffd9ee8f000 	c:\Users\ranim\.vscode\extensions\redhat.java-1.55.0-win32-x64\jre\21.0.11-win32-x86_64\bin\instrument.dll
0x00007ffd806e0000 - 0x00007ffd80700000 	c:\Users\ranim\.vscode\extensions\redhat.java-1.55.0-win32-x64\jre\21.0.11-win32-x86_64\bin\java.dll
0x00007ffdd7ef0000 - 0x00007ffdd8678000 	C:\WINDOWS\System32\SHELL32.dll
0x00007ffdd4840000 - 0x00007ffdd50db000 	C:\WINDOWS\SYSTEM32\windows.storage.dll
0x00007ffdd9500000 - 0x00007ffdd95f9000 	C:\WINDOWS\System32\SHCORE.dll
0x00007ffdd9490000 - 0x00007ffdd94f6000 	C:\WINDOWS\System32\shlwapi.dll
0x00007ffdd6cf0000 - 0x00007ffdd6d19000 	C:\WINDOWS\SYSTEM32\profapi.dll
0x00007ffd6b3e0000 - 0x00007ffd6b3f8000 	c:\Users\ranim\.vscode\extensions\redhat.java-1.55.0-win32-x64\jre\21.0.11-win32-x86_64\bin\zip.dll
0x00007ffdac880000 - 0x00007ffdac890000 	C:\Users\ranim\.vscode\extensions\redhat.java-1.55.0-win32-x64\jre\21.0.11-win32-x86_64\bin\net.dll
0x00007ffdceb00000 - 0x00007ffdcec28000 	C:\WINDOWS\SYSTEM32\WINHTTP.dll
0x00007ffdd6010000 - 0x00007ffdd607c000 	C:\WINDOWS\system32\mswsock.dll
0x00007ffd6a8c0000 - 0x00007ffd6a8d6000 	C:\Users\ranim\.vscode\extensions\redhat.java-1.55.0-win32-x64\jre\21.0.11-win32-x86_64\bin\nio.dll
0x00007ffdaa3e0000 - 0x00007ffdaa3f0000 	c:\Users\ranim\.vscode\extensions\redhat.java-1.55.0-win32-x64\jre\21.0.11-win32-x86_64\bin\verify.dll
0x00007ffd9b780000 - 0x00007ffd9b7c5000 	C:\Users\ranim\AppData\Roaming\Code\User\globalStorage\redhat.java\1.55.0\config_ss_win\org.eclipse.equinox.launcher\org.eclipse.equinox.launcher.win32.win32.x86_64_1.3.100.v20260613-0559\eclipse_11924.dll
0x00007ffdd7a50000 - 0x00007ffdd7be9000 	C:\WINDOWS\System32\ole32.dll
0x00007ffdd6430000 - 0x00007ffdd644b000 	C:\WINDOWS\SYSTEM32\CRYPTSP.dll
0x00007ffdd59e0000 - 0x00007ffdd5a19000 	C:\WINDOWS\system32\rsaenh.dll
0x00007ffdd60c0000 - 0x00007ffdd60f2000 	C:\WINDOWS\SYSTEM32\USERENV.dll
0x00007ffdd6cc0000 - 0x00007ffdd6cea000 	C:\WINDOWS\SYSTEM32\bcrypt.dll
0x00007ffdd6400000 - 0x00007ffdd640c000 	C:\WINDOWS\SYSTEM32\CRYPTBASE.dll
0x00007ffdd5430000 - 0x00007ffdd5463000 	C:\WINDOWS\SYSTEM32\IPHLPAPI.DLL
0x00007ffdd9b30000 - 0x00007ffdd9b3a000 	C:\WINDOWS\System32\NSI.dll
0x00007ffd64760000 - 0x00007ffd647a9000 	C:\Users\ranim\AppData\Local\Temp\jna-108280195\jna17236026830988799191.dll
0x00007ffdd7bf0000 - 0x00007ffdd7bf8000 	C:\WINDOWS\System32\PSAPI.DLL
0x00007ffdcfa10000 - 0x00007ffdcfa2d000 	C:\WINDOWS\SYSTEM32\dhcpcsvc6.DLL
0x00007ffdcf9e0000 - 0x00007ffdcfa05000 	C:\WINDOWS\SYSTEM32\dhcpcsvc.DLL
0x00007ffdd5bb0000 - 0x00007ffdd5be6000 	C:\WINDOWS\SYSTEM32\ntmarta.dll

JVMTI agents:
c:\Users\ranim\.vscode\extensions\redhat.java-1.55.0-win32-x64\lombok\lombok-1.18.39-4050.jar path:c:\Users\ranim\.vscode\extensions\redhat.java-1.55.0-win32-x64\jre\21.0.11-win32-x86_64\bin\instrument.dll, loaded, initialized, instrumentlib options:none

dbghelp: loaded successfully - version: 4.0.5 - missing functions: none
symbol engine: initialized successfully - sym options: 0x614 - pdb path: .;c:\Users\ranim\.vscode\extensions\redhat.java-1.55.0-win32-x64\jre\21.0.11-win32-x86_64\bin;C:\WINDOWS\SYSTEM32;C:\WINDOWS\WinSxS\amd64_microsoft.windows.common-controls_6595b64144ccf1df_6.0.26100.8972_none_3e0da176e32f9d4b;c:\Users\ranim\.vscode\extensions\redhat.java-1.55.0-win32-x64\jre\21.0.11-win32-x86_64\bin\server;C:\Users\ranim\AppData\Roaming\Code\User\globalStorage\redhat.java\1.55.0\config_ss_win\org.eclipse.equinox.launcher\org.eclipse.equinox.launcher.win32.win32.x86_64_1.3.100.v20260613-0559;C:\Users\ranim\AppData\Local\Temp\jna-108280195

VM Arguments:
jvm_args: --add-modules=ALL-SYSTEM --add-opens=java.base/java.util=ALL-UNNAMED --add-opens=java.base/java.lang=ALL-UNNAMED --add-opens=java.base/sun.nio.fs=ALL-UNNAMED -Declipse.application=org.eclipse.jdt.ls.core.id1 -Dosgi.bundles.defaultStartLevel=4 -Declipse.product=org.eclipse.jdt.ls.core.product -Djava.import.generatesMetadataFilesAtProjectRoot=false -DDetectVMInstallationsJob.disabled=true -Dfile.encoding=utf8 -XX:+UseParallelGC -XX:GCTimeRatio=4 -XX:AdaptiveSizePolicyWeight=90 -Dsun.zip.disableMemoryMapping=true -Xmx2G -Xms100m -Xlog:disable -javaagent:c:\Users\ranim\.vscode\extensions\redhat.java-1.55.0-win32-x64\lombok\lombok-1.18.39-4050.jar 
java_command: c:\Users\ranim\.vscode\extensions\redhat.java-1.55.0-win32-x64\server\plugins\org.eclipse.equinox.launcher_1.7.200.v20260619-2039.jar -configuration c:\Users\ranim\AppData\Roaming\Code\User\globalStorage\redhat.java\1.55.0\config_ss_win -data c:\Users\ranim\AppData\Roaming\Code\User\workspaceStorage\a1fee5f42c8201b5ff6b0d36b1f497cc\redhat.java\ss_ws --pipe=\\.\pipe\lsp-bdb35b204d852796313b98a2a5949c77-sock
java_class_path (initial): c:\Users\ranim\.vscode\extensions\redhat.java-1.55.0-win32-x64\server\plugins\org.eclipse.equinox.launcher_1.7.200.v20260619-2039.jar
Launcher Type: SUN_STANDARD

[Global flags]
    uintx AdaptiveSizePolicyWeight                 = 90                                        {product} {command line}
     intx CICompilerCount                          = 4                                         {product} {ergonomic}
    uintx GCTimeRatio                              = 4                                         {product} {command line}
   size_t InitialHeapSize                          = 104857600                                 {product} {command line}
   size_t MaxHeapSize                              = 2147483648                                {product} {command line}
   size_t MaxNewSize                               = 715653120                                 {product} {ergonomic}
   size_t MinHeapDeltaBytes                        = 524288                                    {product} {ergonomic}
   size_t MinHeapSize                              = 104857600                                 {product} {command line}
   size_t NewSize                                  = 34603008                                  {product} {ergonomic}
    uintx NonNMethodCodeHeapSize                   = 5839372                                {pd product} {ergonomic}
    uintx NonProfiledCodeHeapSize                  = 122909434                              {pd product} {ergonomic}
   size_t OldSize                                  = 70254592                                  {product} {ergonomic}
    uintx ProfiledCodeHeapSize                     = 122909434                              {pd product} {ergonomic}
    uintx ReservedCodeCacheSize                    = 251658240                              {pd product} {ergonomic}
     bool SegmentedCodeCache                       = true                                      {product} {ergonomic}
   size_t SoftMaxHeapSize                          = 2147483648                             {manageable} {ergonomic}
     bool UseCompressedOops                        = true                           {product lp64_product} {ergonomic}
     bool UseLargePagesIndividualAllocation        = false                                  {pd product} {ergonomic}
     bool UseParallelGC                            = true                                      {product} {command line}

Logging:
Log output configuration:
 #0: stdout all=off uptime,level,tags foldmultilines=false
 #1: stderr all=off uptime,level,tags foldmultilines=false

Release file:
JAVA_VERSION="21.0.11" 
MODULES="java.base java.compiler java.datatransfer java.xml java.prefs java.desktop java.instrument java.logging java.management java.security.sasl java.naming java.rmi java.management.rmi java.net.http java.scripting java.security.jgss java.transaction.xa java.sql java.sql.rowset java.xml.crypto java.se java.smartcardio jdk.accessibility jdk.internal.jvmstat jdk.attach jdk.charsets jdk.internal.opt jdk.zipfs jdk.compiler jdk.crypto.ec jdk.crypto.cryptoki jdk.crypto.mscapi jdk.dynalink jdk.internal.ed jdk.editpad jdk.hotspot.agent jdk.httpserver jdk.internal.le jdk.internal.vm.ci jdk.internal.vm.compiler jdk.internal.vm.compiler.management jdk.jartool jdk.javadoc jdk.jcmd jdk.management jdk.management.agent jdk.jconsole jdk.jdeps jdk.jdwp.agent jdk.jdi jdk.jfr jdk.jshell jdk.jsobject jdk.jstatd jdk.localedata jdk.management.jfr jdk.naming.dns jdk.naming.rmi jdk.net jdk.nio.mapmode jdk.random jdk.sctp jdk.security.auth jdk.security.jgss jdk.unsupported jdk.unsupported.desktop jdk.xml.dom" 

Environment Variables:
JAVA_HOME=C:\Program Files\Eclipse Adoptium\jdk-17.0.19.10-hotspot
PATH=C:\Program Files\Eclipse Adoptium\jdk-17.0.19.10-hotspot\bin;C:\Program Files\Eclipse Adoptium\jdk-25.0.2.10-hotspot\bin;C:\Program Files\NVIDIA GPU Computing Toolkit\CUDA\v12.8\bin;C:\Program Files\NVIDIA GPU Computing Toolkit\CUDA\v12.8\libnvvp;C:\Users\ranim\Downloads\WINDOWS.X64_193000_db_home\bin;C:\app\ranim\product\21c\dbhomeXE\bin;C:\app\ranim\product\21c\dbhomeXE\cfgtoollogs\oui\dbhomeXE\bin;C:\WINDOWS\system32;C:\WINDOWS;C:\WINDOWS\System32\Wbem;C:\WINDOWS\System32\WindowsPowerShell\v1.0\;C:\WINDOWS\System32\OpenSSH\;C:\Program Files\NVIDIA Corporation\NVIDIA NvDLISR;C:\Program Files (x86)\NVIDIA Corporation\PhysX\Common;C:\ProgramData\chocolatey\bin;C:\Users\ranim\AppData\Local\Programs\Python\Python312\Scripts;C:\MinGW\bin;C:\Program Files\NVIDIA Corporation\NVIDIA app\NvDLISR;C:\Program Files\Git\cmd;C:\Program Files\nodejs\;C:\Program Files\dotnet\;C:\Program Files\Docker\Docker\resources\bin;C:\Windows\system32;C:\Users\ranim\.local\bin;C:\Users\ranim\AppData\Local\Microsoft\WindowsApps;C:\Users\ranim\AppData\Local\Programs\Microsoft VS Code\bin;C:\Users\ranim\AppData\Local\Muse Hub\lib;C:\flutter\src\bin;C:\Users\ranim\AppData\Roaming\npm;C:\Program Files\Tesseract-OCR;C:\flutter\bin;C:\Program Files\Eclipse Adoptium\jdk-17.0.19.10-hotspot\bin;C:\Users\ranim\AppData\Local\Android\Sdk\bin;C:\Users\ranim\AppData\Local\Python\bin;C:\Users\ranim\AppData\Local\Programs\mongosh\;C:\Users\ranim\AppData\Local\Programs\MiKTeX\miktex\bin\x64\
USERNAME=ranim
OS=Windows_NT
PROCESSOR_IDENTIFIER=Intel64 Family 6 Model 140 Stepping 1, GenuineIntel
TMP=C:\Users\ranim\AppData\Local\Temp
TEMP=C:\Users\ranim\AppData\Local\Temp




Periodic native trim disabled

---------------  S Y S T E M  ---------------

OS:
 Windows 11 , 64 bit Build 26100 (10.0.26100.9168)
OS uptime: 10 days 0:12 hours
Hyper-V role detected

CPU: total 8 (initial active 8) (4 cores per cpu, 2 threads per core) family 6 model 140 stepping 1 microcode 0xbe, cx8, cmov, fxsr, ht, mmx, 3dnowpref, sse, sse2, sse3, ssse3, sse4.1, sse4.2, popcnt, lzcnt, tsc, tscinvbit, avx, avx2, aes, erms, clmul, bmi1, bmi2, adx, avx512f, avx512dq, avx512cd, avx512bw, avx512vl, sha, fma, vzeroupper, avx512_vpopcntdq, avx512_vpclmulqdq, avx512_vaes, avx512_vnni, clflush, clflushopt, clwb, avx512_vbmi2, avx512_vbmi, hv, rdtscp, rdpid, fsrm, gfni, avx512_bitalg, f16c, cet_ibt, cet_ss, avx512_ifma
Processor Information for the first 8 processors :
  Max Mhz: 2419, Current Mhz: 2419, Mhz Limit: 2419

Memory: 4k page, system-wide physical 12022M (385M free)
TotalPageFile size 20218M (AvailPageFile size 11M)
current process WorkingSet (physical memory assigned to process): 159M, peak: 164M
current process commit charge ("private bytes"): 286M, peak: 292M

vm_info: OpenJDK 64-Bit Server VM (21.0.11+10-LTS) for windows-amd64 JRE (21.0.11+10-LTS), built on 2026-04-21T00:00:00Z by "admin" with MS VC++ 17.12 (VS2022)

END.
