#
# There is insufficient memory for the Java Runtime Environment to continue.
# Native memory allocation (malloc) failed to allocate 1437056 bytes. Error detail: Chunk::new
# Possible reasons:
#   The system is out of physical RAM or swap space
#   This process is running with CompressedOops enabled, and the Java Heap may be blocking the growth of the native heap
# Possible solutions:
#   Reduce memory load on the system
#   Increase physical memory or swap space
#   Check if swap backing store is full
#   Decrease Java heap size (-Xmx/-Xms)
#   Decrease number of Java threads
#   Decrease Java thread stack sizes (-Xss)
#   Set larger code cache with -XX:ReservedCodeCacheSize=
#   JVM is running with Zero Based Compressed Oops mode in which the Java heap is
#     placed in the first 32GB address space. The Java Heap base address is the
#     maximum limit for the native heap growth. Please use -XX:HeapBaseMinAddress
#     to set the Java Heap base and to place the Java Heap above 32GB virtual address.
# This output file may be truncated or incomplete.
#
#  Out of Memory Error (arena.cpp:191), pid=20372, tid=15340
#
# JRE version: OpenJDK Runtime Environment Temurin-17.0.19+10 (17.0.19+10) (build 17.0.19+10)
# Java VM: OpenJDK 64-Bit Server VM Temurin-17.0.19+10 (17.0.19+10, mixed mode, sharing, tiered, compressed oops, compressed class ptrs, g1 gc, windows-amd64)
# No core dump will be written. Minidumps are not enabled by default on client versions of Windows
#

---------------  S U M M A R Y ------------

Command Line: --add-opens=java.base/java.lang=ALL-UNNAMED --add-opens=java.base/java.lang.invoke=ALL-UNNAMED --add-opens=java.base/java.util=ALL-UNNAMED --add-opens=java.prefs/java.util.prefs=ALL-UNNAMED --add-exports=jdk.compiler/com.sun.tools.javac.api=ALL-UNNAMED --add-exports=jdk.compiler/com.sun.tools.javac.util=ALL-UNNAMED --add-opens=java.base/java.util=ALL-UNNAMED --add-opens=java.prefs/java.util.prefs=ALL-UNNAMED --add-opens=java.base/java.nio.charset=ALL-UNNAMED --add-opens=java.base/java.net=ALL-UNNAMED --add-opens=java.base/java.util.concurrent.atomic=ALL-UNNAMED --add-opens=java.xml/javax.xml.namespace=ALL-UNNAMED -XX:MaxMetaspaceSize=2g -Xmx4g -Dfile.encoding=UTF-8 -Duser.country=FR -Duser.language=fr -Duser.variant -javaagent:C:\Users\ranim\.gradle\wrapper\dists\gradle-8.14-all\c2qonpi39x1mddn7hk5gh9iqj\gradle-8.14\lib\agents\gradle-instrumentation-agent-8.14.jar org.gradle.launcher.daemon.bootstrap.GradleDaemon 8.14

Host: 11th Gen Intel(R) Core(TM) i5-1135G7 @ 2.40GHz, 8 cores, 11G,  Windows 11 , 64 bit Build 26100 (10.0.26100.8972)
Time: Mon Aug 10 10:38:31 2026 Afr. centrale Ouest elapsed time: 20.576564 seconds (0d 0h 0m 20s)

---------------  T H R E A D  ---------------

Current thread (0x000001eba46ba410):  JavaThread "C2 CompilerThread0" daemon [_thread_in_native, id=15340, stack(0x000000e690b00000,0x000000e690c00000)]


Current CompileTask:
C2:20576 10617       4       org.gradle.internal.service.DefaultServiceRegistry$SingletonService::get (5 bytes)

Stack: [0x000000e690b00000,0x000000e690c00000]
Native frames: (J=compiled Java code, j=interpreted, Vv=VM code, C=native code)
V  [jvm.dll+0x684b29]
V  [jvm.dll+0x83a2d5]
V  [jvm.dll+0x83bd4e]
V  [jvm.dll+0x83c3d3]
V  [jvm.dll+0x24905f]
V  [jvm.dll+0xad536]
V  [jvm.dll+0xadbdc]
V  [jvm.dll+0x368d9e]
V  [jvm.dll+0x3331d5]
V  [jvm.dll+0x33263a]
V  [jvm.dll+0x219e69]
V  [jvm.dll+0x2192af]
V  [jvm.dll+0x1a49f0]
V  [jvm.dll+0x2299fa]
V  [jvm.dll+0x227bab]
V  [jvm.dll+0x7f0a88]
V  [jvm.dll+0x7eaf1c]
V  [jvm.dll+0x6839f7]
C  [ucrtbase.dll+0x2cd30]
C  [KERNEL32.DLL+0x2ccb7]
C  [ntdll.dll+0xaad6c]


---------------  P R O C E S S  ---------------

Threads class SMR info:
_java_thread_list=0x000001ebef072310, length=110, elements={
0x000001ebffac7b80, 0x000001eba469fbb0, 0x000001eba46a1490, 0x000001eba46b5d90,
0x000001eba46b6660, 0x000001eba46b6f30, 0x000001eba46b7800, 0x000001eba46ba410,
0x000001eba49380a0, 0x000001eba49389b0, 0x000001eba4689860, 0x000001eba4bb30e0,
0x000001ebeb7b2d20, 0x000001ebeb7967a0, 0x000001ebeb67dfa0, 0x000001ebeb674600,
0x000001ebeb81a1d0, 0x000001ebeb8720e0, 0x000001ebeb8716c0, 0x000001ebeb8725f0,
0x000001ebeb871bd0, 0x000001ebeb8711b0, 0x000001ebeb870ca0, 0x000001ebeb873520,
0x000001ebeb870790, 0x000001ebeb872b00, 0x000001ebeb873010, 0x000001ebeb870280,
0x000001ebebcd4060, 0x000001ebebcd1cf0, 0x000001ebebcd54a0, 0x000001ebebcd59b0,
0x000001ebebcd3b50, 0x000001ebebcd4a80, 0x000001ebebcd2200, 0x000001ebebcd5ec0,
0x000001ebebcd2710, 0x000001ebebcd7300, 0x000001ebebcd7810, 0x000001ebebcd8230,
0x000001ebebcd8740, 0x000001ebebcd7d20, 0x000001ebebcd8c50, 0x000001ebebcd9160,
0x000001ebebcd63d0, 0x000001ebebcd9670, 0x000001ebebcd68e0, 0x000001ebebcd6df0,
0x000001ebef1be8b0, 0x000001ebef1bc030, 0x000001ebef1bc540, 0x000001ebef1bd980,
0x000001ebef1bf7e0, 0x000001ebef1bd470, 0x000001ebef1bf2d0, 0x000001ebef1bca50,
0x000001ebef1be3a0, 0x000001ebef9106f0, 0x000001ebef910c00, 0x000001ebef90d960,
0x000001ebef90de70, 0x000001ebef90e380, 0x000001ebef90f7c0, 0x000001ebef90fcd0,
0x000001ebef90f2b0, 0x000001ebef90e890, 0x000001ebef9101e0, 0x000001ebef90d450,
0x000001ebef912550, 0x000001ebef912040, 0x000001ebef911620, 0x000001ebef911110,
0x000001ebef911b30, 0x000001ebef90eda0, 0x000001ebef913ea0, 0x000001ebef9143b0,
0x000001ebef914dd0, 0x000001ebef912a60, 0x000001ebef912f70, 0x000001ebef913480,
0x000001ebef9148c0, 0x000001ebef671dd0, 0x000001ebef6722e0, 0x000001ebef6718c0,
0x000001ebef6727f0, 0x000001ebef670990, 0x000001ebef670ea0, 0x000001ebef674650,
0x000001ebef672d00, 0x000001ebef673c30, 0x000001ebef673210, 0x000001ebef673720,
0x000001ebef674b60, 0x000001ebef6713b0, 0x000001ebef675580, 0x000001ebef6773e0,
0x000001ebef675a90, 0x000001ebef6764b0, 0x000001ebef675fa0, 0x000001ebef6769c0,
0x000001ebef676ed0, 0x000001ebef6778f0, 0x000001ebef678310, 0x000001ebef677e00,
0x000001ebef675070, 0x000001ebec65f3e0, 0x000001ebec65e9c0, 0x000001ebec65dfa0,
0x000001ebec65d580, 0x000001ebec65bc30
}

Java Threads: ( => current thread )
  0x000001ebffac7b80 JavaThread "main" [_thread_blocked, id=4280, stack(0x000000e68fe00000,0x000000e68ff00000)]
  0x000001eba469fbb0 JavaThread "Reference Handler" daemon [_thread_blocked, id=19424, stack(0x000000e690500000,0x000000e690600000)]
  0x000001eba46a1490 JavaThread "Finalizer" daemon [_thread_blocked, id=19512, stack(0x000000e690600000,0x000000e690700000)]
  0x000001eba46b5d90 JavaThread "Signal Dispatcher" daemon [_thread_blocked, id=10720, stack(0x000000e690700000,0x000000e690800000)]
  0x000001eba46b6660 JavaThread "Attach Listener" daemon [_thread_blocked, id=15676, stack(0x000000e690800000,0x000000e690900000)]
  0x000001eba46b6f30 JavaThread "Service Thread" daemon [_thread_blocked, id=18616, stack(0x000000e690900000,0x000000e690a00000)]
  0x000001eba46b7800 JavaThread "Monitor Deflation Thread" daemon [_thread_blocked, id=19644, stack(0x000000e690a00000,0x000000e690b00000)]
=>0x000001eba46ba410 JavaThread "C2 CompilerThread0" daemon [_thread_in_native, id=15340, stack(0x000000e690b00000,0x000000e690c00000)]
  0x000001eba49380a0 JavaThread "C1 CompilerThread0" daemon [_thread_blocked, id=4340, stack(0x000000e690c00000,0x000000e690d00000)]
  0x000001eba49389b0 JavaThread "Sweeper thread" daemon [_thread_blocked, id=18500, stack(0x000000e690d00000,0x000000e690e00000)]
  0x000001eba4689860 JavaThread "Common-Cleaner" daemon [_thread_blocked, id=13220, stack(0x000000e690e00000,0x000000e690f00000)]
  0x000001eba4bb30e0 JavaThread "Notification Thread" daemon [_thread_blocked, id=19272, stack(0x000000e690f00000,0x000000e691000000)]
  0x000001ebeb7b2d20 JavaThread "Daemon health stats" [_thread_blocked, id=17624, stack(0x000000e691700000,0x000000e691800000)]
  0x000001ebeb7967a0 JavaThread "Incoming local TCP Connector on port 62650" [_thread_in_native, id=20628, stack(0x000000e691800000,0x000000e691900000)]
  0x000001ebeb67dfa0 JavaThread "Daemon periodic checks" [_thread_blocked, id=4000, stack(0x000000e691900000,0x000000e691a00000)]
  0x000001ebeb674600 JavaThread "Daemon" [_thread_blocked, id=16240, stack(0x000000e691a00000,0x000000e691b00000)]
  0x000001ebeb81a1d0 JavaThread "Handler for socket connection from /127.0.0.1:62650 to /127.0.0.1:62651" [_thread_in_native, id=19380, stack(0x000000e691b00000,0x000000e691c00000)]
  0x000001ebeb8720e0 JavaThread "Cancel handler" [_thread_blocked, id=7624, stack(0x000000e691c00000,0x000000e691d00000)]
  0x000001ebeb8716c0 JavaThread "Daemon worker" [_thread_in_Java, id=17556, stack(0x000000e691d00000,0x000000e691e00000)]
  0x000001ebeb8725f0 JavaThread "Asynchronous log dispatcher for DefaultDaemonConnection: socket connection from /127.0.0.1:62650 to /127.0.0.1:62651" [_thread_blocked, id=16908, stack(0x000000e691e00000,0x000000e691f00000)]
  0x000001ebeb871bd0 JavaThread "Stdin handler" [_thread_blocked, id=6456, stack(0x000000e691f00000,0x000000e692000000)]
  0x000001ebeb8711b0 JavaThread "Daemon client event forwarder" [_thread_blocked, id=18516, stack(0x000000e692000000,0x000000e692100000)]
  0x000001ebeb870ca0 JavaThread "Cache worker for journal cache (C:\Users\ranim\.gradle\caches\journal-1)" [_thread_blocked, id=10448, stack(0x000000e692100000,0x000000e692200000)]
  0x000001ebeb873520 JavaThread "File lock request listener" [_thread_in_native, id=21352, stack(0x000000e692200000,0x000000e692300000)]
  0x000001ebeb870790 JavaThread "Cache worker for file hash cache (C:\Users\ranim\.gradle\caches\8.14\fileHashes)" [_thread_blocked, id=15576, stack(0x000000e692300000,0x000000e692400000)]
  0x000001ebeb872b00 JavaThread "Cache worker for file hash cache (C:\Users\ranim\Desktop\ReportingApp\mobile\android\.gradle\8.14\fileHashes)" [_thread_blocked, id=21192, stack(0x000000e692400000,0x000000e692500000)]
  0x000001ebeb873010 JavaThread "Cache worker for Build Output Cleanup Cache (C:\Users\ranim\Desktop\ReportingApp\mobile\android\.gradle\buildOutputCleanup)" [_thread_blocked, id=8100, stack(0x000000e692500000,0x000000e692600000)]
  0x000001ebeb870280 JavaThread "File watcher server" daemon [_thread_in_native, id=21376, stack(0x000000e692900000,0x000000e692a00000)]
  0x000001ebebcd4060 JavaThread "File watcher consumer" daemon [_thread_blocked, id=18112, stack(0x000000e692a00000,0x000000e692b00000)]
  0x000001ebebcd1cf0 JavaThread "Cache worker for checksums cache (C:\Users\ranim\Desktop\ReportingApp\mobile\android\.gradle\8.14\checksums)" [_thread_blocked, id=12716, stack(0x000000e692c00000,0x000000e692d00000)]
  0x000001ebebcd54a0 JavaThread "Cache worker for file content cache (C:\Users\ranim\.gradle\caches\8.14\fileContent)" [_thread_blocked, id=19616, stack(0x000000e692d00000,0x000000e692e00000)]
  0x000001ebebcd59b0 JavaThread "Cache worker for cache directory md-supplier (C:\Users\ranim\.gradle\caches\8.14\md-supplier)" [_thread_blocked, id=16396, stack(0x000000e692e00000,0x000000e692f00000)]
  0x000001ebebcd3b50 JavaThread "Cache worker for cache directory md-rule (C:\Users\ranim\.gradle\caches\8.14\md-rule)" [_thread_blocked, id=20848, stack(0x000000e692f00000,0x000000e693000000)]
  0x000001ebebcd4a80 JavaThread "Cache worker for Build Output Cleanup Cache (C:\flutter\packages\flutter_tools\gradle\.gradle\buildOutputCleanup)" [_thread_blocked, id=18744, stack(0x000000e693000000,0x000000e693100000)]
  0x000001ebebcd2200 JavaThread "Unconstrained build operations" [_thread_blocked, id=12736, stack(0x000000e693100000,0x000000e693200000)]
  0x000001ebebcd5ec0 JavaThread "Unconstrained build operations Thread 2" [_thread_blocked, id=21056, stack(0x000000e693200000,0x000000e693300000)]
  0x000001ebebcd2710 JavaThread "Unconstrained build operations Thread 3" [_thread_blocked, id=7652, stack(0x000000e693300000,0x000000e693400000)]
  0x000001ebebcd7300 JavaThread "Unconstrained build operations Thread 4" [_thread_blocked, id=18120, stack(0x000000e693400000,0x000000e693500000)]
  0x000001ebebcd7810 JavaThread "Unconstrained build operations Thread 5" [_thread_blocked, id=10596, stack(0x000000e693500000,0x000000e693600000)]
  0x000001ebebcd8230 JavaThread "Unconstrained build operations Thread 6" [_thread_blocked, id=6540, stack(0x000000e693600000,0x000000e693700000)]
  0x000001ebebcd8740 JavaThread "Unconstrained build operations Thread 7" [_thread_blocked, id=1768, stack(0x000000e693700000,0x000000e693800000)]
  0x000001ebebcd7d20 JavaThread "Unconstrained build operations Thread 8" [_thread_blocked, id=3784, stack(0x000000e693800000,0x000000e693900000)]
  0x000001ebebcd8c50 JavaThread "Unconstrained build operations Thread 9" [_thread_blocked, id=14748, stack(0x000000e693900000,0x000000e693a00000)]
  0x000001ebebcd9160 JavaThread "Unconstrained build operations Thread 10" [_thread_blocked, id=6852, stack(0x000000e693a00000,0x000000e693b00000)]
  0x000001ebebcd63d0 JavaThread "Unconstrained build operations Thread 11" [_thread_blocked, id=2796, stack(0x000000e693b00000,0x000000e693c00000)]
  0x000001ebebcd9670 JavaThread "Unconstrained build operations Thread 12" [_thread_blocked, id=18880, stack(0x000000e693c00000,0x000000e693d00000)]
  0x000001ebebcd68e0 JavaThread "Unconstrained build operations Thread 13" [_thread_blocked, id=17896, stack(0x000000e693d00000,0x000000e693e00000)]
  0x000001ebebcd6df0 JavaThread "Unconstrained build operations Thread 14" [_thread_blocked, id=17284, stack(0x000000e693e00000,0x000000e693f00000)]
  0x000001ebef1be8b0 JavaThread "Unconstrained build operations Thread 15" [_thread_blocked, id=17384, stack(0x000000e693f00000,0x000000e694000000)]
  0x000001ebef1bc030 JavaThread "Unconstrained build operations Thread 16" [_thread_blocked, id=14520, stack(0x000000e694000000,0x000000e694100000)]
  0x000001ebef1bc540 JavaThread "Unconstrained build operations Thread 17" [_thread_blocked, id=4516, stack(0x000000e694100000,0x000000e694200000)]
  0x000001ebef1bd980 JavaThread "Unconstrained build operations Thread 18" [_thread_blocked, id=20880, stack(0x000000e694200000,0x000000e694300000)]
  0x000001ebef1bf7e0 JavaThread "Unconstrained build operations Thread 19" [_thread_blocked, id=18988, stack(0x000000e694300000,0x000000e694400000)]
  0x000001ebef1bd470 JavaThread "Unconstrained build operations Thread 20" [_thread_blocked, id=6488, stack(0x000000e694400000,0x000000e694500000)]
  0x000001ebef1bf2d0 JavaThread "Unconstrained build operations Thread 21" [_thread_blocked, id=1604, stack(0x000000e694500000,0x000000e694600000)]
  0x000001ebef1bca50 JavaThread "Memory manager" [_thread_blocked, id=13676, stack(0x000000e694600000,0x000000e694700000)]
  0x000001ebef1be3a0 JavaThread "build event listener" [_thread_blocked, id=12584, stack(0x000000e694700000,0x000000e694800000)]
  0x000001ebef9106f0 JavaThread "included builds" [_thread_blocked, id=6064, stack(0x000000e694800000,0x000000e694900000)]
  0x000001ebef910c00 JavaThread "Execution worker" [_thread_blocked, id=18292, stack(0x000000e694900000,0x000000e694a00000)]
  0x000001ebef90d960 JavaThread "Execution worker Thread 2" [_thread_blocked, id=16232, stack(0x000000e694a00000,0x000000e694b00000)]
  0x000001ebef90de70 JavaThread "Execution worker Thread 3" [_thread_blocked, id=18696, stack(0x000000e694b00000,0x000000e694c00000)]
  0x000001ebef90e380 JavaThread "Execution worker Thread 4" [_thread_blocked, id=8380, stack(0x000000e694c00000,0x000000e694d00000)]
  0x000001ebef90f7c0 JavaThread "Execution worker Thread 5" [_thread_blocked, id=20104, stack(0x000000e694d00000,0x000000e694e00000)]
  0x000001ebef90fcd0 JavaThread "Execution worker Thread 6" [_thread_blocked, id=20208, stack(0x000000e694e00000,0x000000e694f00000)]
  0x000001ebef90f2b0 JavaThread "Execution worker Thread 7" [_thread_blocked, id=20488, stack(0x000000e694f00000,0x000000e695000000)]
  0x000001ebef90e890 JavaThread "Cache worker for execution history cache (C:\flutter\packages\flutter_tools\gradle\.gradle\8.14\executionHistory)" [_thread_blocked, id=21164, stack(0x000000e695000000,0x000000e695100000)]
  0x000001ebef9101e0 JavaThread "Unconstrained build operations Thread 22" [_thread_blocked, id=18748, stack(0x000000e695100000,0x000000e695200000)]
  0x000001ebef90d450 JavaThread "Unconstrained build operations Thread 23" [_thread_blocked, id=7800, stack(0x000000e695200000,0x000000e695300000)]
  0x000001ebef912550 JavaThread "Unconstrained build operations Thread 24" [_thread_blocked, id=19304, stack(0x000000e695300000,0x000000e695400000)]
  0x000001ebef912040 JavaThread "Unconstrained build operations Thread 25" [_thread_blocked, id=20192, stack(0x000000e695400000,0x000000e695500000)]
  0x000001ebef911620 JavaThread "Unconstrained build operations Thread 26" [_thread_blocked, id=20092, stack(0x000000e695500000,0x000000e695600000)]
  0x000001ebef911110 JavaThread "Unconstrained build operations Thread 27" [_thread_blocked, id=3632, stack(0x000000e695600000,0x000000e695700000)]
  0x000001ebef911b30 JavaThread "Unconstrained build operations Thread 28" [_thread_blocked, id=340, stack(0x000000e695700000,0x000000e695800000)]
  0x000001ebef90eda0 JavaThread "Unconstrained build operations Thread 29" [_thread_blocked, id=100, stack(0x000000e695800000,0x000000e695900000)]
  0x000001ebef913ea0 JavaThread "Unconstrained build operations Thread 30" [_thread_blocked, id=6296, stack(0x000000e695900000,0x000000e695a00000)]
  0x000001ebef9143b0 JavaThread "Unconstrained build operations Thread 31" [_thread_blocked, id=18724, stack(0x000000e695a00000,0x000000e695b00000)]
  0x000001ebef914dd0 JavaThread "Unconstrained build operations Thread 32" [_thread_blocked, id=20940, stack(0x000000e695b00000,0x000000e695c00000)]
  0x000001ebef912a60 JavaThread "Unconstrained build operations Thread 33" [_thread_blocked, id=21140, stack(0x000000e695c00000,0x000000e695d00000)]
  0x000001ebef912f70 JavaThread "Unconstrained build operations Thread 34" [_thread_blocked, id=17852, stack(0x000000e695d00000,0x000000e695e00000)]
  0x000001ebef913480 JavaThread "Unconstrained build operations Thread 35" [_thread_blocked, id=15288, stack(0x000000e695e00000,0x000000e695f00000)]
  0x000001ebef9148c0 JavaThread "Unconstrained build operations Thread 36" [_thread_blocked, id=19240, stack(0x000000e695f00000,0x000000e696000000)]
  0x000001ebef671dd0 JavaThread "Unconstrained build operations Thread 37" [_thread_blocked, id=17112, stack(0x000000e696000000,0x000000e696100000)]
  0x000001ebef6722e0 JavaThread "Unconstrained build operations Thread 38" [_thread_blocked, id=12272, stack(0x000000e696100000,0x000000e696200000)]
  0x000001ebef6718c0 JavaThread "Unconstrained build operations Thread 39" [_thread_blocked, id=13188, stack(0x000000e696200000,0x000000e696300000)]
  0x000001ebef6727f0 JavaThread "Unconstrained build operations Thread 40" [_thread_blocked, id=18004, stack(0x000000e696300000,0x000000e696400000)]
  0x000001ebef670990 JavaThread "Unconstrained build operations Thread 41" [_thread_blocked, id=20356, stack(0x000000e696400000,0x000000e696500000)]
  0x000001ebef670ea0 JavaThread "Unconstrained build operations Thread 42" [_thread_blocked, id=4500, stack(0x000000e696500000,0x000000e696600000)]
  0x000001ebef674650 JavaThread "Unconstrained build operations Thread 43" [_thread_blocked, id=21076, stack(0x000000e696600000,0x000000e696700000)]
  0x000001ebef672d00 JavaThread "Unconstrained build operations Thread 44" [_thread_blocked, id=19228, stack(0x000000e696700000,0x000000e696800000)]
  0x000001ebef673c30 JavaThread "Unconstrained build operations Thread 45" [_thread_blocked, id=10152, stack(0x000000e696800000,0x000000e696900000)]
  0x000001ebef673210 JavaThread "Unconstrained build operations Thread 46" [_thread_blocked, id=17220, stack(0x000000e696900000,0x000000e696a00000)]
  0x000001ebef673720 JavaThread "Unconstrained build operations Thread 47" [_thread_blocked, id=14868, stack(0x000000e696a00000,0x000000e696b00000)]
  0x000001ebef674b60 JavaThread "Unconstrained build operations Thread 48" [_thread_blocked, id=15216, stack(0x000000e696b00000,0x000000e696c00000)]
  0x000001ebef6713b0 JavaThread "Unconstrained build operations Thread 49" [_thread_blocked, id=18780, stack(0x000000e696c00000,0x000000e696d00000)]
  0x000001ebef675580 JavaThread "Unconstrained build operations Thread 50" [_thread_blocked, id=3492, stack(0x000000e696d00000,0x000000e696e00000)]
  0x000001ebef6773e0 JavaThread "Unconstrained build operations Thread 51" [_thread_blocked, id=4840, stack(0x000000e696e00000,0x000000e696f00000)]
  0x000001ebef675a90 JavaThread "Unconstrained build operations Thread 52" [_thread_blocked, id=15420, stack(0x000000e696f00000,0x000000e697000000)]
  0x000001ebef6764b0 JavaThread "Unconstrained build operations Thread 53" [_thread_blocked, id=15696, stack(0x000000e697000000,0x000000e697100000)]
  0x000001ebef675fa0 JavaThread "Unconstrained build operations Thread 54" [_thread_blocked, id=4144, stack(0x000000e697100000,0x000000e697200000)]
  0x000001ebef6769c0 JavaThread "Unconstrained build operations Thread 55" [_thread_blocked, id=18684, stack(0x000000e697200000,0x000000e697300000)]
  0x000001ebef676ed0 JavaThread "Unconstrained build operations Thread 56" [_thread_blocked, id=16592, stack(0x000000e697300000,0x000000e697400000)]
  0x000001ebef6778f0 JavaThread "Unconstrained build operations Thread 57" [_thread_blocked, id=10476, stack(0x000000e697400000,0x000000e697500000)]
  0x000001ebef678310 JavaThread "Unconstrained build operations Thread 58" [_thread_blocked, id=19920, stack(0x000000e697500000,0x000000e697600000)]
  0x000001ebef677e00 JavaThread "Unconstrained build operations Thread 59" [_thread_blocked, id=18704, stack(0x000000e697600000,0x000000e697700000)]
  0x000001ebef675070 JavaThread "Unconstrained build operations Thread 60" [_thread_blocked, id=20284, stack(0x000000e697700000,0x000000e697800000)]
  0x000001ebec65f3e0 JavaThread "Unconstrained build operations Thread 61" [_thread_blocked, id=18280, stack(0x000000e697800000,0x000000e697900000)]
  0x000001ebec65e9c0 JavaThread "Unconstrained build operations Thread 62" [_thread_blocked, id=20280, stack(0x000000e697900000,0x000000e697a00000)]
  0x000001ebec65dfa0 JavaThread "Unconstrained build operations Thread 63" [_thread_blocked, id=6940, stack(0x000000e697a00000,0x000000e697b00000)]
  0x000001ebec65d580 JavaThread "Unconstrained build operations Thread 64" [_thread_blocked, id=21440, stack(0x000000e697b00000,0x000000e697c00000)]
  0x000001ebec65bc30 JavaThread "Unconstrained build operations Thread 65" [_thread_blocked, id=21336, stack(0x000000e697c00000,0x000000e697d00000)]

Other Threads:
  0x000001eba469dbe0 VMThread "VM Thread" [stack: 0x000000e690400000,0x000000e690500000] [id=12184]
  0x000001eba4bb3bd0 WatcherThread [stack: 0x000000e691000000,0x000000e691100000] [id=8412]
  0x000001ebff40e820 GCTaskThread "GC Thread#0" [stack: 0x000000e68ff00000,0x000000e690000000] [id=9640]
  0x000001ebea30be40 GCTaskThread "GC Thread#1" [stack: 0x000000e691200000,0x000000e691300000] [id=11224]
  0x000001eba4cad570 GCTaskThread "GC Thread#2" [stack: 0x000000e691300000,0x000000e691400000] [id=12292]
  0x000001eba4cad830 GCTaskThread "GC Thread#3" [stack: 0x000000e691400000,0x000000e691500000] [id=13696]
  0x000001ebea2f8010 GCTaskThread "GC Thread#4" [stack: 0x000000e691500000,0x000000e691600000] [id=18872]
  0x000001ebeb268050 GCTaskThread "GC Thread#5" [stack: 0x000000e691600000,0x000000e691700000] [id=21332]
  0x000001ebee13fa10 GCTaskThread "GC Thread#6" [stack: 0x000000e692600000,0x000000e692700000] [id=20744]
  0x000001ebee13fcd0 GCTaskThread "GC Thread#7" [stack: 0x000000e692700000,0x000000e692800000] [id=6836]
  0x000001ebffb40390 ConcurrentGCThread "G1 Main Marker" [stack: 0x000000e690000000,0x000000e690100000] [id=17724]
  0x000001ebffb42740 ConcurrentGCThread "G1 Conc#0" [stack: 0x000000e690100000,0x000000e690200000] [id=17984]
  0x000001ebec684ba0 ConcurrentGCThread "G1 Conc#1" [stack: 0x000000e692800000,0x000000e692900000] [id=18488]
  0x000001eba4554810 ConcurrentGCThread "G1 Refine#0" [stack: 0x000000e690200000,0x000000e690300000] [id=16476]
  0x000001ebed6540c0 ConcurrentGCThread "G1 Refine#1" [stack: 0x000000e692b00000,0x000000e692c00000] [id=19984]
  0x000001eba4554ef0 ConcurrentGCThread "G1 Service" [stack: 0x000000e690300000,0x000000e690400000] [id=17928]

Threads with active compile tasks:
C2 CompilerThread0  20619 10617       4       org.gradle.internal.service.DefaultServiceRegistry$SingletonService::get (5 bytes)

VM state: not at safepoint (normal execution)

VM Mutex/Monitor currently owned by a thread: None

Heap address: 0x0000000700000000, size: 4096 MB, Compressed Oops mode: Zero based, Oop shift amount: 3

CDS archive(s) mapped at: [0x000001eba5000000-0x000001eba5bb0000-0x000001eba5bb0000), size 12255232, SharedBaseAddress: 0x000001eba5000000, ArchiveRelocationMode: 1.
Compressed class space mapped at: 0x000001eba6000000-0x000001ebe6000000, reserved size: 1073741824
Narrow klass base: 0x000001eba5000000, Narrow klass shift: 0, Narrow klass range: 0x100000000

GC Precious Log:
 CPUs: 8 total, 8 available
 Memory: 12022M
 Large Page Support: Disabled
 NUMA Support: Disabled
 Compressed Oops: Enabled (Zero based)
 Heap Region Size: 2M
 Heap Min Capacity: 8M
 Heap Initial Capacity: 188M
 Heap Max Capacity: 4G
 Pre-touch: Disabled
 Parallel Workers: 8
 Concurrent Workers: 2
 Concurrent Refinement Workers: 8
 Periodic GC: Disabled

Heap:
 garbage-first heap   total 196608K, used 129399K [0x0000000700000000, 0x0000000800000000)
  region size 2048K, 18 young (36864K), 1 survivors (2048K)
 Metaspace       used 76773K, committed 77504K, reserved 1179648K
  class space    used 10783K, committed 11136K, reserved 1048576K

Heap Regions: E=young(eden), S=young(survivor), O=old, HS=humongous(starts), HC=humongous(continues), CS=collection set, F=free, OA=open archive, CA=closed archive, TAMS=top-at-mark-start (previous, next)
|   0|0x0000000700000000, 0x0000000700200000, 0x0000000700200000|100%|HS|  |TAMS 0x0000000700200000, 0x0000000700000000| Complete 
|   1|0x0000000700200000, 0x0000000700400000, 0x0000000700400000|100%|HC|  |TAMS 0x0000000700400000, 0x0000000700200000| Complete 
|   2|0x0000000700400000, 0x0000000700600000, 0x0000000700600000|100%| O|  |TAMS 0x0000000700600000, 0x0000000700400000| Untracked 
|   3|0x0000000700600000, 0x0000000700800000, 0x0000000700800000|100%| O|  |TAMS 0x0000000700800000, 0x0000000700600000| Untracked 
|   4|0x0000000700800000, 0x0000000700a00000, 0x0000000700a00000|100%| O|  |TAMS 0x0000000700a00000, 0x0000000700800000| Untracked 
|   5|0x0000000700a00000, 0x0000000700c00000, 0x0000000700c00000|100%| O|  |TAMS 0x0000000700c00000, 0x0000000700a00000| Untracked 
|   6|0x0000000700c00000, 0x0000000700e00000, 0x0000000700e00000|100%| O|  |TAMS 0x0000000700e00000, 0x0000000700c00000| Untracked 
|   7|0x0000000700e00000, 0x0000000701000000, 0x0000000701000000|100%| O|  |TAMS 0x0000000701000000, 0x0000000700e00000| Untracked 
|   8|0x0000000701000000, 0x0000000701200000, 0x0000000701200000|100%| O|  |TAMS 0x0000000701200000, 0x0000000701000000| Untracked 
|   9|0x0000000701200000, 0x0000000701400000, 0x0000000701400000|100%| O|  |TAMS 0x0000000701400000, 0x0000000701200000| Untracked 
|  10|0x0000000701400000, 0x0000000701600000, 0x0000000701600000|100%| O|  |TAMS 0x0000000701600000, 0x0000000701400000| Untracked 
|  11|0x0000000701600000, 0x0000000701800000, 0x0000000701800000|100%| O|  |TAMS 0x0000000701800000, 0x0000000701600000| Untracked 
|  12|0x0000000701800000, 0x0000000701a00000, 0x0000000701a00000|100%| O|  |TAMS 0x0000000701a00000, 0x0000000701800000| Untracked 
|  13|0x0000000701a00000, 0x0000000701c00000, 0x0000000701c00000|100%| O|  |TAMS 0x0000000701c00000, 0x0000000701a00000| Untracked 
|  14|0x0000000701c00000, 0x0000000701e00000, 0x0000000701e00000|100%| O|  |TAMS 0x0000000701e00000, 0x0000000701c00000| Untracked 
|  15|0x0000000701e00000, 0x0000000702000000, 0x0000000702000000|100%| O|  |TAMS 0x0000000702000000, 0x0000000701e00000| Untracked 
|  16|0x0000000702000000, 0x0000000702200000, 0x0000000702200000|100%| O|  |TAMS 0x0000000702200000, 0x0000000702000000| Untracked 
|  17|0x0000000702200000, 0x0000000702400000, 0x0000000702400000|100%|HS|  |TAMS 0x0000000702400000, 0x0000000702200000| Complete 
|  18|0x0000000702400000, 0x0000000702600000, 0x0000000702600000|100%| O|  |TAMS 0x0000000702600000, 0x0000000702400000| Untracked 
|  19|0x0000000702600000, 0x0000000702600000, 0x0000000702800000|  0%| F|  |TAMS 0x0000000702600000, 0x0000000702600000| Untracked 
|  20|0x0000000702800000, 0x0000000702a00000, 0x0000000702a00000|100%| O|  |TAMS 0x0000000702a00000, 0x0000000702800000| Untracked 
|  21|0x0000000702a00000, 0x0000000702c00000, 0x0000000702c00000|100%|HS|  |TAMS 0x0000000702c00000, 0x0000000702a00000| Complete 
|  22|0x0000000702c00000, 0x0000000702e00000, 0x0000000702e00000|100%|HS|  |TAMS 0x0000000702e00000, 0x0000000702c00000| Complete 
|  23|0x0000000702e00000, 0x0000000703000000, 0x0000000703000000|100%|HC|  |TAMS 0x0000000703000000, 0x0000000702e00000| Complete 
|  24|0x0000000703000000, 0x0000000703200000, 0x0000000703200000|100%|HS|  |TAMS 0x0000000703200000, 0x0000000703000000| Complete 
|  25|0x0000000703200000, 0x0000000703400000, 0x0000000703400000|100%|HC|  |TAMS 0x0000000703400000, 0x0000000703200000| Complete 
|  26|0x0000000703400000, 0x0000000703600000, 0x0000000703600000|100%| O|  |TAMS 0x0000000703600000, 0x0000000703400000| Untracked 
|  27|0x0000000703600000, 0x0000000703800000, 0x0000000703800000|100%| O|  |TAMS 0x0000000703800000, 0x0000000703600000| Untracked 
|  28|0x0000000703800000, 0x0000000703a00000, 0x0000000703a00000|100%| O|  |TAMS 0x0000000703a00000, 0x0000000703800000| Untracked 
|  29|0x0000000703a00000, 0x0000000703c00000, 0x0000000703c00000|100%| O|  |TAMS 0x0000000703c00000, 0x0000000703a00000| Untracked 
|  30|0x0000000703c00000, 0x0000000703e00000, 0x0000000703e00000|100%| O|  |TAMS 0x0000000703e00000, 0x0000000703c00000| Untracked 
|  31|0x0000000703e00000, 0x0000000704000000, 0x0000000704000000|100%| O|  |TAMS 0x0000000704000000, 0x0000000703e00000| Untracked 
|  32|0x0000000704000000, 0x0000000704200000, 0x0000000704200000|100%| O|  |TAMS 0x0000000704200000, 0x0000000704000000| Untracked 
|  33|0x0000000704200000, 0x0000000704400000, 0x0000000704400000|100%| O|  |TAMS 0x0000000704400000, 0x0000000704200000| Untracked 
|  34|0x0000000704400000, 0x0000000704600000, 0x0000000704600000|100%| O|  |TAMS 0x0000000704600000, 0x0000000704400000| Untracked 
|  35|0x0000000704600000, 0x0000000704800000, 0x0000000704800000|100%|HS|  |TAMS 0x0000000704800000, 0x0000000704600000| Complete 
|  36|0x0000000704800000, 0x0000000704a00000, 0x0000000704a00000|100%|HS|  |TAMS 0x0000000704a00000, 0x0000000704800000| Complete 
|  37|0x0000000704a00000, 0x0000000704c00000, 0x0000000704c00000|100%| O|  |TAMS 0x0000000704c00000, 0x0000000704a00000| Untracked 
|  38|0x0000000704c00000, 0x0000000704e00000, 0x0000000704e00000|100%| O|  |TAMS 0x0000000704e00000, 0x0000000704c00000| Untracked 
|  39|0x0000000704e00000, 0x0000000705000000, 0x0000000705000000|100%| O|  |TAMS 0x0000000704ec8a00, 0x0000000704e00000| Untracked 
|  40|0x0000000705000000, 0x0000000705200000, 0x0000000705200000|100%| O|  |TAMS 0x0000000705000000, 0x0000000705000000| Untracked 
|  41|0x0000000705200000, 0x0000000705400000, 0x0000000705400000|100%| O|  |TAMS 0x0000000705200000, 0x0000000705200000| Untracked 
|  42|0x0000000705400000, 0x0000000705600000, 0x0000000705600000|100%| O|  |TAMS 0x0000000705400000, 0x0000000705400000| Untracked 
|  43|0x0000000705600000, 0x0000000705800000, 0x0000000705800000|100%| O|  |TAMS 0x0000000705600000, 0x0000000705600000| Untracked 
|  44|0x0000000705800000, 0x0000000705a00000, 0x0000000705a00000|100%| O|  |TAMS 0x0000000705800000, 0x0000000705800000| Untracked 
|  45|0x0000000705a00000, 0x0000000705c00000, 0x0000000705c00000|100%| O|  |TAMS 0x0000000705a00000, 0x0000000705a00000| Untracked 
|  46|0x0000000705c00000, 0x0000000705e00000, 0x0000000705e00000|100%| O|  |TAMS 0x0000000705c00000, 0x0000000705c00000| Untracked 
|  47|0x0000000705e00000, 0x0000000706000000, 0x0000000706000000|100%| O|  |TAMS 0x0000000705e00000, 0x0000000705e00000| Untracked 
|  48|0x0000000706000000, 0x00000007060f7000, 0x0000000706200000| 48%| O|  |TAMS 0x0000000706000000, 0x0000000706000000| Untracked 
|  49|0x0000000706200000, 0x0000000706200000, 0x0000000706400000|  0%| F|  |TAMS 0x0000000706200000, 0x0000000706200000| Untracked 
|  50|0x0000000706400000, 0x0000000706400000, 0x0000000706600000|  0%| F|  |TAMS 0x0000000706400000, 0x0000000706400000| Untracked 
|  51|0x0000000706600000, 0x0000000706600000, 0x0000000706800000|  0%| F|  |TAMS 0x0000000706600000, 0x0000000706600000| Untracked 
|  52|0x0000000706800000, 0x0000000706800000, 0x0000000706a00000|  0%| F|  |TAMS 0x0000000706800000, 0x0000000706800000| Untracked 
|  53|0x0000000706a00000, 0x0000000706a00000, 0x0000000706c00000|  0%| F|  |TAMS 0x0000000706a00000, 0x0000000706a00000| Untracked 
|  54|0x0000000706c00000, 0x0000000706c00000, 0x0000000706e00000|  0%| F|  |TAMS 0x0000000706c00000, 0x0000000706c00000| Untracked 
|  55|0x0000000706e00000, 0x0000000706e00000, 0x0000000707000000|  0%| F|  |TAMS 0x0000000706e00000, 0x0000000706e00000| Untracked 
|  56|0x0000000707000000, 0x0000000707000000, 0x0000000707200000|  0%| F|  |TAMS 0x0000000707000000, 0x0000000707000000| Untracked 
|  57|0x0000000707200000, 0x0000000707200000, 0x0000000707400000|  0%| F|  |TAMS 0x0000000707200000, 0x0000000707200000| Untracked 
|  58|0x0000000707400000, 0x0000000707400000, 0x0000000707600000|  0%| F|  |TAMS 0x0000000707400000, 0x0000000707400000| Untracked 
|  59|0x0000000707600000, 0x0000000707600000, 0x0000000707800000|  0%| F|  |TAMS 0x0000000707600000, 0x0000000707600000| Untracked 
|  60|0x0000000707800000, 0x0000000707800000, 0x0000000707a00000|  0%| F|  |TAMS 0x0000000707800000, 0x0000000707800000| Untracked 
|  61|0x0000000707a00000, 0x0000000707a00000, 0x0000000707c00000|  0%| F|  |TAMS 0x0000000707a00000, 0x0000000707a00000| Untracked 
|  62|0x0000000707c00000, 0x0000000707c00000, 0x0000000707e00000|  0%| F|  |TAMS 0x0000000707c00000, 0x0000000707c00000| Untracked 
|  63|0x0000000707e00000, 0x0000000707e00000, 0x0000000708000000|  0%| F|  |TAMS 0x0000000707e00000, 0x0000000707e00000| Untracked 
|  64|0x0000000708000000, 0x0000000708000000, 0x0000000708200000|  0%| F|  |TAMS 0x0000000708000000, 0x0000000708000000| Untracked 
|  65|0x0000000708200000, 0x0000000708200000, 0x0000000708400000|  0%| F|  |TAMS 0x0000000708200000, 0x0000000708200000| Untracked 
|  66|0x0000000708400000, 0x0000000708400000, 0x0000000708600000|  0%| F|  |TAMS 0x0000000708400000, 0x0000000708400000| Untracked 
|  67|0x0000000708600000, 0x0000000708600000, 0x0000000708800000|  0%| F|  |TAMS 0x0000000708600000, 0x0000000708600000| Untracked 
|  68|0x0000000708800000, 0x0000000708800000, 0x0000000708a00000|  0%| F|  |TAMS 0x0000000708800000, 0x0000000708800000| Untracked 
|  69|0x0000000708a00000, 0x0000000708a00000, 0x0000000708c00000|  0%| F|  |TAMS 0x0000000708a00000, 0x0000000708a00000| Untracked 
|  70|0x0000000708c00000, 0x0000000708c00000, 0x0000000708e00000|  0%| F|  |TAMS 0x0000000708c00000, 0x0000000708c00000| Untracked 
|  71|0x0000000708e00000, 0x0000000708e00000, 0x0000000709000000|  0%| F|  |TAMS 0x0000000708e00000, 0x0000000708e00000| Untracked 
|  72|0x0000000709000000, 0x0000000709000000, 0x0000000709200000|  0%| F|  |TAMS 0x0000000709000000, 0x0000000709000000| Untracked 
|  73|0x0000000709200000, 0x0000000709200000, 0x0000000709400000|  0%| F|  |TAMS 0x0000000709200000, 0x0000000709200000| Untracked 
|  74|0x0000000709400000, 0x0000000709400000, 0x0000000709600000|  0%| F|  |TAMS 0x0000000709400000, 0x0000000709400000| Untracked 
|  75|0x0000000709600000, 0x0000000709600000, 0x0000000709800000|  0%| F|  |TAMS 0x0000000709600000, 0x0000000709600000| Untracked 
|  76|0x0000000709800000, 0x0000000709800000, 0x0000000709a00000|  0%| F|  |TAMS 0x0000000709800000, 0x0000000709800000| Untracked 
|  77|0x0000000709a00000, 0x0000000709a00000, 0x0000000709c00000|  0%| F|  |TAMS 0x0000000709a00000, 0x0000000709a00000| Untracked 
|  78|0x0000000709c00000, 0x0000000709d57950, 0x0000000709e00000| 67%| E|  |TAMS 0x0000000709c00000, 0x0000000709c00000| Complete 
|  79|0x0000000709e00000, 0x000000070a000000, 0x000000070a000000|100%| E|CS|TAMS 0x0000000709e00000, 0x0000000709e00000| Complete 
|  80|0x000000070a000000, 0x000000070a200000, 0x000000070a200000|100%| E|CS|TAMS 0x000000070a000000, 0x000000070a000000| Complete 
|  81|0x000000070a200000, 0x000000070a400000, 0x000000070a400000|100%| E|CS|TAMS 0x000000070a200000, 0x000000070a200000| Complete 
|  82|0x000000070a400000, 0x000000070a600000, 0x000000070a600000|100%| E|CS|TAMS 0x000000070a400000, 0x000000070a400000| Complete 
|  83|0x000000070a600000, 0x000000070a800000, 0x000000070a800000|100%| E|CS|TAMS 0x000000070a600000, 0x000000070a600000| Complete 
|  84|0x000000070a800000, 0x000000070aa00000, 0x000000070aa00000|100%| E|CS|TAMS 0x000000070a800000, 0x000000070a800000| Complete 
|  85|0x000000070aa00000, 0x000000070ac00000, 0x000000070ac00000|100%| E|CS|TAMS 0x000000070aa00000, 0x000000070aa00000| Complete 
|  86|0x000000070ac00000, 0x000000070ae00000, 0x000000070ae00000|100%| E|CS|TAMS 0x000000070ac00000, 0x000000070ac00000| Complete 
|  87|0x000000070ae00000, 0x000000070b000000, 0x000000070b000000|100%| E|CS|TAMS 0x000000070ae00000, 0x000000070ae00000| Complete 
|  88|0x000000070b000000, 0x000000070b200000, 0x000000070b200000|100%| E|CS|TAMS 0x000000070b000000, 0x000000070b000000| Complete 
|  89|0x000000070b200000, 0x000000070b400000, 0x000000070b400000|100%| E|CS|TAMS 0x000000070b200000, 0x000000070b200000| Complete 
|  90|0x000000070b400000, 0x000000070b600000, 0x000000070b600000|100%| E|CS|TAMS 0x000000070b400000, 0x000000070b400000| Complete 
|  91|0x000000070b600000, 0x000000070b800000, 0x000000070b800000|100%| E|CS|TAMS 0x000000070b600000, 0x000000070b600000| Complete 
|  92|0x000000070b800000, 0x000000070ba00000, 0x000000070ba00000|100%| E|  |TAMS 0x000000070b800000, 0x000000070b800000| Complete 
|  93|0x000000070ba00000, 0x000000070bb66d00, 0x000000070bc00000| 70%| S|CS|TAMS 0x000000070ba00000, 0x000000070ba00000| Complete 
| 100|0x000000070c800000, 0x000000070ca00000, 0x000000070ca00000|100%| E|CS|TAMS 0x000000070c800000, 0x000000070c800000| Complete 
| 101|0x000000070ca00000, 0x000000070cc00000, 0x000000070cc00000|100%| E|CS|TAMS 0x000000070ca00000, 0x000000070ca00000| Complete 

Card table byte_map: [0x000001eb98d50000,0x000001eb99550000] _byte_map_base: 0x000001eb95550000

Marking Bits (Prev, Next): (CMBitMap*) 0x000001ebffb2fca0, (CMBitMap*) 0x000001ebffb2fce0
 Prev Bits: [0x000001eb99d50000, 0x000001eb9dd50000)
 Next Bits: [0x000001eb9dd50000, 0x000001eba1d50000)

Polling page: 0x000001ebff5f0000

Metaspace:

Usage:
  Non-class:     64.46 MB used.
      Class:     10.53 MB used.
       Both:     74.99 MB used.

Virtual space:
  Non-class space:      128.00 MB reserved,      64.81 MB ( 51%) committed,  2 nodes.
      Class space:        1.00 GB reserved,      10.88 MB (  1%) committed,  1 nodes.
             Both:        1.12 GB reserved,      75.69 MB (  7%) committed. 

Chunk freelists:
   Non-Class:  14.86 MB
       Class:  5.02 MB
        Both:  19.88 MB

MaxMetaspaceSize: 2.00 GB
CompressedClassSpaceSize: 1.00 GB
Initial GC threshold: 21.00 MB
Current GC threshold: 116.81 MB
CDS: on
MetaspaceReclaimPolicy: balanced
 - commit_granule_bytes: 65536.
 - commit_granule_words: 8192.
 - virtual_space_node_default_size: 8388608.
 - enlarge_chunks_in_place: 1.
 - new_chunks_are_fully_committed: 0.
 - uncommit_free_chunks: 1.
 - use_allocation_guard: 0.
 - handle_deallocations: 1.


Internal statistics:

num_allocs_failed_limit: 18.
num_arena_births: 1030.
num_arena_deaths: 0.
num_vsnodes_births: 3.
num_vsnodes_deaths: 0.
num_space_committed: 1212.
num_space_uncommitted: 0.
num_chunks_returned_to_freelist: 18.
num_chunks_taken_from_freelist: 4331.
num_chunk_merges: 18.
num_chunk_splits: 2782.
num_chunks_enlarged: 1790.
num_inconsistent_stats: 0.

CodeHeap 'non-profiled nmethods': size=120000Kb used=4559Kb max_used=4885Kb free=115440Kb
 bounds [0x000001eb909b0000, 0x000001eb90e80000, 0x000001eb97ee0000]
CodeHeap 'profiled nmethods': size=120000Kb used=15996Kb max_used=17892Kb free=104003Kb
 bounds [0x000001eb88ee0000, 0x000001eb8a060000, 0x000001eb90410000]
CodeHeap 'non-nmethods': size=5760Kb used=1714Kb max_used=1749Kb free=4045Kb
 bounds [0x000001eb90410000, 0x000001eb90680000, 0x000001eb909b0000]
 total_blobs=9560 nmethods=8767 adapters=705
 compilation: enabled
              stopped_count=0, restarted_count=0
 full_count=0

Compilation events (20 events):
Event: 19.550 Thread 0x000001eba49380a0 10750       3       org.objectweb.asm.Type::equals (147 bytes)
Event: 19.551 Thread 0x000001eba49380a0 nmethod 10750 0x000001eb898cc410 code [0x000001eb898cc6e0, 0x000001eb898cd798]
Event: 19.551 Thread 0x000001eba49380a0 10751       3       org.objectweb.asm.ByteVector::putUTF8 (144 bytes)
Event: 19.552 Thread 0x000001eba49380a0 nmethod 10751 0x000001eb89fde490 code [0x000001eb89fde700, 0x000001eb89fdf248]
Event: 19.552 Thread 0x000001eba49380a0 10752       3       java.lang.invoke.DirectMethodHandle$Holder::invokeStatic (17 bytes)
Event: 19.552 Thread 0x000001eba49380a0 nmethod 10752 0x000001eb890e4710 code [0x000001eb890e48e0, 0x000001eb890e4e18]
Event: 19.554 Thread 0x000001eba49380a0 10753       3       org.objectweb.asm.SymbolTable::addConstantUtf8 (98 bytes)
Event: 19.554 Thread 0x000001eba49380a0 nmethod 10753 0x000001eb897d3490 code [0x000001eb897d36c0, 0x000001eb897d3cb8]
Event: 19.554 Thread 0x000001eba49380a0 10754       3       org.objectweb.asm.ByteVector::putShort (52 bytes)
Event: 19.555 Thread 0x000001eba49380a0 nmethod 10754 0x000001eb89a0c810 code [0x000001eb89a0c9c0, 0x000001eb89a0cbc8]
Event: 19.563 Thread 0x000001eba49380a0 10755       3       java.lang.String::<init> (10 bytes)
Event: 19.563 Thread 0x000001eba49380a0 nmethod 10755 0x000001eb89645510 code [0x000001eb896456c0, 0x000001eb89645808]
Event: 19.567 Thread 0x000001eba49380a0 10759       3       java.lang.invoke.LambdaForm$MH/0x000001eba62e0c00::linkToTargetMethod (17 bytes)
Event: 19.567 Thread 0x000001eba49380a0 nmethod 10759 0x000001eb89579190 code [0x000001eb89579340, 0x000001eb895797b8]
Event: 19.567 Thread 0x000001eba49380a0 10760       3       java.lang.invoke.LambdaForm$DMH/0x000001eba62e0800::newInvokeSpecial (34 bytes)
Event: 19.568 Thread 0x000001eba49380a0 nmethod 10760 0x000001eb89863710 code [0x000001eb89863900, 0x000001eb89864128]
Event: 19.568 Thread 0x000001eba49380a0 10761       3       org.gradle.internal.instantiation.generator.AsmBackedClassGenerator$ClassBuilderImpl::addConventionSetter (58 bytes)
Event: 19.569 Thread 0x000001eba49380a0 nmethod 10761 0x000001eb8947db90 code [0x000001eb8947de00, 0x000001eb8947ea98]
Event: 19.569 Thread 0x000001eba49380a0 10762       3       org.gradle.internal.instantiation.generator.AsmBackedClassGenerator$ClassBuilderImpl::addSetMethod (76 bytes)
Event: 19.571 Thread 0x000001eba49380a0 nmethod 10762 0x000001eb89486590 code [0x000001eb89486840, 0x000001eb89487668]

GC Heap History (20 events):
Event: 13.848 GC heap before
{Heap before GC invocations=20 (full 0):
 garbage-first heap   total 137216K, used 115419K [0x0000000700000000, 0x0000000800000000)
  region size 2048K, 31 young (63488K), 3 survivors (6144K)
 Metaspace       used 61231K, committed 61888K, reserved 1114112K
  class space    used 8751K, committed 9088K, reserved 1048576K
}
Event: 13.858 GC heap after
{Heap after GC invocations=21 (full 0):
 garbage-first heap   total 137216K, used 62741K [0x0000000700000000, 0x0000000800000000)
  region size 2048K, 4 young (8192K), 4 survivors (8192K)
 Metaspace       used 61231K, committed 61888K, reserved 1114112K
  class space    used 8751K, committed 9088K, reserved 1048576K
}
Event: 14.751 GC heap before
{Heap before GC invocations=21 (full 0):
 garbage-first heap   total 137216K, used 109845K [0x0000000700000000, 0x0000000800000000)
  region size 2048K, 27 young (55296K), 4 survivors (8192K)
 Metaspace       used 64031K, committed 64704K, reserved 1114112K
  class space    used 9152K, committed 9472K, reserved 1048576K
}
Event: 14.761 GC heap after
{Heap after GC invocations=22 (full 0):
 garbage-first heap   total 137216K, used 65323K [0x0000000700000000, 0x0000000800000000)
  region size 2048K, 3 young (6144K), 3 survivors (6144K)
 Metaspace       used 64031K, committed 64704K, reserved 1114112K
  class space    used 9152K, committed 9472K, reserved 1048576K
}
Event: 15.585 GC heap before
{Heap before GC invocations=22 (full 0):
 garbage-first heap   total 137216K, used 106283K [0x0000000700000000, 0x0000000800000000)
  region size 2048K, 24 young (49152K), 3 survivors (6144K)
 Metaspace       used 66516K, committed 67200K, reserved 1114112K
  class space    used 9588K, committed 9920K, reserved 1048576K
}
Event: 15.596 GC heap after
{Heap after GC invocations=23 (full 0):
 garbage-first heap   total 137216K, used 68522K [0x0000000700000000, 0x0000000800000000)
  region size 2048K, 3 young (6144K), 3 survivors (6144K)
 Metaspace       used 66516K, committed 67200K, reserved 1114112K
  class space    used 9588K, committed 9920K, reserved 1048576K
}
Event: 16.254 GC heap before
{Heap before GC invocations=23 (full 0):
 garbage-first heap   total 137216K, used 109482K [0x0000000700000000, 0x0000000800000000)
  region size 2048K, 23 young (47104K), 3 survivors (6144K)
 Metaspace       used 67382K, committed 68032K, reserved 1114112K
  class space    used 9687K, committed 9984K, reserved 1048576K
}
Event: 16.265 GC heap after
{Heap after GC invocations=24 (full 0):
 garbage-first heap   total 137216K, used 72110K [0x0000000700000000, 0x0000000800000000)
  region size 2048K, 3 young (6144K), 3 survivors (6144K)
 Metaspace       used 67382K, committed 68032K, reserved 1114112K
  class space    used 9687K, committed 9984K, reserved 1048576K
}
Event: 16.464 GC heap before
{Heap before GC invocations=24 (full 0):
 garbage-first heap   total 137216K, used 106926K [0x0000000700000000, 0x0000000800000000)
  region size 2048K, 21 young (43008K), 3 survivors (6144K)
 Metaspace       used 67550K, committed 68224K, reserved 1114112K
  class space    used 9689K, committed 9984K, reserved 1048576K
}
Event: 16.472 GC heap after
{Heap after GC invocations=25 (full 0):
 garbage-first heap   total 196608K, used 73597K [0x0000000700000000, 0x0000000800000000)
  region size 2048K, 2 young (4096K), 2 survivors (4096K)
 Metaspace       used 67550K, committed 68224K, reserved 1114112K
  class space    used 9689K, committed 9984K, reserved 1048576K
}
Event: 16.832 GC heap before
{Heap before GC invocations=25 (full 0):
 garbage-first heap   total 196608K, used 155517K [0x0000000700000000, 0x0000000800000000)
  region size 2048K, 42 young (86016K), 2 survivors (4096K)
 Metaspace       used 67650K, committed 68288K, reserved 1114112K
  class space    used 9690K, committed 9984K, reserved 1048576K
}
Event: 16.841 GC heap after
{Heap after GC invocations=26 (full 0):
 garbage-first heap   total 196608K, used 75288K [0x0000000700000000, 0x0000000800000000)
  region size 2048K, 3 young (6144K), 3 survivors (6144K)
 Metaspace       used 67650K, committed 68288K, reserved 1114112K
  class space    used 9690K, committed 9984K, reserved 1048576K
}
Event: 18.155 GC heap before
{Heap before GC invocations=26 (full 0):
 garbage-first heap   total 196608K, used 159256K [0x0000000700000000, 0x0000000800000000)
  region size 2048K, 43 young (88064K), 3 survivors (6144K)
 Metaspace       used 69745K, committed 70464K, reserved 1114112K
  class space    used 9951K, committed 10304K, reserved 1048576K
}
Event: 18.164 GC heap after
{Heap after GC invocations=27 (full 0):
 garbage-first heap   total 196608K, used 92962K [0x0000000700000000, 0x0000000800000000)
  region size 2048K, 6 young (12288K), 6 survivors (12288K)
 Metaspace       used 69745K, committed 70464K, reserved 1114112K
  class space    used 9951K, committed 10304K, reserved 1048576K
}
Event: 18.283 GC heap before
{Heap before GC invocations=27 (full 0):
 garbage-first heap   total 196608K, used 101154K [0x0000000700000000, 0x0000000800000000)
  region size 2048K, 11 young (22528K), 6 survivors (12288K)
 Metaspace       used 70264K, committed 70976K, reserved 1114112K
  class space    used 10018K, committed 10368K, reserved 1048576K
}
Event: 18.290 GC heap after
{Heap after GC invocations=28 (full 0):
 garbage-first heap   total 196608K, used 96716K [0x0000000700000000, 0x0000000800000000)
  region size 2048K, 1 young (2048K), 1 survivors (2048K)
 Metaspace       used 70264K, committed 70976K, reserved 1114112K
  class space    used 10018K, committed 10368K, reserved 1048576K
}
Event: 19.103 GC heap before
{Heap before GC invocations=29 (full 0):
 garbage-first heap   total 196608K, used 141772K [0x0000000700000000, 0x0000000800000000)
  region size 2048K, 24 young (49152K), 1 survivors (2048K)
 Metaspace       used 74142K, committed 74880K, reserved 1114112K
  class space    used 10476K, committed 10816K, reserved 1048576K
}
Event: 19.107 GC heap after
{Heap after GC invocations=30 (full 0):
 garbage-first heap   total 196608K, used 98407K [0x0000000700000000, 0x0000000800000000)
  region size 2048K, 2 young (4096K), 2 survivors (4096K)
 Metaspace       used 74142K, committed 74880K, reserved 1114112K
  class space    used 10476K, committed 10816K, reserved 1048576K
}
Event: 19.228 GC heap before
{Heap before GC invocations=30 (full 0):
 garbage-first heap   total 196608K, used 100455K [0x0000000700000000, 0x0000000800000000)
  region size 2048K, 4 young (8192K), 2 survivors (4096K)
 Metaspace       used 75380K, committed 76096K, reserved 1114112K
  class space    used 10597K, committed 10944K, reserved 1048576K
}
Event: 19.233 GC heap after
{Heap after GC invocations=31 (full 0):
 garbage-first heap   total 196608K, used 98679K [0x0000000700000000, 0x0000000800000000)
  region size 2048K, 1 young (2048K), 1 survivors (2048K)
 Metaspace       used 75380K, committed 76096K, reserved 1114112K
  class space    used 10597K, committed 10944K, reserved 1048576K
}

Dll operation events (15 events):
Event: 0.009 Loaded shared library C:\Program Files\Eclipse Adoptium\jdk-17.0.19.10-hotspot\bin\java.dll
Event: 0.028 Loaded shared library C:\Program Files\Eclipse Adoptium\jdk-17.0.19.10-hotspot\bin\jsvml.dll
Event: 0.071 Loaded shared library C:\Program Files\Eclipse Adoptium\jdk-17.0.19.10-hotspot\bin\zip.dll
Event: 0.073 Loaded shared library C:\Program Files\Eclipse Adoptium\jdk-17.0.19.10-hotspot\bin\instrument.dll
Event: 0.079 Loaded shared library C:\Program Files\Eclipse Adoptium\jdk-17.0.19.10-hotspot\bin\net.dll
Event: 0.081 Loaded shared library C:\Program Files\Eclipse Adoptium\jdk-17.0.19.10-hotspot\bin\nio.dll
Event: 0.083 Loaded shared library C:\Program Files\Eclipse Adoptium\jdk-17.0.19.10-hotspot\bin\zip.dll
Event: 0.307 Loaded shared library C:\Program Files\Eclipse Adoptium\jdk-17.0.19.10-hotspot\bin\jimage.dll
Event: 0.439 Loaded shared library C:\Program Files\Eclipse Adoptium\jdk-17.0.19.10-hotspot\bin\verify.dll
Event: 0.528 Loaded shared library C:\Users\ranim\.gradle\native\1def1411415f61bf3af743bc5b6707747c0891f09f0c88961ee8f79bc544acac\windows-amd64\native-platform.dll
Event: 0.540 Loaded shared library C:\Users\ranim\.gradle\native\0.2.7\x86_64-windows-gnu\gradle-fileevents.dll
Event: 1.769 Loaded shared library C:\Program Files\Eclipse Adoptium\jdk-17.0.19.10-hotspot\bin\management.dll
Event: 1.773 Loaded shared library C:\Program Files\Eclipse Adoptium\jdk-17.0.19.10-hotspot\bin\management_ext.dll
Event: 2.095 Loaded shared library C:\Program Files\Eclipse Adoptium\jdk-17.0.19.10-hotspot\bin\extnet.dll
Event: 2.336 Loaded shared library C:\Program Files\Eclipse Adoptium\jdk-17.0.19.10-hotspot\bin\sunmscapi.dll

Deoptimization events (20 events):
Event: 19.310 Thread 0x000001ebeb8716c0 DEOPT PACKING pc=0x000001eb8972451c sp=0x000000e691def470
Event: 19.310 Thread 0x000001ebeb8716c0 DEOPT UNPACKING pc=0x000001eb9046ace3 sp=0x000000e691dee8f0 mode 0
Event: 19.310 Thread 0x000001ebeb8716c0 DEOPT PACKING pc=0x000001eb8972451c sp=0x000000e691def470
Event: 19.310 Thread 0x000001ebeb8716c0 DEOPT UNPACKING pc=0x000001eb9046ace3 sp=0x000000e691dee8f0 mode 0
Event: 19.310 Thread 0x000001ebeb8716c0 DEOPT PACKING pc=0x000001eb8972451c sp=0x000000e691def470
Event: 19.310 Thread 0x000001ebeb8716c0 DEOPT UNPACKING pc=0x000001eb9046ace3 sp=0x000000e691dee8f0 mode 0
Event: 19.311 Thread 0x000001ebeb8716c0 DEOPT PACKING pc=0x000001eb8972451c sp=0x000000e691def470
Event: 19.311 Thread 0x000001ebeb8716c0 DEOPT UNPACKING pc=0x000001eb9046ace3 sp=0x000000e691dee8f0 mode 0
Event: 19.311 Thread 0x000001ebeb8716c0 DEOPT PACKING pc=0x000001eb8972451c sp=0x000000e691def470
Event: 19.311 Thread 0x000001ebeb8716c0 DEOPT UNPACKING pc=0x000001eb9046ace3 sp=0x000000e691dee8f0 mode 0
Event: 19.312 Thread 0x000001ebeb8716c0 DEOPT PACKING pc=0x000001eb8972451c sp=0x000000e691def470
Event: 19.312 Thread 0x000001ebeb8716c0 DEOPT UNPACKING pc=0x000001eb9046ace3 sp=0x000000e691dee8f0 mode 0
Event: 19.312 Thread 0x000001ebeb8716c0 DEOPT PACKING pc=0x000001eb8972451c sp=0x000000e691def470
Event: 19.312 Thread 0x000001ebeb8716c0 DEOPT UNPACKING pc=0x000001eb9046ace3 sp=0x000000e691dee8f0 mode 0
Event: 19.312 Thread 0x000001ebeb8716c0 DEOPT PACKING pc=0x000001eb8972451c sp=0x000000e691def6c0
Event: 19.312 Thread 0x000001ebeb8716c0 DEOPT UNPACKING pc=0x000001eb9046ace3 sp=0x000000e691deeb40 mode 0
Event: 19.332 Thread 0x000001ebeb8716c0 Uncommon trap: trap_request=0xffffff45 fr.pc=0x000001eb90b0553c relative=0x000000000000009c
Event: 19.332 Thread 0x000001ebeb8716c0 Uncommon trap: reason=unstable_if action=reinterpret pc=0x000001eb90b0553c method=java.security.CodeSource.matchCerts(Ljava/security/CodeSource;Z)Z @ 11 c2
Event: 19.332 Thread 0x000001ebeb8716c0 DEOPT PACKING pc=0x000001eb90b0553c sp=0x000000e691dee1e0
Event: 19.332 Thread 0x000001ebeb8716c0 DEOPT UNPACKING pc=0x000001eb9046a1a3 sp=0x000000e691dee178 mode 2

Classes loaded (20 events):
Event: 19.213 Loading class sun/security/util/Length
Event: 19.213 Loading class sun/security/util/Length done
Event: 19.213 Loading class javax/crypto/SecretKey
Event: 19.214 Loading class javax/crypto/SecretKey done
Event: 19.214 Loading class java/util/Base64
Event: 19.215 Loading class java/util/Base64 done
Event: 19.215 Loading class java/util/Base64$Decoder
Event: 19.215 Loading class java/util/Base64$Decoder done
Event: 19.215 Loading class java/util/Base64$Encoder
Event: 19.216 Loading class java/util/Base64$Encoder done
Event: 19.218 Loading class java/util/jar/JarVerifier$VerifierStream
Event: 19.218 Loading class java/util/jar/JarVerifier$VerifierStream done
Event: 19.219 Loading class sun/security/util/ManifestEntryVerifier$SunProviderHolder
Event: 19.219 Loading class sun/security/util/ManifestEntryVerifier$SunProviderHolder done
Event: 19.268 Loading class sun/security/util/MemoryCache$QueueCacheEntry
Event: 19.268 Loading class sun/security/util/MemoryCache$QueueCacheEntry done
Event: 19.333 Loading class java/security/KeyStore$ProtectionParameter
Event: 19.333 Loading class java/security/KeyStore$ProtectionParameter done
Event: 19.451 Loading class sun/misc/Unsafe
Event: 19.452 Loading class sun/misc/Unsafe done

Classes unloaded (0 events):
No events

Classes redefined (0 events):
No events

Internal exceptions (20 events):
Event: 15.218 Thread 0x000001ebef90f2b0 Exception <a 'java/lang/NoSuchMethodError'{0x00000007073cc568}: 'int java.lang.invoke.DirectMethodHandle$Holder.invokeSpecial(java.lang.Object, java.lang.Object, java.lang.Object, java.lang.Object, java.lang.Object)'> (0x00000007073cc568) 
thrown [s\src\hotspot\share\interpreter\linkResolver.cpp, line 759]
Event: 15.281 Thread 0x000001ebef90f2b0 Exception <a 'java/lang/IncompatibleClassChangeError'{0x0000000706f752e0}: Found class java.lang.Object, but interface was expected> (0x0000000706f752e0) 
thrown [s\src\hotspot\share\interpreter\linkResolver.cpp, line 826]
Event: 15.469 Thread 0x000001ebef90f2b0 Exception <a 'java/lang/NoSuchMethodError'{0x00000007066a4bf0}: static Ljava/lang/Object;.<clinit>()V> (0x00000007066a4bf0) 
thrown [s\src\hotspot\share\prims\jni.cpp, line 1112]
Event: 15.599 Thread 0x000001ebef90f2b0 Exception <a 'java/lang/NoSuchMethodError'{0x000000070ca2a0d0}: 'int java.lang.invoke.DirectMethodHandle$Holder.invokeStaticInit(java.lang.Object, java.lang.Object, java.lang.Object, java.lang.Object, java.lang.Object)'> (0x000000070ca2a0d0) 
thrown [s\src\hotspot\share\interpreter\linkResolver.cpp, line 759]
Event: 15.650 Thread 0x000001ebef90f7c0 Exception <a 'sun/nio/fs/WindowsException'{0x000000070cbdfda8}> (0x000000070cbdfda8) 
thrown [s\src\hotspot\share\prims\jni.cpp, line 516]
Event: 15.651 Thread 0x000001ebef90f7c0 Exception <a 'sun/nio/fs/WindowsException'{0x000000070cbe1fa0}> (0x000000070cbe1fa0) 
thrown [s\src\hotspot\share\prims\jni.cpp, line 516]
Event: 15.652 Thread 0x000001ebef90f7c0 Exception <a 'sun/nio/fs/WindowsException'{0x000000070cbe3e48}> (0x000000070cbe3e48) 
thrown [s\src\hotspot\share\prims\jni.cpp, line 516]
Event: 15.652 Thread 0x000001ebef90f7c0 Exception <a 'sun/nio/fs/WindowsException'{0x000000070cbe5a88}> (0x000000070cbe5a88) 
thrown [s\src\hotspot\share\prims\jni.cpp, line 516]
Event: 15.660 Thread 0x000001ebef90f2b0 Exception <a 'sun/nio/fs/WindowsException'{0x000000070c89b150}> (0x000000070c89b150) 
thrown [s\src\hotspot\share\prims\jni.cpp, line 516]
Event: 15.660 Thread 0x000001ebef90f2b0 Exception <a 'sun/nio/fs/WindowsException'{0x000000070c89cfb0}> (0x000000070c89cfb0) 
thrown [s\src\hotspot\share\prims\jni.cpp, line 516]
Event: 15.660 Thread 0x000001ebef90f2b0 Exception <a 'sun/nio/fs/WindowsException'{0x000000070c89eb78}> (0x000000070c89eb78) 
thrown [s\src\hotspot\share\prims\jni.cpp, line 516]
Event: 16.440 Thread 0x000001ebec65e9c0 Implicit null exception at 0x000001eb90de32dc to 0x000001eb90de336c
Event: 17.219 Thread 0x000001ebeb8716c0 Exception <a 'java/lang/NoSuchMethodError'{0x000000070995d430}: 'java.lang.Object java.lang.invoke.Invokers$Holder.invokeExact_MT(java.lang.Object, java.lang.Object, java.lang.Object, int, java.lang.Object, java.lang.Object)'> (0x000000070995d430) 
thrown [s\src\hotspot\share\interpreter\linkResolver.cpp, line 759]
Event: 17.921 Thread 0x000001ebeb8716c0 Exception <a 'java/lang/NoSuchMethodError'{0x0000000707e93c80}: 'void java.lang.invoke.Invokers$Holder.invoke_MT(java.lang.Object, java.lang.Object, java.lang.Object, java.lang.Object)'> (0x0000000707e93c80) 
thrown [s\src\hotspot\share\interpreter\linkResolver.cpp, line 759]
Event: 17.935 Thread 0x000001ebeb8716c0 Exception <a 'java/lang/NoSuchMethodError'{0x0000000707f177d0}: 'java.lang.Object java.lang.invoke.DirectMethodHandle$Holder.invokeStaticInit(java.lang.Object, java.lang.Object, java.lang.Object, java.lang.Object, java.lang.Object, java.lang.Object, java.lang.Object)'> (0x0000000707f177d0) 
thrown [s\src\hotspot\share\interpreter\linkResolver.cpp, line 759]
Event: 17.998 Thread 0x000001ebeb8716c0 Exception <a 'java/lang/ClassNotFoundException'{0x0000000707a4d878}: org/gradle/api/internal/plugins/DefaultObjectConfigurationActionBeanInfo> (0x0000000707a4d878) 
thrown [s\src\hotspot\share\classfile\systemDictionary.cpp, line 256]
Event: 17.999 Thread 0x000001ebeb8716c0 Exception <a 'java/lang/ClassNotFoundException'{0x0000000707a66fa0}: org/gradle/api/internal/plugins/DefaultObjectConfigurationActionCustomizer> (0x0000000707a66fa0) 
thrown [s\src\hotspot\share\classfile\systemDictionary.cpp, line 256]
Event: 18.370 Thread 0x000001ebeb8716c0 Exception <a 'java/lang/NoSuchMethodError'{0x000000070bb33f80}: 'java.lang.Object java.lang.invoke.DirectMethodHandle$Holder.invokeSpecial(java.lang.Object, java.lang.Object, long, java.lang.Object, java.lang.Object, java.lang.Object, java.lang.Object, java.lang.Object, java.lang.Object, java.lang.Object, java.lang.Object, java.lang.Object)'> (0x000000070bb33f80) 
thrown [s\src\hotspot\share\interpreter\linkResolver.cpp, line 759]
Event: 18.370 Thread 0x000001ebeb8716c0 Exception <a 'java/lang/NoSuchMethodError'{0x000000070bb3a160}: 'java.lang.Object java.lang.invoke.DelegatingMethodHandle$Holder.reinvoke_L(java.lang.Object, long, java.lang.Object, java.lang.Object, java.lang.Object, java.lang.Object, java.lang.Object, java.lang.Object, java.lang.Object, java.lang.Object, java.lang.Object)'> (0x000000070bb3a160) 
thrown [s\src\hotspot\share\interpreter\linkResolver.cpp, line 759]
Event: 19.156 Thread 0x000001ebeb8716c0 Implicit null exception at 0x000001eb90b7032c to 0x000001eb90b7044e

VM Operations (20 events):
Event: 18.408 Executing VM operation: CollectForMetadataAllocation
Event: 18.408 Executing VM operation: CollectForMetadataAllocation done
Event: 18.413 Executing VM operation: G1PauseRemark
Event: 18.417 Executing VM operation: G1PauseRemark done
Event: 18.466 Executing VM operation: HandshakeAllThreads
Event: 18.466 Executing VM operation: HandshakeAllThreads done
Event: 18.486 Executing VM operation: G1PauseCleanup
Event: 18.504 Executing VM operation: G1PauseCleanup done
Event: 18.510 Executing VM operation: HandshakeAllThreads
Event: 18.511 Executing VM operation: HandshakeAllThreads done
Event: 19.103 Executing VM operation: G1CollectForAllocation
Event: 19.107 Executing VM operation: G1CollectForAllocation done
Event: 19.115 Executing VM operation: HandshakeAllThreads
Event: 19.115 Executing VM operation: HandshakeAllThreads done
Event: 19.167 Executing VM operation: HandshakeAllThreads
Event: 19.167 Executing VM operation: HandshakeAllThreads done
Event: 19.228 Executing VM operation: G1CollectForAllocation
Event: 19.234 Executing VM operation: G1CollectForAllocation done
Event: 20.236 Executing VM operation: Cleanup
Event: 20.236 Executing VM operation: Cleanup done

Memory protections (0 events):
No events

Nmethod flushes (20 events):
Event: 18.526 Thread 0x000001eba49389b0 flushing  nmethod 0x000001eb89bef910
Event: 18.527 Thread 0x000001eba49389b0 flushing  nmethod 0x000001eb89d1d910
Event: 18.528 Thread 0x000001eba49389b0 flushing  nmethod 0x000001eb89d9ba10
Event: 18.528 Thread 0x000001eba49389b0 flushing  nmethod 0x000001eb89da2690
Event: 18.528 Thread 0x000001eba49389b0 flushing  nmethod 0x000001eb89dc0890
Event: 18.528 Thread 0x000001eba49389b0 flushing  nmethod 0x000001eb89dc1a10
Event: 18.528 Thread 0x000001eba49389b0 flushing  nmethod 0x000001eb89dc9910
Event: 18.528 Thread 0x000001eba49389b0 flushing  nmethod 0x000001eb89dfb510
Event: 18.528 Thread 0x000001eba49389b0 flushing  nmethod 0x000001eb89e0bd10
Event: 18.528 Thread 0x000001eba49389b0 flushing  nmethod 0x000001eb89e0c890
Event: 18.528 Thread 0x000001eba49389b0 flushing  nmethod 0x000001eb89e1e290
Event: 18.528 Thread 0x000001eba49389b0 flushing  nmethod 0x000001eb89e4a890
Event: 18.528 Thread 0x000001eba49389b0 flushing  nmethod 0x000001eb89e5ed10
Event: 18.529 Thread 0x000001eba49389b0 flushing  nmethod 0x000001eb89e7d490
Event: 18.529 Thread 0x000001eba49389b0 flushing  nmethod 0x000001eb89e83210
Event: 18.529 Thread 0x000001eba49389b0 flushing  nmethod 0x000001eb89e88d90
Event: 18.529 Thread 0x000001eba49389b0 flushing  nmethod 0x000001eb89ec7290
Event: 18.529 Thread 0x000001eba49389b0 flushing  nmethod 0x000001eb89fd8690
Event: 18.529 Thread 0x000001eba49389b0 flushing  nmethod 0x000001eb89fd8a10
Event: 18.529 Thread 0x000001eba49389b0 flushing  nmethod 0x000001eb89fde490

Events (20 events):
Event: 16.095 Thread 0x000001ebeb8716c0 Thread added: 0x000001ebef673720
Event: 16.096 Thread 0x000001ebeb8716c0 Thread added: 0x000001ebef674b60
Event: 16.096 Thread 0x000001ebeb8716c0 Thread added: 0x000001ebef6713b0
Event: 16.097 Thread 0x000001ebeb8716c0 Thread added: 0x000001ebef675580
Event: 16.097 Thread 0x000001ebeb8716c0 Thread added: 0x000001ebef6773e0
Event: 16.159 Thread 0x000001ebeb8716c0 Thread added: 0x000001ebef675a90
Event: 16.160 Thread 0x000001ebeb8716c0 Thread added: 0x000001ebef6764b0
Event: 16.162 Thread 0x000001ebeb8716c0 Thread added: 0x000001ebef675fa0
Event: 16.163 Thread 0x000001ebeb8716c0 Thread added: 0x000001ebef6769c0
Event: 16.164 Thread 0x000001ebeb8716c0 Thread added: 0x000001ebef676ed0
Event: 16.165 Thread 0x000001ebeb8716c0 Thread added: 0x000001ebef6778f0
Event: 16.166 Thread 0x000001ebeb8716c0 Thread added: 0x000001ebef678310
Event: 16.374 Thread 0x000001ebeb8716c0 Thread added: 0x000001ebef677e00
Event: 16.375 Thread 0x000001ebeb8716c0 Thread added: 0x000001ebef675070
Event: 16.376 Thread 0x000001ebeb8716c0 Thread added: 0x000001ebec65f3e0
Event: 16.376 Thread 0x000001ebeb8716c0 Thread added: 0x000001ebec65e9c0
Event: 16.376 Thread 0x000001ebeb8716c0 Thread added: 0x000001ebec65dfa0
Event: 16.377 Thread 0x000001ebeb8716c0 Thread added: 0x000001ebec65d580
Event: 16.377 Thread 0x000001ebeb8716c0 Thread added: 0x000001ebec65bc30
Event: 17.554 Thread 0x000001eba4bb4e80 Thread exited: 0x000001eba4bb4e80


Dynamic libraries:
0x00007ff74aa60000 - 0x00007ff74aa6e000 	C:\Program Files\Eclipse Adoptium\jdk-17.0.19.10-hotspot\bin\java.exe
0x00007ffb16ce0000 - 0x00007ffb16f46000 	C:\WINDOWS\SYSTEM32\ntdll.dll
0x00007ffb15650000 - 0x00007ffb15719000 	C:\WINDOWS\System32\KERNEL32.DLL
0x00007ffb142b0000 - 0x00007ffb146af000 	C:\WINDOWS\System32\KERNELBASE.dll
0x00007ffb146c0000 - 0x00007ffb1480c000 	C:\WINDOWS\System32\ucrtbase.dll
0x00007ffacb190000 - 0x00007ffacb1ae000 	C:\Program Files\Eclipse Adoptium\jdk-17.0.19.10-hotspot\bin\VCRUNTIME140.dll
0x00007ffacadf0000 - 0x00007ffacae08000 	C:\Program Files\Eclipse Adoptium\jdk-17.0.19.10-hotspot\bin\jli.dll
0x00007ffb15b40000 - 0x00007ffb15d06000 	C:\WINDOWS\System32\USER32.dll
0x00007ffaf6490000 - 0x00007ffaf6721000 	C:\WINDOWS\WinSxS\amd64_microsoft.windows.common-controls_6595b64144ccf1df_6.0.26100.8972_none_3e0da176e32f9d4b\COMCTL32.dll
0x00007ffb140f0000 - 0x00007ffb14117000 	C:\WINDOWS\System32\win32u.dll
0x00007ffb14cd0000 - 0x00007ffb14d79000 	C:\WINDOWS\System32\msvcrt.dll
0x00007ffb15220000 - 0x00007ffb1524b000 	C:\WINDOWS\System32\GDI32.dll
0x00007ffb148e0000 - 0x00007ffb14a09000 	C:\WINDOWS\System32\gdi32full.dll
0x00007ffb13f80000 - 0x00007ffb14023000 	C:\WINDOWS\System32\msvcp_win.dll
0x00007ffb14a40000 - 0x00007ffb14a72000 	C:\WINDOWS\System32\IMM32.DLL
0x00007ffad2b80000 - 0x00007ffad2b8c000 	C:\Program Files\Eclipse Adoptium\jdk-17.0.19.10-hotspot\bin\vcruntime140_1.dll
0x00007ffa9d480000 - 0x00007ffa9d50d000 	C:\Program Files\Eclipse Adoptium\jdk-17.0.19.10-hotspot\bin\msvcp140.dll
0x00007ffa75f80000 - 0x00007ffa76bec000 	C:\Program Files\Eclipse Adoptium\jdk-17.0.19.10-hotspot\bin\server\jvm.dll
0x00007ffb14a80000 - 0x00007ffb14b3c000 	C:\WINDOWS\System32\ADVAPI32.dll
0x00007ffb14b50000 - 0x00007ffb14bf9000 	C:\WINDOWS\System32\sechost.dll
0x00007ffb16aa0000 - 0x00007ffb16bb8000 	C:\WINDOWS\System32\RPCRT4.dll
0x00007ffb15d10000 - 0x00007ffb15d92000 	C:\WINDOWS\System32\WS2_32.dll
0x00007ffb0a8b0000 - 0x00007ffb0a8e6000 	C:\WINDOWS\SYSTEM32\WINMM.dll
0x00007ffb116a0000 - 0x00007ffb116ab000 	C:\WINDOWS\SYSTEM32\VERSION.dll
0x00007ffb13d50000 - 0x00007ffb13dae000 	C:\WINDOWS\SYSTEM32\POWRPROF.dll
0x00007ffb13d30000 - 0x00007ffb13d45000 	C:\WINDOWS\SYSTEM32\UMPDC.dll
0x00007ffb12ba0000 - 0x00007ffb12bbb000 	C:\WINDOWS\SYSTEM32\kernel.appcore.dll
0x00007ffad29c0000 - 0x00007ffad29ca000 	C:\Program Files\Eclipse Adoptium\jdk-17.0.19.10-hotspot\bin\jimage.dll
0x00007ffb0e6a0000 - 0x00007ffb0e8e2000 	C:\WINDOWS\SYSTEM32\DBGHELP.DLL
0x00007ffb15720000 - 0x00007ffb15aa5000 	C:\WINDOWS\System32\combase.dll
0x00007ffb15da0000 - 0x00007ffb15e79000 	C:\WINDOWS\System32\OLEAUT32.dll
0x00007ffaf8950000 - 0x00007ffaf898b000 	C:\WINDOWS\SYSTEM32\dbgcore.DLL
0x00007ffb14030000 - 0x00007ffb140dc000 	C:\WINDOWS\System32\bcryptPrimitives.dll
0x00007ffad2580000 - 0x00007ffad258e000 	C:\Program Files\Eclipse Adoptium\jdk-17.0.19.10-hotspot\bin\instrument.dll
0x00007ffac77a0000 - 0x00007ffac77c5000 	C:\Program Files\Eclipse Adoptium\jdk-17.0.19.10-hotspot\bin\java.dll
0x00007ffa999b0000 - 0x00007ffa99a87000 	C:\Program Files\Eclipse Adoptium\jdk-17.0.19.10-hotspot\bin\jsvml.dll
0x00007ffb16170000 - 0x00007ffb168f8000 	C:\WINDOWS\System32\SHELL32.dll
0x00007ffb11960000 - 0x00007ffb121fb000 	C:\WINDOWS\SYSTEM32\windows.storage.dll
0x00007ffb152e0000 - 0x00007ffb153d9000 	C:\WINDOWS\System32\SHCORE.dll
0x00007ffb16100000 - 0x00007ffb16166000 	C:\WINDOWS\System32\shlwapi.dll
0x00007ffb13e10000 - 0x00007ffb13e39000 	C:\WINDOWS\SYSTEM32\profapi.dll
0x00007ffac1430000 - 0x00007ffac1448000 	C:\Program Files\Eclipse Adoptium\jdk-17.0.19.10-hotspot\bin\zip.dll
0x00007ffac1410000 - 0x00007ffac142a000 	C:\Program Files\Eclipse Adoptium\jdk-17.0.19.10-hotspot\bin\net.dll
0x00007ffb0c160000 - 0x00007ffb0c287000 	C:\WINDOWS\SYSTEM32\WINHTTP.dll
0x00007ffb13130000 - 0x00007ffb1319c000 	C:\WINDOWS\system32\mswsock.dll
0x00007ffabedf0000 - 0x00007ffabee06000 	C:\Program Files\Eclipse Adoptium\jdk-17.0.19.10-hotspot\bin\nio.dll
0x00007ffacf3f0000 - 0x00007ffacf400000 	C:\Program Files\Eclipse Adoptium\jdk-17.0.19.10-hotspot\bin\verify.dll
0x00007ffac7830000 - 0x00007ffac7857000 	C:\Users\ranim\.gradle\native\1def1411415f61bf3af743bc5b6707747c0891f09f0c88961ee8f79bc544acac\windows-amd64\native-platform.dll
0x00007ffa9fc00000 - 0x00007ffa9fc78000 	C:\Users\ranim\.gradle\native\0.2.7\x86_64-windows-gnu\gradle-fileevents.dll
0x00007fface940000 - 0x00007fface94a000 	C:\Program Files\Eclipse Adoptium\jdk-17.0.19.10-hotspot\bin\management.dll
0x00007ffacafc0000 - 0x00007ffacafcc000 	C:\Program Files\Eclipse Adoptium\jdk-17.0.19.10-hotspot\bin\management_ext.dll
0x00007ffb153e0000 - 0x00007ffb153e8000 	C:\WINDOWS\System32\PSAPI.DLL
0x00007ffb12550000 - 0x00007ffb12583000 	C:\WINDOWS\SYSTEM32\IPHLPAPI.DLL
0x00007ffb15210000 - 0x00007ffb1521a000 	C:\WINDOWS\System32\NSI.dll
0x00007ffb0c3d0000 - 0x00007ffb0c3ed000 	C:\WINDOWS\SYSTEM32\dhcpcsvc6.DLL
0x00007ffb0c3a0000 - 0x00007ffb0c3c5000 	C:\WINDOWS\SYSTEM32\dhcpcsvc.DLL
0x00007ffb125e0000 - 0x00007ffb12738000 	C:\WINDOWS\SYSTEM32\DNSAPI.dll
0x00007ffb12f50000 - 0x00007ffb12f5d000 	C:\WINDOWS\SYSTEM32\DSPARSE.dll
0x00007ffac7c80000 - 0x00007ffac7c89000 	C:\Program Files\Eclipse Adoptium\jdk-17.0.19.10-hotspot\bin\extnet.dll
0x00007ffb13550000 - 0x00007ffb1356b000 	C:\WINDOWS\SYSTEM32\CRYPTSP.dll
0x00007ffb12b00000 - 0x00007ffb12b39000 	C:\WINDOWS\system32\rsaenh.dll
0x00007ffb131e0000 - 0x00007ffb13212000 	C:\WINDOWS\SYSTEM32\USERENV.dll
0x00007ffb13de0000 - 0x00007ffb13e0a000 	C:\WINDOWS\SYSTEM32\bcrypt.dll
0x00007ffb13520000 - 0x00007ffb1352c000 	C:\WINDOWS\SYSTEM32\CRYPTBASE.dll
0x00007ffabede0000 - 0x00007ffabedee000 	C:\Program Files\Eclipse Adoptium\jdk-17.0.19.10-hotspot\bin\sunmscapi.dll
0x00007ffb14120000 - 0x00007ffb1429e000 	C:\WINDOWS\System32\CRYPT32.dll
0x00007ffb136c0000 - 0x00007ffb136f0000 	C:\WINDOWS\SYSTEM32\ncrypt.dll
0x00007ffb13670000 - 0x00007ffb136af000 	C:\WINDOWS\SYSTEM32\NTASN1.dll
0x00007ffaee980000 - 0x00007ffaee988000 	C:\WINDOWS\system32\wshunix.dll
0x00007ffae6c80000 - 0x00007ffae6c98000 	C:\WINDOWS\system32\napinsp.dll
0x00007ffae69e0000 - 0x00007ffae69f3000 	C:\WINDOWS\System32\winrnr.dll
0x00007ffae43b0000 - 0x00007ffae43d2000 	C:\WINDOWS\system32\nlansp_c.dll
0x00007ffb034f0000 - 0x00007ffb03506000 	C:\WINDOWS\system32\wshbth.dll
0x00007ffb03590000 - 0x00007ffb0359b000 	C:\Windows\System32\rasadhlp.dll
0x00007ffb0cc10000 - 0x00007ffb0cc96000 	C:\WINDOWS\System32\fwpuclnt.dll

dbghelp: loaded successfully - version: 4.0.5 - missing functions: none
symbol engine: initialized successfully - sym options: 0x614 - pdb path: .;C:\Program Files\Eclipse Adoptium\jdk-17.0.19.10-hotspot\bin;C:\WINDOWS\SYSTEM32;C:\WINDOWS\WinSxS\amd64_microsoft.windows.common-controls_6595b64144ccf1df_6.0.26100.8972_none_3e0da176e32f9d4b;C:\Program Files\Eclipse Adoptium\jdk-17.0.19.10-hotspot\bin\server;C:\Users\ranim\.gradle\native\1def1411415f61bf3af743bc5b6707747c0891f09f0c88961ee8f79bc544acac\windows-amd64;C:\Users\ranim\.gradle\native\0.2.7\x86_64-windows-gnu

VM Arguments:
jvm_args: --add-opens=java.base/java.lang=ALL-UNNAMED --add-opens=java.base/java.lang.invoke=ALL-UNNAMED --add-opens=java.base/java.util=ALL-UNNAMED --add-opens=java.prefs/java.util.prefs=ALL-UNNAMED --add-exports=jdk.compiler/com.sun.tools.javac.api=ALL-UNNAMED --add-exports=jdk.compiler/com.sun.tools.javac.util=ALL-UNNAMED --add-opens=java.base/java.util=ALL-UNNAMED --add-opens=java.prefs/java.util.prefs=ALL-UNNAMED --add-opens=java.base/java.nio.charset=ALL-UNNAMED --add-opens=java.base/java.net=ALL-UNNAMED --add-opens=java.base/java.util.concurrent.atomic=ALL-UNNAMED --add-opens=java.xml/javax.xml.namespace=ALL-UNNAMED -XX:MaxMetaspaceSize=2g -Xmx4g -Dfile.encoding=UTF-8 -Duser.country=FR -Duser.language=fr -Duser.variant -javaagent:C:\Users\ranim\.gradle\wrapper\dists\gradle-8.14-all\c2qonpi39x1mddn7hk5gh9iqj\gradle-8.14\lib\agents\gradle-instrumentation-agent-8.14.jar 
java_command: org.gradle.launcher.daemon.bootstrap.GradleDaemon 8.14
java_class_path (initial): C:\Users\ranim\.gradle\wrapper\dists\gradle-8.14-all\c2qonpi39x1mddn7hk5gh9iqj\gradle-8.14\lib\gradle-daemon-main-8.14.jar
Launcher Type: SUN_STANDARD

[Global flags]
     intx CICompilerCount                          = 4                                         {product} {ergonomic}
     uint ConcGCThreads                            = 2                                         {product} {ergonomic}
     uint G1ConcRefinementThreads                  = 8                                         {product} {ergonomic}
   size_t G1HeapRegionSize                         = 2097152                                   {product} {ergonomic}
    uintx GCDrainStackTargetSize                   = 64                                        {product} {ergonomic}
   size_t InitialHeapSize                          = 197132288                                 {product} {ergonomic}
   size_t MarkStackSize                            = 4194304                                   {product} {ergonomic}
   size_t MaxHeapSize                              = 4294967296                                {product} {command line}
   size_t MaxMetaspaceSize                         = 2147483648                                {product} {command line}
   size_t MaxNewSize                               = 2575302656                                {product} {ergonomic}
   size_t MinHeapDeltaBytes                        = 2097152                                   {product} {ergonomic}
   size_t MinHeapSize                              = 8388608                                   {product} {ergonomic}
    uintx NonNMethodCodeHeapSize                   = 5839372                                {pd product} {ergonomic}
    uintx NonProfiledCodeHeapSize                  = 122909434                              {pd product} {ergonomic}
    uintx ProfiledCodeHeapSize                     = 122909434                              {pd product} {ergonomic}
    uintx ReservedCodeCacheSize                    = 251658240                              {pd product} {ergonomic}
     bool SegmentedCodeCache                       = true                                      {product} {ergonomic}
   size_t SoftMaxHeapSize                          = 4294967296                             {manageable} {ergonomic}
     bool UseCompressedClassPointers               = true                           {product lp64_product} {ergonomic}
     bool UseCompressedOops                        = true                           {product lp64_product} {ergonomic}
     bool UseG1GC                                  = true                                      {product} {ergonomic}
     bool UseLargePagesIndividualAllocation        = false                                  {pd product} {ergonomic}

Logging:
Log output configuration:
 #0: stdout all=warning uptime,level,tags
 #1: stderr all=off uptime,level,tags

Environment Variables:
JAVA_HOME=C:\Program Files\Eclipse Adoptium\jdk-17.0.19.10-hotspot
PATH=C:\Program Files\Eclipse Adoptium\jdk-17.0.19.10-hotspot\bin;C:\Program Files\Eclipse Adoptium\jdk-25.0.2.10-hotspot\bin;C:\Program Files\NVIDIA GPU Computing Toolkit\CUDA\v12.8\bin;C:\Program Files\NVIDIA GPU Computing Toolkit\CUDA\v12.8\libnvvp;C:\Users\ranim\Downloads\WINDOWS.X64_193000_db_home\bin;C:\app\ranim\product\21c\dbhomeXE\bin;C:\app\ranim\product\21c\dbhomeXE\cfgtoollogs\oui\dbhomeXE\bin;C:\WINDOWS\system32;C:\WINDOWS;C:\WINDOWS\System32\Wbem;C:\WINDOWS\System32\WindowsPowerShell\v1.0\;C:\WINDOWS\System32\OpenSSH\;C:\Program Files\NVIDIA Corporation\NVIDIA NvDLISR;C:\Program Files (x86)\NVIDIA Corporation\PhysX\Common;C:\ProgramData\chocolatey\bin;C:\Users\ranim\AppData\Local\Programs\Python\Python312\Scripts;C:\MinGW\bin;C:\Program Files\NVIDIA Corporation\NVIDIA app\NvDLISR;C:\Program Files\Git\cmd;C:\Program Files\nodejs\;C:\Program Files\dotnet\;C:\Program Files\Docker\Docker\resources\bin;C:\Windows\system32;C:\Users\ranim\.local\bin;C:\Users\ranim\AppData\Local\Microsoft\WindowsApps;C:\Users\ranim\AppData\Local\Programs\Microsoft VS Code\bin;C:\Users\ranim\AppData\Local\Muse Hub\lib;C:\flutter\src\bin;C:\Users\ranim\AppData\Roaming\npm;C:\Program Files\Tesseract-OCR;C:\flutter\bin;C:\Program Files\Eclipse Adoptium\jdk-17.0.19.10-hotspot\bin;C:\Users\ranim\AppData\Local\Android\Sdk\bin;C:\Users\ranim\AppData\Local\Python\bin;C:\Users\ranim\AppData\Local\Programs\mongosh\;C:\Users\ranim\AppData\Local\Programs\MiKTeX\miktex\bin\x64\
USERNAME=ranim
OS=Windows_NT
PROCESSOR_IDENTIFIER=Intel64 Family 6 Model 140 Stepping 1, GenuineIntel
TMP=C:\Users\ranim\AppData\Local\Temp
TEMP=C:\Users\ranim\AppData\Local\Temp



Periodic native trim disabled


---------------  S Y S T E M  ---------------

OS:
 Windows 11 , 64 bit Build 26100 (10.0.26100.8972)
OS uptime: 0 days 15:12 hours
Hyper-V role detected

CPU: total 8 (initial active 8) (4 cores per cpu, 2 threads per core) family 6 model 140 stepping 1 microcode 0xbe, cx8, cmov, fxsr, ht, mmx, 3dnowpref, sse, sse2, sse3, ssse3, sse4.1, sse4.2, popcnt, lzcnt, tsc, tscinvbit, avx, avx2, aes, erms, clmul, bmi1, bmi2, adx, avx512f, avx512dq, avx512cd, avx512bw, avx512vl, sha, fma, vzeroupper, avx512_vpopcntdq, avx512_vpclmulqdq, avx512_vaes, avx512_vnni, clflush, clflushopt, clwb, avx512_vbmi2, avx512_vbmi, hv
Processor Information for all 8 processors :
  Max Mhz: 2419, Current Mhz: 2419, Mhz Limit: 2419

Memory: 4k page, system-wide physical 12022M (267M free)
TotalPageFile size 20218M (AvailPageFile size 110M)
current process WorkingSet (physical memory assigned to process): 412M, peak: 428M
current process commit charge ("private bytes"): 456M, peak: 471M

vm_info: OpenJDK 64-Bit Server VM (17.0.19+10) for windows-amd64 JRE (17.0.19+10), built on Apr 25 2026 08:04:44 by "admin" with MS VC++ 17.12 (VS2022)

END.
